08-12 13:31:52.562     0     0 I Kernel  : <12>[  541.397869] type=1400 audit(1439357512.544:3699): avc: granted { write } for pid=1689 comm="Thread-87" name="CookiesFile" dev="mmcblk0p22" ino=873 scontext=u:r:system_app:s0 tcontext=u:object_r:system_data_file:s0 tclass=file
08-12 13:31:52.562     0     0 I Kernel  : <12>[  541.400696] type=1400 audit(1439357512.549:3700): avc: granted { write } for pid=1689 comm="Thread-87" name="CookiesFile" dev="mmcblk0p22" ino=873 scontext=u:r:system_app:s0 tcontext=u:object_r:system_data_file:s0 tclass=file
08-12 13:31:52.539  1689  1689 W Thread-87: type=1400 audit(0.0:3694): avc: granted { write } for name="CookiesFile" dev="mmcblk0p22" ino=873 scontext=u:r:system_app:s0 tcontext=u:object_r:system_data_file:s0 tclass=file
08-12 13:31:52.562     0     0 I Kernel  : <12>[  541.401802] type=1400 audit(1439357512.549:3701): avc: granted { write } for pid=1689 comm="Thread-87" path="/data/duokancache/CookiesFile" dev="mmcblk0p22" ino=873 scontext=u:r:system_app:s0 tcontext=u:object_r:system_data_file:s0 tclass=file
08-12 13:31:52.562     0     0 I Kernel  : <12>[  541.402084] type=1400 audit(1439357512.549:3702): avc: granted { write } for pid=1689 comm="Thread-87" name="CookiesFile" dev="mmcblk0p22" ino=873 scontext=u:r:system_app:s0 tcontext=u:object_r:system_data_file:s0 tclass=file
08-12 13:31:52.539  1689  1689 I auditd  : type=1400 audit(0.0:3695): avc: granted { write } for comm="Thread-87" path="/data/duokancache/CookiesFile" dev="mmcblk0p22" ino=873 scontext=u:r:system_app:s0 tcontext=u:object_r:system_data_file:s0 tclass=file
08-12 13:31:52.539  1689  1689 W Thread-87: type=1400 audit(0.0:3695): avc: granted { write } for path="/data/duokancache/CookiesFile" dev="mmcblk0p22" ino=873 scontext=u:r:system_app:s0 tcontext=u:object_r:system_data_file:s0 tclass=file
08-12 13:31:52.539  1689  1689 I auditd  : type=1400 audit(0.0:3696): avc: granted { write } for comm="Thread-87" name="CookiesFile" dev="mmcblk0p22" ino=873 scontext=u:r:system_app:s0 tcontext=u:object_r:system_data_file:s0 tclass=file
08-12 13:31:52.539  1689  1689 W Thread-87: type=1400 audit(0.0:3696): avc: granted { write } for name="CookiesFile" dev="mmcblk0p22" ino=873 scontext=u:r:system_app:s0 tcontext=u:object_r:system_data_file:s0 tclass=file
08-12 13:31:52.546  2961  3044 D com.xiaomi.tv.gallery.download.GalleryDownloadManager: no server ip
08-12 13:31:52.547  1550  1689 I clientsdk: tid 1689, HttpPost, status code = 0
08-12 13:31:52.547  1550  1689 I clientsdk: tid 1689, HttpGet curl_easy_perform result 7
08-12 13:31:52.547  1550  1689 I clientsdk: tid 1689, httppost http://122.49.38.6/tvservice/login?vc=0&ac=0&ic=0&deviceid=5b11bace3b21548f71a273121cfa15a6&apiver=1.8&ver=5.0.1.1213&codever=15&ptf=605&ts=1439357512&nonce=1321959874&language=zh_CN&feature=15&opaque=cce64c192bda669936b91963f4fd9029088cfb35
08-12 13:31:52.551  1550  1689 I clientsdk: tid 1689, HttpPost, status code = 0
08-12 13:31:52.551  1550  1689 I clientsdk: tid 1689, HttpGet curl_easy_perform result 7
08-12 13:31:52.544  1689  1689 I auditd  : type=1400 audit(0.0:3697): avc: granted { write } for comm="Thread-87" name="CookiesFile" dev="mmcblk0p22" ino=873 scontext=u:r:system_app:s0 tcontext=u:object_r:system_data_file:s0 tclass=file
08-12 13:31:52.544  1689  1689 W Thread-87: type=1400 audit(0.0:3697): avc: granted { write } for name="CookiesFile" dev="mmcblk0p22" ino=873 scontext=u:r:system_app:s0 tcontext=u:object_r:system_data_file:s0 tclass=file
08-12 13:31:52.552  1550  1689 I clientsdk: tid 1689, httppost http://122.49.38.6/tvservice/login?vc=0&ac=0&ic=0&deviceid=5b11bace3b21548f71a273121cfa15a6&apiver=1.8&ver=5.0.1.1213&codever=15&ptf=605&ts=1439357512&nonce=1321959874&language=zh_CN&feature=15&opaque=cce64c192bda669936b91963f4fd9029088cfb35
08-12 13:31:52.544  1689  1689 I auditd  : type=1400 audit(0.0:3698): avc: granted { write } for comm="Thread-87" path="/data/duokancache/CookiesFile" dev="mmcblk0p22" ino=873 scontext=u:r:system_app:s0 tcontext=u:object_r:system_data_file:s0 tclass=file
08-12 13:31:52.544  1689  1689 W Thread-87: type=1400 audit(0.0:3698): avc: granted { write } for path="/data/duokancache/CookiesFile" dev="mmcblk0p22" ino=873 scontext=u:r:system_app:s0 tcontext=u:object_r:system_data_file:s0 tclass=file
08-12 13:31:52.544  1689  1689 I auditd  : type=1400 audit(0.0:3699): avc: granted { write } for comm="Thread-87" name="CookiesFile" dev="mmcblk0p22" ino=873 scontext=u:r:system_app:s0 tcontext=u:object_r:system_data_file:s0 tclass=file
08-12 13:31:52.544  1689  1689 W Thread-87: type=1400 audit(0.0:3699): avc: granted { write } for name="CookiesFile" dev="mmcblk0p22" ino=873 scontext=u:r:system_app:s0 tcontext=u:object_r:system_data_file:s0 tclass=file
08-12 13:31:52.549  1689  1689 I auditd  : type=1400 audit(0.0:3700): avc: granted { write } for comm="Thread-87" name="CookiesFile" dev="mmcblk0p22" ino=873 scontext=u:r:system_app:s0 tcontext=u:object_r:system_data_file:s0 tclass=file
08-12 13:31:52.549  1689  1689 W Thread-87: type=1400 audit(0.0:3700): avc: granted { write } for name="CookiesFile" dev="mmcblk0p22" ino=873 scontext=u:r:system_app:s0 tcontext=u:object_r:system_data_file:s0 tclass=file
08-12 13:31:52.549  1689  1689 I auditd  : type=1400 audit(0.0:3701): avc: granted { write } for comm="Thread-87" path="/data/duokancache/CookiesFile" dev="mmcblk0p22" ino=873 scontext=u:r:system_app:s0 tcontext=u:object_r:system_data_file:s0 tclass=file
08-12 13:31:52.549  1689  1689 W Thread-87: type=1400 audit(0.0:3701): avc: granted { write } for path="/data/duokancache/CookiesFile" dev="mmcblk0p22" ino=873 scontext=u:r:system_app:s0 tcontext=u:object_r:system_data_file:s0 tclass=file
08-12 13:31:52.549  1689  1689 I auditd  : type=1400 audit(0.0:3702): avc: granted { write } for comm="Thread-87" name="CookiesFile" dev="mmcblk0p22" ino=873 scontext=u:r:system_app:s0 tcontext=u:object_r:system_data_file:s0 tclass=file
08-12 13:31:52.549  1689  1689 W Thread-87: type=1400 audit(0.0:3702): avc: granted { write } for name="CookiesFile" dev="mmcblk0p22" ino=873 scontext=u:r:system_app:s0 tcontext=u:object_r:system_data_file:s0 tclass=file
08-12 13:31:52.556  2961  3044 D com.xiaomi.tv.gallery.download.GalleryDownloadManager: no server ip
08-12 13:31:52.559  1550  1689 I clientsdk: tid 1689, HttpPost, status code = 0
08-12 13:31:52.559  1550  1689 I clientsdk: tid 1689, HttpGet curl_easy_perform result 7
08-12 13:31:52.559  1550  1689 I duokantv: tid 1689, DKAppDelegate:DK_UserLogin, result: -1
08-12 13:31:52.560  1550  1689 I duokantv: tid 1689, +++DKAppDelegate::hideAuthFailView: ../Classes/DKAppDelegate.cpp line: 3269
08-12 13:31:52.560  1550  1689 I duokantv: tid 1689, DKAppDelegate:setupServerConnection -- failed to login (-1)
08-12 13:31:52.565  2961  3044 D com.xiaomi.tv.gallery.download.GalleryDownloadManager: no server ip
08-12 13:31:52.571  2961  3044 D com.xiaomi.tv.gallery.download.GalleryDownloadManager: no server ip
08-12 13:31:52.578  2961  3044 D com.xiaomi.tv.gallery.download.GalleryDownloadManager: no server ip
08-12 13:31:52.584  2961  3044 D com.xiaomi.tv.gallery.download.GalleryDownloadManager: no server ip
08-12 13:31:52.593  2961  3044 D com.xiaomi.tv.gallery.download.GalleryDownloadManager: no server ip
08-12 13:31:52.599  2961  3044 D com.xiaomi.tv.gallery.download.GalleryDownloadManager: no server ip
08-12 13:31:52.604  2961  3044 D com.xiaomi.tv.gallery.download.GalleryDownloadManager: no server ip
08-12 13:31:52.610  2961  3044 D com.xiaomi.tv.gallery.download.GalleryDownloadManager: no server ip
08-12 13:31:52.614  2961  3711 D cocos2d-x debug info: cocos2d: CCTexture2D. create texture name:2
08-12 13:31:52.615  2961  3711 D MiGallery: AppDelegate::screen size:3840.000000 * 2160.000000
08-12 13:31:52.616  2961  3711 D MiGallery: GalleryController::initialize
08-12 13:31:52.616  2961  3711 D MiGallery: GalleryController::parseJson begin
08-12 13:31:52.616  2961  3044 D com.xiaomi.tv.gallery.download.GalleryDownloadManager: no server ip
08-12 13:31:52.620  2961  3711 D MiGallery: internalParseJson
08-12 13:31:52.624  2961  3044 D com.xiaomi.tv.gallery.download.GalleryDownloadManager: no server ip
08-12 13:31:52.630  2961  3044 D com.xiaomi.tv.gallery.download.GalleryDownloadManager: no server ip
08-12 13:31:52.636  2961  3044 D com.xiaomi.tv.gallery.download.GalleryDownloadManager: no server ip
08-12 13:31:52.639  2961  3711 D MiGallery: reader.parse parsingSuccessful :1
08-12 13:31:52.642  2961  3044 D com.xiaomi.tv.gallery.download.GalleryDownloadManager: no server ip
08-12 13:31:52.648  2961  3044 D com.xiaomi.tv.gallery.download.GalleryDownloadManager: no server ip
08-12 13:31:52.653  2961  3044 D com.xiaomi.tv.gallery.download.GalleryDownloadManager: no server ip
08-12 13:31:52.659  2961  3044 D com.xiaomi.tv.gallery.download.GalleryDownloadManager: no server ip
08-12 13:31:52.664  2961  3044 D com.xiaomi.tv.gallery.download.GalleryDownloadManager: no server ip
08-12 13:31:52.666  2961  3711 D MiGallery: buildScenes categories size == 10
08-12 13:31:52.666  2961  3711 D MiGallery: parseJson buildScenes :1
08-12 13:31:52.670  2961  3711 D MiGallery: ReleaseAppCate
08-12 13:31:52.670  2961  3044 D com.xiaomi.tv.gallery.download.GalleryDownloadManager: no server ip
08-12 13:31:52.671  2961  3711 D MiGallery: getAppBasePath
08-12 13:31:52.672  2961  3711 D MiGallery: PrivateSetting::PrivateSetting /data/data/com.xiaomi.tv.gallery/base/private_setting
08-12 13:31:52.676  2961  3711 D MiGallery: GalleryController::buildAppCategories categories size:10
08-12 13:31:52.676  2961  3711 D MiGallery: GalleryController::buildAppCategories appCategories size:7
08-12 13:31:52.676  2961  3711 D MiGallery: GalleryController::parseJson end m_Categories size:10
08-12 13:31:52.678  2961  3044 D com.xiaomi.tv.gallery.download.GalleryDownloadManager: no server ip
08-12 13:31:52.681  2961  3711 D MiGallery: MiGalleryLayer::MiGalleryLayer
08-12 13:31:52.682  2961  3711 D MiGallery: GalleryListRender::m_nAdCount 2,m_nAdTime 12,m_nPictureTime 12
08-12 13:31:52.683  2961  3711 D MiGallery: GalleryListRender:buildPicVec:pAppCategory:0x0
08-12 13:31:52.683  2961  3711 D MiGallery: nCurHour:13
08-12 13:31:52.683  2961  3711 D MiGallery: GalleryListRender:buildPicVec size:41
08-12 13:31:52.683  2961  3711 D MiGallery: GalleryListRender ID:3681	/data/duokancache/MiGallery_update/3681/utdXxAMNeGOEq.jpg
08-12 13:31:52.683  2961  3711 D MiGallery: GalleryListRender ID:3681	/data/duokancache/MiGallery_update/3681/zG3b6f9uEdDpJ.jpg
08-12 13:31:52.683  2961  3711 D MiGallery: GalleryListRender ID:3681	/data/duokancache/MiGallery_update/3681/X2lRsfOIuUCiY.jpg
08-12 13:31:52.683  2961  3711 D MiGallery: GalleryListRender ID:3666	/data/duokancache/MiGallery_update/3666/KKvH13R2h8xUY.jpg
08-12 13:31:52.684  2961  3711 D MiGallery: GalleryListRender ID:3666	/data/duokancache/MiGallery_update/3666/X8sU3BVtCmGvA.jpg
08-12 13:31:52.684  2961  3711 D MiGallery: GalleryListRender ID:3666	/data/duokancache/MiGallery_update/3666/8q01pnHPuYBBZ.jpg
08-12 13:31:52.684  2961  3711 D MiGallery: GalleryListRender ID:2147483646	
08-12 13:31:52.684  2961  3711 D MiGallery: GalleryListRender ID:3673	/data/duokancache/MiGallery_update/3673/XUNf5qDEe00VI.jpg
08-12 13:31:52.684  2961  3711 D MiGallery: GalleryListRender ID:3673	/data/duokancache/MiGallery_update/3673/itx0nYRkr1Fqx.jpg
08-12 13:31:52.684  2961  3711 D MiGallery: GalleryListRender ID:1379	/data/duokancache/MiGallery_update/1379/EnuapOXH0nvOl.jpg
08-12 13:31:52.684  2961  3711 D MiGallery: GalleryListRender ID:1379	/data/duokancache/MiGallery_update/1379/hwM79IzFmOWLJ.jpg
08-12 13:31:52.684  2961  3711 D MiGallery: GalleryListRender ID:1379	/data/duokancache/MiGallery_update/1379/gsY4TlnkkZkTa.jpg
08-12 13:31:52.684  2961  3711 D MiGallery: GalleryListRender ID:1379	/data/duokancache/MiGallery_update/1379/pT0iumeFzi6Bv.jpg
08-12 13:31:52.684  2961  3711 D MiGallery: GalleryListRender ID:1379	/data/duokancache/MiGallery_update/1379/TXPPHEeoxO8cn.jpg
08-12 13:31:52.684  2961  3711 D MiGallery: GalleryListRender ID:2147483646	
08-12 13:31:52.684  2961  3711 D MiGallery: GalleryListRender ID:3680	/data/duokancache/MiGallery_update/3680/3m5qOl6ypUBW.jpg
08-12 13:31:52.684  2961  3711 D MiGallery: GalleryListRender ID:3680	/data/duokancache/MiGallery_update/3680/n2DuNdX7pdm0.jpg
08-12 13:31:52.684  2961  3711 D MiGallery: GalleryListRender ID:3680	/data/duokancache/MiGallery_update/3680/cDTXLME2tEoL.jpg
08-12 13:31:52.684  2961  3711 D MiGallery: GalleryListRender ID:3680	/data/duokancache/MiGallery_update/3680/jwo9zX7N40UV.jpg
08-12 13:31:52.684  2961  3711 D MiGallery: GalleryListRender ID:3680	/data/duokancache/MiGallery_update/3680/cI3k0KXB22Mr.jpg
08-12 13:31:52.684  2961  3711 D MiGallery: GalleryListRender ID:3631	/data/duokancache/MiGallery_update/3631/b4ejHsUVUy8I.jpg
08-12 13:31:52.684  2961  3711 D MiGallery: GalleryListRender ID:3631	/data/duokancache/MiGallery_update/3631/YIu0rpbubpyO.jpg
08-12 13:31:52.684  2961  3711 D MiGallery: GalleryListRender ID:3631	/data/duokancache/MiGallery_update/3631/kQDJ1oi3sGS4.jpg
08-12 13:31:52.684  2961  3711 D MiGallery: GalleryListRender ID:3631	/data/duokancache/MiGallery_update/3631/yzc3jgkbxfGU.jpg
08-12 13:31:52.684  2961  3711 D MiGallery: GalleryListRender ID:3631	/data/duokancache/MiGallery_update/3631/l8ZUOsO1zW0H.jpg
08-12 13:31:52.684  2961  3711 D MiGallery: GalleryListRender ID:2147483646	
08-12 13:31:52.684  2961  3711 D MiGallery: GalleryListRender ID:3679	/data/duokancache/MiGallery_update/3679/pAIWOXZaTqEZ.jpg
08-12 13:31:52.684  2961  3711 D MiGallery: GalleryListRender ID:3679	/data/duokancache/MiGallery_update/3679/KMqGx6iWFU3o.jpg
08-12 13:31:52.684  2961  3711 D MiGallery: GalleryListRender ID:3679	/data/duokancache/MiGallery_update/3679/IxnS50wgMYIG.jpg
08-12 13:31:52.684  2961  3711 D MiGallery: GalleryListRender ID:3645	/data/duokancache/MiGallery_update/3645/2A9kljx0hDCE.jpg
08-12 13:31:52.684  2961  3711 D MiGallery: GalleryListRender ID:3645	/data/duokancache/MiGallery_update/3645/vBYcG7FWhStg.jpg
08-12 13:31:52.684  2961  3711 D MiGallery: GalleryListRender ID:3645	/data/duokancache/MiGallery_update/3645/fZ7uRXMPn6Hr.jpg
08-12 13:31:52.684  2961  3711 D MiGallery: GalleryListRender ID:2147483646	
08-12 13:31:52.684  2961  3711 D MiGallery: GalleryListRender ID:3660	/data/duokancache/MiGallery_update/3660/HxrxPGJgGwh5.jpg
08-12 13:31:52.684  2961  3711 D MiGallery: GalleryListRender ID:3660	/data/duokancache/MiGallery_update/3660/u3ECmzl6h10I.jpg
08-12 13:31:52.684  2961  3711 D MiGallery: GalleryListRender ID:3660	/data/duokancache/MiGallery_update/3660/kP4uS2hQYlLd.jpg
08-12 13:31:52.684  2961  3711 D MiGallery: GalleryListRender ID:3660	/data/duokancache/MiGallery_update/3660/WzLchRcLLWle.jpg
08-12 13:31:52.684  2961  3711 D MiGallery: GalleryListRender ID:3653	/data/duokancache/MiGallery_update/3653/CYUByeHfGy6l.jpg
08-12 13:31:52.684  2961  3711 D MiGallery: GalleryListRender ID:3653	/data/duokancache/MiGallery_update/3653/2EmgVrotZGmi.jpg
08-12 13:31:52.684  2961  3711 D MiGallery: GalleryListRender ID:3653	/data/duokancache/MiGallery_update/3653/13WJs8kf88Q7.jpg
08-12 13:31:52.684  2961  3711 D MiGallery: GalleryListRender ID:2147483646	
08-12 13:31:52.684  2961  3711 D MiGallery: GalleryListRender:buildPicVec end
08-12 13:31:52.684  2961  3711 D MiGallery: GalleryListRender::delayPrepareAsync
08-12 13:31:52.684  2961  3711 D MiGallery: MiTexture::CreateFromFileAsyn:/data/duokancache/MiGallery_update/3681/utdXxAMNeGOEq.jpg
08-12 13:31:52.692  2961  3711 D MiGallery: Application_android::prepareNextPicture path:/data/duokancache/MiGallery_update/3681/utdXxAMNeGOEq.jpg
08-12 13:31:52.692  2961  3711 D MiGallery: MiTexture::CreateFromFileAsyn:/data/duokancache/MiGallery_update/3681/utdXxAMNeGOEq.jpg
08-12 13:31:52.692  2961  3711 D MiGallery: MiTexture::CurTextureCache size 0
08-12 13:31:52.692  2961  3711 D MiGallery: Application_android::getLocalString key:str_purchase_msg begin
08-12 13:31:52.697  2961  3758 D com.xiaomi.tv.gallery.GalleryActivityBase: Begin to decode /data/duokancache/MiGallery_update/3681/utdXxAMNeGOEq.jpg
08-12 13:31:52.698  2961  3711 D MiGallery: Application_android::getLocalString value:按确认键查看详情 end
08-12 13:31:52.698  2961  3711 D cocos2d-x debug info: cocos2d: CCTexture2D. create texture name:3
08-12 13:31:52.700  2961  3044 D com.xiaomi.tv.gallery.download.GalleryDownloadManager: no server ip
08-12 13:31:52.707  2961  3758 I SkiaJPEG: jpeg hw mutex s_index = 317
08-12 13:31:52.707  2961  3044 D com.xiaomi.tv.gallery.download.GalleryDownloadManager: no server ip
08-12 13:31:52.724  2961  3044 D com.xiaomi.tv.gallery.download.GalleryDownloadManager: no server ip
08-12 13:31:52.736  2961  3044 D com.xiaomi.tv.gallery.download.GalleryDownloadManager: no server ip
08-12 13:31:52.751  2961  3044 D com.xiaomi.tv.gallery.download.GalleryDownloadManager: no server ip
08-12 13:31:52.765  2961  3044 D com.xiaomi.tv.gallery.download.GalleryDownloadManager: no server ip
08-12 13:31:52.778  2961  3044 D com.xiaomi.tv.gallery.download.GalleryDownloadManager: no server ip
08-12 13:31:52.779  2961  3711 D cocos2d-x debug info: cocos2d: CCTexture2D. create texture name:4
08-12 13:31:52.786  2961  3711 D cocos2d-x debug info: cocos2d: CCTexture2D. create texture name:5
08-12 13:31:52.788  2961  3711 D cocos2d-x debug info: cocos2d: CCTexture2D. create texture name:6
08-12 13:31:52.791  2961  3044 D com.xiaomi.tv.gallery.download.GalleryDownloadManager: no server ip
08-12 13:31:52.795  2961  3711 D cocos2d-x debug info: cocos2d: CCTexture2D. create texture name:7
08-12 13:31:52.800  2961  3044 D com.xiaomi.tv.gallery.download.GalleryDownloadManager: no server ip
08-12 13:31:52.809  2961  3044 D com.xiaomi.tv.gallery.download.GalleryDownloadManager: no server ip
08-12 13:31:52.818  2961  3044 D com.xiaomi.tv.gallery.download.GalleryDownloadManager: no server ip
08-12 13:31:52.830  2961  3044 D com.xiaomi.tv.gallery.download.GalleryDownloadManager: no server ip
08-12 13:31:52.844  2961  3044 D com.xiaomi.tv.gallery.download.GalleryDownloadManager: no server ip
08-12 13:31:52.849   126   126 I tvos    : [1;32m 
08-12 13:31:52.850   126   126 I tvos    : Aud Mute Status: p:0, [0m [1;32m m:0, [0m [1;32m u:0, [0m [1;32m s:0, [0m [1;32m b:0, [0m [1;32m v:0, [0m [1;32m i1:0, [0m [1;32m i2:0, [0m [1;32m i3:0, [0m [1;32m i4:0, [0m [1;32m t:0, [0m [1;32m mhg:0, [0m [1;32m CI:0, [0m [1;32m sc:0, [0m [1;32m ss:0, [0m [1;32m PowerOn:0, [0m [1;32m User Mute Status: spkr:0, [0m [1;32m hp:0, [0m[1;31m sc1:1, [0m[1;32m sc2:0, [0m [1;32m di:0, [0m [1;32m AllMute:0, [0m [1;32m UsrSpdif:0, [0m [1;32m hp_d:0, [0m [1;32m null:0 [0m 
08-12 13:31:52.850   126   126 I tvos    : [1;32m S_Mode:0, [0m [1;32m S_p:0, [0m [1;32m S_m:0, [0m [1;32m S_u:0, [0m [1;32m S_s:0, [0m [1;32m S_b:0, [0m [1;32m S_v:0, [0m [1;32m S_i1:0, [0m [1;32m S_i2:0, [0m [1;32m S_i3:0, [0m [1;32m S_i4:0, [0m [1;32m S_t:0, [0m [1;32m S_sc:0, [0m [1;32m S_ss:0, [0m [1;32m S_mhg:0, [0m [1;32m S_CI:0, [0m 
08-12 13:31:52.850   126   126 I tvos    : [1;32m PcmCapture1:0, [0m 
08-12 13:31:52.850   126   126 I tvos    : [1;32m PcmCapture2:0, [0m 
08-12 13:31:52.850   126   126 I tvos    : [1;31m inputMain:1, [0m 
08-12 13:31:52.850   126   126 I tvos    : [1;32m allSource:0, [0m 
08-12 13:31:52.850   126   126 I tvos    : [1;32m BT:0, [0m 
08-12 13:31:52.857  2961  3044 D com.xiaomi.tv.gallery.download.GalleryDownloadManager: no server ip
08-12 13:31:52.868  2961  3044 D com.xiaomi.tv.gallery.download.GalleryDownloadManager: no server ip
08-12 13:31:52.874  2961  3711 D cocos2d-x debug info: cocos2d: CCTexture2D. create texture name:8
08-12 13:31:52.877  2961  3044 D com.xiaomi.tv.gallery.download.GalleryDownloadManager: no server ip
08-12 13:31:52.883     0     0 I Kernel  : <5>[  541.725278] Try to release 880 pages (current 1168, need 2048) in zone Normal to get some free normal memory.
08-12 13:31:52.883     0     0 I Kernel  : <6>[  541.726301] lowmemorykiller: Loop kill count of 'droid.gallery3d' (3234) is 0
08-12 13:31:52.883     0     0 I Kernel  : <6>[  541.726319] lowmemorykiller: Killing 'droid.gallery3d' (3234), adj 1000, cpu 0, state S
08-12 13:31:52.883     0     0 I Kernel  : <6>[  541.726319]    to free 30308kB on behalf of 'GLThread 281' (3711) because
08-12 13:31:52.883     0     0 I Kernel  : <6>[  541.726319]    cache 0kB is below limit 33676kB for oom_score_adj 1
08-12 13:31:52.883     0     0 I Kernel  : <6>[  541.726319]    Free memory is -3320kB above reserved,free_cma=44712kB
08-12 13:31:52.884  2961  3044 D com.xiaomi.tv.gallery.download.GalleryDownloadManager: no server ip
08-12 13:31:52.889   114   332 D hwcomposer: lastHWWindowInfo is dirty
08-12 13:31:52.891  2961  3044 D com.xiaomi.tv.gallery.download.GalleryDownloadManager: no server ip
08-12 13:31:52.898  2961  3044 D com.xiaomi.tv.gallery.download.GalleryDownloadManager: no server ip
08-12 13:31:52.904  2961  3044 D com.xiaomi.tv.gallery.download.GalleryDownloadManager: no server ip
08-12 13:31:52.911  2961  3044 D com.xiaomi.tv.gallery.download.GalleryDownloadManager: no server ip
08-12 13:31:52.918  2961  3044 D com.xiaomi.tv.gallery.download.GalleryDownloadManager: no server ip
08-12 13:31:52.929     0     0 I Kernel  : <7>[  541.768519] current Binder_A(1849) kill task droid.gallery3d(3234) signal 9
08-12 13:31:52.929     0     0 I Kernel  : <7>[  541.768765] current Binder_A(1849) kill task droid.gallery3d(3234) signal 9
08-12 13:31:52.929     0     0 I Kernel  : <7>[  541.769441] current Binder_A(1849) kill task droid.gallery3d(3234) signal 9
08-12 13:31:52.930     0     0 I Kernel  : <7>[  541.770017] current Binder_A(1849) kill task droid.gallery3d(3234) signal 9
08-12 13:31:52.930     0     0 I Kernel  : <7>[  541.770712] current Binder_A(1849) kill task droid.gallery3d(3234) signal 9
08-12 13:31:52.927   514  1849 I ActivityManager: Process com.android.gallery3d (pid 3234) has died
08-12 13:31:52.927   514  1849 I am_proc_died: [0,3234,com.android.gallery3d]
08-12 13:31:52.929  2961  3711 D MiGallery: Application_android::getLocalString key:str_like begin
08-12 13:31:52.930  2961  3711 D MiGallery: Application_android::getLocalString value:按上键收藏 按下键删除 end
08-12 13:31:52.931  2961  3044 D com.xiaomi.tv.gallery.download.GalleryDownloadManager: no server ip
08-12 13:31:52.933  2961  3711 D cocos2d-x debug info: cocos2d: CCTexture2D. create texture name:9
08-12 13:31:52.936  2961  3044 D com.xiaomi.tv.gallery.download.GalleryDownloadManager: no server ip
08-12 13:31:52.942  2961  3044 D com.xiaomi.tv.gallery.download.GalleryDownloadManager: no server ip
08-12 13:31:52.946  2961  3044 D com.xiaomi.tv.gallery.download.GalleryDownloadManager: no server ip
08-12 13:31:52.950  2961  3711 D cocos2d-x debug info: cocos2d: CCTexture2D. create texture name:10
08-12 13:31:52.952  2961  3044 D com.xiaomi.tv.gallery.download.GalleryDownloadManager: no server ip
08-12 13:31:52.957  2961  3044 D com.xiaomi.tv.gallery.download.GalleryDownloadManager: no server ip
08-12 13:31:52.962  2961  3044 D com.xiaomi.tv.gallery.download.GalleryDownloadManager: no server ip
08-12 13:31:52.967  2961  3044 D com.xiaomi.tv.gallery.download.GalleryDownloadManager: no server ip
08-12 13:31:52.971  2961  3044 D com.xiaomi.tv.gallery.download.GalleryDownloadManager: no server ip
08-12 13:31:52.975  2961  3711 D cocos2d-x debug info: cocos2d: CCTexture2D. create texture name:11
08-12 13:31:52.979  2961  3044 D com.xiaomi.tv.gallery.download.GalleryDownloadManager: no server ip
08-12 13:31:52.985  2961  3044 D com.xiaomi.tv.gallery.download.GalleryDownloadManager: no server ip
08-12 13:31:52.991  2961  3044 D com.xiaomi.tv.gallery.download.GalleryDownloadManager: no server ip
08-12 13:31:52.998  2961  3044 D com.xiaomi.tv.gallery.download.GalleryDownloadManager: no server ip
08-12 13:31:53.002  2961  3758 D com.xiaomi.tv.gallery.GalleryActivityBase: DecodeImgCompete:/data/duokancache/MiGallery_update/3681/utdXxAMNeGOEq.jpg
08-12 13:31:53.002  2961  3758 D surfaceview: queueEvent
08-12 13:31:53.005  2961  3044 D com.xiaomi.tv.gallery.download.GalleryDownloadManager: no server ip
08-12 13:31:53.011  2961  3044 D com.xiaomi.tv.gallery.download.GalleryDownloadManager: no server ip
08-12 13:31:53.013  2961  3711 D cocos2d-x debug info: cocos2d: CCTexture2D. create texture name:12
08-12 13:31:53.015  2961  3711 D cocos2d-x debug info: cocos2d: CCTexture2D. create texture name:13
08-12 13:31:53.016  2961  3711 D MiGallery: Application_android::getLocalString key:str_scan begin
08-12 13:31:53.016  2961  3711 D MiGallery: Application_android::getLocalString value:试按左键、右键看看 end
08-12 13:31:53.017  2961  3044 D com.xiaomi.tv.gallery.download.GalleryDownloadManager: no server ip
08-12 13:31:53.021  2961  3044 D com.xiaomi.tv.gallery.download.GalleryDownloadManager: no server ip
08-12 13:31:53.024  2961  3711 D cocos2d-x debug info: cocos2d: CCTexture2D. create texture name:14
08-12 13:31:53.026  2961  3711 D cocos2d-x debug info: cocos2d: CCTexture2D. create texture name:15
08-12 13:31:53.027  2961  3044 D com.xiaomi.tv.gallery.download.GalleryDownloadManager: no server ip
08-12 13:31:53.028  2961  3711 D cocos2d-x debug info: cocos2d: CCTexture2D. create texture name:16
08-12 13:31:53.030  2961  3711 D cocos2d-x debug info: cocos2d: CCTexture2D. create texture name:17
08-12 13:31:53.032  2961  3711 D cocos2d-x debug info: cocos2d: CCTexture2D. create texture name:18
08-12 13:31:53.033  2961  3044 D com.xiaomi.tv.gallery.download.GalleryDownloadManager: no server ip
08-12 13:31:53.034  2961  3711 D cocos2d-x debug info: cocos2d: CCTexture2D. create texture name:19
08-12 13:31:53.038  2961  3044 D com.xiaomi.tv.gallery.download.GalleryDownloadManager: no server ip
08-12 13:31:53.040  2961  3711 D cocos2d-x debug info: cocos2d: CCTexture2D. create texture name:20
08-12 13:31:53.043  2961  3711 D MiGallery: Pictorial-navigation map show
08-12 13:31:53.043  2961  3044 D com.xiaomi.tv.gallery.download.GalleryDownloadManager: no server ip
08-12 13:31:53.043  2961  3711 D MiGallery: MiEffect::MiWipeEffect
08-12 13:31:53.048  2961  3044 D com.xiaomi.tv.gallery.download.GalleryDownloadManager: no server ip
08-12 13:31:53.052  2961  3044 D com.xiaomi.tv.gallery.download.GalleryDownloadManager: no server ip
08-12 13:31:53.057  2961  3044 D com.xiaomi.tv.gallery.download.GalleryDownloadManager: no server ip
08-12 13:31:53.058  2961  3711 D MiGallery: MiEffect::MiCollapseEffect
08-12 13:31:53.063  2961  3044 D com.xiaomi.tv.gallery.download.GalleryDownloadManager: no server ip
08-12 13:31:53.068  2961  3044 D com.xiaomi.tv.gallery.download.GalleryDownloadManager: no server ip
08-12 13:31:53.073  2961  3044 D com.xiaomi.tv.gallery.download.GalleryDownloadManager: no server ip
08-12 13:31:53.075  2961  3711 D MiGallery: MiCollapseEffect::EndEffect
08-12 13:31:53.075  2961  3711 D MiGallery: MiEffect::MiBlockRot_2K
08-12 13:31:53.075  2961  3711 D MiGallery: MiEffect::After New
08-12 13:31:53.078  2961  3044 D com.xiaomi.tv.gallery.download.GalleryDownloadManager: no server ip
08-12 13:31:53.080  2961  3711 D MiGallery: MiBlockRot::Load pic_masks/block.png success
08-12 13:31:53.080  2961  3711 D MiGallery: MiEffect::build block
08-12 13:31:53.082  2961  3711 D MiGallery: MiBlockRot_2K build vertex
08-12 13:31:53.083  2961  3044 D com.xiaomi.tv.gallery.download.GalleryDownloadManager: no server ip
08-12 13:31:53.089  2961  3044 D com.xiaomi.tv.gallery.download.GalleryDownloadManager: no server ip
08-12 13:31:53.093  2961  3044 D com.xiaomi.tv.gallery.download.GalleryDownloadManager: no server ip
08-12 13:31:53.098  2961  3044 D com.xiaomi.tv.gallery.download.GalleryDownloadManager: no server ip
08-12 13:31:53.102  2961  3044 D com.xiaomi.tv.gallery.download.GalleryDownloadManager: no server ip
08-12 13:31:53.107  2961  3044 D com.xiaomi.tv.gallery.download.GalleryDownloadManager: no server ip
08-12 13:31:53.112  2961  3044 D com.xiaomi.tv.gallery.download.GalleryDownloadManager: no server ip
08-12 13:31:53.116  2961  3044 D com.xiaomi.tv.gallery.download.GalleryDownloadManager: no server ip
08-12 13:31:53.120  2961  3044 D com.xiaomi.tv.gallery.download.GalleryDownloadManager: no server ip
08-12 13:31:53.126  2961  3044 D com.xiaomi.tv.gallery.download.GalleryDownloadManager: no server ip
08-12 13:31:53.131  2961  3044 D com.xiaomi.tv.gallery.download.GalleryDownloadManager: no server ip
08-12 13:31:53.135  2961  3044 D com.xiaomi.tv.gallery.download.GalleryDownloadManager: no server ip
08-12 13:31:53.139  2961  3044 D com.xiaomi.tv.gallery.download.GalleryDownloadManager: no server ip
08-12 13:31:53.144  2961  3044 D com.xiaomi.tv.gallery.download.GalleryDownloadManager: no server ip
08-12 13:31:53.148  2961  3044 D com.xiaomi.tv.gallery.download.GalleryDownloadManager: no server ip
08-12 13:31:53.152  2961  3044 D com.xiaomi.tv.gallery.download.GalleryDownloadManager: no server ip
08-12 13:31:53.157  2961  3044 D com.xiaomi.tv.gallery.download.GalleryDownloadManager: no server ip
08-12 13:31:53.159  2961  3711 D MiGallery: MiBlockRot_2K::EndEffect
08-12 13:31:53.159  2961  3711 D MiGallery: MiEffect::MiEasyEffect
08-12 13:31:53.162  2961  3044 D com.xiaomi.tv.gallery.download.GalleryDownloadManager: no server ip
08-12 13:31:53.166  2961  3044 D com.xiaomi.tv.gallery.download.GalleryDownloadManager: no server ip
08-12 13:31:53.170  2961  3044 D com.xiaomi.tv.gallery.download.GalleryDownloadManager: no server ip
08-12 13:31:53.171  2961  3711 D cocos2d-x debug info: MiEffect::MiDeleteEffect
08-12 13:31:53.175  2961  3044 D com.xiaomi.tv.gallery.download.GalleryDownloadManager: no server ip
08-12 13:31:53.179  2961  3044 D com.xiaomi.tv.gallery.download.GalleryDownloadManager: no server ip
08-12 13:31:53.184  2961  3044 D com.xiaomi.tv.gallery.download.GalleryDownloadManager: no server ip
08-12 13:31:53.189  2961  3044 D com.xiaomi.tv.gallery.download.GalleryDownloadManager: no server ip
08-12 13:31:53.193  2961  3711 D cocos2d-x debug info: MiDeleteEffect::EndEffect
08-12 13:31:53.196     0     0 I Kernel  : <5>[  542.040086] Try to release 4299 pages (current 1899, need 6198) in zone Normal to get some free normal memory.
08-12 13:31:53.193  2961  3711 D main    : Renderer_nativeInit end
08-12 13:31:53.193  2961  3044 D com.xiaomi.tv.gallery.download.GalleryDownloadManager: no server ip
08-12 13:31:53.197     0     0 I Kernel  : <6>[  542.042031] lowmemorykiller: Loop kill count of 'i.mitv.settings' (1977) is 0
08-12 13:31:53.197     0     0 I Kernel  : <6>[  542.042052] lowmemorykiller: Killing 'i.mitv.settings' (1977), adj 1000, cpu 3, state S
08-12 13:31:53.197     0     0 I Kernel  : <6>[  542.042052]    to free 73076kB on behalf of 'Binder_3' (423) because
08-12 13:31:53.198     0     0 I Kernel  : <6>[  542.042052]    cache 0kB is below limit 33676kB for oom_score_adj 1
08-12 13:31:53.198     0     0 I Kernel  : <6>[  542.042052]    Free memory is -16496kB above reserved,free_cma=32348kB
08-12 13:31:53.195   114   423 D gralloc : allocate buffer from ION HEAP 0x10000
08-12 13:31:53.195   114   423 D gralloc : allocate the descrete memory from 0x10000 HEAP
08-12 13:31:53.198  2961  3044 D com.xiaomi.tv.gallery.download.GalleryDownloadManager: no server ip
08-12 13:31:53.203  2961  3044 D com.xiaomi.tv.gallery.download.GalleryDownloadManager: no server ip
08-12 13:31:53.208  2961  3044 D com.xiaomi.tv.gallery.download.GalleryDownloadManager: no server ip
08-12 13:31:53.213  2961  3044 D com.xiaomi.tv.gallery.download.GalleryDownloadManager: no server ip
08-12 13:31:53.218  2961  3044 D com.xiaomi.tv.gallery.download.GalleryDownloadManager: no server ip
08-12 13:31:53.222  2961  3044 D com.xiaomi.tv.gallery.download.GalleryDownloadManager: no server ip
08-12 13:31:53.226  2961  3044 D com.xiaomi.tv.gallery.download.GalleryDownloadManager: no server ip
08-12 13:31:53.232  2961  3044 D com.xiaomi.tv.gallery.download.GalleryDownloadManager: no server ip
08-12 13:31:53.237  2961  3044 D com.xiaomi.tv.gallery.download.GalleryDownloadManager: no server ip
08-12 13:31:53.243  2961  3044 D com.xiaomi.tv.gallery.download.GalleryDownloadManager: no server ip
08-12 13:31:53.248  2961  3044 D com.xiaomi.tv.gallery.download.GalleryDownloadManager: no server ip
08-12 13:31:53.254  2961  3044 D com.xiaomi.tv.gallery.download.GalleryDownloadManager: no server ip
08-12 13:31:53.260  2961  3044 D com.xiaomi.tv.gallery.download.GalleryDownloadManager: no server ip
08-12 13:31:53.266  2961  3044 D com.xiaomi.tv.gallery.download.GalleryDownloadManager: no server ip
08-12 13:31:53.273   514  1248 D WifiService: Client connection lost with reason: 4
08-12 13:31:53.275     0     0 I Kernel  : <7>[  542.117963] current Binder_B(1893) kill task i.mitv.settings(1977) signal 9
08-12 13:31:53.275     0     0 I Kernel  : <7>[  542.119144] current Binder_B(1893) kill task i.mitv.settings(1977) signal 9
08-12 13:31:53.275     0     0 I Kernel  : <7>[  542.119608] current Binder_B(1893) kill task i.mitv.settings(1977) signal 9
08-12 13:31:53.276     0     0 I Kernel  : <7>[  542.120232] current Binder_B(1893) kill task i.mitv.settings(1977) signal 9
08-12 13:31:53.273  2961  3044 D com.xiaomi.tv.gallery.download.GalleryDownloadManager: no server ip
08-12 13:31:53.276     0     0 I Kernel  : <7>[  542.121007] current Binder_B(1893) kill task i.mitv.settings(1977) signal 9
08-12 13:31:53.279  2961  3044 D com.xiaomi.tv.gallery.download.GalleryDownloadManager: no server ip
08-12 13:31:53.289     0     0 I Kernel  : <7>[  542.122169] current Binder_B(1893) kill task i.mitv.settings(1977) signal 9
08-12 13:31:53.289     0     0 I Kernel  : <7>[  542.124063] current Binder_B(1893) kill task i.mitv.settings(1977) signal 9
08-12 13:31:53.289     0     0 I Kernel  : <7>[  542.127686] current Binder_B(1893) kill task i.mitv.settings(1977) signal 9
08-12 13:31:53.291     0     0 I Kernel  : <7>[  542.134268] current Binder_B(1893) kill task i.mitv.settings(1977) signal 9
08-12 13:31:53.286  2961  3044 D com.xiaomi.tv.gallery.download.GalleryDownloadManager: no server ip
08-12 13:31:53.287   114   423 D gralloc : allocate the ion_cust_alloc success 111
08-12 13:31:53.287   114   423 D gralloc : ion map handle 5 success, fd=27
08-12 13:31:53.292  2961  3044 D com.xiaomi.tv.gallery.download.GalleryDownloadManager: no server ip
08-12 13:31:53.298  2961  3044 D com.xiaomi.tv.gallery.download.GalleryDownloadManager: no server ip
08-12 13:31:53.304     0     0 I Kernel  : <7>[  542.147276] current Binder_B(1893) kill task i.mitv.settings(1977) signal 9
08-12 13:31:53.305  2961  3044 D com.xiaomi.tv.gallery.download.GalleryDownloadManager: no server ip
08-12 13:31:53.312  2961  3044 D com.xiaomi.tv.gallery.download.GalleryDownloadManager: no server ip
08-12 13:31:53.317  2961  3044 D com.xiaomi.tv.gallery.download.GalleryDownloadManager: no server ip
08-12 13:31:53.322  2961  3044 D com.xiaomi.tv.gallery.download.GalleryDownloadManager: no server ip
08-12 13:31:53.327  2961  3044 D com.xiaomi.tv.gallery.download.GalleryDownloadManager: no server ip
08-12 13:31:53.331     0     0 I Kernel  : <7>[  542.173138] current Binder_B(1893) kill task i.mitv.settings(1977) signal 9
08-12 13:31:53.332  2961  3044 D com.xiaomi.tv.gallery.download.GalleryDownloadManager: no server ip
08-12 13:31:53.338  2961  3044 D com.xiaomi.tv.gallery.download.GalleryDownloadManager: no server ip
08-12 13:31:53.343  2961  3044 D com.xiaomi.tv.gallery.download.GalleryDownloadManager: no server ip
08-12 13:31:53.349  2961  3044 D com.xiaomi.tv.gallery.download.GalleryDownloadManager: no server ip
08-12 13:31:53.354  2961  3044 D com.xiaomi.tv.gallery.download.GalleryDownloadManager: no server ip
08-12 13:31:53.359  2961  3044 D com.xiaomi.tv.gallery.download.GalleryDownloadManager: no server ip
08-12 13:31:53.362  2961  3711 D cocos2d-x debug info: cocos2d: deallocing CCTexture2D 1.
08-12 13:31:53.364  2961  3044 D com.xiaomi.tv.gallery.download.GalleryDownloadManager: no server ip
08-12 13:31:53.368  2961  3711 D MiGallery: MiTexture::CreateFromFileAsynCallback,/data/duokancache/MiGallery_update/3681/utdXxAMNeGOEq.jpg
08-12 13:31:53.369  2961  3711 D cocos2d-x debug info: cocos2d: CCTexture2D. create texture name:1
08-12 13:31:53.373  2961  3044 D com.xiaomi.tv.gallery.download.GalleryDownloadManager: no server ip
08-12 13:31:53.380   514  1893 I ActivityManager: Process com.xiaomi.mitv.settings (pid 1977) has died
08-12 13:31:53.380   514  1893 I am_proc_died: [0,1977,com.xiaomi.mitv.settings]
08-12 13:31:53.388   514  1893 W ActivityManager: Scheduling restart of crashed service com.xiaomi.mitv.settings/.SyncService in 1000ms
08-12 13:31:53.388  2961  3044 D com.xiaomi.tv.gallery.download.GalleryDownloadManager: no server ip
08-12 13:31:53.388   514  1893 I am_schedule_service_restart: [0,com.xiaomi.mitv.settings/.SyncService,1000]
08-12 13:31:53.388   514  1893 W ActivityManager: Scheduling restart of crashed service com.xiaomi.mitv.settings/.SystemInitService in 1000ms
08-12 13:31:53.389   514  1893 I am_schedule_service_restart: [0,com.xiaomi.mitv.settings/.SystemInitService,1000]
08-12 13:31:53.398  2916  2916 D baidu_location_service: baidu location service stop ...
08-12 13:31:53.403  2961  3044 D com.xiaomi.tv.gallery.download.GalleryDownloadManager: no server ip
08-12 13:31:53.414  2961  3044 D com.xiaomi.tv.gallery.download.GalleryDownloadManager: no server ip
08-12 13:31:53.429  2961  3044 D com.xiaomi.tv.gallery.download.GalleryDownloadManager: no server ip
08-12 13:31:53.437  2961  3044 D com.xiaomi.tv.gallery.download.GalleryDownloadManager: no server ip
08-12 13:31:53.445  2961  3044 D com.xiaomi.tv.gallery.download.GalleryDownloadManager: no server ip
08-12 13:31:53.452  2961  3044 D com.xiaomi.tv.gallery.download.GalleryDownloadManager: no server ip
08-12 13:31:53.457  2961  3044 D com.xiaomi.tv.gallery.download.GalleryDownloadManager: no server ip
08-12 13:31:53.462  2961  3044 D com.xiaomi.tv.gallery.download.GalleryDownloadManager: no server ip
08-12 13:31:53.467  2961  3044 D com.xiaomi.tv.gallery.download.GalleryDownloadManager: no server ip
08-12 13:31:53.473  2961  3044 D com.xiaomi.tv.gallery.download.GalleryDownloadManager: no server ip
08-12 13:31:53.478  2961  3044 D com.xiaomi.tv.gallery.download.GalleryDownloadManager: no server ip
08-12 13:31:53.483  2961  3044 D com.xiaomi.tv.gallery.download.GalleryDownloadManager: no server ip
08-12 13:31:53.488  2961  3044 D com.xiaomi.tv.gallery.download.GalleryDownloadManager: no server ip
08-12 13:31:53.493  2961  3044 D com.xiaomi.tv.gallery.download.GalleryDownloadManager: no server ip
08-12 13:31:53.498  2961  3044 D com.xiaomi.tv.gallery.download.GalleryDownloadManager: no server ip
08-12 13:31:53.503  2961  3044 D com.xiaomi.tv.gallery.download.GalleryDownloadManager: no server ip
08-12 13:31:53.508  2961  3044 D com.xiaomi.tv.gallery.download.GalleryDownloadManager: no server ip
08-12 13:31:53.512  2961  3044 D com.xiaomi.tv.gallery.download.GalleryDownloadManager: no server ip
08-12 13:31:53.517  2961  3044 D com.xiaomi.tv.gallery.download.GalleryDownloadManager: no server ip
08-12 13:31:53.521  2961  3044 D com.xiaomi.tv.gallery.download.GalleryDownloadManager: no server ip
08-12 13:31:53.525  2961  3044 D com.xiaomi.tv.gallery.download.GalleryDownloadManager: no server ip
08-12 13:31:53.529  2961  3044 D com.xiaomi.tv.gallery.download.GalleryDownloadManager: no server ip
08-12 13:31:53.534  2961  3044 D com.xiaomi.tv.gallery.download.GalleryDownloadManager: no server ip
08-12 13:31:53.538  2961  3044 D com.xiaomi.tv.gallery.download.GalleryDownloadManager: no server ip
08-12 13:31:53.543  2961  3044 D com.xiaomi.tv.gallery.download.GalleryDownloadManager: no server ip
08-12 13:31:53.547  2961  3044 D com.xiaomi.tv.gallery.download.GalleryDownloadManager: no server ip
08-12 13:31:53.551  2961  3044 D com.xiaomi.tv.gallery.download.GalleryDownloadManager: no server ip
08-12 13:31:53.555  2961  3044 D com.xiaomi.tv.gallery.download.GalleryDownloadManager: no server ip
08-12 13:31:53.560  2961  3044 D com.xiaomi.tv.gallery.download.GalleryDownloadManager: no server ip
08-12 13:31:53.560  1550  1689 I clientsdk: tid 1689, httpget http://www.baidu.com:80
08-12 13:31:53.559  1689  1689 I auditd  : type=1400 audit(0.0:3703): avc: granted { write } for comm="Thread-87" name="CookiesFile" dev="mmcblk0p22" ino=873 scontext=u:r:system_app:s0 tcontext=u:object_r:system_data_file:s0 tclass=file
08-12 13:31:53.568     0     0 I Kernel  : <12>[  542.410967] type=1400 audit(1439357513.559:3703): avc: granted { write } for pid=1689 comm="Thread-87" name="CookiesFile" dev="mmcblk0p22" ino=873 scontext=u:r:system_app:s0 tcontext=u:object_r:system_data_file:s0 tclass=file
08-12 13:31:53.568     0     0 I Kernel  : <12>[  542.411168] type=1400 audit(1439357513.559:3704): avc: granted { write } for pid=1689 comm="Thread-87" path="/data/duokancache/CookiesFile" dev="mmcblk0p22" ino=873 scontext=u:r:system_app:s0 tcontext=u:object_r:system_data_file:s0 tclass=file
08-12 13:31:53.568     0     0 I Kernel  : <12>[  542.411268] type=1400 audit(1439357513.564:3705): avc: granted { write } for pid=1689 comm="Thread-87" name="CookiesFile" dev="mmcblk0p22" ino=873 scontext=u:r:system_app:s0 tcontext=u:object_r:system_data_file:s0 tclass=file
08-12 13:31:53.559  1689  1689 W Thread-87: type=1400 audit(0.0:3703): avc: granted { write } for name="CookiesFile" dev="mmcblk0p22" ino=873 scontext=u:r:system_app:s0 tcontext=u:object_r:system_data_file:s0 tclass=file
08-12 13:31:53.559  1689  1689 I auditd  : type=1400 audit(0.0:3704): avc: granted { write } for comm="Thread-87" path="/data/duokancache/CookiesFile" dev="mmcblk0p22" ino=873 scontext=u:r:system_app:s0 tcontext=u:object_r:system_data_file:s0 tclass=file
08-12 13:31:53.559  1689  1689 W Thread-87: type=1400 audit(0.0:3704): avc: granted { write } for path="/data/duokancache/CookiesFile" dev="mmcblk0p22" ino=873 scontext=u:r:system_app:s0 tcontext=u:object_r:system_data_file:s0 tclass=file
08-12 13:31:53.564  1689  1689 I auditd  : type=1400 audit(0.0:3705): avc: granted { write } for comm="Thread-87" name="CookiesFile" dev="mmcblk0p22" ino=873 scontext=u:r:system_app:s0 tcontext=u:object_r:system_data_file:s0 tclass=file
08-12 13:31:53.564  1689  1689 W Thread-87: type=1400 audit(0.0:3705): avc: granted { write } for name="CookiesFile" dev="mmcblk0p22" ino=873 scontext=u:r:system_app:s0 tcontext=u:object_r:system_data_file:s0 tclass=file
08-12 13:31:53.565  2961  3044 D com.xiaomi.tv.gallery.download.GalleryDownloadManager: no server ip
08-12 13:31:53.568  1550  1689 I clientsdk: tid 1689, HttpGet, status code = 0
08-12 13:31:53.569  1550  1689 I clientsdk: tid 1689, HttpGet curl_easy_perform result 6
08-12 13:31:53.569  1550  1689 I duokantv: tid 1689, DuoKanUtility::checkHostReachability -- ret of HttpGet = -1006
08-12 13:31:53.569  1550  1689 I duokantv: tid 1689, DuoKanUtility::checkHostReachability -- HttpGet: not reachable
08-12 13:31:53.569  1550  1689 I duokantv: tid 1689, DKAppDelegate::setupServerConnection, no userID
08-12 13:31:53.569  1550  1689 I duokantv: tid 1689, DataStore: Token, Enter loadToken2
08-12 13:31:53.572     0     0 I Kernel  : <12>[  542.416967] type=1400 audit(1439357513.569:3706): avc: granted { write } for pid=1689 comm="Thread-87" name="CookiesFile" dev="mmcblk0p22" ino=873 scontext=u:r:system_app:s0 tcontext=u:object_r:system_data_file:s0 tclass=file
08-12 13:31:53.569  1550  1689 I duokantv: tid 1689, DataStore: Token, key 5fcb31f300324bcbb8c3cac60d6d4184
08-12 13:31:53.569  1550  1689 I duokantv: tid 1689, DataStore: Token, token cc5bf5545b674d1e9e2bd0add857ccc0
08-12 13:31:53.570  1550  1689 I duokantv: tid 1689, DKAppDelegate:setupServerConnection -- about to login to server
08-12 13:31:53.578     0     0 I Kernel  : <12>[  542.417297] type=1400 audit(1439357513.569:3707): avc: granted { write } for pid=1689 comm="Thread-87" path="/data/duokancache/CookiesFile" dev="mmcblk0p22" ino=873 scontext=u:r:system_app:s0 tcontext=u:object_r:system_data_file:s0 tclass=file
08-12 13:31:53.578     0     0 I Kernel  : <12>[  542.418737] type=1400 audit(1439357513.569:3708): avc: granted { write } for pid=1689 comm="Thread-87" name="CookiesFile" dev="mmcblk0p22" ino=873 scontext=u:r:system_app:s0 tcontext=u:object_r:system_data_file:s0 tclass=file
08-12 13:31:53.578     0     0 I Kernel  : <12>[  542.421198] type=1400 audit(1439357513.574:3709): avc: granted { write } for pid=1689 comm="Thread-87" name="CookiesFile" dev="mmcblk0p22" ino=873 scontext=u:r:system_app:s0 tcontext=u:object_r:system_data_file:s0 tclass=file
08-12 13:31:53.579     0     0 I Kernel  : <12>[  542.421584] type=1400 audit(1439357513.574:3710): avc: granted { write } for pid=1689 comm="Thread-87" path="/data/duokancache/CookiesFile" dev="mmcblk0p22" ino=873 scontext=u:r:system_app:s0 tcontext=u:object_r:system_data_file:s0 tclass=file
08-12 13:31:53.570  1550  1689 I clientsdk: tid 1689, httppost http://122.49.38.6/tvservice/login?vc=0&ac=0&ic=0&deviceid=5b11bace3b21548f71a273121cfa15a6&apiver=1.8&ver=5.0.1.1213&codever=15&ptf=605&ts=1439357513&nonce=1044509944&language=zh_CN&feature=15&opaque=f8bfba54171e757f5661bd9260964bb195cdc5a7
08-12 13:31:53.579     0     0 I Kernel  : <12>[  542.421815] type=1400 audit(1439357513.574:3711): avc: granted { write } for pid=1689 comm="Thread-87" name="CookiesFile" dev="mmcblk0p22" ino=873 scontext=u:r:system_app:s0 tcontext=u:object_r:system_data_file:s0 tclass=file
08-12 13:31:53.569  1689  1689 I auditd  : type=1400 audit(0.0:3706): avc: granted { write } for comm="Thread-87" name="CookiesFile" dev="mmcblk0p22" ino=873 scontext=u:r:system_app:s0 tcontext=u:object_r:system_data_file:s0 tclass=file
08-12 13:31:53.569  1689  1689 W Thread-87: type=1400 audit(0.0:3706): avc: granted { write } for name="CookiesFile" dev="mmcblk0p22" ino=873 scontext=u:r:system_app:s0 tcontext=u:object_r:system_data_file:s0 tclass=file
08-12 13:31:53.569  1689  1689 I auditd  : type=1400 audit(0.0:3707): avc: granted { write } for comm="Thread-87" path="/data/duokancache/CookiesFile" dev="mmcblk0p22" ino=873 scontext=u:r:system_app:s0 tcontext=u:object_r:system_data_file:s0 tclass=file
08-12 13:31:53.569  1689  1689 W Thread-87: type=1400 audit(0.0:3707): avc: granted { write } for path="/data/duokancache/CookiesFile" dev="mmcblk0p22" ino=873 scontext=u:r:system_app:s0 tcontext=u:object_r:system_data_file:s0 tclass=file
08-12 13:31:53.572  2961  3044 D com.xiaomi.tv.gallery.download.GalleryDownloadManager: no server ip
08-12 13:31:53.569  1689  1689 I auditd  : type=1400 audit(0.0:3708): avc: granted { write } for comm="Thread-87" name="CookiesFile" dev="mmcblk0p22" ino=873 scontext=u:r:system_app:s0 tcontext=u:object_r:system_data_file:s0 tclass=file
08-12 13:31:53.569  1689  1689 W Thread-87: type=1400 audit(0.0:3708): avc: granted { write } for name="CookiesFile" dev="mmcblk0p22" ino=873 scontext=u:r:system_app:s0 tcontext=u:object_r:system_data_file:s0 tclass=file
08-12 13:31:53.573  1550  1689 I clientsdk: tid 1689, HttpPost, status code = 0
08-12 13:31:53.574  1550  1689 I clientsdk: tid 1689, HttpGet curl_easy_perform result 7
08-12 13:31:53.574  1550  1689 I clientsdk: tid 1689, httppost http://122.49.38.6/tvservice/login?vc=0&ac=0&ic=0&deviceid=5b11bace3b21548f71a273121cfa15a6&apiver=1.8&ver=5.0.1.1213&codever=15&ptf=605&ts=1439357513&nonce=1044509944&language=zh_CN&feature=15&opaque=f8bfba54171e757f5661bd9260964bb195cdc5a7
08-12 13:31:53.574  1689  1689 I auditd  : type=1400 audit(0.0:3709): avc: granted { write } for comm="Thread-87" name="CookiesFile" dev="mmcblk0p22" ino=873 scontext=u:r:system_app:s0 tcontext=u:object_r:system_data_file:s0 tclass=file
08-12 13:31:53.574  1689  1689 W Thread-87: type=1400 audit(0.0:3709): avc: granted { write } for name="CookiesFile" dev="mmcblk0p22" ino=873 scontext=u:r:system_app:s0 tcontext=u:object_r:system_data_file:s0 tclass=file
08-12 13:31:53.574  1689  1689 I auditd  : type=1400 audit(0.0:3710): avc: granted { write } for comm="Thread-87" path="/data/duokancache/CookiesFile" dev="mmcblk0p22" ino=873 scontext=u:r:system_app:s0 tcontext=u:object_r:system_data_file:s0 tclass=file
08-12 13:31:53.574  1689  1689 W Thread-87: type=1400 audit(0.0:3710): avc: granted { write } for path="/data/duokancache/CookiesFile" dev="mmcblk0p22" ino=873 scontext=u:r:system_app:s0 tcontext=u:object_r:system_data_file:s0 tclass=file
08-12 13:31:53.574  1689  1689 I auditd  : type=1400 audit(0.0:3711): avc: granted { write } for comm="Thread-87" name="CookiesFile" dev="mmcblk0p22" ino=873 scontext=u:r:system_app:s0 tcontext=u:object_r:system_data_file:s0 tclass=file
08-12 13:31:53.574  1689  1689 W Thread-87: type=1400 audit(0.0:3711): avc: granted { write } for name="CookiesFile" dev="mmcblk0p22" ino=873 scontext=u:r:system_app:s0 tcontext=u:object_r:system_data_file:s0 tclass=file
08-12 13:31:53.577  1550  1689 I clientsdk: tid 1689, HttpPost, status code = 0
08-12 13:31:53.577  1550  1689 I clientsdk: tid 1689, HttpGet curl_easy_perform result 7
08-12 13:31:53.577  1550  1689 I clientsdk: tid 1689, httppost http://122.49.38.6/tvservice/login?vc=0&ac=0&ic=0&deviceid=5b11bace3b21548f71a273121cfa15a6&apiver=1.8&ver=5.0.1.1213&codever=15&ptf=605&ts=1439357513&nonce=1044509944&language=zh_CN&feature=15&opaque=f8bfba54171e757f5661bd9260964bb195cdc5a7
08-12 13:31:53.580  2961  3044 D com.xiaomi.tv.gallery.download.GalleryDownloadManager: no server ip
08-12 13:31:53.582     0     0 I Kernel  : <12>[  542.425945] type=1400 audit(1439357513.574:3712): avc: granted { write } for pid=1689 comm="Thread-87" name="CookiesFile" dev="mmcblk0p22" ino=873 scontext=u:r:system_app:s0 tcontext=u:object_r:system_data_file:s0 tclass=file
