08-12 13:36:06.236   514  1246 E WifiStateMachine:  get link layer stats 0
08-12 13:36:06.236   514  1246 D wifi    : doCommand: IFNAME=wlan0 SIGNAL_POLL
08-12 13:36:06.236  3807  3807 I wpa_supplicant: [CTRL_IFACE]wlan0: SIGNAL_POLL
08-12 13:36:06.239  3807  3807 D wpa_supplicant: nl80211: survey data missing!
08-12 13:36:06.239   514  1246 D wifi    : cmd = IFNAME=wlan0 SIGNAL_POLL, reply: RSSI=-31
08-12 13:36:06.239   514  1246 D wifi    : LINKSPEED=780
08-12 13:36:06.239   514  1246 D wifi    : NOISE=9999
08-12 13:36:06.239   514  1246 D wifi    : FREQUENCY=5765
08-12 13:36:06.239   514  1246 E WifiStateMachine: fetchRssiLinkSpeedAndFrequencyNative rssi=-31 linkspeed=780
08-12 13:36:06.241   514  1246 E WifiStateMachine: calculateWifiScore freq=5765 speed=780 score=60 highRSSI  -> txbadrate=0.00 txgoodrate=1.70 txretriesrate=0.00 rxrate=4.95 userTriggerdPenalty0
08-12 13:36:06.241   514  1246 E WifiStateMachine:  good link -> stuck count =0
08-12 13:36:06.241   514  1246 E WifiStateMachine:  badRSSI count0 lowRSSI count0 --> score 56
08-12 13:36:06.241   514  1246 E WifiStateMachine:  isHighRSSI       ---> score=61
08-12 13:36:06.244   514  1246 E WifiStateMachine: handleMessage: X
08-12 13:36:06.245  2285  2285 D MiTVNetworkController: action onReceive is : android.net.wifi.RSSI_CHANGED, mitv.network.ethernet.action.ETHERNET_STATE_CHANGED
08-12 13:36:06.245  2285  2285 D MiTVNetworkController: updateWifiIcons mWifiConnected:true, mWifiLevel:4
08-12 13:36:06.245  2285  2285 D NetworkStateManager: changeNetworkState, type:2, flag:0, level:4, lable:DKTest_B18_5G
08-12 13:36:06.245  2285  2285 D NetworkStateView: changeNetworkState type:2, flag:1, level:4, label:DKTest_B18_5G, last_lable:null
08-12 13:36:07.169  2961  4432 D cocos2d-x debug info: no dirty just for wait:3.532362
08-12 13:36:09.243   514  1246 E WifiStateMachine: handleMessage: E msg.what=131155
08-12 13:36:09.243   514  1246 E WifiStateMachine: processMsg: ConnectedState
08-12 13:36:09.244   514  1246 E WifiStateMachine:  ConnectedState !CMD_RSSI_POLL 1 0 "DKTest_B18_5G" 8c:be:be:20:a6:9d rssi=-31 f=5765 sc=60 link=780 tx=1.7, 0.0, 0.0  rx=5.0 bcn=0 [on:0 tx:0 rx:0 period:3000] from screen [on:0 period:543725084] gl rssi=-31 ag=0 hr ls-=0 [56,56,56,56,61] brc=0 lrc=0
08-12 13:36:09.244   514  1246 E WifiStateMachine: processMsg: L2ConnectedState
08-12 13:36:09.245   514  1246 E WifiStateMachine:  L2ConnectedState !CMD_RSSI_POLL 1 0 "DKTest_B18_5G" 8c:be:be:20:a6:9d rssi=-31 f=5765 sc=60 link=780 tx=1.7, 0.0, 0.0  rx=5.0 bcn=0 [on:0 tx:0 rx:0 period:1] from screen [on:0 period:543725085] gl rssi=-31 ag=0 hr ls-=0 [56,56,56,56,61] brc=0 lrc=0
08-12 13:36:09.245   514  1246 E WifiStateMachine:  get link layer stats 0
08-12 13:36:09.245   514  1246 D wifi    : doCommand: IFNAME=wlan0 SIGNAL_POLL
08-12 13:36:09.245  3807  3807 I wpa_supplicant: [CTRL_IFACE]wlan0: SIGNAL_POLL
08-12 13:36:09.247  3807  3807 D wpa_supplicant: nl80211: survey data missing!
08-12 13:36:09.247   514  1246 D wifi    : cmd = IFNAME=wlan0 SIGNAL_POLL, reply: RSSI=-31
08-12 13:36:09.247   514  1246 D wifi    : LINKSPEED=780
08-12 13:36:09.247   514  1246 D wifi    : NOISE=9999
08-12 13:36:09.247   514  1246 D wifi    : FREQUENCY=5765
08-12 13:36:09.247   514  1246 E WifiStateMachine: fetchRssiLinkSpeedAndFrequencyNative rssi=-31 linkspeed=780
08-12 13:36:09.249   514  1246 E WifiStateMachine: calculateWifiScore freq=5765 speed=780 score=60 highRSSI  -> txbadrate=0.00 txgoodrate=1.35 txretriesrate=0.00 rxrate=20.48 userTriggerdPenalty0
08-12 13:36:09.249   514  1246 E WifiStateMachine:  good link -> stuck count =0
08-12 13:36:09.249   514  1246 E WifiStateMachine:  badRSSI count0 lowRSSI count0 --> score 56
08-12 13:36:09.249   514  1246 E WifiStateMachine:  isHighRSSI       ---> score=61
08-12 13:36:09.251  2285  2285 D MiTVNetworkController: action onReceive is : android.net.wifi.RSSI_CHANGED, mitv.network.ethernet.action.ETHERNET_STATE_CHANGED
08-12 13:36:09.251   514  1246 E WifiStateMachine: handleMessage: X
08-12 13:36:09.251  2285  2285 D MiTVNetworkController: updateWifiIcons mWifiConnected:true, mWifiLevel:4
08-12 13:36:09.251  2285  2285 D NetworkStateManager: changeNetworkState, type:2, flag:0, level:4, lable:DKTest_B18_5G
08-12 13:36:09.251  2285  2285 D NetworkStateView: changeNetworkState type:2, flag:1, level:4, label:DKTest_B18_5G, last_lable:null
08-12 13:36:10.704  2961  4432 D cocos2d-x debug info: no dirty just for wait:7.070404
08-12 13:36:12.050  4442  4462 W System.err: java.net.UnknownHostException: no name with type 0x00 with no scope for host 192.168.31.123
08-12 13:36:12.050  4442  4462 W System.err: 	at jcifs.netbios.NbtAddress.getAllByAddress(NbtAddress.java:523)
08-12 13:36:12.050  4442  4462 W System.err: 	at jcifs.netbios.NbtAddress.getAllByAddress(NbtAddress.java:479)
08-12 13:36:12.050  4442  4462 W System.err: 	at com.duokan.cloudalbum.DKSmbManager.getSmbHostName(DKSmbManager.java:266)
08-12 13:36:12.050  4442  4462 W System.err: 	at com.duokan.cloudalbum.DKSmbManager.searchSmb(DKSmbManager.java:280)
08-12 13:36:12.050  4442  4462 W System.err: 	at com.duokan.cloudalbum.DKSmbManager.SearchLAN(DKSmbManager.java:479)
08-12 13:36:12.050  4442  4462 W System.err: 	at com.duokan.cloudalbum.DKSmbManager.SearchAll(DKSmbManager.java:511)
08-12 13:36:12.050  4442  4462 W System.err: 	at com.duokan.cloudalbum.DKSmbManager$SearchThread.run(DKSmbManager.java:525)
08-12 13:36:12.250   514  1246 E WifiStateMachine: handleMessage: E msg.what=131155
08-12 13:36:12.250   514  1246 E WifiStateMachine: processMsg: ConnectedState
08-12 13:36:12.251   514  1246 E WifiStateMachine:  ConnectedState !CMD_RSSI_POLL 1 0 "DKTest_B18_5G" 8c:be:be:20:a6:9d rssi=-31 f=5765 sc=60 link=780 tx=1.4, 0.0, 0.0  rx=20.5 bcn=0 [on:0 tx:0 rx:0 period:3000] from screen [on:0 period:543728091] gl rssi=-31 ag=0 hr ticks 0,0,0 ls-=0 [56,56,56,56,61] brc=0 lrc=0
08-12 13:36:12.251   514  1246 E WifiStateMachine: processMsg: L2ConnectedState
08-12 13:36:12.252   514  1246 E WifiStateMachine:  L2ConnectedState !CMD_RSSI_POLL 1 0 "DKTest_B18_5G" 8c:be:be:20:a6:9d rssi=-31 f=5765 sc=60 link=780 tx=1.4, 0.0, 0.0  rx=20.5 bcn=0 [on:0 tx:0 rx:0 period:1] from screen [on:0 period:543728092] gl rssi=-31 ag=0 hr ticks 0,0,0 ls-=0 [56,56,56,56,61] brc=0 lrc=0
08-12 13:36:12.252   514  1246 E WifiStateMachine:  get link layer stats 0
08-12 13:36:12.252   514  1246 D wifi    : doCommand: IFNAME=wlan0 SIGNAL_POLL
08-12 13:36:12.252  3807  3807 I wpa_supplicant: [CTRL_IFACE]wlan0: SIGNAL_POLL
08-12 13:36:12.254  3807  3807 D wpa_supplicant: nl80211: survey data missing!
08-12 13:36:12.254   514  1246 D wifi    : cmd = IFNAME=wlan0 SIGNAL_POLL, reply: RSSI=-32
08-12 13:36:12.254   514  1246 D wifi    : LINKSPEED=780
08-12 13:36:12.254   514  1246 D wifi    : NOISE=9999
08-12 13:36:12.254   514  1246 D wifi    : FREQUENCY=5765
08-12 13:36:12.255   514  1246 E WifiStateMachine: fetchRssiLinkSpeedAndFrequencyNative rssi=-32 linkspeed=780
08-12 13:36:12.256   514  1246 E WifiStateMachine: calculateWifiScore freq=5765 speed=780 score=60 highRSSI  -> txbadrate=0.00 txgoodrate=1.18 txretriesrate=0.00 rxrate=14.74 userTriggerdPenalty0
08-12 13:36:12.256   514  1246 E WifiStateMachine:  good link -> stuck count =0
08-12 13:36:12.256   514  1246 E WifiStateMachine:  badRSSI count0 lowRSSI count0 --> score 56
08-12 13:36:12.256   514  1246 E WifiStateMachine:  isHighRSSI       ---> score=61
08-12 13:36:12.257  2285  2285 D MiTVNetworkController: action onReceive is : android.net.wifi.RSSI_CHANGED, mitv.network.ethernet.action.ETHERNET_STATE_CHANGED
08-12 13:36:12.257  2285  2285 D MiTVNetworkController: updateWifiIcons mWifiConnected:true, mWifiLevel:4
08-12 13:36:12.257  2285  2285 D NetworkStateManager: changeNetworkState, type:2, flag:0, level:4, lable:DKTest_B18_5G
08-12 13:36:12.257  2285  2285 D NetworkStateView: changeNetworkState type:2, flag:1, level:4, label:DKTest_B18_5G, last_lable:null
08-12 13:36:12.258   514  1246 E WifiStateMachine: handleMessage: X
08-12 13:36:14.602  2961  4007 D libp2p  : 30s package send__count = 1 recv_count = 0
08-12 13:36:15.259   514  1246 E WifiStateMachine: handleMessage: E msg.what=131155
08-12 13:36:15.259   514  1246 E WifiStateMachine: processMsg: ConnectedState
08-12 13:36:15.260   514  1246 E WifiStateMachine:  ConnectedState !CMD_RSSI_POLL 1 0 "DKTest_B18_5G" 8c:be:be:20:a6:9d rssi=-32 f=5765 sc=60 link=780 tx=1.2, 0.0, 0.0  rx=14.7 bcn=0 [on:0 tx:0 rx:0 period:3002] from screen [on:0 period:543731100] gl rssi=-32 ag=0 hr ticks 0,0,0 ls-=0 [56,56,56,56,61] brc=0 lrc=0
08-12 13:36:15.260   514  1246 E WifiStateMachine: processMsg: L2ConnectedState
08-12 13:36:15.261   514  1246 E WifiStateMachine:  L2ConnectedState !CMD_RSSI_POLL 1 0 "DKTest_B18_5G" 8c:be:be:20:a6:9d rssi=-32 f=5765 sc=60 link=780 tx=1.2, 0.0, 0.0  rx=14.7 bcn=0 [on:0 tx:0 rx:0 period:1] from screen [on:0 period:543731101] gl rssi=-32 ag=0 hr ticks 0,0,0 ls-=0 [56,56,56,56,61] brc=0 lrc=0
08-12 13:36:15.261   514  1246 E WifiStateMachine:  get link layer stats 0
08-12 13:36:15.261   514  1246 D wifi    : doCommand: IFNAME=wlan0 SIGNAL_POLL
08-12 13:36:15.261  3807  3807 I wpa_supplicant: [CTRL_IFACE]wlan0: SIGNAL_POLL
08-12 13:36:15.264  3807  3807 D wpa_supplicant: nl80211: survey data missing!
08-12 13:36:15.264   514  1246 D wifi    : cmd = IFNAME=wlan0 SIGNAL_POLL, reply: RSSI=-31
08-12 13:36:15.264   514  1246 D wifi    : LINKSPEED=780
08-12 13:36:15.264   514  1246 D wifi    : NOISE=9999
08-12 13:36:15.264   514  1246 D wifi    : FREQUENCY=5765
08-12 13:36:15.264   514  1246 E WifiStateMachine: fetchRssiLinkSpeedAndFrequencyNative rssi=-31 linkspeed=780
08-12 13:36:15.265   514  1246 E WifiStateMachine: calculateWifiScore freq=5765 speed=780 score=60 highRSSI  -> txbadrate=0.00 txgoodrate=1.59 txretriesrate=0.00 rxrate=10.37 userTriggerdPenalty0
08-12 13:36:15.265   514  1246 E WifiStateMachine:  good link -> stuck count =0
08-12 13:36:15.265   514  1246 E WifiStateMachine:  badRSSI count0 lowRSSI count0 --> score 56
08-12 13:36:15.265   514  1246 E WifiStateMachine:  isHighRSSI       ---> score=61
08-12 13:36:15.267  2285  2285 D MiTVNetworkController: action onReceive is : android.net.wifi.RSSI_CHANGED, mitv.network.ethernet.action.ETHERNET_STATE_CHANGED
08-12 13:36:15.267  2285  2285 D MiTVNetworkController: updateWifiIcons mWifiConnected:true, mWifiLevel:4
08-12 13:36:15.267  2285  2285 D NetworkStateManager: changeNetworkState, type:2, flag:0, level:4, lable:DKTest_B18_5G
08-12 13:36:15.267  2285  2285 D NetworkStateView: changeNetworkState type:2, flag:1, level:4, label:DKTest_B18_5G, last_lable:null
08-12 13:36:15.267   514  1246 E WifiStateMachine: handleMessage: X
08-12 13:36:17.368  1433  1433 V BleRemoteControllerService: mRunnable run
08-12 13:36:17.368  1433  1433 V BleRemoteControllerService: requestScan,RC size:1,hasInit:true,isBinded:false,mIsPair:false,Connecting:false
08-12 13:36:17.368  1433  1433 V BleRemoteControllerService: mRunnable run
08-12 13:36:17.368  1433  1433 V BleRemoteControllerService: requestScan,RC size:1,hasInit:true,isBinded:false,mIsPair:false,Connecting:false
08-12 13:36:17.484   126   126 I tvos    : REGULAR log output for m_pEvHeartBeat Wait event refreshCount=0,loopCount=40,watchdog_enable=0
08-12 13:36:17.777  2961  4432 D cocos2d-x debug info: no dirty just for wait:14.145104
08-12 13:36:18.052  4442  4462 W System.err: java.net.UnknownHostException: no name with type 0x00 with no scope for host 192.168.31.141
08-12 13:36:18.052  4442  4462 W System.err: 	at jcifs.netbios.NbtAddress.getAllByAddress(NbtAddress.java:523)
08-12 13:36:18.052  4442  4462 W System.err: 	at jcifs.netbios.NbtAddress.getAllByAddress(NbtAddress.java:479)
08-12 13:36:18.052  4442  4462 W System.err: 	at com.duokan.cloudalbum.DKSmbManager.getSmbHostName(DKSmbManager.java:266)
08-12 13:36:18.052  4442  4462 W System.err: 	at com.duokan.cloudalbum.DKSmbManager.searchSmb(DKSmbManager.java:280)
08-12 13:36:18.052  4442  4462 W System.err: 	at com.duokan.cloudalbum.DKSmbManager.SearchLAN(DKSmbManager.java:479)
08-12 13:36:18.052  4442  4462 W System.err: 	at com.duokan.cloudalbum.DKSmbManager.SearchAll(DKSmbManager.java:511)
08-12 13:36:18.052  4442  4462 W System.err: 	at com.duokan.cloudalbum.DKSmbManager$SearchThread.run(DKSmbManager.java:525)
08-12 13:36:18.268   514  1246 E WifiStateMachine: handleMessage: E msg.what=131155
08-12 13:36:18.268   514  1246 E WifiStateMachine: processMsg: ConnectedState
08-12 13:36:18.269   514  1246 E WifiStateMachine:  ConnectedState !CMD_RSSI_POLL 1 0 "DKTest_B18_5G" 8c:be:be:20:a6:9d rssi=-31 f=5765 sc=60 link=780 tx=1.6, 0.0, 0.0  rx=10.4 bcn=0 [on:0 tx:0 rx:0 period:3002] from screen [on:0 period:543734109] gl rssi=-31 ag=0 hr ticks 0,0,0 ls-=0 [56,56,56,56,61] brc=0 lrc=0
08-12 13:36:18.269   514  1246 E WifiStateMachine: processMsg: L2ConnectedState
08-12 13:36:18.270   514  1246 E WifiStateMachine:  L2ConnectedState !CMD_RSSI_POLL 1 0 "DKTest_B18_5G" 8c:be:be:20:a6:9d rssi=-31 f=5765 sc=60 link=780 tx=1.6, 0.0, 0.0  rx=10.4 bcn=0 [on:0 tx:0 rx:0 period:1] from screen [on:0 period:543734110] gl rssi=-31 ag=0 hr ticks 0,0,0 ls-=0 [56,56,56,56,61] brc=0 lrc=0
08-12 13:36:18.270   514  1246 E WifiStateMachine:  get link layer stats 0
08-12 13:36:18.270   514  1246 D wifi    : doCommand: IFNAME=wlan0 SIGNAL_POLL
08-12 13:36:18.270  3807  3807 I wpa_supplicant: [CTRL_IFACE]wlan0: SIGNAL_POLL
08-12 13:36:18.272  3807  3807 D wpa_supplicant: nl80211: survey data missing!
08-12 13:36:18.272   514  1246 D wifi    : cmd = IFNAME=wlan0 SIGNAL_POLL, reply: RSSI=-32
08-12 13:36:18.272   514  1246 D wifi    : LINKSPEED=780
08-12 13:36:18.272   514  1246 D wifi    : NOISE=9999
08-12 13:36:18.272   514  1246 D wifi    : FREQUENCY=5765
08-12 13:36:18.272   514  1246 E WifiStateMachine: fetchRssiLinkSpeedAndFrequencyNative rssi=-32 linkspeed=780
08-12 13:36:18.274   514  1246 E WifiStateMachine: calculateWifiScore freq=5765 speed=780 score=60 highRSSI  -> txbadrate=0.00 txgoodrate=8.29 txretriesrate=0.00 rxrate=9.68 userTriggerdPenalty0
08-12 13:36:18.274   514  1246 E WifiStateMachine:  good link -> stuck count =0
08-12 13:36:18.274   514  1246 E WifiStateMachine:  badRSSI count0 lowRSSI count0 --> score 60
08-12 13:36:18.274   514  1246 E WifiStateMachine:  isHighRSSI       ---> score=65
08-12 13:36:18.275  2285  2285 D MiTVNetworkController: action onReceive is : android.net.wifi.RSSI_CHANGED, mitv.network.ethernet.action.ETHERNET_STATE_CHANGED
08-12 13:36:18.275  2285  2285 D MiTVNetworkController: updateWifiIcons mWifiConnected:true, mWifiLevel:4
08-12 13:36:18.275  2285  2285 D NetworkStateManager: changeNetworkState, type:2, flag:0, level:4, lable:DKTest_B18_5G
08-12 13:36:18.275  2285  2285 D NetworkStateView: changeNetworkState type:2, flag:1, level:4, label:DKTest_B18_5G, last_lable:null
08-12 13:36:18.275   514  1246 E WifiStateMachine: handleMessage: X
08-12 13:36:18.362  1377  1377 I MiTv-Impl-tv2_48-mstar-SourceManagerImpl: getCurrentSource return 34
08-12 13:36:18.703  2961  3804 D MiGallery: AsynTimer call
08-12 13:36:18.706  2961  4432 D MiGallery: start In . begin do in effect!
08-12 13:36:18.707  2961  4432 D MiGallery: GalleryListRender:: moveNext
08-12 13:36:18.707  2961  4432 D MiGallery: GalleryListRender:: get ad
08-12 13:36:18.707  2961  4432 D MiGallery: Application_android::require 3666 ad begin
08-12 13:36:18.729  2961  4432 D com.xiaomi.tv.gallery.AdManager: onAdRequired 3666
08-12 13:36:18.742  2961  4432 D com.xiaomi.tv.gallery.AdManager: current version 100
08-12 13:36:18.754  2961  4628 D Ad SDK  : operation: onAdRequest
08-12 13:36:18.757  2961  4628 D Ad SDK  : Get Ad Schedule From Server, context: {"adPositionId":"103","cp":"维基艺术","cpId":"30","category":"艺术","categoryId":"9","contentId":"3666","platform_id":605,"codever":100}
08-12 13:36:18.765  2961  4012 D Ad SDK  : Tracker ClientInfo : deviceInfo {
08-12 13:36:18.765  2961  4012 D Ad SDK  :   device: "gladiator"
08-12 13:36:18.765  2961  4012 D Ad SDK  :   model: "MiTV2S-48"
08-12 13:36:18.765  2961  4012 D Ad SDK  :   displayDensity: "640"
08-12 13:36:18.765  2961  4012 D Ad SDK  :   displayResolution: "2160*3840"
08-12 13:36:18.765  2961  4012 D Ad SDK  :   androidVersion: "5.0.1"
08-12 13:36:18.765  2961  4012 D Ad SDK  :   miuiVersion: "1213"
08-12 13:36:18.765  2961  4012 D Ad SDK  : }
08-12 13:36:18.765  2961  4012 D Ad SDK  : userInfo {
08-12 13:36:18.765  2961  4012 D Ad SDK  :   mac: "bc:30:7e:17:05:12"
08-12 13:36:18.765  2961  4012 D Ad SDK  :   androidId: "974714fcb5cb4e9f"
08-12 13:36:18.765  2961  4012 D Ad SDK  :   language: "zh"
08-12 13:36:18.765  2961  4012 D Ad SDK  :   country: "CN"
08-12 13:36:18.765  2961  4012 D Ad SDK  :   wiremac: "10:48:b1:af:69:76"
08-12 13:36:18.765  2961  4012 D Ad SDK  : }
08-12 13:36:18.765  2961  4012 D Ad SDK  : packageName: "com.xiaomi.tv.gallery"
08-12 13:36:18.765  2961  4012 D Ad SDK  : Tracker Event : REQUEST
08-12 13:36:18.765  2961  4012 D Ad SDK  : Tracker Ad ID : 
08-12 13:36:18.770  2961  4012 D TRACK_LOG: Start Track Event
08-12 13:36:18.877  2961  4012 D Http Post: Http Post Success
08-12 13:36:18.877  2961  4012 D TRACK_LOG: Track Event Success
08-12 13:36:18.878  2961  4628 D Http Post: Http Post Success
08-12 13:36:18.879  2961  4628 D Ad SDK  : Http Response{"status":"ok","data":[]}
08-12 13:36:18.883  2961  4432 D com.xiaomi.tv.gallery.MiGalleryApp: onAdRequire no AD
08-12 13:36:18.883  2961  4432 D MiGallery: Application_android::require 3666 ad begin
08-12 13:36:18.883  2961  4432 D MiGallery: Application_android::require 3666 ad  success
08-12 13:36:18.883  2961  4432 D MiGallery: Application_android::require 3666 ad end
08-12 13:36:18.883  2961  4432 D MiGallery: GalleryListRender:: ad not prepare
08-12 13:36:18.883  2961  4432 D MiGallery: MiTexture::CurTextureCache size 2
08-12 13:36:18.883  2961  4432 D MiGallery: GalleryListRender::startIn 0x9dcb0380,0
08-12 13:36:19.210  2961  4432 D MiGallery: GalleryListRender::delayPrepareAsync
08-12 13:36:19.210  2961  4432 D MiGallery: MiTexture::CreateFromFileAsyn:/data/duokancache/MiGallery_update/3673/XUNf5qDEe00VI.jpg
08-12 13:36:19.210  2961  4432 D MiGallery: Application_android::prepareNextPicture path:/data/duokancache/MiGallery_update/3673/XUNf5qDEe00VI.jpg
08-12 13:36:19.210  2961  4432 D MiGallery: MiTexture::CreateFromFileAsyn:/data/duokancache/MiGallery_update/3673/XUNf5qDEe00VI.jpg
08-12 13:36:19.210  2961  4470 D com.xiaomi.tv.gallery.GalleryActivityBase: Begin to decode /data/duokancache/MiGallery_update/3673/XUNf5qDEe00VI.jpg
08-12 13:36:19.490  2961  4470 D com.xiaomi.tv.gallery.GalleryActivityBase: DecodeImgCompete:/data/duokancache/MiGallery_update/3673/XUNf5qDEe00VI.jpg
08-12 13:36:19.490  2961  4470 D surfaceview: queueEvent
08-12 13:36:19.498  2961  4432 D MiGallery: MiTexture::CreateFromFileAsynCallback,/data/duokancache/MiGallery_update/3673/XUNf5qDEe00VI.jpg
08-12 13:36:19.498  2961  4432 D cocos2d-x debug info: cocos2d: CCTexture2D. create texture name:29
08-12 13:36:19.916  2961  4432 D MiGallery: Application_android::onImageReady begin cur path /data/duokancache/MiGallery_update/3673/XUNf5qDEe00VI.jpg,build path /data/duokancache/MiGallery_update/3673/XUNf5qDEe00VI.jpg
08-12 13:36:19.916  2961  4432 D MiGallery: GalleryListRender::on4KImage Ready:/data/duokancache/MiGallery_update/3673/XUNf5qDEe00VI.jpg,0
08-12 13:36:19.916  2961  4432 D MiGallery: MiTexture::CurTextureCache size 3
08-12 13:36:19.916  2961  4432 D MiGallery: Application_android::onImageReady end
08-12 13:36:19.916  2961  4432 D MiGallery: GalleryListRender::on2kImgReady /data/duokancache/MiGallery_update/3673/XUNf5qDEe00VI.jpg,0x9feb10c0,1
08-12 13:36:19.916  2961  4432 D MiGallery: MiTexture::CurTextureCache remove texture /data/duokancache/MiGallery_update/3666/X8sU3BVtCmGvA.jpg
08-12 13:36:19.916  2961  4432 D cocos2d-x debug info: cocos2d: deallocing CCTexture2D 20.
08-12 13:36:19.917  2961  4432 D MiGallery: MiTexture::CurTextureCache size 2
08-12 13:36:19.917  2961  4432 D com.xiaomi.tv.gallery.jni.JniApplication: ReleaseBitmap
08-12 13:36:19.952  2961  4432 I art     : Explicit concurrent mark sweep GC freed 35(1504B) AllocSpace objects, 2(31MB) LOS objects, 39% free, 4MB/7MB, paused 762us total 34.717ms
08-12 13:36:19.952  2961  4432 W art     : Attempt to remove local handle scope entry from IRT, ignoring
08-12 13:36:19.952  2961  4432 D MiGallery: releaseDecodeData: /data/duokancache/MiGallery_update/3673/XUNf5qDEe00VI.jpg
08-12 13:36:19.952  2961  4432 W art     : Attempt to remove local handle scope entry from IRT, ignoring
08-12 13:36:19.953  2961  4432 D MiGallery: GalleryListRender::startInFinish
08-12 13:36:19.953  2961  4432 D MiGallery: Application_android::showNextPicture begin
08-12 13:36:19.953  2961  4432 D MiGallery: Application_android::showNextPicture end
08-12 13:36:19.954  2961  4432 D MiGallery: GalleryListRender::startOut 12MiWipeEffect
08-12 13:36:19.954  2961  4432 D MiGallery: Texture:4
08-12 13:36:20.040  2961  4432 D cocos2d-x debug info: cocos2d: CCTexture2D. create texture name:7
08-12 13:36:20.053  2961  4432 D MiGallery: GalleryListScene::start out
08-12 13:36:21.278   514  1246 E WifiStateMachine: handleMessage: E msg.what=131155
08-12 13:36:21.278   514  1246 E WifiStateMachine: processMsg: ConnectedState
08-12 13:36:21.279   514  1246 E WifiStateMachine:  ConnectedState !CMD_RSSI_POLL 1 0 "DKTest_B18_5G" 8c:be:be:20:a6:9d rssi=-32 f=5765 sc=60 link=780 tx=8.3, 0.0, 0.0  rx=9.7 bcn=0 [on:0 tx:0 rx:0 period:3004] from screen [on:0 period:543737119] gl rssi=-32 ag=0 hr ticks 0,0,0 ls-=0 [56,56,60,60,65] brc=0 lrc=0
08-12 13:36:21.279   514  1246 E WifiStateMachine: processMsg: L2ConnectedState
08-12 13:36:21.280   514  1246 E WifiStateMachine:  L2ConnectedState !CMD_RSSI_POLL 1 0 "DKTest_B18_5G" 8c:be:be:20:a6:9d rssi=-32 f=5765 sc=60 link=780 tx=8.3, 0.0, 0.0  rx=9.7 bcn=0 [on:0 tx:0 rx:0 period:1] from screen [on:0 period:543737120] gl rssi=-32 ag=0 hr ticks 0,0,0 ls-=0 [56,56,60,60,65] brc=0 lrc=0
08-12 13:36:21.280   514  1246 E WifiStateMachine:  get link layer stats 0
08-12 13:36:21.280   514  1246 D wifi    : doCommand: IFNAME=wlan0 SIGNAL_POLL
08-12 13:36:21.281  3807  3807 I wpa_supplicant: [CTRL_IFACE]wlan0: SIGNAL_POLL
08-12 13:36:21.283  3807  3807 D wpa_supplicant: nl80211: survey data missing!
08-12 13:36:21.283   514  1246 D wifi    : cmd = IFNAME=wlan0 SIGNAL_POLL, reply: RSSI=-32
08-12 13:36:21.283   514  1246 D wifi    : LINKSPEED=780
08-12 13:36:21.283   514  1246 D wifi    : NOISE=9999
08-12 13:36:21.283   514  1246 D wifi    : FREQUENCY=5765
08-12 13:36:21.283   514  1246 E WifiStateMachine: fetchRssiLinkSpeedAndFrequencyNative rssi=-32 linkspeed=780
08-12 13:36:21.286   514  1246 E WifiStateMachine: calculateWifiScore freq=5765 speed=780 score=60 highRSSI  -> txbadrate=0.00 txgoodrate=16.65 txretriesrate=0.00 rxrate=13.34 userTriggerdPenalty0
08-12 13:36:21.286   514  1246 E WifiStateMachine:  good link -> stuck count =0
08-12 13:36:21.286   514  1246 E WifiStateMachine:  badRSSI count0 lowRSSI count0 --> score 60
08-12 13:36:21.286   514  1246 E WifiStateMachine:  isHighRSSI       ---> score=65
08-12 13:36:21.289  2285  2285 D MiTVNetworkController: action onReceive is : android.net.wifi.RSSI_CHANGED, mitv.network.ethernet.action.ETHERNET_STATE_CHANGED
08-12 13:36:21.290  2285  2285 D MiTVNetworkController: updateWifiIcons mWifiConnected:true, mWifiLevel:4
08-12 13:36:21.290  2285  2285 D NetworkStateManager: changeNetworkState, type:2, flag:0, level:4, lable:DKTest_B18_5G
08-12 13:36:21.290  2285  2285 D NetworkStateView: changeNetworkState type:2, flag:1, level:4, label:DKTest_B18_5G, last_lable:null
08-12 13:36:21.290   514  1246 E WifiStateMachine: handleMessage: X
08-12 13:36:21.995  2961  4432 D cocos2d-x debug info: cocos2d: deallocing CCTexture2D 7.
08-12 13:36:21.995  2961  4432 D MiGallery: GalleryListRender::startOut finish 1
08-12 13:36:21.995  2961  4432 D MiGallery: out Finish. keep show Img!
08-12 13:36:21.996  2961  4432 D com.xiaomi.tv.gallery.StatisticsUtil: actionIndex:0, categoryId:3666, playedCount:1, playedTime:18 senconds,counter.playCount:1.000000
08-12 13:36:21.996  2961  4432 D MiGallery: MiGalleryLayer::runPictureOut current category id:3666, count:1, time:18
08-12 13:36:21.997  2961  4432 D cocos2d-x debug info: no dirty just for wait:0.109560
08-12 13:36:22.050  2961  4432 D cocos2d-x debug info: no dirty just for wait:0.108590
08-12 13:36:22.162  2961  4432 D cocos2d-x debug info: no dirty just for wait:0.223966
08-12 13:36:22.387  2961  4432 D cocos2d-x debug info: no dirty just for wait:0.451036
08-12 13:36:22.449  2344  2344 D AlarmPingSender: Ping 1 times.
08-12 13:36:22.449  2344  2344 D AlarmPingSender: Check time :1439357782449
08-12 13:36:22.452  2344  2344 E ClientState: 5b11bace3b21548f71a273121cfa15a6:7ab11843c8a84f08a91dca4787a1f362: checkForActivity entered
08-12 13:36:22.452  2344  2344 E ClientState: 5b11bace3b21548f71a273121cfa15a6:7ab11843c8a84f08a91dca4787a1f362: ping not needed yet. Schedule next ping
08-12 13:36:22.454  2344  2344 E ClientState: 5b11bace3b21548f71a273121cfa15a6:7ab11843c8a84f08a91dca4787a1f362: Schedule next ping at 11,455
08-12 13:36:22.454  2344  2344 D AlarmPingSender: Schedule next alarm at 1439357793909
08-12 13:36:22.454  2344  2344 D AlarmPingSender: token is NULL
08-12 13:36:22.841  2961  4432 D cocos2d-x debug info: no dirty just for wait:0.907380
08-12 13:36:23.751  2961  4432 D cocos2d-x debug info: no dirty just for wait:1.819282
08-12 13:36:24.054  4442  4462 W System.err: java.net.UnknownHostException: no name with type 0x00 with no scope for host 192.168.31.122
08-12 13:36:24.056  4442  4462 W System.err: 	at jcifs.netbios.NbtAddress.getAllByAddress(NbtAddress.java:523)
08-12 13:36:24.056  4442  4462 W System.err: 	at jcifs.netbios.NbtAddress.getAllByAddress(NbtAddress.java:479)
08-12 13:36:24.056  4442  4462 W System.err: 	at com.duokan.cloudalbum.DKSmbManager.getSmbHostName(DKSmbManager.java:266)
08-12 13:36:24.056  4442  4462 W System.err: 	at com.duokan.cloudalbum.DKSmbManager.searchSmb(DKSmbManager.java:280)
08-12 13:36:24.056  4442  4462 W System.err: 	at com.duokan.cloudalbum.DKSmbManager.SearchLAN(DKSmbManager.java:479)
08-12 13:36:24.056  4442  4462 W System.err: 	at com.duokan.cloudalbum.DKSmbManager.SearchAll(DKSmbManager.java:511)
08-12 13:36:24.056  4442  4462 W System.err: 	at com.duokan.cloudalbum.DKSmbManager$SearchThread.run(DKSmbManager.java:525)
08-12 13:36:24.289   514  1246 E WifiStateMachine: handleMessage: E msg.what=131155
08-12 13:36:24.289   514  1246 E WifiStateMachine: processMsg: ConnectedState
08-12 13:36:24.290   514  1246 E WifiStateMachine:  ConnectedState !CMD_RSSI_POLL 1 0 "DKTest_B18_5G" 8c:be:be:20:a6:9d rssi=-32 f=5765 sc=60 link=780 tx=16.6, 0.0, 0.0  rx=13.3 bcn=0 [on:0 tx:0 rx:0 period:3000] from screen [on:0 period:543740130] gl rssi=-32 ag=0 hr ticks 0,0,0 ls-=0 [56,56,60,60,65] brc=0 lrc=0
08-12 13:36:24.290   514  1246 E WifiStateMachine: processMsg: L2ConnectedState
08-12 13:36:24.291   514  1246 E WifiStateMachine:  L2ConnectedState !CMD_RSSI_POLL 1 0 "DKTest_B18_5G" 8c:be:be:20:a6:9d rssi=-32 f=5765 sc=60 link=780 tx=16.6, 0.0, 0.0  rx=13.3 bcn=0 [on:0 tx:0 rx:0 period:1] from screen [on:0 period:543740131] gl rssi=-32 ag=0 hr ticks 0,0,0 ls-=0 [56,56,60,60,65] brc=0 lrc=0
08-12 13:36:24.291   514  1246 E WifiStateMachine:  get link layer stats 0
08-12 13:36:24.291   514  1246 D wifi    : doCommand: IFNAME=wlan0 SIGNAL_POLL
08-12 13:36:24.291  3807  3807 I wpa_supplicant: [CTRL_IFACE]wlan0: SIGNAL_POLL
08-12 13:36:24.293  3807  3807 D wpa_supplicant: nl80211: survey data missing!
08-12 13:36:24.294   514  1246 D wifi    : cmd = IFNAME=wlan0 SIGNAL_POLL, reply: RSSI=-32
08-12 13:36:24.294   514  1246 D wifi    : LINKSPEED=526
08-12 13:36:24.294   514  1246 D wifi    : NOISE=9999
08-12 13:36:24.294   514  1246 D wifi    : FREQUENCY=5765
08-12 13:36:24.294   514  1246 E WifiStateMachine: fetchRssiLinkSpeedAndFrequencyNative rssi=-32 linkspeed=526
08-12 13:36:24.295   514  1246 E WifiStateMachine: calculateWifiScore freq=5765 speed=526 score=60 highRSSI  -> txbadrate=0.00 txgoodrate=11.32 txretriesrate=0.00 rxrate=10.67 userTriggerdPenalty0
08-12 13:36:24.295   514  1246 E WifiStateMachine:  good link -> stuck count =0
08-12 13:36:24.295   514  1246 E WifiStateMachine:  badRSSI count0 lowRSSI count0 --> score 60
08-12 13:36:24.295   514  1246 E WifiStateMachine:  isHighRSSI       ---> score=65
08-12 13:36:24.297  2285  2285 D MiTVNetworkController: action onReceive is : android.net.wifi.RSSI_CHANGED, mitv.network.ethernet.action.ETHERNET_STATE_CHANGED
08-12 13:36:24.297  2285  2285 D MiTVNetworkController: updateWifiIcons mWifiConnected:true, mWifiLevel:4
08-12 13:36:24.297  2285  2285 D NetworkStateManager: changeNetworkState, type:2, flag:0, level:4, lable:DKTest_B18_5G
08-12 13:36:24.297  2285  2285 D NetworkStateView: changeNetworkState type:2, flag:1, level:4, label:DKTest_B18_5G, last_lable:null
08-12 13:36:24.297   514  1246 E WifiStateMachine: handleMessage: X
08-12 13:36:24.481  1801  2403 D UDTJmDNSThread: Wifi is active connectivity
08-12 13:36:24.482  1801  2403 D UDTJmDNSThread: get wifi IP: /192.168.31.132
08-12 13:36:24.482  1801  2403 D UDTJmDNSThread: JmDNS address:/192.168.31.132
08-12 13:36:24.482  1801  2403 I UDTDiscoverManager: UDTJmDNSThread now available, no operation
08-12 13:36:25.572  2961  4432 D cocos2d-x debug info: no dirty just for wait:3.643384
08-12 13:36:27.298   514  1246 E WifiStateMachine: handleMessage: E msg.what=131155
08-12 13:36:27.298   514  1246 E WifiStateMachine: processMsg: ConnectedState
08-12 13:36:27.300   514  1246 E WifiStateMachine:  ConnectedState !CMD_RSSI_POLL 1 0 "DKTest_B18_5G" 8c:be:be:20:a6:9d rssi=-32 f=5765 sc=60 link=526 tx=11.3, 0.0, 0.0  rx=10.7 bcn=0 [on:0 tx:0 rx:0 period:3003] from screen [on:0 period:543743140] gl rssi=-32 ag=0 hr ticks 0,0,0 ls-=0 [56,56,60,60,65] brc=0 lrc=0
08-12 13:36:27.300   514  1246 E WifiStateMachine: processMsg: L2ConnectedState
08-12 13:36:27.301   514  1246 E WifiStateMachine:  L2ConnectedState !CMD_RSSI_POLL 1 0 "DKTest_B18_5G" 8c:be:be:20:a6:9d rssi=-32 f=5765 sc=60 link=526 tx=11.3, 0.0, 0.0  rx=10.7 bcn=0 [on:0 tx:0 rx:0 period:1] from screen [on:0 period:543743141] gl rssi=-32 ag=0 hr ticks 0,0,0 ls-=0 [56,56,60,60,65] brc=0 lrc=0
08-12 13:36:27.301   514  1246 E WifiStateMachine:  get link layer stats 0
08-12 13:36:27.301   514  1246 D wifi    : doCommand: IFNAME=wlan0 SIGNAL_POLL
08-12 13:36:27.301  3807  3807 I wpa_supplicant: [CTRL_IFACE]wlan0: SIGNAL_POLL
08-12 13:36:27.303  3807  3807 D wpa_supplicant: nl80211: survey data missing!
08-12 13:36:27.303   514  1246 D wifi    : cmd = IFNAME=wlan0 SIGNAL_POLL, reply: RSSI=-31
08-12 13:36:27.303   514  1246 D wifi    : LINKSPEED=526
08-12 13:36:27.303   514  1246 D wifi    : NOISE=9999
08-12 13:36:27.303   514  1246 D wifi    : FREQUENCY=5765
08-12 13:36:27.303   514  1246 E WifiStateMachine: fetchRssiLinkSpeedAndFrequencyNative rssi=-31 linkspeed=526
08-12 13:36:27.305   514  1246 E WifiStateMachine: calculateWifiScore freq=5765 speed=526 score=60 highRSSI  -> txbadrate=0.00 txgoodrate=6.16 txretriesrate=0.00 rxrate=6.84 userTriggerdPenalty0
08-12 13:36:27.305   514  1246 E WifiStateMachine:  good link -> stuck count =0
08-12 13:36:27.305   514  1246 E WifiStateMachine:  badRSSI count0 lowRSSI count0 --> score 60
08-12 13:36:27.305   514  1246 E WifiStateMachine:  isHighRSSI       ---> score=65
08-12 13:36:27.306   514  1246 E WifiStateMachine: handleMessage: X
08-12 13:36:27.306  2285  2285 D MiTVNetworkController: action onReceive is : android.net.wifi.RSSI_CHANGED, mitv.network.ethernet.action.ETHERNET_STATE_CHANGED
08-12 13:36:27.306  2285  2285 D MiTVNetworkController: updateWifiIcons mWifiConnected:true, mWifiLevel:4
08-12 13:36:27.307  2285  2285 D NetworkStateManager: changeNetworkState, type:2, flag:0, level:4, lable:DKTest_B18_5G
08-12 13:36:27.307  2285  2285 D NetworkStateView: changeNetworkState type:2, flag:1, level:4, label:DKTest_B18_5G, last_lable:null
08-12 13:36:29.218  2961  4432 D cocos2d-x debug info: no dirty just for wait:7.291694
08-12 13:36:30.057  4442  4462 W System.err: java.net.UnknownHostException: no name with type 0x00 with no scope for host 192.168.31.142
08-12 13:36:30.058  4442  4462 W System.err: 	at jcifs.netbios.NbtAddress.getAllByAddress(NbtAddress.java:523)
08-12 13:36:30.058  4442  4462 W System.err: 	at jcifs.netbios.NbtAddress.getAllByAddress(NbtAddress.java:479)
08-12 13:36:30.058  4442  4462 W System.err: 	at com.duokan.cloudalbum.DKSmbManager.getSmbHostName(DKSmbManager.java:266)
08-12 13:36:30.058  4442  4462 W System.err: 	at com.duokan.cloudalbum.DKSmbManager.searchSmb(DKSmbManager.java:280)
08-12 13:36:30.058  4442  4462 W System.err: 	at com.duokan.cloudalbum.DKSmbManager.SearchLAN(DKSmbManager.java:479)
08-12 13:36:30.058  4442  4462 W System.err: 	at com.duokan.cloudalbum.DKSmbManager.SearchAll(DKSmbManager.java:511)
08-12 13:36:30.058  4442  4462 W System.err: 	at com.duokan.cloudalbum.DKSmbManager$SearchThread.run(DKSmbManager.java:525)
08-12 13:36:30.308   514  1246 E WifiStateMachine: handleMessage: E msg.what=131155
08-12 13:36:30.308   514  1246 E WifiStateMachine: processMsg: ConnectedState
08-12 13:36:30.309   514  1246 E WifiStateMachine:  ConnectedState !CMD_RSSI_POLL 1 0 "DKTest_B18_5G" 8c:be:be:20:a6:9d rssi=-31 f=5765 sc=60 link=526 tx=6.2, 0.0, 0.0  rx=6.8 bcn=0 [on:0 tx:0 rx:0 period:3003] from screen [on:0 period:543746149] gl rssi=-31 ag=0 hr ticks 0,0,0 ls-=0 [56,56,60,60,65] brc=0 lrc=0
08-12 13:36:30.309   514  1246 E WifiStateMachine: processMsg: L2ConnectedState
08-12 13:36:30.310   514  1246 E WifiStateMachine:  L2ConnectedState !CMD_RSSI_POLL 1 0 "DKTest_B18_5G" 8c:be:be:20:a6:9d rssi=-31 f=5765 sc=60 link=526 tx=6.2, 0.0, 0.0  rx=6.8 bcn=0 [on:0 tx:0 rx:0 period:1] from screen [on:0 period:543746150] gl rssi=-31 ag=0 hr ticks 0,0,0 ls-=0 [56,56,60,60,65] brc=0 lrc=0
08-12 13:36:30.310   514  1246 E WifiStateMachine:  get link layer stats 0
08-12 13:36:30.310   514  1246 D wifi    : doCommand: IFNAME=wlan0 SIGNAL_POLL
08-12 13:36:30.310  3807  3807 I wpa_supplicant: [CTRL_IFACE]wlan0: SIGNAL_POLL
08-12 13:36:30.312  3807  3807 D wpa_supplicant: nl80211: survey data missing!
08-12 13:36:30.312   514  1246 D wifi    : cmd = IFNAME=wlan0 SIGNAL_POLL, reply: RSSI=-31
08-12 13:36:30.312   514  1246 D wifi    : LINKSPEED=526
08-12 13:36:30.312   514  1246 D wifi    : NOISE=9999
08-12 13:36:30.312   514  1246 D wifi    : FREQUENCY=5765
08-12 13:36:30.313   514  1246 E WifiStateMachine: fetchRssiLinkSpeedAndFrequencyNative rssi=-31 linkspeed=526
08-12 13:36:30.314   514  1246 E WifiStateMachine: calculateWifiScore freq=5765 speed=526 score=60 highRSSI  -> txbadrate=0.00 txgoodrate=4.58 txretriesrate=0.00 rxrate=4.42 userTriggerdPenalty0
08-12 13:36:30.314   514  1246 E WifiStateMachine:  good link -> stuck count =0
08-12 13:36:30.314   514  1246 E WifiStateMachine:  badRSSI count0 lowRSSI count0 --> score 56
08-12 13:36:30.314   514  1246 E WifiStateMachine:  isHighRSSI       ---> score=61
08-12 13:36:30.315   514  1246 E WifiStateMachine: handleMessage: X
08-12 13:36:30.315  2285  2285 D MiTVNetworkController: action onReceive is : android.net.wifi.RSSI_CHANGED, mitv.network.ethernet.action.ETHERNET_STATE_CHANGED
08-12 13:36:30.316  2285  2285 D MiTVNetworkController: updateWifiIcons mWifiConnected:true, mWifiLevel:4
08-12 13:36:30.316  2285  2285 D NetworkStateManager: changeNetworkState, type:2, flag:0, level:4, lable:DKTest_B18_5G
08-12 13:36:30.316  2285  2285 D NetworkStateView: changeNetworkState type:2, flag:1, level:4, label:DKTest_B18_5G, last_lable:null
08-12 13:36:32.883  1433  1433 V BleRemoteControllerService: mRunnable run
08-12 13:36:32.883  1433  1433 V BleRemoteControllerService: requestScan,RC size:1,hasInit:true,isBinded:false,mIsPair:false,Connecting:false
08-12 13:36:32.883  1433  1433 V BleRemoteControllerService: mRunnable run
08-12 13:36:32.883  1433  1433 V BleRemoteControllerService: requestScan,RC size:1,hasInit:true,isBinded:false,mIsPair:false,Connecting:false
08-12 13:36:33.317   514  1246 E WifiStateMachine: handleMessage: E msg.what=131155
08-12 13:36:33.317   514  1246 E WifiStateMachine: processMsg: ConnectedState
08-12 13:36:33.318   514  1246 E WifiStateMachine:  ConnectedState !CMD_RSSI_POLL 1 0 "DKTest_B18_5G" 8c:be:be:20:a6:9d rssi=-31 f=5765 sc=60 link=526 tx=4.6, 0.0, 0.0  rx=4.4 bcn=0 [on:0 tx:0 rx:0 period:3003] from screen [on:0 period:543749158] gl rssi=-31 ag=0 hr ls-=0 [56,56,56,56,61] brc=0 lrc=0
08-12 13:36:33.318   514  1246 E WifiStateMachine: processMsg: L2ConnectedState
08-12 13:36:33.319   514  1246 E WifiStateMachine:  L2ConnectedState !CMD_RSSI_POLL 1 0 "DKTest_B18_5G" 8c:be:be:20:a6:9d rssi=-31 f=5765 sc=60 link=526 tx=4.6, 0.0, 0.0  rx=4.4 bcn=0 [on:0 tx:0 rx:0 period:1] from screen [on:0 period:543749159] gl rssi=-31 ag=0 hr ls-=0 [56,56,56,56,61] brc=0 lrc=0
08-12 13:36:33.320   514  1246 E WifiStateMachine:  get link layer stats 0
08-12 13:36:33.320   514  1246 D wifi    : doCommand: IFNAME=wlan0 SIGNAL_POLL
08-12 13:36:33.320  3807  3807 I wpa_supplicant: [CTRL_IFACE]wlan0: SIGNAL_POLL
08-12 13:36:33.322  3807  3807 D wpa_supplicant: nl80211: survey data missing!
08-12 13:36:33.322   514  1246 D wifi    : cmd = IFNAME=wlan0 SIGNAL_POLL, reply: RSSI=-31
08-12 13:36:33.322   514  1246 D wifi    : LINKSPEED=526
08-12 13:36:33.322   514  1246 D wifi    : NOISE=9999
08-12 13:36:33.322   514  1246 D wifi    : FREQUENCY=5765
08-12 13:36:33.322   514  1246 E WifiStateMachine: fetchRssiLinkSpeedAndFrequencyNative rssi=-31 linkspeed=526
08-12 13:36:33.323   514  1246 E WifiStateMachine: calculateWifiScore freq=5765 speed=526 score=60 highRSSI  -> txbadrate=0.00 txgoodrate=3.79 txretriesrate=0.00 rxrate=2.71 userTriggerdPenalty0
08-12 13:36:33.323   514  1246 E WifiStateMachine:  good link -> stuck count =0
08-12 13:36:33.323   514  1246 E WifiStateMachine:  badRSSI count0 lowRSSI count0 --> score 56
08-12 13:36:33.323   514  1246 E WifiStateMachine:  isHighRSSI       ---> score=61
08-12 13:36:33.324   514  1246 E WifiStateMachine: handleMessage: X
08-12 13:36:33.325  2285  2285 D MiTVNetworkController: action onReceive is : android.net.wifi.RSSI_CHANGED, mitv.network.ethernet.action.ETHERNET_STATE_CHANGED
08-12 13:36:33.325  2285  2285 D MiTVNetworkController: updateWifiIcons mWifiConnected:true, mWifiLevel:4
08-12 13:36:33.325  2285  2285 D NetworkStateManager: changeNetworkState, type:2, flag:0, level:4, lable:DKTest_B18_5G
08-12 13:36:33.325  2285  2285 D NetworkStateView: changeNetworkState type:2, flag:1, level:4, label:DKTest_B18_5G, last_lable:null
08-12 13:36:33.910  2344  2344 D AlarmPingSender: Ping 1 times.
08-12 13:36:33.910  2344  2344 D AlarmPingSender: Check time :1439357793910
08-12 13:36:33.910  2344  2344 E ClientState: 5b11bace3b21548f71a273121cfa15a6:7ab11843c8a84f08a91dca4787a1f362: checkForActivity entered
08-12 13:36:33.911  2344  2344 E ClientState: 5b11bace3b21548f71a273121cfa15a6:7ab11843c8a84f08a91dca4787a1f362: ping needed. keepAlive=120,000 lastOutboundActivity=1,439,357,673,907 lastInboundActivity=1,439,357,673,921
08-12 13:36:33.912  2344  2344 E CommsTokenStore: 5b11bace3b21548f71a273121cfa15a6:7ab11843c8a84f08a91dca4787a1f362: key=Ping message=PINGREQ
08-12 13:36:33.912  2344  2344 E CommsTokenStore: 5b11bace3b21548f71a273121cfa15a6:7ab11843c8a84f08a91dca4787a1f362: key=Ping token=org.eclipse.paho.client.mqttv3.MqttToken@1ec660a9
08-12 13:36:33.914  2344  2344 E ClientState: 5b11bace3b21548f71a273121cfa15a6:7ab11843c8a84f08a91dca4787a1f362: notifying queueLock holders
08-12 13:36:33.914  2344  2344 E ClientState: 5b11bace3b21548f71a273121cfa15a6:7ab11843c8a84f08a91dca4787a1f362: Schedule next ping at 120,000
08-12 13:36:33.914  2344  2344 D AlarmPingSender: Schedule next alarm at 1439357913914
08-12 13:36:33.914  2344  4058 E ClientState: 5b11bace3b21548f71a273121cfa15a6:7ab11843c8a84f08a91dca4787a1f362: new work or ping arrived 
08-12 13:36:33.914  2344  4058 E CommsSender: 5b11bace3b21548f71a273121cfa15a6:7ab11843c8a84f08a91dca4787a1f362: network send key=Ping msg=PINGREQ
08-12 13:36:33.915  2344  4058 E ClientState: 5b11bace3b21548f71a273121cfa15a6:7ab11843c8a84f08a91dca4787a1f362: connected
08-12 13:36:33.917  2344  4058 E MqttOutputStream: null: 500
08-12 13:36:33.918  2344  4058 E ClientState: 5b11bace3b21548f71a273121cfa15a6:7ab11843c8a84f08a91dca4787a1f362: key=Ping
08-12 13:36:33.918  2344  4058 E Token   : 5b11bace3b21548f71a273121cfa15a6:7ab11843c8a84f08a91dca4787a1f362: > key=Ping
08-12 13:36:33.919  2344  4058 E ClientState: 5b11bace3b21548f71a273121cfa15a6:7ab11843c8a84f08a91dca4787a1f362: ping sent. pingOutstanding: 1
08-12 13:36:33.919  2344  4058 E ClientState: 5b11bace3b21548f71a273121cfa15a6:7ab11843c8a84f08a91dca4787a1f362: wait for new work or for space in the inflight window
08-12 13:36:33.925  2344  2344 D AlarmPingSender: Acquire lock.
08-12 13:36:33.936  2344  4057 E ClientState: 5b11bace3b21548f71a273121cfa15a6:7ab11843c8a84f08a91dca4787a1f362: received bytes count=1
08-12 13:36:33.938  2344  4057 E MqttInputStream: null: 501
08-12 13:36:33.938  2344  4057 E ClientState: 5b11bace3b21548f71a273121cfa15a6:7ab11843c8a84f08a91dca4787a1f362: received key=0 message=PINGRESP msgId 0
08-12 13:36:33.938  2344  4057 E Token   : 5b11bace3b21548f71a273121cfa15a6:7ab11843c8a84f08a91dca4787a1f362: >key=Ping response=PINGRESP msgId 0 excep=null
08-12 13:36:33.939  2344  4057 E ClientState: 5b11bace3b21548f71a273121cfa15a6:7ab11843c8a84f08a91dca4787a1f362: keyPing, msg=PINGRESP msgId 0, excep=null
08-12 13:36:33.939  2344  4057 E CommsCallback: 5b11bace3b21548f71a273121cfa15a6:7ab11843c8a84f08a91dca4787a1f362: new workAvailable. key=Ping
08-12 13:36:33.939  2344  4057 E CommsTokenStore: 5b11bace3b21548f71a273121cfa15a6:7ab11843c8a84f08a91dca4787a1f362: key=Ping
08-12 13:36:33.939  2344  4057 E ClientState: 5b11bace3b21548f71a273121cfa15a6:7ab11843c8a84f08a91dca4787a1f362: ping response received. pingOutstanding: 0
08-12 13:36:33.939  2344  4057 E CommsReceiver: 5b11bace3b21548f71a273121cfa15a6:7ab11843c8a84f08a91dca4787a1f362: network read message
08-12 13:36:33.939  2344  4059 E CommsCallback: 5b11bace3b21548f71a273121cfa15a6:7ab11843c8a84f08a91dca4787a1f362: callback and notify for key=Ping
08-12 13:36:33.939  2344  4059 E Token   : 5b11bace3b21548f71a273121cfa15a6:7ab11843c8a84f08a91dca4787a1f362: >key=Ping response=PINGRESP msgId 0 excep=null
08-12 13:36:33.940  2344  4059 E CommsCallback: 5b11bace3b21548f71a273121cfa15a6:7ab11843c8a84f08a91dca4787a1f362: call onSuccess key=Ping
08-12 13:36:33.940  2344  4059 D AlarmPingSender: Success. Release lock(MqttService.client.5b11bace3b21548f71a273121cfa15a6:7ab11843c8a84f08a91dca4787a1f362):1439357793940
08-12 13:36:33.940  2344  4059 D AlarmPingSender: release lock.
08-12 13:36:33.941  2344  4059 E ClientState: 5b11bace3b21548f71a273121cfa15a6:7ab11843c8a84f08a91dca4787a1f362: received key=0 token=org.eclipse.paho.client.mqttv3.MqttToken@1ec660a9 message=PINGRESP msgId 0
08-12 13:36:33.942  2344  4059 E CommsCallback: 5b11bace3b21548f71a273121cfa15a6:7ab11843c8a84f08a91dca4787a1f362: notify spaceAvailable
08-12 13:36:33.942  2344  4059 E CommsCallback: 5b11bace3b21548f71a273121cfa15a6:7ab11843c8a84f08a91dca4787a1f362: wait for workAvailable
08-12 13:36:36.060  4442  4462 W System.err: java.net.UnknownHostException: no name with type 0x00 with no scope for host 192.168.31.121
08-12 13:36:36.060  4442  4462 W System.err: 	at jcifs.netbios.NbtAddress.getAllByAddress(NbtAddress.java:523)
08-12 13:36:36.060  4442  4462 W System.err: 	at jcifs.netbios.NbtAddress.getAllByAddress(NbtAddress.java:479)
08-12 13:36:36.060  4442  4462 W System.err: 	at com.duokan.cloudalbum.DKSmbManager.getSmbHostName(DKSmbManager.java:266)
08-12 13:36:36.060  4442  4462 W System.err: 	at com.duokan.cloudalbum.DKSmbManager.searchSmb(DKSmbManager.java:280)
08-12 13:36:36.060  4442  4462 W System.err: 	at com.duokan.cloudalbum.DKSmbManager.SearchLAN(DKSmbManager.java:479)
08-12 13:36:36.060  4442  4462 W System.err: 	at com.duokan.cloudalbum.DKSmbManager.SearchAll(DKSmbManager.java:511)
08-12 13:36:36.060  4442  4462 W System.err: 	at com.duokan.cloudalbum.DKSmbManager$SearchThread.run(DKSmbManager.java:525)
08-12 13:36:36.326   514  1246 E WifiStateMachine: handleMessage: E msg.what=131155
08-12 13:36:36.326   514  1246 E WifiStateMachine: processMsg: ConnectedState
08-12 13:36:36.327   514  1246 E WifiStateMachine:  ConnectedState !CMD_RSSI_POLL 1 0 "DKTest_B18_5G" 8c:be:be:20:a6:9d rssi=-31 f=5765 sc=60 link=526 tx=3.8, 0.0, 0.0  rx=2.7 bcn=0 [on:0 tx:0 rx:0 period:3003] from screen [on:0 period:543752167] gl rssi=-31 ag=0 hr ls-=0 [56,56,56,56,61] brc=0 lrc=0
08-12 13:36:36.327   514  1246 E WifiStateMachine: processMsg: L2ConnectedState
08-12 13:36:36.327   514  1246 E WifiStateMachine:  L2ConnectedState !CMD_RSSI_POLL 1 0 "DKTest_B18_5G" 8c:be:be:20:a6:9d rssi=-31 f=5765 sc=60 link=526 tx=3.8, 0.0, 0.0  rx=2.7 bcn=0 [on:0 tx:0 rx:0 period:0] from screen [on:0 period:543752167] gl rssi=-31 ag=0 hr ls-=0 [56,56,56,56,61] brc=0 lrc=0
08-12 13:36:36.328   514  1246 E WifiStateMachine:  get link layer stats 0
08-12 13:36:36.328   514  1246 D wifi    : doCommand: IFNAME=wlan0 SIGNAL_POLL
08-12 13:36:36.328  3807  3807 I wpa_supplicant: [CTRL_IFACE]wlan0: SIGNAL_POLL
08-12 13:36:36.330  3807  3807 D wpa_supplicant: nl80211: survey data missing!
08-12 13:36:36.330   514  1246 D wifi    : cmd = IFNAME=wlan0 SIGNAL_POLL, reply: RSSI=-31
08-12 13:36:36.330   514  1246 D wifi    : LINKSPEED=526
08-12 13:36:36.330   514  1246 D wifi    : NOISE=9999
08-12 13:36:36.330   514  1246 D wifi    : FREQUENCY=5765
08-12 13:36:36.330   514  1246 E WifiStateMachine: fetchRssiLinkSpeedAndFrequencyNative rssi=-31 linkspeed=526
08-12 13:36:36.331   514  1246 E WifiStateMachine: calculateWifiScore freq=5765 speed=526 score=60 highRSSI  -> txbadrate=0.00 txgoodrate=3.40 txretriesrate=0.00 rxrate=3.85 userTriggerdPenalty0
08-12 13:36:36.331   514  1246 E WifiStateMachine:  good link -> stuck count =0
08-12 13:36:36.331   514  1246 E WifiStateMachine:  badRSSI count0 lowRSSI count0 --> score 56
08-12 13:36:36.331   514  1246 E WifiStateMachine:  isHighRSSI       ---> score=61
08-12 13:36:36.333  2285  2285 D MiTVNetworkController: action onReceive is : android.net.wifi.RSSI_CHANGED, mitv.network.ethernet.action.ETHERNET_STATE_CHANGED
08-12 13:36:36.333  2285  2285 D MiTVNetworkController: updateWifiIcons mWifiConnected:true, mWifiLevel:4
08-12 13:36:36.333  2285  2285 D NetworkStateManager: changeNetworkState, type:2, flag:0, level:4, lable:DKTest_B18_5G
08-12 13:36:36.333   514  1246 E WifiStateMachine: handleMessage: X
08-12 13:36:36.333  2285  2285 D NetworkStateView: changeNetworkState type:2, flag:1, level:4, label:DKTest_B18_5G, last_lable:null
08-12 13:36:36.512  2961  4432 D cocos2d-x debug info: no dirty just for wait:14.587882
08-12 13:36:36.998  2961  3804 D MiGallery: AsynTimer call
08-12 13:36:37.000  2961  4432 D MiGallery: start In . begin do in effect!
08-12 13:36:37.000  2961  4432 D MiGallery: GalleryListRender:: moveNext
08-12 13:36:37.000  2961  4432 D MiGallery: MiTexture::CurTextureCache size 2
08-12 13:36:37.000  2961  4432 D MiGallery: GalleryListRender::startIn 0x9feb10c0,1
08-12 13:36:37.281   514   955 D PowerManagerService: checkScreenSaverTimeoutLocked come 240000 reason=userActivity
08-12 13:36:37.288   514   955 I MitvPhoneWindowManager: prepare dispatch key 4 down=true to Window{3a837152 u0 com.xiaomi.tv.gallery/com.xiaomi.tv.gallery.MiGalleryActivity} win attr=WM.LayoutParams{(0,0)(fillxfill) sim=#120 ty=1 fl=#1810500 compatible=true pfl=0x88 fmt=-3 wanim=0x1030001 surfaceInsets=Rect(0, 0 - 0, 0)}
08-12 13:36:37.317  2961  2961 D AudioSystem: Setting global gAudioPortCallback On refCnt: 2
08-12 13:36:37.323  2961  2961 D surfaceview: queueEvent
08-12 13:36:37.328   126   126 I tvos    : [37m[INFO] Change to Voltage: 125 mv (0x17)[m
08-12 13:36:37.352  2961  4432 D MiGallery: MiGalleryLayer::keyEvent type:8
08-12 13:36:37.352  2961  4432 D MiGallery: MiGalleryLayer::keyEvent getCurrentSceneIndex:8
08-12 13:36:37.353  2961  4432 D com.xiaomi.tv.gallery.GalleryApplication: terminateActiveView
08-12 13:36:37.353  2961  4432 D com.xiaomi.tv.gallery.GalleryApplication: Exit Code:1, playedPhotos:8
08-12 13:36:37.354   514  1948 I am_finish_activity: [0,304108203,152,com.xiaomi.tv.gallery/.MiGalleryActivity,app-request]
08-12 13:36:37.362   514  1948 I am_pause_activity: [0,304108203,com.xiaomi.tv.gallery/.MiGalleryActivity]
08-12 13:36:37.367  2961  2961 D com.xiaomi.tv.gallery.MiGalleryActivity: onPause
08-12 13:36:37.369   514   955 I MitvPhoneWindowManager: prepare dispatch key 4 down=false to Window{3a837152 u0 com.xiaomi.tv.gallery/com.xiaomi.tv.gallery.MiGalleryActivity} win attr=WM.LayoutParams{(0,0)(fillxfill) sim=#120 ty=1 fl=#1810500 compatible=true pfl=0x88 fmt=-3 wanim=0x1030001 surfaceInsets=Rect(0, 0 - 0, 0)}
08-12 13:36:37.369  2961  2961 D com.xiaomi.tv.gallery.GalleryActivityBase: onPause
08-12 13:36:37.370  2961  2961 D surfaceview: queueEvent
08-12 13:36:37.370  2961  2961 D surfaceview: queueEvent
08-12 13:36:37.370  2961  2961 D com.xiaomi.tv.gallery.GalleryActivityBase: LaterRelease begin
08-12 13:36:37.370  2961  2961 D com.xiaomi.mitv.api.util.ScreenSaverUtil: enableScreenSaver
08-12 13:36:37.377  1550  1584 D com.duokan.duokantv.DKTVService: logEventEx : 42
08-12 13:36:37.380  1550  1584 I duokantv: tid 1584, Java_com_duokan_duokantv_util_LogUtil_nativeOnLogEvent2 -- begin event = 42
08-12 13:36:37.384  1550  1584 I duokantv: tid 1584, Util_nativeOnLogEvent: new(__PRETTY_FUNCTION__, __LINE__) event parameter, event = 42
08-12 13:36:37.384  1550  1584 W art     : Attempt to remove local handle scope entry from IRT, ignoring
