08-12 13:30:34.996     0     0 I Kernel  : <12>[  463.841018] type=1400 audit(1439357434.994:2770): avc: granted { write } for pid=1689 comm="Thread-87" path="/data/duokancache/CookiesFile" dev="mmcblk0p22" ino=873 scontext=u:r:system_app:s0 tcontext=u:object_r:system_data_file:s0 tclass=file
08-12 13:30:34.994  1550  1689 I clientsdk: tid 1689, HttpPost, status code = 0
08-12 13:30:34.994  1550  1689 I clientsdk: tid 1689, HttpGet curl_easy_perform result 7
08-12 13:30:34.994  1550  1689 I clientsdk: tid 1689, httppost http://122.49.38.6/tvservice/login?vc=0&ac=0&ic=0&deviceid=5b11bace3b21548f71a273121cfa15a6&apiver=1.8&ver=5.0.1.1213&codever=15&ptf=605&ts=1439357434&nonce=1488217895&language=zh_CN&feature=15&opaque=35eab1efb5409541464e32d4ce198eb05b3ad3ad
08-12 13:30:34.996     0     0 I Kernel  : <12>[  463.841269] type=1400 audit(1439357434.994:2771): avc: granted { write } for pid=1689 comm="Thread-87" name="CookiesFile" dev="mmcblk0p22" ino=873 scontext=u:r:system_app:s0 tcontext=u:object_r:system_data_file:s0 tclass=file
08-12 13:30:34.989  1689  1689 I auditd  : type=1400 audit(0.0:2769): avc: granted { write } for comm="Thread-87" name="CookiesFile" dev="mmcblk0p22" ino=873 scontext=u:r:system_app:s0 tcontext=u:object_r:system_data_file:s0 tclass=file
08-12 13:30:34.989  1689  1689 W Thread-87: type=1400 audit(0.0:2769): avc: granted { write } for name="CookiesFile" dev="mmcblk0p22" ino=873 scontext=u:r:system_app:s0 tcontext=u:object_r:system_data_file:s0 tclass=file
08-12 13:30:34.994  1689  1689 I auditd  : type=1400 audit(0.0:2770): avc: granted { write } for comm="Thread-87" path="/data/duokancache/CookiesFile" dev="mmcblk0p22" ino=873 scontext=u:r:system_app:s0 tcontext=u:object_r:system_data_file:s0 tclass=file
08-12 13:30:34.994  1689  1689 W Thread-87: type=1400 audit(0.0:2770): avc: granted { write } for path="/data/duokancache/CookiesFile" dev="mmcblk0p22" ino=873 scontext=u:r:system_app:s0 tcontext=u:object_r:system_data_file:s0 tclass=file
08-12 13:30:34.994  1689  1689 I auditd  : type=1400 audit(0.0:2771): avc: granted { write } for comm="Thread-87" name="CookiesFile" dev="mmcblk0p22" ino=873 scontext=u:r:system_app:s0 tcontext=u:object_r:system_data_file:s0 tclass=file
08-12 13:30:34.994  1689  1689 W Thread-87: type=1400 audit(0.0:2771): avc: granted { write } for name="CookiesFile" dev="mmcblk0p22" ino=873 scontext=u:r:system_app:s0 tcontext=u:object_r:system_data_file:s0 tclass=file
08-12 13:30:34.996  2961  3044 D com.xiaomi.tv.gallery.download.GalleryDownloadManager: no server ip
08-12 13:30:34.999  2961  3044 D com.xiaomi.tv.gallery.download.GalleryDownloadManager: no server ip
08-12 13:30:35.000  1550  1689 I clientsdk: tid 1689, HttpPost, status code = 0
08-12 13:30:35.001  1550  1689 I clientsdk: tid 1689, HttpGet curl_easy_perform result 7
08-12 13:30:35.001  1550  1689 I duokantv: tid 1689, DKAppDelegate:DK_UserLogin, result: -1
08-12 13:30:35.001  1550  1689 I duokantv: tid 1689, +++DKAppDelegate::hideAuthFailView: ../Classes/DKAppDelegate.cpp line: 3269
08-12 13:30:35.001  1550  1689 I duokantv: tid 1689, DKAppDelegate:setupServerConnection -- failed to login (-1)
08-12 13:30:35.009  2961  3044 D com.xiaomi.tv.gallery.download.GalleryDownloadManager: no server ip
08-12 13:30:35.013  2961  3044 D com.xiaomi.tv.gallery.download.GalleryDownloadManager: no server ip
08-12 13:30:35.016  2961  3044 D com.xiaomi.tv.gallery.download.GalleryDownloadManager: no server ip
08-12 13:30:35.020  2961  3044 D com.xiaomi.tv.gallery.download.GalleryDownloadManager: no server ip
08-12 13:30:35.024  2961  3044 D com.xiaomi.tv.gallery.download.GalleryDownloadManager: no server ip
08-12 13:30:35.028  2961  3044 D com.xiaomi.tv.gallery.download.GalleryDownloadManager: no server ip
08-12 13:30:35.032  2961  3044 D com.xiaomi.tv.gallery.download.GalleryDownloadManager: no server ip
08-12 13:30:35.036  2961  3044 D com.xiaomi.tv.gallery.download.GalleryDownloadManager: no server ip
08-12 13:30:35.040  2961  3044 D com.xiaomi.tv.gallery.download.GalleryDownloadManager: no server ip
08-12 13:30:35.043  2961  3044 D com.xiaomi.tv.gallery.download.GalleryDownloadManager: no server ip
08-12 13:30:35.047  2961  3044 D com.xiaomi.tv.gallery.download.GalleryDownloadManager: no server ip
08-12 13:30:35.051  2961  3044 D com.xiaomi.tv.gallery.download.GalleryDownloadManager: no server ip
08-12 13:30:35.058  2961  3044 D com.xiaomi.tv.gallery.download.GalleryDownloadManager: no server ip
08-12 13:30:35.062  2961  3044 D com.xiaomi.tv.gallery.download.GalleryDownloadManager: no server ip
08-12 13:30:35.065  2961  3044 D com.xiaomi.tv.gallery.download.GalleryDownloadManager: no server ip
08-12 13:30:35.068  2961  3044 D com.xiaomi.tv.gallery.download.GalleryDownloadManager: no server ip
08-12 13:30:35.072  2961  3044 D com.xiaomi.tv.gallery.download.GalleryDownloadManager: no server ip
08-12 13:30:35.075  2961  3044 D com.xiaomi.tv.gallery.download.GalleryDownloadManager: no server ip
08-12 13:30:35.079  2961  3044 D com.xiaomi.tv.gallery.download.GalleryDownloadManager: no server ip
08-12 13:30:35.082  2961  3044 D com.xiaomi.tv.gallery.download.GalleryDownloadManager: no server ip
08-12 13:30:35.086  2961  3044 D com.xiaomi.tv.gallery.download.GalleryDownloadManager: no server ip
08-12 13:30:35.089  2961  3044 D com.xiaomi.tv.gallery.download.GalleryDownloadManager: no server ip
08-12 13:30:35.093  2961  3044 D com.xiaomi.tv.gallery.download.GalleryDownloadManager: no server ip
08-12 13:30:35.096  2961  3044 D com.xiaomi.tv.gallery.download.GalleryDownloadManager: no server ip
08-12 13:30:35.104  2961  3044 D com.xiaomi.tv.gallery.download.GalleryDownloadManager: no server ip
08-12 13:30:35.108  2961  3044 D com.xiaomi.tv.gallery.download.GalleryDownloadManager: no server ip
08-12 13:30:35.111  2961  3044 D com.xiaomi.tv.gallery.download.GalleryDownloadManager: no server ip
08-12 13:30:35.115  2961  3044 D com.xiaomi.tv.gallery.download.GalleryDownloadManager: no server ip
08-12 13:30:35.118  2961  3044 D com.xiaomi.tv.gallery.download.GalleryDownloadManager: no server ip
08-12 13:30:35.123  2961  3044 D com.xiaomi.tv.gallery.download.GalleryDownloadManager: no server ip
08-12 13:30:35.126  2961  3044 D com.xiaomi.tv.gallery.download.GalleryDownloadManager: no server ip
08-12 13:30:35.129  2961  3044 D com.xiaomi.tv.gallery.download.GalleryDownloadManager: no server ip
08-12 13:30:35.133  2961  3044 D com.xiaomi.tv.gallery.download.GalleryDownloadManager: no server ip
08-12 13:30:35.136  2961  3044 D com.xiaomi.tv.gallery.download.GalleryDownloadManager: no server ip
08-12 13:30:35.140  2961  3044 D com.xiaomi.tv.gallery.download.GalleryDownloadManager: no server ip
08-12 13:30:35.144  2961  3044 D com.xiaomi.tv.gallery.download.GalleryDownloadManager: no server ip
08-12 13:30:35.148  2961  3044 D com.xiaomi.tv.gallery.download.GalleryDownloadManager: no server ip
08-12 13:30:35.153  2961  3044 D com.xiaomi.tv.gallery.download.GalleryDownloadManager: no server ip
08-12 13:30:35.157  2961  3044 D com.xiaomi.tv.gallery.download.GalleryDownloadManager: no server ip
08-12 13:30:35.161  2961  3044 D com.xiaomi.tv.gallery.download.GalleryDownloadManager: no server ip
08-12 13:30:35.164  2961  3044 D com.xiaomi.tv.gallery.download.GalleryDownloadManager: no server ip
08-12 13:30:35.168  2961  3044 D com.xiaomi.tv.gallery.download.GalleryDownloadManager: no server ip
08-12 13:30:35.171  2961  3044 D com.xiaomi.tv.gallery.download.GalleryDownloadManager: no server ip
08-12 13:30:35.175  2961  3044 D com.xiaomi.tv.gallery.download.GalleryDownloadManager: no server ip
08-12 13:30:35.179  2961  3044 D com.xiaomi.tv.gallery.download.GalleryDownloadManager: no server ip
08-12 13:30:35.182  2961  3044 D com.xiaomi.tv.gallery.download.GalleryDownloadManager: no server ip
08-12 13:30:35.186  2961  3044 D com.xiaomi.tv.gallery.download.GalleryDownloadManager: no server ip
08-12 13:30:35.190  2961  3044 D com.xiaomi.tv.gallery.download.GalleryDownloadManager: no server ip
08-12 13:30:35.195  2961  3044 D com.xiaomi.tv.gallery.download.GalleryDownloadManager: no server ip
08-12 13:30:35.199  2961  3044 D com.xiaomi.tv.gallery.download.GalleryDownloadManager: no server ip
08-12 13:30:35.202  2961  3044 D com.xiaomi.tv.gallery.download.GalleryDownloadManager: no server ip
08-12 13:30:35.206  2961  3044 D com.xiaomi.tv.gallery.download.GalleryDownloadManager: no server ip
08-12 13:30:35.209  2961  3044 D com.xiaomi.tv.gallery.download.GalleryDownloadManager: no server ip
08-12 13:30:35.213  2961  3044 D com.xiaomi.tv.gallery.download.GalleryDownloadManager: no server ip
08-12 13:30:35.217  2961  3044 D com.xiaomi.tv.gallery.download.GalleryDownloadManager: no server ip
08-12 13:30:35.220  2961  3044 D com.xiaomi.tv.gallery.download.GalleryDownloadManager: no server ip
08-12 13:30:35.224  2961  3044 D com.xiaomi.tv.gallery.download.GalleryDownloadManager: no server ip
08-12 13:30:35.227  2961  3044 D com.xiaomi.tv.gallery.download.GalleryDownloadManager: no server ip
08-12 13:30:35.231  2961  3044 D com.xiaomi.tv.gallery.download.GalleryDownloadManager: no server ip
08-12 13:30:35.235  2961  3044 D com.xiaomi.tv.gallery.download.GalleryDownloadManager: no server ip
08-12 13:30:35.240  2961  3044 D com.xiaomi.tv.gallery.download.GalleryDownloadManager: no server ip
08-12 13:30:35.244  2961  3044 D com.xiaomi.tv.gallery.download.GalleryDownloadManager: no server ip
08-12 13:30:35.247  2961  3044 D com.xiaomi.tv.gallery.download.GalleryDownloadManager: no server ip
08-12 13:30:35.251  2961  3044 D com.xiaomi.tv.gallery.download.GalleryDownloadManager: no server ip
08-12 13:30:35.255  2961  3044 D com.xiaomi.tv.gallery.download.GalleryDownloadManager: no server ip
08-12 13:30:35.258  2961  3044 D com.xiaomi.tv.gallery.download.GalleryDownloadManager: no server ip
08-12 13:30:35.263  2961  3044 D com.xiaomi.tv.gallery.download.GalleryDownloadManager: no server ip
08-12 13:30:35.266  2961  3044 D com.xiaomi.tv.gallery.download.GalleryDownloadManager: no server ip
08-12 13:30:35.270  2961  3044 D com.xiaomi.tv.gallery.download.GalleryDownloadManager: no server ip
08-12 13:30:35.274  2961  3044 D com.xiaomi.tv.gallery.download.GalleryDownloadManager: no server ip
08-12 13:30:35.277  2961  3044 D com.xiaomi.tv.gallery.download.GalleryDownloadManager: no server ip
08-12 13:30:35.284  2961  3044 D com.xiaomi.tv.gallery.download.GalleryDownloadManager: no server ip
08-12 13:30:35.288  2961  3044 D com.xiaomi.tv.gallery.download.GalleryDownloadManager: no server ip
08-12 13:30:35.292  2961  3044 D com.xiaomi.tv.gallery.download.GalleryDownloadManager: no server ip
08-12 13:30:35.296  2961  3044 D com.xiaomi.tv.gallery.download.GalleryDownloadManager: no server ip
08-12 13:30:35.299  2961  3044 D com.xiaomi.tv.gallery.download.GalleryDownloadManager: no server ip
08-12 13:30:35.303  2961  3044 D com.xiaomi.tv.gallery.download.GalleryDownloadManager: no server ip
08-12 13:30:35.307  2961  3044 D com.xiaomi.tv.gallery.download.GalleryDownloadManager: no server ip
08-12 13:30:35.311  2961  3044 D com.xiaomi.tv.gallery.download.GalleryDownloadManager: no server ip
08-12 13:30:35.314  2961  3044 D com.xiaomi.tv.gallery.download.GalleryDownloadManager: no server ip
08-12 13:30:35.318  2961  3044 D com.xiaomi.tv.gallery.download.GalleryDownloadManager: no server ip
08-12 13:30:35.322  2961  3044 D com.xiaomi.tv.gallery.download.GalleryDownloadManager: no server ip
08-12 13:30:35.327  2961  3044 D com.xiaomi.tv.gallery.download.GalleryDownloadManager: no server ip
08-12 13:30:35.331  2961  3044 D com.xiaomi.tv.gallery.download.GalleryDownloadManager: no server ip
08-12 13:30:35.337  2961  3044 D com.xiaomi.tv.gallery.download.GalleryDownloadManager: no server ip
08-12 13:30:35.341  2961  3044 D com.xiaomi.tv.gallery.download.GalleryDownloadManager: no server ip
08-12 13:30:35.345  2961  3044 D com.xiaomi.tv.gallery.download.GalleryDownloadManager: no server ip
08-12 13:30:35.348  2961  3044 D com.xiaomi.tv.gallery.download.GalleryDownloadManager: no server ip
08-12 13:30:35.352  2961  3044 D com.xiaomi.tv.gallery.download.GalleryDownloadManager: no server ip
08-12 13:30:35.356  2961  3044 D com.xiaomi.tv.gallery.download.GalleryDownloadManager: no server ip
08-12 13:30:35.360  2961  3044 D com.xiaomi.tv.gallery.download.GalleryDownloadManager: no server ip
08-12 13:30:35.363  2961  3044 D com.xiaomi.tv.gallery.download.GalleryDownloadManager: no server ip
08-12 13:30:35.367  2961  3044 D com.xiaomi.tv.gallery.download.GalleryDownloadManager: no server ip
08-12 13:30:35.370  2961  3044 D com.xiaomi.tv.gallery.download.GalleryDownloadManager: no server ip
08-12 13:30:35.374  2961  3044 D com.xiaomi.tv.gallery.download.GalleryDownloadManager: no server ip
08-12 13:30:35.377  2961  3044 D com.xiaomi.tv.gallery.download.GalleryDownloadManager: no server ip
08-12 13:30:35.381  2961  3044 D com.xiaomi.tv.gallery.download.GalleryDownloadManager: no server ip
08-12 13:30:35.384  2961  3044 D com.xiaomi.tv.gallery.download.GalleryDownloadManager: no server ip
08-12 13:30:35.388  2961  3044 D com.xiaomi.tv.gallery.download.GalleryDownloadManager: no server ip
08-12 13:30:35.394  2961  3044 D com.xiaomi.tv.gallery.download.GalleryDownloadManager: no server ip
08-12 13:30:35.399  2961  3044 D com.xiaomi.tv.gallery.download.GalleryDownloadManager: no server ip
08-12 13:30:35.402  2961  3044 D com.xiaomi.tv.gallery.download.GalleryDownloadManager: no server ip
08-12 13:30:35.406  2961  3044 D com.xiaomi.tv.gallery.download.GalleryDownloadManager: no server ip
08-12 13:30:35.410  2961  3044 D com.xiaomi.tv.gallery.download.GalleryDownloadManager: no server ip
08-12 13:30:35.414  2961  3044 D com.xiaomi.tv.gallery.download.GalleryDownloadManager: no server ip
08-12 13:30:35.417  2961  3044 D com.xiaomi.tv.gallery.download.GalleryDownloadManager: no server ip
08-12 13:30:35.420  2961  3044 D com.xiaomi.tv.gallery.download.GalleryDownloadManager: no server ip
08-12 13:30:35.424  2961  3044 D com.xiaomi.tv.gallery.download.GalleryDownloadManager: no server ip
08-12 13:30:35.428  2961  3044 D com.xiaomi.tv.gallery.download.GalleryDownloadManager: no server ip
08-12 13:30:35.431  2961  3044 D com.xiaomi.tv.gallery.download.GalleryDownloadManager: no server ip
08-12 13:30:35.435  2961  3044 D com.xiaomi.tv.gallery.download.GalleryDownloadManager: no server ip
08-12 13:30:35.438  2961  3044 D com.xiaomi.tv.gallery.download.GalleryDownloadManager: no server ip
08-12 13:30:35.442  2961  3044 D com.xiaomi.tv.gallery.download.GalleryDownloadManager: no server ip
08-12 13:30:35.445  2961  3044 D com.xiaomi.tv.gallery.download.GalleryDownloadManager: no server ip
08-12 13:30:35.449  2961  3044 D com.xiaomi.tv.gallery.download.GalleryDownloadManager: no server ip
08-12 13:30:35.453  2961  3044 D com.xiaomi.tv.gallery.download.GalleryDownloadManager: no server ip
08-12 13:30:35.475  2961  3044 D com.xiaomi.tv.gallery.download.GalleryDownloadManager: no server ip
08-12 13:30:35.478  2961  3044 D com.xiaomi.tv.gallery.download.GalleryDownloadManager: no server ip
08-12 13:30:35.482  2961  3044 D com.xiaomi.tv.gallery.download.GalleryDownloadManager: no server ip
08-12 13:30:35.486  2961  3044 D com.xiaomi.tv.gallery.download.GalleryDownloadManager: no server ip
08-12 13:30:35.491  2961  3044 D com.xiaomi.tv.gallery.download.GalleryDownloadManager: no server ip
08-12 13:30:35.496  2961  3044 D com.xiaomi.tv.gallery.download.GalleryDownloadManager: no server ip
08-12 13:30:35.500  2961  3044 D com.xiaomi.tv.gallery.download.GalleryDownloadManager: no server ip
08-12 13:30:35.503  2961  3044 D com.xiaomi.tv.gallery.download.GalleryDownloadManager: no server ip
08-12 13:30:35.508  2961  3044 D com.xiaomi.tv.gallery.download.GalleryDownloadManager: no server ip
08-12 13:30:35.513  2961  3044 D com.xiaomi.tv.gallery.download.GalleryDownloadManager: no server ip
08-12 13:30:35.517  2961  3044 D com.xiaomi.tv.gallery.download.GalleryDownloadManager: no server ip
08-12 13:30:35.520  2961  3044 D com.xiaomi.tv.gallery.download.GalleryDownloadManager: no server ip
08-12 13:30:35.526  2961  3044 D com.xiaomi.tv.gallery.download.GalleryDownloadManager: no server ip
08-12 13:30:35.529  2961  3044 D com.xiaomi.tv.gallery.download.GalleryDownloadManager: no server ip
08-12 13:30:35.535  2961  3044 D com.xiaomi.tv.gallery.download.GalleryDownloadManager: no server ip
08-12 13:30:35.540  2961  3044 D com.xiaomi.tv.gallery.download.GalleryDownloadManager: no server ip
08-12 13:30:35.544  2961  3044 D com.xiaomi.tv.gallery.download.GalleryDownloadManager: no server ip
08-12 13:30:35.548  2961  3044 D com.xiaomi.tv.gallery.download.GalleryDownloadManager: no server ip
08-12 13:30:35.552  2961  3044 D com.xiaomi.tv.gallery.download.GalleryDownloadManager: no server ip
08-12 13:30:35.556  2961  3044 D com.xiaomi.tv.gallery.download.GalleryDownloadManager: no server ip
08-12 13:30:35.559  2961  3044 D com.xiaomi.tv.gallery.download.GalleryDownloadManager: no server ip
08-12 13:30:35.563  2961  3044 D com.xiaomi.tv.gallery.download.GalleryDownloadManager: no server ip
08-12 13:30:35.568  2961  3044 D com.xiaomi.tv.gallery.download.GalleryDownloadManager: no server ip
08-12 13:30:35.572  2961  3044 D com.xiaomi.tv.gallery.download.GalleryDownloadManager: no server ip
08-12 13:30:35.577  2961  3044 D com.xiaomi.tv.gallery.download.GalleryDownloadManager: no server ip
08-12 13:30:35.581  2961  3044 D com.xiaomi.tv.gallery.download.GalleryDownloadManager: no server ip
08-12 13:30:35.584  2961  3044 D com.xiaomi.tv.gallery.download.GalleryDownloadManager: no server ip
08-12 13:30:35.588  2961  3044 D com.xiaomi.tv.gallery.download.GalleryDownloadManager: no server ip
08-12 13:30:35.593  2961  3044 D com.xiaomi.tv.gallery.download.GalleryDownloadManager: no server ip
08-12 13:30:35.602  2961  3044 D com.xiaomi.tv.gallery.download.GalleryDownloadManager: no server ip
08-12 13:30:35.606  2961  3044 D com.xiaomi.tv.gallery.download.GalleryDownloadManager: no server ip
08-12 13:30:35.610  2961  3044 D com.xiaomi.tv.gallery.download.GalleryDownloadManager: no server ip
08-12 13:30:35.613  2961  3044 D com.xiaomi.tv.gallery.download.GalleryDownloadManager: no server ip
08-12 13:30:35.617  2961  3044 D com.xiaomi.tv.gallery.download.GalleryDownloadManager: no server ip
08-12 13:30:35.621  2961  3044 D com.xiaomi.tv.gallery.download.GalleryDownloadManager: no server ip
08-12 13:30:35.625  2961  3044 D com.xiaomi.tv.gallery.download.GalleryDownloadManager: no server ip
08-12 13:30:35.628  2961  3044 D com.xiaomi.tv.gallery.download.GalleryDownloadManager: no server ip
08-12 13:30:35.633  2961  3044 D com.xiaomi.tv.gallery.download.GalleryDownloadManager: no server ip
08-12 13:30:35.637  2961  3044 D com.xiaomi.tv.gallery.download.GalleryDownloadManager: no server ip
08-12 13:30:35.641  2961  3044 D com.xiaomi.tv.gallery.download.GalleryDownloadManager: no server ip
08-12 13:30:35.644  2961  3044 D com.xiaomi.tv.gallery.download.GalleryDownloadManager: no server ip
08-12 13:30:35.648  2961  3044 D com.xiaomi.tv.gallery.download.GalleryDownloadManager: no server ip
08-12 13:30:35.651  2961  3044 D com.xiaomi.tv.gallery.download.GalleryDownloadManager: no server ip
08-12 13:30:35.656  2961  3044 D com.xiaomi.tv.gallery.download.GalleryDownloadManager: no server ip
08-12 13:30:35.662  2961  3044 D com.xiaomi.tv.gallery.download.GalleryDownloadManager: no server ip
08-12 13:30:35.666  2961  3044 D com.xiaomi.tv.gallery.download.GalleryDownloadManager: no server ip
08-12 13:30:35.669  2961  3044 D com.xiaomi.tv.gallery.download.GalleryDownloadManager: no server ip
08-12 13:30:35.673  2961  3044 D com.xiaomi.tv.gallery.download.GalleryDownloadManager: no server ip
08-12 13:30:35.677  2961  3044 D com.xiaomi.tv.gallery.download.GalleryDownloadManager: no server ip
08-12 13:30:35.680  2961  3044 D com.xiaomi.tv.gallery.download.GalleryDownloadManager: no server ip
08-12 13:30:35.683  2961  3044 D com.xiaomi.tv.gallery.download.GalleryDownloadManager: no server ip
08-12 13:30:35.687  2961  3044 D com.xiaomi.tv.gallery.download.GalleryDownloadManager: no server ip
08-12 13:30:35.691  2961  3044 D com.xiaomi.tv.gallery.download.GalleryDownloadManager: no server ip
08-12 13:30:35.695  2961  3044 D com.xiaomi.tv.gallery.download.GalleryDownloadManager: no server ip
08-12 13:30:35.698  2961  3044 D com.xiaomi.tv.gallery.download.GalleryDownloadManager: no server ip
08-12 13:30:35.701   126   126 I tvos    : [37m[INFO] Change to Voltage: 125 mv (0x17)[m
08-12 13:30:35.703  2961  3044 D com.xiaomi.tv.gallery.download.GalleryDownloadManager: no server ip
08-12 13:30:35.707  2961  3044 D com.xiaomi.tv.gallery.download.GalleryDownloadManager: no server ip
08-12 13:30:35.711  2961  3044 D com.xiaomi.tv.gallery.download.GalleryDownloadManager: no server ip
08-12 13:30:35.713  2961  3044 D com.xiaomi.tv.gallery.download.GalleryDownloadManager: no server ip
08-12 13:30:35.718  2961  3044 D com.xiaomi.tv.gallery.download.GalleryDownloadManager: no server ip
08-12 13:30:35.723  2961  3044 D com.xiaomi.tv.gallery.download.GalleryDownloadManager: no server ip
08-12 13:30:35.726  2961  3044 D com.xiaomi.tv.gallery.download.GalleryDownloadManager: no server ip
08-12 13:30:35.729  2961  3044 D com.xiaomi.tv.gallery.download.GalleryDownloadManager: no server ip
08-12 13:30:35.732  2961  3044 D com.xiaomi.tv.gallery.download.GalleryDownloadManager: no server ip
08-12 13:30:35.735  2961  3044 D com.xiaomi.tv.gallery.download.GalleryDownloadManager: no server ip
08-12 13:30:35.738  2961  3044 D com.xiaomi.tv.gallery.download.GalleryDownloadManager: no server ip
08-12 13:30:35.742  2961  3044 D com.xiaomi.tv.gallery.download.GalleryDownloadManager: no server ip
08-12 13:30:35.745  2961  3044 D com.xiaomi.tv.gallery.download.GalleryDownloadManager: no server ip
08-12 13:30:35.748  2961  3044 D com.xiaomi.tv.gallery.download.GalleryDownloadManager: no server ip
08-12 13:30:35.751  2961  3044 D com.xiaomi.tv.gallery.download.GalleryDownloadManager: no server ip
08-12 13:30:35.754  2961  3044 D com.xiaomi.tv.gallery.download.GalleryDownloadManager: no server ip
08-12 13:30:35.757  2961  3044 D com.xiaomi.tv.gallery.download.GalleryDownloadManager: no server ip
08-12 13:30:35.760  2961  3044 D com.xiaomi.tv.gallery.download.GalleryDownloadManager: no server ip
08-12 13:30:35.764  2961  3044 D com.xiaomi.tv.gallery.download.GalleryDownloadManager: no server ip
08-12 13:30:35.768  2961  3044 D com.xiaomi.tv.gallery.download.GalleryDownloadManager: no server ip
08-12 13:30:35.773  2961  3044 D com.xiaomi.tv.gallery.download.GalleryDownloadManager: no server ip
08-12 13:30:35.776  2961  3044 D com.xiaomi.tv.gallery.download.GalleryDownloadManager: no server ip
08-12 13:30:35.781     0     0 I Kernel  : <7>[  464.624883] current logd.writer(139) kill task droid.bluetooth(1433) signal 0
08-12 13:30:35.779  2961  3044 D com.xiaomi.tv.gallery.download.GalleryDownloadManager: no server ip
08-12 13:30:35.782  2961  3044 D com.xiaomi.tv.gallery.download.GalleryDownloadManager: no server ip
08-12 13:30:35.786  2961  3044 D com.xiaomi.tv.gallery.download.GalleryDownloadManager: no server ip
08-12 13:30:35.788  2961  3044 D com.xiaomi.tv.gallery.download.GalleryDownloadManager: no server ip
08-12 13:30:35.792  2961  3044 D com.xiaomi.tv.gallery.download.GalleryDownloadManager: no server ip
08-12 13:30:35.795  2961  3044 D com.xiaomi.tv.gallery.download.GalleryDownloadManager: no server ip
08-12 13:30:35.798  2961  3044 D com.xiaomi.tv.gallery.download.GalleryDownloadManager: no server ip
08-12 13:30:35.801  2961  3044 D com.xiaomi.tv.gallery.download.GalleryDownloadManager: no server ip
08-12 13:30:35.805  2961  3044 D com.xiaomi.tv.gallery.download.GalleryDownloadManager: no server ip
08-12 13:30:35.808  2961  3044 D com.xiaomi.tv.gallery.download.GalleryDownloadManager: no server ip
08-12 13:30:35.811  2961  3044 D com.xiaomi.tv.gallery.download.GalleryDownloadManager: no server ip
08-12 13:30:35.815  2961  3044 D com.xiaomi.tv.gallery.download.GalleryDownloadManager: no server ip
08-12 13:30:35.819  2961  3044 D com.xiaomi.tv.gallery.download.GalleryDownloadManager: no server ip
08-12 13:30:35.822  2961  3044 D com.xiaomi.tv.gallery.download.GalleryDownloadManager: no server ip
08-12 13:30:35.826  2961  3044 D com.xiaomi.tv.gallery.download.GalleryDownloadManager: no server ip
08-12 13:30:35.829  2961  3044 D com.xiaomi.tv.gallery.download.GalleryDownloadManager: no server ip
08-12 13:30:35.832  2961  3044 D com.xiaomi.tv.gallery.download.GalleryDownloadManager: no server ip
08-12 13:30:35.836  2961  3044 D com.xiaomi.tv.gallery.download.GalleryDownloadManager: no server ip
08-12 13:30:35.839  2961  3044 D com.xiaomi.tv.gallery.download.GalleryDownloadManager: no server ip
08-12 13:30:35.842  2961  3044 D com.xiaomi.tv.gallery.download.GalleryDownloadManager: no server ip
08-12 13:30:35.845  2961  3044 D com.xiaomi.tv.gallery.download.GalleryDownloadManager: no server ip
08-12 13:30:35.848  2961  3044 D com.xiaomi.tv.gallery.download.GalleryDownloadManager: no server ip
08-12 13:30:35.851  2961  3044 D com.xiaomi.tv.gallery.download.GalleryDownloadManager: no server ip
08-12 13:30:35.854  2961  3044 D com.xiaomi.tv.gallery.download.GalleryDownloadManager: no server ip
08-12 13:30:35.858  2961  3044 D com.xiaomi.tv.gallery.download.GalleryDownloadManager: no server ip
08-12 13:30:35.861  2961  3044 D com.xiaomi.tv.gallery.download.GalleryDownloadManager: no server ip
08-12 13:30:35.864  2961  3044 D com.xiaomi.tv.gallery.download.GalleryDownloadManager: no server ip
08-12 13:30:35.872  2961  3044 D com.xiaomi.tv.gallery.download.GalleryDownloadManager: no server ip
08-12 13:30:35.877  2961  3044 D com.xiaomi.tv.gallery.download.GalleryDownloadManager: no server ip
08-12 13:30:35.880  2961  3044 D com.xiaomi.tv.gallery.download.GalleryDownloadManager: no server ip
08-12 13:30:35.884  2961  3044 D com.xiaomi.tv.gallery.download.GalleryDownloadManager: no server ip
08-12 13:30:35.888  2961  3044 D com.xiaomi.tv.gallery.download.GalleryDownloadManager: no server ip
08-12 13:30:35.892  2961  3044 D com.xiaomi.tv.gallery.download.GalleryDownloadManager: no server ip
08-12 13:30:35.894  2961  3044 D com.xiaomi.tv.gallery.download.GalleryDownloadManager: no server ip
08-12 13:30:35.897  2961  3044 D com.xiaomi.tv.gallery.download.GalleryDownloadManager: no server ip
08-12 13:30:35.900  2961  3044 D com.xiaomi.tv.gallery.download.GalleryDownloadManager: no server ip
08-12 13:30:35.902   126   126 I tvos    : [37m[INFO] Change to Voltage: 120 mv (0x13)[m
08-12 13:30:35.904  2961  3044 D com.xiaomi.tv.gallery.download.GalleryDownloadManager: no server ip
08-12 13:30:35.907  2961  3044 D com.xiaomi.tv.gallery.download.GalleryDownloadManager: no server ip
08-12 13:30:35.910  2961  3044 D com.xiaomi.tv.gallery.download.GalleryDownloadManager: no server ip
08-12 13:30:35.914  2961  3044 D com.xiaomi.tv.gallery.download.GalleryDownloadManager: no server ip
08-12 13:30:35.919  2961  3044 D com.xiaomi.tv.gallery.download.GalleryDownloadManager: no server ip
08-12 13:30:35.925  2961  3044 D com.xiaomi.tv.gallery.download.GalleryDownloadManager: no server ip
08-12 13:30:35.928  2961  3044 D com.xiaomi.tv.gallery.download.GalleryDownloadManager: no server ip
08-12 13:30:35.931  2961  3044 D com.xiaomi.tv.gallery.download.GalleryDownloadManager: no server ip
08-12 13:30:35.934  2961  3044 D com.xiaomi.tv.gallery.download.GalleryDownloadManager: no server ip
08-12 13:30:35.938  2961  3044 D com.xiaomi.tv.gallery.download.GalleryDownloadManager: no server ip
08-12 13:30:35.941  2961  3044 D com.xiaomi.tv.gallery.download.GalleryDownloadManager: no server ip
08-12 13:30:35.944  2961  3044 D com.xiaomi.tv.gallery.download.GalleryDownloadManager: no server ip
08-12 13:30:35.947  2961  3044 D com.xiaomi.tv.gallery.download.GalleryDownloadManager: no server ip
08-12 13:30:35.950  2961  3044 D com.xiaomi.tv.gallery.download.GalleryDownloadManager: no server ip
08-12 13:30:35.953  2961  3044 D com.xiaomi.tv.gallery.download.GalleryDownloadManager: no server ip
08-12 13:30:35.957  2961  3044 D com.xiaomi.tv.gallery.download.GalleryDownloadManager: no server ip
08-12 13:30:35.960  2961  3044 D com.xiaomi.tv.gallery.download.GalleryDownloadManager: no server ip
08-12 13:30:35.963  2961  3044 D com.xiaomi.tv.gallery.download.GalleryDownloadManager: no server ip
08-12 13:30:35.966  2961  3044 D com.xiaomi.tv.gallery.download.GalleryDownloadManager: no server ip
08-12 13:30:35.969  2961  3044 D com.xiaomi.tv.gallery.download.GalleryDownloadManager: no server ip
08-12 13:30:35.973  2961  3044 D com.xiaomi.tv.gallery.download.GalleryDownloadManager: no server ip
08-12 13:30:35.978  2961  3044 D com.xiaomi.tv.gallery.download.GalleryDownloadManager: no server ip
08-12 13:30:35.980  2961  3044 D com.xiaomi.tv.gallery.download.GalleryDownloadManager: no server ip
08-12 13:30:35.983  2961  3044 D com.xiaomi.tv.gallery.download.GalleryDownloadManager: no server ip
08-12 13:30:35.986  2961  3044 D com.xiaomi.tv.gallery.download.GalleryDownloadManager: no server ip
08-12 13:30:35.990  2961  3044 D com.xiaomi.tv.gallery.download.GalleryDownloadManager: no server ip
08-12 13:30:35.993  2961  3044 D com.xiaomi.tv.gallery.download.GalleryDownloadManager: no server ip
08-12 13:30:35.996  2961  3044 D com.xiaomi.tv.gallery.download.GalleryDownloadManager: no server ip
08-12 13:30:35.999  2961  3044 D com.xiaomi.tv.gallery.download.GalleryDownloadManager: no server ip
08-12 13:30:36.001  1550  1689 I clientsdk: tid 1689, httpget http://www.baidu.com:80
08-12 13:30:36.002   126   126 I tvos    : [37m[INFO] Change to Voltage: 105 mv (0x8)[m
08-12 13:30:35.999  1689  1689 I auditd  : type=1400 audit(0.0:2772): avc: granted { write } for comm="Thread-87" name="CookiesFile" dev="mmcblk0p22" ino=873 scontext=u:r:system_app:s0 tcontext=u:object_r:system_data_file:s0 tclass=file
08-12 13:30:36.006     0     0 I Kernel  : <12>[  464.849506] type=1400 audit(1439357435.999:2772): avc: granted { write } for pid=1689 comm="Thread-87" name="CookiesFile" dev="mmcblk0p22" ino=873 scontext=u:r:system_app:s0 tcontext=u:object_r:system_data_file:s0 tclass=file
08-12 13:30:36.006     0     0 I Kernel  : <12>[  464.849791] type=1400 audit(1439357435.999:2773): avc: granted { write } for pid=1689 comm="Thread-87" path="/data/duokancache/CookiesFile" dev="mmcblk0p22" ino=873 scontext=u:r:system_app:s0 tcontext=u:object_r:system_data_file:s0 tclass=file
08-12 13:30:36.006     0     0 I Kernel  : <12>[  464.851123] type=1400 audit(1439357435.999:2774): avc: granted { write } for pid=1689 comm="Thread-87" name="CookiesFile" dev="mmcblk0p22" ino=873 scontext=u:r:system_app:s0 tcontext=u:object_r:system_data_file:s0 tclass=file
08-12 13:30:35.999  1689  1689 W Thread-87: type=1400 audit(0.0:2772): avc: granted { write } for name="CookiesFile" dev="mmcblk0p22" ino=873 scontext=u:r:system_app:s0 tcontext=u:object_r:system_data_file:s0 tclass=file
08-12 13:30:36.004  2961  3044 D com.xiaomi.tv.gallery.download.GalleryDownloadManager: no server ip
08-12 13:30:35.999  1689  1689 I auditd  : type=1400 audit(0.0:2773): avc: granted { write } for comm="Thread-87" path="/data/duokancache/CookiesFile" dev="mmcblk0p22" ino=873 scontext=u:r:system_app:s0 tcontext=u:object_r:system_data_file:s0 tclass=file
08-12 13:30:35.999  1689  1689 W Thread-87: type=1400 audit(0.0:2773): avc: granted { write } for path="/data/duokancache/CookiesFile" dev="mmcblk0p22" ino=873 scontext=u:r:system_app:s0 tcontext=u:object_r:system_data_file:s0 tclass=file
08-12 13:30:35.999  1689  1689 I auditd  : type=1400 audit(0.0:2774): avc: granted { write } for comm="Thread-87" name="CookiesFile" dev="mmcblk0p22" ino=873 scontext=u:r:system_app:s0 tcontext=u:object_r:system_data_file:s0 tclass=file
08-12 13:30:35.999  1689  1689 W Thread-87: type=1400 audit(0.0:2774): avc: granted { write } for name="CookiesFile" dev="mmcblk0p22" ino=873 scontext=u:r:system_app:s0 tcontext=u:object_r:system_data_file:s0 tclass=file
08-12 13:30:36.007  1550  1689 I clientsdk: tid 1689, HttpGet, status code = 0
08-12 13:30:36.007  1550  1689 I clientsdk: tid 1689, HttpGet curl_easy_perform result 6
08-12 13:30:36.007  1550  1689 I duokantv: tid 1689, DuoKanUtility::checkHostReachability -- ret of HttpGet = -1006
08-12 13:30:36.007  1550  1689 I duokantv: tid 1689, DuoKanUtility::checkHostReachability -- HttpGet: not reachable
08-12 13:30:36.007  1550  1689 I duokantv: tid 1689, DKAppDelegate::setupServerConnection, no userID
08-12 13:30:36.007  1550  1689 I duokantv: tid 1689, DataStore: Token, Enter loadToken2
08-12 13:30:36.007  1550  1689 I duokantv: tid 1689, DataStore: Token, key 5fcb31f300324bcbb8c3cac60d6d4184
08-12 13:30:36.010     0     0 I Kernel  : <12>[  464.854410] type=1400 audit(1439357436.004:2775): avc: granted { write } for pid=1689 comm="Thread-87" name="CookiesFile" dev="mmcblk0p22" ino=873 scontext=u:r:system_app:s0 tcontext=u:object_r:system_data_file:s0 tclass=file
08-12 13:30:36.007  1550  1689 I duokantv: tid 1689, DataStore: Token, token cc5bf5545b674d1e9e2bd0add857ccc0
08-12 13:30:36.007  1550  1689 I duokantv: tid 1689, DKAppDelegate:setupServerConnection -- about to login to server
08-12 13:30:36.011     0     0 I Kernel  : <12>[  464.855528] type=1400 audit(1439357436.004:2776): avc: granted { write } for pid=1689 comm="Thread-87" path="/data/duokancache/CookiesFile" dev="mmcblk0p22" ino=873 scontext=u:r:system_app:s0 tcontext=u:object_r:system_data_file:s0 tclass=file
08-12 13:30:36.011     0     0 I Kernel  : <12>[  464.856685] type=1400 audit(1439357436.004:2777): avc: granted { write } for pid=1689 comm="Thread-87" name="CookiesFile" dev="mmcblk0p22" ino=873 scontext=u:r:system_app:s0 tcontext=u:object_r:system_data_file:s0 tclass=file
08-12 13:30:36.004  1689  1689 I auditd  : type=1400 audit(0.0:2775): avc: granted { write } for comm="Thread-87" name="CookiesFile" dev="mmcblk0p22" ino=873 scontext=u:r:system_app:s0 tcontext=u:object_r:system_data_file:s0 tclass=file
08-12 13:30:36.004  1689  1689 W Thread-87: type=1400 audit(0.0:2775): avc: granted { write } for name="CookiesFile" dev="mmcblk0p22" ino=873 scontext=u:r:system_app:s0 tcontext=u:object_r:system_data_file:s0 tclass=file
08-12 13:30:36.008  1550  1689 I clientsdk: tid 1689, httppost http://122.49.38.6/tvservice/login?vc=0&ac=0&ic=0&deviceid=5b11bace3b21548f71a273121cfa15a6&apiver=1.8&ver=5.0.1.1213&codever=15&ptf=605&ts=1439357436&nonce=933318036&language=zh_CN&feature=15&opaque=168be30cbf91efced9327447cf6e50f9280835f7
08-12 13:30:36.009  2961  3044 D com.xiaomi.tv.gallery.download.GalleryDownloadManager: no server ip
08-12 13:30:36.004  1689  1689 I auditd  : type=1400 audit(0.0:2776): avc: granted { write } for comm="Thread-87" path="/data/duokancache/CookiesFile" dev="mmcblk0p22" ino=873 scontext=u:r:system_app:s0 tcontext=u:object_r:system_data_file:s0 tclass=file
08-12 13:30:36.004  1689  1689 W Thread-87: type=1400 audit(0.0:2776): avc: granted { write } for path="/data/duokancache/CookiesFile" dev="mmcblk0p22" ino=873 scontext=u:r:system_app:s0 tcontext=u:object_r:system_data_file:s0 tclass=file
08-12 13:30:36.004  1689  1689 I auditd  : type=1400 audit(0.0:2777): avc: granted { write } for comm="Thread-87" name="CookiesFile" dev="mmcblk0p22" ino=873 scontext=u:r:system_app:s0 tcontext=u:object_r:system_data_file:s0 tclass=file
08-12 13:30:36.015     0     0 I Kernel  : <12>[  464.858120] type=1400 audit(1439357436.009:2778): avc: granted { write } for pid=1689 comm="Thread-87" name="CookiesFile" dev="mmcblk0p22" ino=873 scontext=u:r:system_app:s0 tcontext=u:object_r:system_data_file:s0 tclass=file
08-12 13:30:36.015     0     0 I Kernel  : <12>[  464.858662] type=1400 audit(1439357436.009:2779): avc: granted { write } for pid=1689 comm="Thread-87" path="/data/duokancache/CookiesFile" dev="mmcblk0p22" ino=873 scontext=u:r:system_app:s0 tcontext=u:object_r:system_data_file:s0 tclass=file
08-12 13:30:36.015     0     0 I Kernel  : <12>[  464.858815] type=1400 audit(1439357436.009:2780): avc: granted { write } for pid=1689 comm="Thread-87" name="CookiesFile" dev="mmcblk0p22" ino=873 scontext=u:r:system_app:s0 tcontext=u:object_r:system_data_file:s0 tclass=file
08-12 13:30:36.004  1689  1689 W Thread-87: type=1400 audit(0.0:2777): avc: granted { write } for name="CookiesFile" dev="mmcblk0p22" ino=873 scontext=u:r:system_app:s0 tcontext=u:object_r:system_data_file:s0 tclass=file
08-12 13:30:36.011  1550  1689 I clientsdk: tid 1689, HttpGet curl_easy_perform result 7
08-12 13:30:36.011  1550  1689 I clientsdk: tid 1689, httppost http://122.49.38.6/tvservice/login?vc=0&ac=0&ic=0&deviceid=5b11bace3b21548f71a273121cfa15a6&apiver=1.8&ver=5.0.1.1213&codever=15&ptf=605&ts=1439357436&nonce=933318036&language=zh_CN&feature=15&opaque=168be30cbf91efced9327447cf6e50f9280835f7
08-12 13:30:36.009  1689  1689 I auditd  : type=1400 audit(0.0:2778): avc: granted { write } for comm="Thread-87" name="CookiesFile" dev="mmcblk0p22" ino=873 scontext=u:r:system_app:s0 tcontext=u:object_r:system_data_file:s0 tclass=file
08-12 13:30:36.009  1689  1689 W Thread-87: type=1400 audit(0.0:2778): avc: granted { write } for name="CookiesFile" dev="mmcblk0p22" ino=873 scontext=u:r:system_app:s0 tcontext=u:object_r:system_data_file:s0 tclass=file
08-12 13:30:36.009  1689  1689 I auditd  : type=1400 audit(0.0:2779): avc: granted { write } for comm="Thread-87" path="/data/duokancache/CookiesFile" dev="mmcblk0p22" ino=873 scontext=u:r:system_app:s0 tcontext=u:object_r:system_data_file:s0 tclass=file
08-12 13:30:36.009  1689  1689 W Thread-87: type=1400 audit(0.0:2779): avc: granted { write } for path="/data/duokancache/CookiesFile" dev="mmcblk0p22" ino=873 scontext=u:r:system_app:s0 tcontext=u:object_r:system_data_file:s0 tclass=file
08-12 13:30:36.009  1689  1689 I auditd  : type=1400 audit(0.0:2780): avc: granted { write } for comm="Thread-87" name="CookiesFile" dev="mmcblk0p22" ino=873 scontext=u:r:system_app:s0 tcontext=u:object_r:system_data_file:s0 tclass=file
08-12 13:30:36.009  1689  1689 W Thread-87: type=1400 audit(0.0:2780): avc: granted { write } for name="CookiesFile" dev="mmcblk0p22" ino=873 scontext=u:r:system_app:s0 tcontext=u:object_r:system_data_file:s0 tclass=file
08-12 13:30:36.014  2961  3044 D com.xiaomi.tv.gallery.download.GalleryDownloadManager: no server ip
08-12 13:30:36.018     0     0 I Kernel  : <12>[  464.862165] type=1400 audit(1439357436.014:2781): avc: granted { write } for pid=1689 comm="Thread-87" name="CookiesFile" dev="mmcblk0p22" ino=873 scontext=u:r:system_app:s0 tcontext=u:object_r:system_data_file:s0 tclass=file
08-12 13:30:36.018     0     0 I Kernel  : <12>[  464.862506] type=1400 audit(1439357436.014:2782): avc: granted { write } for pid=1689 comm="Thread-87" path="/data/duokancache/CookiesFile" dev="mmcblk0p22" ino=873 scontext=u:r:system_app:s0 tcontext=u:object_r:system_data_file:s0 tclass=file
08-12 13:30:36.018     0     0 I Kernel  : <12>[  464.862797] type=1400 audit(1439357436.014:2783): avc: granted { write } for pid=1689 comm="Thread-87" name="CookiesFile" dev="mmcblk0p22" ino=873 scontext=u:r:system_app:s0 tcontext=u:object_r:system_data_file:s0 tclass=file
08-12 13:30:36.014  1550  1689 I clientsdk: tid 1689, HttpPost, status code = 0
08-12 13:30:36.014  1550  1689 I clientsdk: tid 1689, HttpGet curl_easy_perform result 7
08-12 13:30:36.015  1550  1689 I clientsdk: tid 1689, httppost http://122.49.38.6/tvservice/login?vc=0&ac=0&ic=0&deviceid=5b11bace3b21548f71a273121cfa15a6&apiver=1.8&ver=5.0.1.1213&codever=15&ptf=605&ts=1439357436&nonce=933318036&language=zh_CN&feature=15&opaque=168be30cbf91efced9327447cf6e50f9280835f7
08-12 13:30:36.014  1689  1689 I auditd  : type=1400 audit(0.0:2781): avc: granted { write } for comm="Thread-87" name="CookiesFile" dev="mmcblk0p22" ino=873 scontext=u:r:system_app:s0 tcontext=u:object_r:system_data_file:s0 tclass=file
08-12 13:30:36.014  1689  1689 W Thread-87: type=1400 audit(0.0:2781): avc: granted { write } for name="CookiesFile" dev="mmcblk0p22" ino=873 scontext=u:r:system_app:s0 tcontext=u:object_r:system_data_file:s0 tclass=file
08-12 13:30:36.014  1689  1689 I auditd  : type=1400 audit(0.0:2782): avc: granted { write } for comm="Thread-87" path="/data/duokancache/CookiesFile" dev="mmcblk0p22" ino=873 scontext=u:r:system_app:s0 tcontext=u:object_r:system_data_file:s0 tclass=file
08-12 13:30:36.014  1689  1689 W Thread-87: type=1400 audit(0.0:2782): avc: granted { write } for path="/data/duokancache/CookiesFile" dev="mmcblk0p22" ino=873 scontext=u:r:system_app:s0 tcontext=u:object_r:system_data_file:s0 tclass=file
08-12 13:30:36.014  1689  1689 I auditd  : type=1400 audit(0.0:2783): avc: granted { write } for comm="Thread-87" name="CookiesFile" dev="mmcblk0p22" ino=873 scontext=u:r:system_app:s0 tcontext=u:object_r:system_data_file:s0 tclass=file
08-12 13:30:36.014  1689  1689 W Thread-87: type=1400 audit(0.0:2783): avc: granted { write } for name="CookiesFile" dev="mmcblk0p22" ino=873 scontext=u:r:system_app:s0 tcontext=u:object_r:system_data_file:s0 tclass=file
08-12 13:30:36.018  1550  1689 I clientsdk: tid 1689, HttpPost, status code = 0
08-12 13:30:36.018  1550  1689 I clientsdk: tid 1689, HttpGet curl_easy_perform result 7
08-12 13:30:36.018  1550  1689 I duokantv: tid 1689, DKAppDelegate:DK_UserLogin, result: -1
08-12 13:30:36.018  1550  1689 I duokantv: tid 1689, +++DKAppDelegate::hideAuthFailView: ../Classes/DKAppDelegate.cpp line: 3269
08-12 13:30:36.019  1550  1689 I duokantv: tid 1689, DKAppDelegate:setupServerConnection -- failed to login (-1)
08-12 13:30:36.019  2961  3044 D com.xiaomi.tv.gallery.download.GalleryDownloadManager: no server ip
08-12 13:30:36.023  2961  3044 D com.xiaomi.tv.gallery.download.GalleryDownloadManager: no server ip
08-12 13:30:36.026  2961  3044 D com.xiaomi.tv.gallery.download.GalleryDownloadManager: no server ip
08-12 13:30:36.030  2961  3044 D com.xiaomi.tv.gallery.download.GalleryDownloadManager: no server ip
08-12 13:30:36.035  2961  3044 D com.xiaomi.tv.gallery.download.GalleryDownloadManager: no server ip
08-12 13:30:36.040  2961  3044 D com.xiaomi.tv.gallery.download.GalleryDownloadManager: no server ip
08-12 13:30:36.044  2961  3044 D com.xiaomi.tv.gallery.download.GalleryDownloadManager: no server ip
08-12 13:30:36.047  2961  3044 D com.xiaomi.tv.gallery.download.GalleryDownloadManager: no server ip
08-12 13:30:36.051  2961  3044 D com.xiaomi.tv.gallery.download.GalleryDownloadManager: no server ip
08-12 13:30:36.054  2961  3044 D com.xiaomi.tv.gallery.download.GalleryDownloadManager: no server ip
08-12 13:30:36.058  2961  3044 D com.xiaomi.tv.gallery.download.GalleryDownloadManager: no server ip
08-12 13:30:36.062  2961  3044 D com.xiaomi.tv.gallery.download.GalleryDownloadManager: no server ip
08-12 13:30:36.065  2961  3044 D com.xiaomi.tv.gallery.download.GalleryDownloadManager: no server ip
08-12 13:30:36.068  2961  3044 D com.xiaomi.tv.gallery.download.GalleryDownloadManager: no server ip
08-12 13:30:36.072  2961  3044 D com.xiaomi.tv.gallery.download.GalleryDownloadManager: no server ip
08-12 13:30:36.076  2961  3044 D com.xiaomi.tv.gallery.download.GalleryDownloadManager: no server ip
08-12 13:30:36.082  2961  3044 D com.xiaomi.tv.gallery.download.GalleryDownloadManager: no server ip
08-12 13:30:36.086  2961  3044 D com.xiaomi.tv.gallery.download.GalleryDownloadManager: no server ip
08-12 13:30:36.090  2961  3044 D com.xiaomi.tv.gallery.download.GalleryDownloadManager: no server ip
08-12 13:30:36.094  2961  3044 D com.xiaomi.tv.gallery.download.GalleryDownloadManager: no server ip
08-12 13:30:36.100  2961  3044 D com.xiaomi.tv.gallery.download.GalleryDownloadManager: no server ip
08-12 13:30:36.105  2961  3044 D com.xiaomi.tv.gallery.download.GalleryDownloadManager: no server ip
08-12 13:30:36.110  2961  3044 D com.xiaomi.tv.gallery.download.GalleryDownloadManager: no server ip
08-12 13:30:36.114  2961  3044 D com.xiaomi.tv.gallery.download.GalleryDownloadManager: no server ip
08-12 13:30:36.117  2961  3044 D com.xiaomi.tv.gallery.download.GalleryDownloadManager: no server ip
08-12 13:30:36.121  2961  3044 D com.xiaomi.tv.gallery.download.GalleryDownloadManager: no server ip
08-12 13:30:36.125  2961  3044 D com.xiaomi.tv.gallery.download.GalleryDownloadManager: no server ip
08-12 13:30:36.129  2961  3044 D com.xiaomi.tv.gallery.download.GalleryDownloadManager: no server ip
08-12 13:30:36.132  2961  3044 D com.xiaomi.tv.gallery.download.GalleryDownloadManager: no server ip
08-12 13:30:36.136  2961  3044 D com.xiaomi.tv.gallery.download.GalleryDownloadManager: no server ip
08-12 13:30:36.140  2961  3044 D com.xiaomi.tv.gallery.download.GalleryDownloadManager: no server ip
08-12 13:30:36.143  2961  3044 D com.xiaomi.tv.gallery.download.GalleryDownloadManager: no server ip
08-12 13:30:36.147  2961  3044 D com.xiaomi.tv.gallery.download.GalleryDownloadManager: no server ip
08-12 13:30:36.150  2961  3044 D com.xiaomi.tv.gallery.download.GalleryDownloadManager: no server ip
08-12 13:30:36.154  2961  3044 D com.xiaomi.tv.gallery.download.GalleryDownloadManager: no server ip
08-12 13:30:36.158  2961  3044 D com.xiaomi.tv.gallery.download.GalleryDownloadManager: no server ip
08-12 13:30:36.163  2961  3044 D com.xiaomi.tv.gallery.download.GalleryDownloadManager: no server ip
08-12 13:30:36.168  2961  3044 D com.xiaomi.tv.gallery.download.GalleryDownloadManager: no server ip
08-12 13:30:36.171  2961  3044 D com.xiaomi.tv.gallery.download.GalleryDownloadManager: no server ip
08-12 13:30:36.175  2961  3044 D com.xiaomi.tv.gallery.download.GalleryDownloadManager: no server ip
08-12 13:30:36.179  2961  3044 D com.xiaomi.tv.gallery.download.GalleryDownloadManager: no server ip
08-12 13:30:36.183  2961  3044 D com.xiaomi.tv.gallery.download.GalleryDownloadManager: no server ip
08-12 13:30:36.186  2961  3044 D com.xiaomi.tv.gallery.download.GalleryDownloadManager: no server ip
08-12 13:30:36.190  2961  3044 D com.xiaomi.tv.gallery.download.GalleryDownloadManager: no server ip
08-12 13:30:36.194  2961  3044 D com.xiaomi.tv.gallery.download.GalleryDownloadManager: no server ip
08-12 13:30:36.197  2961  3044 D com.xiaomi.tv.gallery.download.GalleryDownloadManager: no server ip
08-12 13:30:36.201  2961  3044 D com.xiaomi.tv.gallery.download.GalleryDownloadManager: no server ip
08-12 13:30:36.204  2961  3044 D com.xiaomi.tv.gallery.download.GalleryDownloadManager: no server ip
08-12 13:30:36.209  2961  3044 D com.xiaomi.tv.gallery.download.GalleryDownloadManager: no server ip
08-12 13:30:36.212  2961  3044 D com.xiaomi.tv.gallery.download.GalleryDownloadManager: no server ip
08-12 13:30:36.216  2961  3044 D com.xiaomi.tv.gallery.download.GalleryDownloadManager: no server ip
08-12 13:30:36.219  2961  3044 D com.xiaomi.tv.gallery.download.GalleryDownloadManager: no server ip
08-12 13:30:36.225  2961  3044 D com.xiaomi.tv.gallery.download.GalleryDownloadManager: no server ip
08-12 13:30:36.229  2961  3044 D com.xiaomi.tv.gallery.download.GalleryDownloadManager: no server ip
08-12 13:30:36.232  2961  3044 D com.xiaomi.tv.gallery.download.GalleryDownloadManager: no server ip
08-12 13:30:36.236  2961  3044 D com.xiaomi.tv.gallery.download.GalleryDownloadManager: no server ip
08-12 13:30:36.240  2961  3044 D com.xiaomi.tv.gallery.download.GalleryDownloadManager: no server ip
08-12 13:30:36.243  2961  3044 D com.xiaomi.tv.gallery.download.GalleryDownloadManager: no server ip
08-12 13:30:36.247  2961  3044 D com.xiaomi.tv.gallery.download.GalleryDownloadManager: no server ip
08-12 13:30:36.250  2961  3044 D com.xiaomi.tv.gallery.download.GalleryDownloadManager: no server ip
08-12 13:30:36.253  2961  3044 D com.xiaomi.tv.gallery.download.GalleryDownloadManager: no server ip
08-12 13:30:36.257  2961  3044 D com.xiaomi.tv.gallery.download.GalleryDownloadManager: no server ip
08-12 13:30:36.261  2961  3044 D com.xiaomi.tv.gallery.download.GalleryDownloadManager: no server ip
08-12 13:30:36.264  2961  3044 D com.xiaomi.tv.gallery.download.GalleryDownloadManager: no server ip
08-12 13:30:36.268  2961  3044 D com.xiaomi.tv.gallery.download.GalleryDownloadManager: no server ip
08-12 13:30:36.271  2961  3044 D com.xiaomi.tv.gallery.download.GalleryDownloadManager: no server ip
08-12 13:30:36.276  2961  3044 D com.xiaomi.tv.gallery.download.GalleryDownloadManager: no server ip
08-12 13:30:36.282  2961  3044 D com.xiaomi.tv.gallery.download.GalleryDownloadManager: no server ip
08-12 13:30:36.285  2961  3044 D com.xiaomi.tv.gallery.download.GalleryDownloadManager: no server ip
08-12 13:30:36.289  2961  3044 D com.xiaomi.tv.gallery.download.GalleryDownloadManager: no server ip
08-12 13:30:36.292  2961  3044 D com.xiaomi.tv.gallery.download.GalleryDownloadManager: no server ip
08-12 13:30:36.296  2961  3044 D com.xiaomi.tv.gallery.download.GalleryDownloadManager: no server ip
08-12 13:30:36.299  2961  3044 D com.xiaomi.tv.gallery.download.GalleryDownloadManager: no server ip
08-12 13:30:36.303  2961  3044 D com.xiaomi.tv.gallery.download.GalleryDownloadManager: no server ip
08-12 13:30:36.306  2961  3044 D com.xiaomi.tv.gallery.download.GalleryDownloadManager: no server ip
08-12 13:30:36.310  2961  3044 D com.xiaomi.tv.gallery.download.GalleryDownloadManager: no server ip
08-12 13:30:36.313  2961  3044 D com.xiaomi.tv.gallery.download.GalleryDownloadManager: no server ip
08-12 13:30:36.317  2961  3044 D com.xiaomi.tv.gallery.download.GalleryDownloadManager: no server ip
08-12 13:30:36.320  2961  3044 D com.xiaomi.tv.gallery.download.GalleryDownloadManager: no server ip
08-12 13:30:36.324  2961  3044 D com.xiaomi.tv.gallery.download.GalleryDownloadManager: no server ip
08-12 13:30:36.327  2961  3044 D com.xiaomi.tv.gallery.download.GalleryDownloadManager: no server ip
08-12 13:30:36.331  2961  3044 D com.xiaomi.tv.gallery.download.GalleryDownloadManager: no server ip
