08-12 13:36:40.967  2192  2216 I MiTv-Impl-tv2_48-mstar-SourceManagerImpl: getCurrentSource return 1
08-12 13:36:40.967  2192  2216 D TVApiWrapper_TV2: startMediaPlayer 0
08-12 13:36:40.967  2192  2216 I TVApiWrapper_TV2: stopMediaPlayer -1
08-12 13:36:40.967  2192  2216 I MiTv-Impl-tv2_48-mstar-SourceManagerImpl: getCurrentSource return 1
08-12 13:36:40.967  2192  2216 D VideoSurfaceController: getHolder
08-12 13:36:40.967  2192  2216 I MiTv-Impl-tv2_48-mstar-SourceManagerImpl: setCurrentSource, source = 1, mReportOneTouchPlay = false, pid/tid = 2192/2216
08-12 13:36:40.967  1377  1394 D MiTv-Service-TvService: setInputSource register=true pid=2192 source=1
08-12 13:36:40.967  1377  1394 D MiTv-Service-TvService: monitor source=1 pid=2192
08-12 13:36:40.968  2192  2216 D TVApiWrapper_TV2: mPlayerViewPos (-1709, 230)
08-12 13:36:40.968  2192  2216 D MiTv-Impl-tv2_48-mstar-AtvPlayerImpl: setCommonCommand come surface-shape-change
08-12 13:36:40.968  2192  2237 I MiTv-Impl-tv2_48-mstar-SourceManagerImpl: getCurrentSource return 1
08-12 13:36:40.968  2192  2237 I TvManager_JNI: isSignalStable
08-12 13:36:40.968  1377  1377 D MiTv-Service-TvService: ignore setScaleWindow Rect(-3418, 460 - 960, 560)
08-12 13:36:40.968  2192  2237 I MiTv-Impl-tv2_48-mstar-SourceManagerImpl: check signal task call listener source 1 signal locked
08-12 13:36:40.968  2192  2237 D TVApiWrapper_TV2: onSourceSignalStable mPaused:false, aStable:true
08-12 13:36:40.968  2192  2192 D MiTVChannelController: onPortTimingChange 0 timing 50
08-12 13:36:40.969  2192  2192 D MiTVChannelController: start mediaplayer after delay 80
08-12 13:36:40.969  2192  2192 D MiTVChannelController: going to stop mediaplayer
08-12 13:36:40.969  2192  2192 I TVApiWrapper_TV2: stopMediaPlayer 0
08-12 13:36:40.969  2192  2192 D ChannelCategoryBottomViewV5: onChannelGotSignal -1 mSignalChannel -1, this:com.xiaomi.tv.desktop.ui.ao{49e9fc6 VFE..... .......D 100,0-580,770 #186a1}
08-12 13:36:40.969  2192  2192 D MiTVChannelController: hide video surface
08-12 13:36:40.969  2192  2192 D VideoSurfaceController: hide
08-12 13:36:40.974  2192  2216 D PlayerImpl: MstarPlayer::setVideoSurfaceTexture
08-12 13:36:40.974  2192  2216 D PlayerImpl: MstarPlayer::initRender
08-12 13:36:40.975   114   423 D gralloc : allocate buffer from ION HEAP 0x10000
08-12 13:36:40.975   114   423 D gralloc : allocate the descrete memory from 0x10000 HEAP
08-12 13:36:40.975   114   423 D gralloc : allocate the ion_cust_alloc success 111
08-12 13:36:40.975   114   423 D gralloc : ion map handle 4 success, fd=59
08-12 13:36:40.976  2192  2216 D PlayerImpl: MstarPlayer::initRender Done.
08-12 13:36:40.976  2192  2216 D MiTv-Impl-tv2_48-mstar-AtvPlayerImpl: application start() is called
08-12 13:36:40.976  2192  2216 D MiTVChannelStateNotifier: onPortPlayerSucceed aMiTVCh:-1
08-12 13:36:40.976  2192  2192 D MiTVChannelController: onPortPlayerSucceed aMiTVCh -1
08-12 13:36:40.976  2192  2192 E MiTVChannelController: something err occur
08-12 13:36:40.985   142  4655 V 3D      : Func: Get3DFormatDetectFlag()
08-12 13:36:40.985   142  4655 V 3D      : Func: Get3DFormatDetectFlag() : return m_b3DFormatDetectFlag=0
08-12 13:36:40.997   142  4655 W XCPERF  : Start of SetWindow [818664]
08-12 13:36:40.998   142  4655 W XCPERF  : Start of FD_MASK [818664]
08-12 13:36:40.998   142  4655 W XCPERF  : End of FD_MASK [818664]
08-12 13:36:40.998   142  4655 W XCPERF  : Start of SetXCWindowEx [818664]
08-12 13:36:40.998   142  4655 W XCPERF  : End of SetXCWindowEx [818664]
08-12 13:36:41.000   142  4655 W CROP    : CropWin is NULL or Crop Width/Height is 0
08-12 13:36:41.000   142  4655 W CROP    : DstWin Locked: x,y,w,h=200,460,960,560
08-12 13:36:41.001   142  4655 W CROP    : SrcWin1[Win=0]: x,y,w,h=229,15,1418,576
08-12 13:36:41.001   142  4655 W CROP    : CropWin1: x,y,w,h=0,0,1418,576
08-12 13:36:41.001   142  4655 W CROP    : DispWin1: x,y,w,h=200,460,960,560
08-12 13:36:41.001   142  4655 W CROP    : CropWin1.1: x,y,w,h=0,0,1418,576
08-12 13:36:41.002   126   126 I tvos    :  ******** MSrv_Picture::On  Skip ***********=== open 3D OverScan ===
08-12 13:36:41.002   142  4655 W CROP    : CropWin1.2: x,y,w,h=51,14,1316,548
08-12 13:36:41.002   142  4655 W CROP    : SrcWin2: x,y,w,h=229,15,1418,576
08-12 13:36:41.002   142  4655 W CROP    : CropWin2: x,y,w,h=51,14,1316,548
08-12 13:36:41.002   142  4655 W CROP    : DispWin2: x,y,w,h=200,460,960,560
08-12 13:36:41.002   142  4655 W CROP    : SrcWin3: x,y,w,h=229,15,1418,576
08-12 13:36:41.002   142  4655 W CROP    : CropWin3: x,y,w,h=51,14,1316,548
08-12 13:36:41.002   142  4655 W CROP    : DispWin3: x,y,w,h=200,460,960,560
08-12 13:36:41.002   142  4655 W CROP    : SrcWin5[Win=0]: x,y,w,h=229,15,1418,576
08-12 13:36:41.002   142  4655 W CROP    : CropWin5: x,y,w,h=51,14,1316,548
08-12 13:36:41.002   142  4655 W CROP    : DispWin5: x,y,w,h=200,460,960,560
08-12 13:36:41.003   126   126 I tvos    : Now is lock window, set force freerun to 60Hz
08-12 13:36:41.003   142  4655 W XCPERF  : Start of XC SetWindow [818670]
08-12 13:36:41.040   126   126 I tvos    : unknown IOCTL 20
08-12 13:36:41.041   126   126 I tvos    : Other soure is 1P mode
08-12 13:36:41.041   126   126 I tvos    : [_MDrv_SC_check_2p_mode][8636]u16Width=1418,u16Height=574,u32Vfreqx10=500
08-12 13:36:41.048  2192  2216 D MiTVChannelController: earlyvideostatus finished1 uptimeMillis 818715
08-12 13:36:41.049  2192  2216 I MiTv-Impl-tv2_48-mstar-SourceManagerImpl: getCurrentSource return 1
08-12 13:36:41.049  2192  2216 D TVApiWrapper_TV2: startMediaPlayer 0
08-12 13:36:41.054     0     0 I Kernel  : <7>[  819.170844] current logd.writer(139) kill task v.mediaexplorer(3942) signal 0
08-12 13:36:41.054     0     0 I Kernel  : <7>[  819.170984] current logd.writer(139) kill task lmkd(110) signal 0
08-12 13:36:41.049  2192  2216 I TVApiWrapper_TV2: stopMediaPlayer -1
08-12 13:36:41.049  2192  2216 I MiTv-Impl-tv2_48-mstar-SourceManagerImpl: getCurrentSource return 1
08-12 13:36:41.049  2192  2216 D VideoSurfaceController: getHolder
08-12 13:36:41.049  2192  2216 I MiTv-Impl-tv2_48-mstar-SourceManagerImpl: setCurrentSource, source = 1, mReportOneTouchPlay = false, pid/tid = 2192/2216
08-12 13:36:41.049  1377  1393 D MiTv-Service-TvService: setInputSource register=true pid=2192 source=1
08-12 13:36:41.049  1377  1393 D MiTv-Service-TvService: monitor source=1 pid=2192
08-12 13:36:41.050  2192  2216 D TVApiWrapper_TV2: mPlayerViewPos (-1709, 230)
08-12 13:36:41.050  2192  2216 D MiTv-Impl-tv2_48-mstar-AtvPlayerImpl: setCommonCommand come surface-shape-change
08-12 13:36:41.050  2192  2237 I MiTv-Impl-tv2_48-mstar-SourceManagerImpl: getCurrentSource return 1
08-12 13:36:41.050  1377  1377 D MiTv-Service-TvService: ignore setScaleWindow Rect(-3418, 460 - 960, 560)
08-12 13:36:41.050  2192  2216 D PlayerImpl: MstarPlayer::setVideoSurfaceTexture
08-12 13:36:41.050  2192  2216 D PlayerImpl: MstarPlayer::initRender
08-12 13:36:41.051   114   976 D gralloc : allocate buffer from ION HEAP 0x10000
08-12 13:36:41.051   114   976 D gralloc : allocate the descrete memory from 0x10000 HEAP
08-12 13:36:41.051   114   976 D gralloc : allocate the ion_cust_alloc success 111
08-12 13:36:41.051   114   976 D gralloc : ion map handle 9 success, fd=64
08-12 13:36:41.052  2192  2216 D PlayerImpl: MstarPlayer::initRender Done.
08-12 13:36:41.052  2192  2216 D MiTv-Impl-tv2_48-mstar-AtvPlayerImpl: application start() is called
08-12 13:36:41.052  2192  2216 D MiTVChannelStateNotifier: onPortPlayerSucceed aMiTVCh:0
08-12 13:36:41.052  2192  2192 D MiTVChannelController: onPortPlayerSucceed aMiTVCh 0
08-12 13:36:41.052  2192  2192 D ChannelCategoryBottomViewV5: onChannelGotSignal 0 mSignalChannel -1, this:com.xiaomi.tv.desktop.ui.ao{49e9fc6 VFE..... .......D 100,0-580,770 #186a1}
08-12 13:36:41.052  2192  2192 D MiTVChannelController: show video surface
08-12 13:36:41.052  2192  2192 D VideoSurfaceController: show
08-12 13:36:41.066   142  4655 W XCPERF  : End of XC SetWindow [818733]
08-12 13:36:41.066   142  4655 W 3D      : [EnablePWMSimulateLRToggle:10415] enable: 0, Period: 0, Duty: 0
08-12 13:36:41.068   142  4655 W XCPERF  : Start of XC SetPanelTiming [818735]
08-12 13:36:41.068   126   126 I tvos    : >>>>>>>>>>>>>>>stTimingInfo.u16InputVTotal = 625
08-12 13:36:41.068   126   126 I tvos    : [MApi_XC_GetAccurateVFreqx1K_U2, 3777]Attention: MApi_XC_GetAccurateVFreqx1K is obsolete, please use MApi_XC_CalculateVFreqx10 instead!
08-12 13:36:41.074   114   976 D gralloc : allocate buffer from ION HEAP 0x10000
08-12 13:36:41.074   114   976 D gralloc : allocate the descrete memory from 0x10000 HEAP
08-12 13:36:41.083   114   976 D gralloc : allocate the ion_cust_alloc success 111
08-12 13:36:41.084   114   976 D gralloc : ion map handle 10 success, fd=61
08-12 13:36:41.100   126   126 I tvos    : @@11=39
08-12 13:36:41.100   126   126 I tvos    : @@11=39
08-12 13:36:41.100   126   126 I tvos    : @@11=39
08-12 13:36:41.100   126   126 I tvos    : @@11=39
08-12 13:36:41.150   126   126 I tvos    : @@11=39
08-12 13:36:41.150   126   126 I tvos    : @@11=39
08-12 13:36:41.153   142  4655 W XCPERF  : End of XC SetPanelTiming [818820]
08-12 13:36:41.153   142  4655 W XCPERF  : Start of FD_MASK [818820]
08-12 13:36:41.153   142  4655 W XCPERF  : End of FD_MASK [818820]
08-12 13:36:41.153   142  4655 W XCPERF  : Start of PQ [818820]
08-12 13:36:41.153   126   126 I tvos    : mapi_video_base.cpp, SetWindow, 5230, enARCType is 1
08-12 13:36:41.155   126   126 I tvos    : BW Window:0, PQSource:1, Hsize:1418, Vsize: 574, interlace:1, Vfreq=500
08-12 13:36:41.156   126   126 I tvos    : Read Bandwidthtable.bin
08-12 13:36:41.156   126   126 I tvos    : MApi_XC_ACE_ColorCorrectionTable::::: s16ATV
08-12 13:36:41.157   126   126 I tvos    : =diff source
08-12 13:36:41.170  1377  1377 I MiTv-Impl-tv2_48-mstar-SourceManagerImpl: getCurrentSource return 1
08-12 13:36:41.170  1377  1377 D MiTv-Service-TvService: same updating source ignore
08-12 13:36:41.170  1377  1377 I PictureManager_JNI: selectWindow
08-12 13:36:41.170  1377  1377 I PictureManager_JNI: SetDisplayWindow
08-12 13:36:41.170   142  1520 W CROP    : Lock window enabled @ x,y,w,h=200,460,960,560
08-12 13:36:41.170   126   126 I tvos    : @@@MSrv_System_Database::GetVideoSettingm_u32VFreqForLockWind = 6000
08-12 13:36:41.171  1377  1377 I PictureManager_JNI: scaleWindow
08-12 13:36:41.175   126   126 I tvos    : PQ executed width=960 height=560 panel_w=3840 panel_h=2160 isMiracasEnabled=0
08-12 13:36:41.381   142  4655 W XCPERF  : End of PQ [819048]
08-12 13:36:41.382   126   126 I tvos    : enPQMNRType is 1
08-12 13:36:41.382   126   126 I tvos    : enPQFLType is 1
08-12 13:36:41.382   126   126 I tvos    : enPQMNRType is 1
08-12 13:36:41.382   126   126 I tvos    : MSrv_Picture::On, enAssignedInputSrc = 44
08-12 13:36:41.386   142  4655 V VIDEO   : [SetVideoMute:2261]
08-12 13:36:41.386   142  4655 V VIDEO   : [ENTER]bEnable: 0, u16WaitToDoTime :0 ,engine :0 
08-12 13:36:41.387   142  4655 V VIDEO   : [EnableVideoMute:2036]
08-12 13:36:41.387   142  4655 V VIDEO   : [ENTER]bEnable: 0, u16WaitToDoTime :0 ,engine :0, enScalerWinType: 0
08-12 13:36:41.387   142  4655 W VIDEO   : WaitFrameWrite2XC will modify from 0 to 0
08-12 13:36:41.387   142  4655 W VIDEO   : [36m Mute Engine is 0, engine is 0 [m
08-12 13:36:41.387   142  4655 W VIDEO   : bEnable: 0, getMuteFlag(engine, eWin): 1, 
08-12 13:36:41.387   142  4655 W VIDEO   : [Unmute By API]MuteEngine: 0,  u16WaitToDoTime :0 , tid: 4655 
08-12 13:36:41.387   142  4655 V VIDEO   : [MuteMainFuncByEngine:1966]
08-12 13:36:41.387   142  4655 V VIDEO   : [ENTER]bEnable: 0, pEngine :0 enDstWin: 0
08-12 13:36:41.387   142  4655 V VIDEO   : [XCVideoMute:1779]
08-12 13:36:41.387   142  4655 V VIDEO   : [ENTER][para 0, 0]
08-12 13:36:41.387   142  4655 V VIDEO   : [transferFrameColor:1432]
08-12 13:36:41.387   142  4655 V VIDEO   : [ENTER][para 0]
08-12 13:36:41.387   142  4655 V VIDEO   : [transferFrameColor:1461]
08-12 13:36:41.387   142  4655 V VIDEO   : [EXIT][para 0, 0]
08-12 13:36:41.388   126   126 I tvos    :  ******** MSrv_Picture::On  Skip **************11******SignalStable True**********
08-12 13:36:41.388   126   126 I tvos    : Enter SetVideoMute =======>
08-12 13:36:41.388   126   126 I tvos    : =============
08-12 13:36:41.400   142  4655 V VIDEO   : [NotifyXCtoDisableInputSource:1511]
08-12 13:36:41.400   142  4655 V VIDEO   : [ENTER][para 0, 0]
08-12 13:36:41.400   142  1547 W XCPERF  : Start of SetWindow [819067]
08-12 13:36:41.400   142  1547 W XCPERF  : Start of FD_MASK [819067]
08-12 13:36:41.416   142  4655 V VIDEO   : [NotifyXCtoDisableInputSource:1536]
08-12 13:36:41.416   142  4655 V VIDEO   : [EXIT][para 0, 0]
08-12 13:36:41.416   142  1547 W XCPERF  : End of FD_MASK [819083]
08-12 13:36:41.416   142  4655 V VIDEO   : [NotifyXCtoSetMemoryRequest:1540]
08-12 13:36:41.416   142  1547 W XCPERF  : Start of SetXCWindowEx [819083]
08-12 13:36:41.416   142  4655 V VIDEO   : [ENTER][para 0, 0]
08-12 13:36:41.416   142  1547 W XCPERF  : End of SetXCWindowEx [819083]
08-12 13:36:41.416   142  4655 V VIDEO   : [NotifyXCtoSetMemoryRequest:1567]
08-12 13:36:41.416   142  4655 V VIDEO   : [EXIT][para 0, 0]
08-12 13:36:41.418   142  4655 W VIDEO   : u16PQDelayTime=120   win=main [_WaitVideoStable][1728]
08-12 13:36:41.418   142  1547 W CROP    : CropWin assigned: x,y,w,h=51,14,1316,548
08-12 13:36:41.418   142  1547 W CROP    : DstWin Locked: x,y,w,h=200,460,960,560
08-12 13:36:41.418   142  1547 W CROP    : SrcWin1[Win=0]: x,y,w,h=229,15,1418,576
08-12 13:36:41.418   142  1547 W CROP    : CropWin1: x,y,w,h=51,14,1316,548
08-12 13:36:41.418   142  1547 W CROP    : DispWin1: x,y,w,h=200,460,960,560
08-12 13:36:41.418   142  1547 W CROP    : CropWin1.1: x,y,w,h=51,14,1316,548
08-12 13:36:41.418   126   126 I tvos    : === open 3D OverScan ===
08-12 13:36:41.419   142  1547 W CROP    : CropWin1.2: x,y,w,h=51,14,1316,548
08-12 13:36:41.419   142  1547 W CROP    : SrcWin2: x,y,w,h=229,15,1418,576
08-12 13:36:41.419   142  1547 W CROP    : CropWin2: x,y,w,h=51,14,1316,548
08-12 13:36:41.419   142  1547 W CROP    : DispWin2: x,y,w,h=200,460,960,560
08-12 13:36:41.419   142  1547 W CROP    : SrcWin3: x,y,w,h=229,15,1418,576
08-12 13:36:41.419   142  1547 W CROP    : CropWin3: x,y,w,h=51,14,1316,548
08-12 13:36:41.419   142  1547 W CROP    : DispWin3: x,y,w,h=200,460,960,560
08-12 13:36:41.419   142  1547 W CROP    : SrcWin5[Win=0]: x,y,w,h=229,15,1418,576
08-12 13:36:41.419   142  1547 W CROP    : CropWin5: x,y,w,h=51,14,1316,548
08-12 13:36:41.419   142  1547 W CROP    : DispWin5: x,y,w,h=200,460,960,560
08-12 13:36:41.420   126   126 I tvos    : Now is lock window, set force freerun to 60Hz
08-12 13:36:41.420   142  1547 W XCPERF  : Start of XC SetWindow [819087]
08-12 13:36:41.433   126   126 I tvos    : unknown IOCTL 20
08-12 13:36:41.433   126   126 I tvos    : Other soure is 1P mode
08-12 13:36:41.434   126   126 I tvos    : [_MDrv_SC_check_2p_mode][8636]u16Width=1418,u16Height=574,u32Vfreqx10=500
08-12 13:36:41.466   142  1547 W XCPERF  : End of XC SetWindow [819133]
08-12 13:36:41.466   142  1547 W 3D      : [EnablePWMSimulateLRToggle:10415] enable: 0, Period: 0, Duty: 0
08-12 13:36:41.466   142  1547 W XCPERF  : Start of XC SetPanelTiming [819133]
08-12 13:36:41.467   126   126 I tvos    : >>>>>>>>>>>>>>>stTimingInfo.u16InputVTotal = 625
08-12 13:36:41.467   126   126 I tvos    : [MApi_XC_GetAccurateVFreqx1K_U2, 3777]Attention: MApi_XC_GetAccurateVFreqx1K is obsolete, please use MApi_XC_CalculateVFreqx10 instead!
08-12 13:36:41.499   126   126 I tvos    : @@11=39
08-12 13:36:41.499   126   126 I tvos    : @@11=39
08-12 13:36:41.499   126   126 I tvos    : @@11=39
08-12 13:36:41.499   126   126 I tvos    : @@11=39
08-12 13:36:41.516   126   126 I tvos    : @@11=39
08-12 13:36:41.516   126   126 I tvos    : @@11=39
08-12 13:36:41.518   142  1547 W XCPERF  : End of XC SetPanelTiming [819185]
08-12 13:36:41.518   142  1547 W XCPERF  : Start of FD_MASK [819185]
08-12 13:36:41.518   142  1547 W XCPERF  : End of FD_MASK [819185]
08-12 13:36:41.518   142  1547 W XCPERF  : Start of PQ [819185]
08-12 13:36:41.518   126   126 I tvos    : mapi_video_base.cpp, SetWindow, 5230, enARCType is 1
08-12 13:36:41.518   126   126 I tvos    : BW Window:0, PQSource:1, Hsize:1418, Vsize: 574, interlace:1, Vfreq=500
08-12 13:36:41.519   126   126 I tvos    : Read Bandwidthtable.bin
08-12 13:36:41.519   126   126 I tvos    : MApi_XC_ACE_ColorCorrectionTable::::: s16ATV
08-12 13:36:41.519   126   126 I tvos    : =diff source
08-12 13:36:41.534   126   126 I tvos    : @@@MSrv_System_Database::GetVideoSetting
08-12 13:36:41.534   126   126 I tvos    : PQ executed width=960 height=560 panel_w=3840 panel_h=2160 isMiracasEnabled=0
08-12 13:36:41.534   126   126 I tvos    : enPQMNRType is 1
08-12 13:36:41.534   126   126 I tvos    : enPQFLType is 1
08-12 13:36:41.534   126   126 I tvos    : enPQMNRType is 1
08-12 13:36:41.534   142  1547 W XCPERF  : End of PQ [819201]
08-12 13:36:41.534   126   126 I tvos    : MSrv_Picture::On, enAssignedInputSrc = 44
08-12 13:36:41.545   142  4655 V VIDEO   : [NotifyXCtoGenerateBlackVideo:1571]
08-12 13:36:41.545   142  4655 V VIDEO   : [ENTER][para 0, 0]
08-12 13:36:41.567   142  4655 V VIDEO   : [NotifyXCtoGenerateBlackVideo:1643]
08-12 13:36:41.567   142  4655 V VIDEO   : [EXIT][para 0, 0]
08-12 13:36:41.567   142  4655 V VIDEO   : [XCVideoMute:1827]
08-12 13:36:41.567   142  4655 V VIDEO   : [EXIT]
08-12 13:36:41.567   142  4655 V VIDEO   : [MuteMainFuncByEngine:1983]
08-12 13:36:41.567   142  4655 V VIDEO   : [EXIT]bEnable: 0, pEngine :0,
08-12 13:36:41.567   142  4655 W VIDEO   : BACKEND engine is 0
08-12 13:36:41.567   142  4655 W VIDEO   : BACKEND engine video only is 0
08-12 13:36:41.567   142  4655 W VIDEO   : SOC engine is 0
08-12 13:36:41.567   142  4655 W VIDEO   : XC engine (MAIN) is 1
08-12 13:36:41.567   142  4655 W VIDEO   : XC engine (SUB) is 1
08-12 13:36:41.567   142  4655 W VIDEO   : Lock Mute Status => 
08-12 13:36:41.567   142  4655 W VIDEO   : Lock Status: APP:UNLOCK, RESERVE_1:UNLOCK, RESERVE_2:UNLOCK, RESERVE_3:UNLOCK
08-12 13:36:41.567   142  4655 W VIDEO   : enScalerWinType: MAIN, isLock: 0
08-12 13:36:41.567   142  4655 W VIDEO   : Lock Status: APP:UNLOCK, RESERVE_1:UNLOCK, RESERVE_2:UNLOCK, RESERVE_3:UNLOCK
08-12 13:36:41.567   142  4655 W VIDEO   : enScalerWinType: SUB, isLock: 0
08-12 13:36:41.567   142  4655 W VIDEO   : ==== Decrease After ====
08-12 13:36:41.567   142  4655 W VIDEO   : BACKEND engine is 0
08-12 13:36:41.567   142  4655 W VIDEO   : BACKEND engine video only is 0
08-12 13:36:41.567   142  4655 W VIDEO   : SOC engine is 0
08-12 13:36:41.567   142  4655 W VIDEO   : XC engine (MAIN) is 0
08-12 13:36:41.567   142  4655 W VIDEO   : XC engine (SUB) is 1
08-12 13:36:41.567   142  4655 W VIDEO   : Lock Mute Status => 
08-12 13:36:41.567   142  4655 W VIDEO   : Lock Status: APP:UNLOCK, RESERVE_1:UNLOCK, RESERVE_2:UNLOCK, RESERVE_3:UNLOCK
08-12 13:36:41.567   142  4655 W VIDEO   : enScalerWinType: MAIN, isLock: 0
08-12 13:36:41.567   142  4655 W VIDEO   : Lock Status: APP:UNLOCK, RESERVE_1:UNLOCK, RESERVE_2:UNLOCK, RESERVE_3:UNLOCK
08-12 13:36:41.567   142  4655 W VIDEO   : enScalerWinType: SUB, isLock: 0
08-12 13:36:41.567   142  4655 V VIDEO   : [EnableVideoMute:2176]
08-12 13:36:41.567   142  4655 V VIDEO   : [EXIT]bEnable: 0, u16WaitToDoTime :0 ,engine :0, enScalerWinType: 0
08-12 13:36:41.567   142  4655 V VIDEO   : [SetVideoMute:2297]
08-12 13:36:41.567   142  4655 V VIDEO   : [EXIT]bEnable: 0, u16WaitToDoTime :0 ,engine :0 
08-12 13:36:41.583   126   126 I tvos    :  ******** MSrv_Picture::On  Skip ***********[AUTO_TEST][source change]: Unmute [819250]
08-12 13:36:41.584   126   126 I tvos    : [AUTO_TEST][source change]: Unmute 
08-12 13:36:41.584   126   126 I tvos    : [AT][SN][unmute][823551]
08-12 13:36:41.584   126   126 I tvos    : [AT][T_SN][unmute][819250]
08-12 13:36:41.584   126   126 I tvos    : [1;32m 
08-12 13:36:41.584   126   126 I tvos    : Aud Mute Status: p:0, [0m [1;32m m:0, [0m [1;32m u:0, [0m [1;31m s:1, [0m [1;32m b:0, [0m [1;32m v:0, [0m [1;31m i1:1, [0m [1;32m i2:0, [0m [1;32m i3:0, [0m [1;32m i4:0, [0m [1;31m t:1, [0m [1;32m mhg:0, [0m [1;32m CI:0, [0m [1;31m sc:1, [0m [1;32m ss:0, [0m [1;32m PowerOn:0, [0m [1;32m User Mute Status: spkr:0, [0m [1;32m hp:0, [0m[1;32m sc1:0, [0m[1;32m sc2:0, [0m [1;32m di:0, [0m [1;32m AllMute:0, [0m [1;32m UsrSpdif:0, [0m [1;32m hp_d:0, [0m [1;32m null:0 [0m 
08-12 13:36:41.584   126   126 I tvos    : [1;32m S_Mode:0, [0m [1;32m S_p:0, [0m [1;32m S_m:0, [0m [1;32m S_u:0, [0m [1;32m S_s:0, [0m [1;32m S_b:0, [0m [1;32m S_v:0, [0m [1;32m S_i1:0, [0m [1;32m S_i2:0, [0m [1;32m S_i3:0, [0m [1;32m S_i4:0, [0m [1;32m S_t:0, [0m [1;32m S_sc:0, [0m [1;32m S_ss:0, [0m [1;32m S_mhg:0, [0m [1;32m S_CI:0, [0m 
08-12 13:36:41.584   126   126 I tvos    : [1;32m PcmCapture1:0, [0m 
08-12 13:36:41.584   126   126 I tvos    : [1;32m PcmCapture2:0, [0m 
08-12 13:36:41.584   126   126 I tvos    : [1;31m inputMain:1, [0m 
08-12 13:36:41.584   126   126 I tvos    : [1;32m allSource:0, [0m 
08-12 13:36:41.584   126   126 I tvos    : [1;32m BT:0, [0m 
08-12 13:36:41.616   126   126 I tvos    : [1;32m 
08-12 13:36:41.616   126   126 I tvos    : Aud Mute Status: p:0, [0m [1;32m m:0, [0m [1;32m u:0, [0m [1;31m s:1, [0m [1;32m b:0, [0m [1;32m v:0, [0m [1;31m i1:1, [0m [1;32m i2:0, [0m [1;32m i3:0, [0m [1;32m i4:0, [0m [1;31m t:1, [0m [1;32m mhg:0, [0m [1;32m CI:0, [0m [1;32m sc:0, [0m [1;32m ss:0, [0m [1;32m PowerOn:0, [0m [1;32m User Mute Status: spkr:0, [0m [1;32m hp:0, [0m[1;32m sc1:0, [0m[1;32m sc2:0, [0m [1;32m di:0, [0m [1;32m AllMute:0, [0m [1;32m UsrSpdif:0, [0m [1;32m hp_d:0, [0m [1;32m null:0 [0m 
08-12 13:36:41.616   126   126 I tvos    : [1;32m S_Mode:0, [0m [1;32m S_p:0, [0m [1;32m S_m:0, [0m [1;32m S_u:0, [0m [1;32m S_s:0, [0m [1;32m S_b:0, [0m [1;32m S_v:0, [0m [1;32m S_i1:0, [0m [1;32m S_i2:0, [0m [1;32m S_i3:0, [0m [1;32m S_i4:0, [0m [1;32m S_t:0, [0m [1;32m S_sc:0, [0m [1;32m S_ss:0, [0m [1;32m S_mhg:0, [0m [1;32m S_CI:0, [0m 
08-12 13:36:41.616   126   126 I tvos    : [1;32m PcmCapture1:0, [0m 
08-12 13:36:41.616   126   126 I tvos    : [1;32m PcmCapture2:0, [0m 
08-12 13:36:41.616   126   126 I tvos    : [1;31m inputMain:1, [0m 
08-12 13:36:41.616   126   126 I tvos    : [1;32m allSource:0, [0m 
08-12 13:36:41.616   126   126 I tvos    : [1;32m BT:0, [0m 
08-12 13:36:41.648   126   126 I tvos    : [1;32m 
08-12 13:36:41.648   126   126 I tvos    : Aud Mute Status: p:0, [0m [1;32m m:0, [0m [1;32m u:0, [0m [1;31m s:1, [0m [1;32m b:0, [0m [1;32m v:0, [0m [1;31m i1:1, [0m [1;32m i2:0, [0m [1;32m i3:0, [0m [1;32m i4:0, [0m [1;31m t:1, [0m [1;32m mhg:0, [0m [1;32m CI:0, [0m [1;32m sc:0, [0m [1;32m ss:0, [0m [1;32m PowerOn:0, [0m [1;32m User Mute Status: spkr:0, [0m [1;32m hp:0, [0m[1;32m sc1:0, [0m[1;32m sc2:0, [0m [1;32m di:0, [0m [1;32m AllMute:0, [0m [1;32m UsrSpdif:0, [0m [1;32m hp_d:0, [0m [1;32m null:0 [0m 
08-12 13:36:41.648   126   126 I tvos    : [1;32m S_Mode:0, [0m [1;32m S_p:0, [0m [1;32m S_m:0, [0m [1;32m S_u:0, [0m [1;32m S_s:0, [0m [1;32m S_b:0, [0m [1;32m S_v:0, [0m [1;32m S_i1:0, [0m [1;32m S_i2:0, [0m [1;32m S_i3:0, [0m [1;32m S_i4:0, [0m [1;32m S_t:0, [0m [1;32m S_sc:0, [0m [1;32m S_ss:0, [0m [1;32m S_mhg:0, [0m [1;32m S_CI:0, [0m 
08-12 13:36:41.648   126   126 I tvos    : [1;32m PcmCapture1:0, [0m 
08-12 13:36:41.648   126   126 I tvos    : [1;32m PcmCapture2:0, [0m 
08-12 13:36:41.648   126   126 I tvos    : [1;31m inputMain:1, [0m 
08-12 13:36:41.648   126   126 I tvos    : [1;32m allSource:0, [0m 
08-12 13:36:41.648   126   126 I tvos    : [1;32m BT:0, [0m 
08-12 13:36:41.684  2192  2192 I MiTv-Impl-tv2_48-mstar-SourceManagerImpl: 1 set window ready, signal 8 arrived!
08-12 13:36:41.693   126   126 I tvos    : [1;32m 
08-12 13:36:41.693   126   126 I tvos    : Aud Mute Status: p:0, [0m [1;32m m:0, [0m [1;32m u:0, [0m [1;32m s:0, [0m [1;32m b:0, [0m [1;32m v:0, [0m [1;31m i1:1, [0m [1;32m i2:0, [0m [1;32m i3:0, [0m [1;32m i4:0, [0m [1;31m t:1, [0m [1;32m mhg:0, [0m [1;32m CI:0, [0m [1;32m sc:0, [0m [1;32m ss:0, [0m [1;32m PowerOn:0, [0m [1;32m User Mute Status: spkr:0, [0m [1;32m hp:0, [0m[1;32m sc1:0, [0m[1;32m sc2:0, [0m [1;32m di:0, [0m [1;32m AllMute:0, [0m [1;32m UsrSpdif:0, [0m [1;32m hp_d:0, [0m [1;32m null:0 [0m 
08-12 13:36:41.693   126   126 I tvos    : [1;32m S_Mode:0, [0m [1;32m S_p:0, [0m [1;32m S_m:0, [0m [1;32m S_u:0, [0m [1;32m S_s:0, [0m [1;32m S_b:0, [0m [1;32m S_v:0, [0m [1;32m S_i1:0, [0m [1;32m S_i2:0, [0m [1;32m S_i3:0, [0m [1;32m S_i4:0, [0m [1;32m S_t:0, [0m [1;32m S_sc:0, [0m [1;32m S_ss:0, [0m [1;32m S_mhg:0, [0m [1;32m S_CI:0, [0m 
08-12 13:36:41.693   126   126 I tvos    : [1;32m PcmCapture1:0, [0m 
08-12 13:36:41.693   126   126 I tvos    : [1;32m PcmCapture2:0, [0m 
08-12 13:36:41.693   126   126 I tvos    : [1;31m inputMain:1, [0m 
08-12 13:36:41.693   126   126 I tvos    : [1;32m allSource:0, [0m 
08-12 13:36:41.693   126   126 I tvos    : [1;32m BT:0, [0m 
08-12 13:36:41.696  1377  1377 D MiTv-Service-TvService: scaleWindow x=200 y=460 mWidth=960 mHeight=560 mute=false time=0 cost 526 ret=true
08-12 13:36:41.696  2455  2455 I ChannelManager_JNI: getCurrChannelNumber
08-12 13:36:41.696  1377  1377 D MiTv-Service-TvService: mCurSource=1 previous operation=3 mPendingOperation=0 mCurWindow=Rect(200, 460 - 960, 560) mDisplayWindowReadySource=34 mPendingMoveWindow=null
08-12 13:36:41.696  2455  2455 I MiTv-Impl-tv2_48-mstar-AtvManagerImpl: getCurrentChannel() 0
08-12 13:36:41.696  2455  2455 I MiTv-Impl-tv2_48-mstar-AtvManagerImpl: getCurrentChannel() final 0
08-12 13:36:41.697  2455  2455 E MiTv-Impl-tv2_48-mstar-DtvManagerImpl: why input source not dtv
08-12 13:36:41.725   126   126 I tvos    : EV_DTV_PROGRAM_INFO_READY
08-12 13:36:41.729   126   126 I tvos    : EV_DTV_PROGRAM_INFO_READY to client
08-12 13:36:41.729   126   126 I tvos    : EV_DTV_PROGRAM_INFO_READY to client
08-12 13:36:41.730   126   126 I tvos    : EV_DTV_PROGRAM_INFO_READY to client
08-12 13:36:41.966   126   126 I tvos    : [1;32m 
08-12 13:36:41.966   126   126 I tvos    : Aud Mute Status: p:0, [0m [1;32m m:0, [0m [1;32m u:0, [0m [1;32m s:0, [0m [1;32m b:0, [0m [1;32m v:0, [0m [1;31m i1:1, [0m [1;32m i2:0, [0m [1;32m i3:0, [0m [1;32m i4:0, [0m [1;32m t:0, [0m [1;32m mhg:0, [0m [1;32m CI:0, [0m [1;32m sc:0, [0m [1;32m ss:0, [0m [1;32m PowerOn:0, [0m [1;32m User Mute Status: spkr:0, [0m [1;32m hp:0, [0m[1;32m sc1:0, [0m[1;32m sc2:0, [0m [1;32m di:0, [0m [1;32m AllMute:0, [0m [1;32m UsrSpdif:0, [0m [1;32m hp_d:0, [0m [1;32m null:0 [0m 
08-12 13:36:41.966   126   126 I tvos    : [1;32m S_Mode:0, [0m [1;32m S_p:0, [0m [1;32m S_m:0, [0m [1;32m S_u:0, [0m [1;32m S_s:0, [0m [1;32m S_b:0, [0m [1;32m S_v:0, [0m [1;32m S_i1:0, [0m [1;32m S_i2:0, [0m [1;32m S_i3:0, [0m [1;32m S_i4:0, [0m [1;32m S_t:0, [0m [1;32m S_sc:0, [0m [1;32m S_ss:0, [0m [1;32m S_mhg:0, [0m [1;32m S_CI:0, [0m 
08-12 13:36:41.966   126   126 I tvos    : [1;32m PcmCapture1:0, [0m 
08-12 13:36:41.966   126   126 I tvos    : [1;32m PcmCapture2:0, [0m 
08-12 13:36:41.966   126   126 I tvos    : [1;31m inputMain:1, [0m 
08-12 13:36:41.966   126   126 I tvos    : [1;32m allSource:0, [0m 
08-12 13:36:41.966   126   126 I tvos    : [1;32m BT:0, [0m 
08-12 13:36:42.062  4442  4462 W System.err: java.net.UnknownHostException: no name with type 0x00 with no scope for host 192.168.31.143
08-12 13:36:42.062  4442  4462 W System.err: 	at jcifs.netbios.NbtAddress.getAllByAddress(NbtAddress.java:523)
08-12 13:36:42.062  4442  4462 W System.err: 	at jcifs.netbios.NbtAddress.getAllByAddress(NbtAddress.java:479)
08-12 13:36:42.062  4442  4462 W System.err: 	at com.duokan.cloudalbum.DKSmbManager.getSmbHostName(DKSmbManager.java:266)
08-12 13:36:42.062  4442  4462 W System.err: 	at com.duokan.cloudalbum.DKSmbManager.searchSmb(DKSmbManager.java:280)
08-12 13:36:42.062  4442  4462 W System.err: 	at com.duokan.cloudalbum.DKSmbManager.SearchLAN(DKSmbManager.java:479)
08-12 13:36:42.062  4442  4462 W System.err: 	at com.duokan.cloudalbum.DKSmbManager.SearchAll(DKSmbManager.java:511)
08-12 13:36:42.062  4442  4462 W System.err: 	at com.duokan.cloudalbum.DKSmbManager$SearchThread.run(DKSmbManager.java:525)
08-12 13:36:42.184  2192  2216 I MiTv-Impl-tv2_48-mstar-SourceManagerImpl: getCurrentSource return 1
08-12 13:36:42.346   514  1246 E WifiStateMachine: handleMessage: E msg.what=131155
08-12 13:36:42.346   514  1246 E WifiStateMachine: processMsg: ConnectedState
08-12 13:36:42.347   514  1246 E WifiStateMachine:  ConnectedState !CMD_RSSI_POLL 1 0 "DKTest_B18_5G" 8c:be:be:20:a6:9d rssi=-32 f=5765 sc=60 link=526 tx=2.2, 0.0, 0.0  rx=19.4 bcn=0 [on:0 tx:0 rx:0 period:3002] from screen [on:0 period:543758187] gl rssi=-32 ag=0 hr ticks 0,0,0 ls-=0 [56,56,56,56,61] brc=0 lrc=0
08-12 13:36:42.347   514  1246 E WifiStateMachine: processMsg: L2ConnectedState
08-12 13:36:42.348   514  1246 E WifiStateMachine:  L2ConnectedState !CMD_RSSI_POLL 1 0 "DKTest_B18_5G" 8c:be:be:20:a6:9d rssi=-32 f=5765 sc=60 link=526 tx=2.2, 0.0, 0.0  rx=19.4 bcn=0 [on:0 tx:0 rx:0 period:1] from screen [on:0 period:543758188] gl rssi=-32 ag=0 hr ticks 0,0,0 ls-=0 [56,56,56,56,61] brc=0 lrc=0
08-12 13:36:42.348   514  1246 E WifiStateMachine:  get link layer stats 0
08-12 13:36:42.348   514  1246 D wifi    : doCommand: IFNAME=wlan0 SIGNAL_POLL
08-12 13:36:42.348  3807  3807 I wpa_supplicant: [CTRL_IFACE]wlan0: SIGNAL_POLL
08-12 13:36:42.350  3807  3807 D wpa_supplicant: nl80211: survey data missing!
08-12 13:36:42.350   514  1246 D wifi    : cmd = IFNAME=wlan0 SIGNAL_POLL, reply: RSSI=-32
08-12 13:36:42.350   514  1246 D wifi    : LINKSPEED=526
08-12 13:36:42.350   514  1246 D wifi    : NOISE=9999
08-12 13:36:42.350   514  1246 D wifi    : FREQUENCY=5765
08-12 13:36:42.350   514  1246 E WifiStateMachine: fetchRssiLinkSpeedAndFrequencyNative rssi=-32 linkspeed=526
08-12 13:36:42.351   514  1246 E WifiStateMachine: calculateWifiScore freq=5765 speed=526 score=60 highRSSI  -> txbadrate=0.00 txgoodrate=10.60 txretriesrate=0.00 rxrate=16.71 userTriggerdPenalty0
08-12 13:36:42.351   514  1246 E WifiStateMachine:  good link -> stuck count =0
08-12 13:36:42.351   514  1246 E WifiStateMachine:  badRSSI count0 lowRSSI count0 --> score 60
08-12 13:36:42.351   514  1246 E WifiStateMachine:  isHighRSSI       ---> score=65
08-12 13:36:42.352  2285  2285 D MiTVNetworkController: action onReceive is : android.net.wifi.RSSI_CHANGED, mitv.network.ethernet.action.ETHERNET_STATE_CHANGED
08-12 13:36:42.352   514  1246 E WifiStateMachine: handleMessage: X
08-12 13:36:42.352  2285  2285 D MiTVNetworkController: updateWifiIcons mWifiConnected:true, mWifiLevel:4
08-12 13:36:42.352  2285  2285 D NetworkStateManager: changeNetworkState, type:2, flag:0, level:4, lable:DKTest_B18_5G
08-12 13:36:42.352  2285  2285 D NetworkStateView: changeNetworkState type:2, flag:1, level:4, label:DKTest_B18_5G, last_lable:null
08-12 13:36:42.688   126   126 I tvos    : [1;32m 
08-12 13:36:42.688   126   126 I tvos    : Aud Mute Status: p:0, [0m [1;32m m:0, [0m [1;32m u:0, [0m [1;32m s:0, [0m [1;32m b:0, [0m [1;32m v:0, [0m [1;32m i1:0, [0m [1;32m i2:0, [0m [1;32m i3:0, [0m [1;32m i4:0, [0m [1;32m t:0, [0m [1;32m mhg:0, [0m [1;32m CI:0, [0m [1;32m sc:0, [0m [1;32m ss:0, [0m [1;32m PowerOn:0, [0m [1;32m User Mute Status: spkr:0, [0m [1;32m hp:0, [0m[1;32m sc1:0, [0m[1;32m sc2:0, [0m [1;32m di:0, [0m [1;32m AllMute:0, [0m [1;32m UsrSpdif:0, [0m [1;32m hp_d:0, [0m [1;32m null:0 [0m 
08-12 13:36:42.688   126   126 I tvos    : [1;32m S_Mode:0, [0m [1;32m S_p:0, [0m [1;32m S_m:0, [0m [1;32m S_u:0, [0m [1;32m S_s:0, [0m [1;32m S_b:0, [0m [1;32m S_v:0, [0m [1;32m S_i1:0, [0m [1;32m S_i2:0, [0m [1;32m S_i3:0, [0m [1;32m S_i4:0, [0m [1;32m S_t:0, [0m [1;32m S_sc:0, [0m [1;32m S_ss:0, [0m [1;32m S_mhg:0, [0m [1;32m S_CI:0, [0m 
08-12 13:36:42.688   126   126 I tvos    : [1;32m PcmCapture1:0, [0m 
08-12 13:36:42.688   126   126 I tvos    : [1;32m PcmCapture2:0, [0m 
08-12 13:36:42.688   126   126 I tvos    : [1;31m inputMain:1, [0m 
08-12 13:36:42.688   126   126 I tvos    : [1;32m allSource:0, [0m 
08-12 13:36:42.688   126   126 I tvos    : [1;32m BT:0, [0m 
08-12 13:36:42.720   126   126 I tvos    : EV_DTV_PROGRAM_INFO_READY
08-12 13:36:42.722   126   126 I tvos    : EV_DTV_PROGRAM_INFO_READY to client
08-12 13:36:42.722   126   126 I tvos    : EV_DTV_PROGRAM_INFO_READY to client
08-12 13:36:42.723   126   126 I tvos    : EV_DTV_PROGRAM_INFO_READY to client
08-12 13:36:43.607   514   556 I am_proc_start: [0,4657,1000,com.xiaomi.devicereport,broadcast,com.xiaomi.devicereport/.receiver.DropboxMessageReceiver]
08-12 13:36:43.607   514   556 I ActivityManager: Start proc com.xiaomi.devicereport for broadcast com.xiaomi.devicereport/.receiver.DropboxMessageReceiver: pid=4657 uid=1000 gids={41000, 9997, 3003, 1028, 1015, 1007, 2001, 1023, 3006, 3002, 3001} abi=armeabi-v7a
08-12 13:36:43.619   135   135 I art     : Explicit concurrent mark sweep GC freed 709(30KB) AllocSpace objects, 0(0B) LOS objects, 39% free, 2MB/3MB, paused 200us total 11.889ms
08-12 13:36:43.629   135   135 I art     : Explicit concurrent mark sweep GC freed 5(160B) AllocSpace objects, 0(0B) LOS objects, 39% free, 2MB/3MB, paused 179us total 10.294ms
08-12 13:36:43.631   514  1374 I am_proc_bound: [0,4657,com.xiaomi.devicereport]
08-12 13:36:43.640   135   135 I art     : Explicit concurrent mark sweep GC freed 5(160B) AllocSpace objects, 0(0B) LOS objects, 39% free, 2MB/3MB, paused 152us total 9.822ms
08-12 13:36:43.681  4657  4657 I LoadedApk: No resource references to update in package com.xiaomi.mitv.res
08-12 13:36:43.725  4657  4657 I TVMQTTPushClient: This is new version Jar
08-12 13:36:43.727  4657  4657 D DeviceReport: added job id: -2147483647 class: ClientRegistJob priority: 1000 delay: 0 group : push.job persistent: false requires network: true
08-12 13:36:43.734  4657  4657 D DeviceReport: main: load factor check. true = (0 < 1)|| (0 * 3 < 1 + 0). consumer thread: false
08-12 13:36:43.734  4657  4657 D DeviceReport: adding another consumer
08-12 13:36:43.736  4657  4675 D DeviceReport: starting consumer Thread-442
08-12 13:36:43.738  4657  4657 D DeviceReport: alarm was set
08-12 13:36:43.738  4657  4675 D DeviceReport: running job ClientRegistJob
08-12 13:36:43.738  4657  4675 D TVMQTTPushClient: enter registerPush
08-12 13:36:43.739  4657  4675 W ContextImpl: Calling a method in the system process without a qualified user: android.app.ContextImpl.bindService:1750 android.content.ContextWrapper.bindService:538 com.xiaomi.mitv.tvmqttpush.tvmqttpushsdk.api.TVMQTTPushClient.registerPush:80 com.xiaomi.devicereport.push.ClientRegistJob.onRun:25 com.path.android.jobqueue.BaseJob.safeRun:108 
08-12 13:36:43.739  4657  4675 W ContextImpl: Implicit intents with startService are not safe: Intent { act=com.xiaomi.mitv.action.TVMQTTPushService } android.content.ContextWrapper.bindService:538 com.xiaomi.mitv.tvmqttpush.tvmqttpushsdk.api.TVMQTTPushClient.registerPush:80 com.xiaomi.devicereport.push.ClientRegistJob.onRun:25 
08-12 13:36:43.741  4657  4675 I TVMQTTPushClient: Bind ITVMQTTPushService success
08-12 13:36:43.741  4657  4675 D DeviceReport: finished job ClientRegistJob
08-12 13:36:43.752  2344  2373 I TVMQTTPushManager: Regist call back in mPushCallbackTable success: com.xiaomi.devicereport
08-12 13:36:43.752  2344  2344 I TVMQTTPushManager: buildCommandMsg action:register resultCode:0
08-12 13:36:43.752  4657  4657 I TVMQTTPushClient: TVMQTTPushClient is ready!
08-12 13:36:43.753  4657  4673 D DeviceReport: regist or subscribe response: {"command":"register","resultcode":0,"regId":"dummy"}
08-12 13:36:43.753  4657  4673 D TVMQTTPushClient: enter subscribe
08-12 13:36:43.753  2344  2344 W TVMQTTPushManager: subscribe topic = $SYS/rc/req/
08-12 13:36:43.753  2344  2344 I TVMQTTPushManager: subscribe topic in mPushCallbackTable success: $SYS/rc/req/
08-12 13:36:43.755  2344  2344 E MqttAsyncClient: 5b11bace3b21548f71a273121cfa15a6:7ab11843c8a84f08a91dca4787a1f362: Subscribe topicFilter=topic=$SYS/rc/req/ qos=1 userContext=null callback=org.eclipse.paho.android.service.MqttConnection$MqttConnectionListener@37a0d62e
08-12 13:36:43.755  2344  2344 E ClientComms: 5b11bace3b21548f71a273121cfa15a6:7ab11843c8a84f08a91dca4787a1f362: internalSend key=0 message=SUBSCRIBE names:[] qos:[] token=org.eclipse.paho.client.mqttv3.MqttToken@65165cf
08-12 13:36:43.756  2344  2344 E ClientState: 5b11bace3b21548f71a273121cfa15a6:7ab11843c8a84f08a91dca4787a1f362: pending send key=7 message SUBSCRIBE names:[] qos:[]
08-12 13:36:43.756  2344  2344 E CommsTokenStore: 5b11bace3b21548f71a273121cfa15a6:7ab11843c8a84f08a91dca4787a1f362: key=7 message=SUBSCRIBE names:[] qos:[]
08-12 13:36:43.756  2344  2344 E CommsTokenStore: 5b11bace3b21548f71a273121cfa15a6:7ab11843c8a84f08a91dca4787a1f362: key=7 token=org.eclipse.paho.client.mqttv3.MqttToken@65165cf
08-12 13:36:43.756  2344  2344 E MqttAsyncClient: 5b11bace3b21548f71a273121cfa15a6:7ab11843c8a84f08a91dca4787a1f362: <
08-12 13:36:43.756  2344  4058 E ClientState: 5b11bace3b21548f71a273121cfa15a6:7ab11843c8a84f08a91dca4787a1f362: new work or ping arrived 
08-12 13:36:43.756  2344  4058 E CommsSender: 5b11bace3b21548f71a273121cfa15a6:7ab11843c8a84f08a91dca4787a1f362: network send key=7 msg=SUBSCRIBE names:[] qos:[]
08-12 13:36:43.757  2344  4058 E ClientState: 5b11bace3b21548f71a273121cfa15a6:7ab11843c8a84f08a91dca4787a1f362: connected
08-12 13:36:43.757  2344  4058 E ClientState: 5b11bace3b21548f71a273121cfa15a6:7ab11843c8a84f08a91dca4787a1f362: connected
08-12 13:36:43.757  2344  4058 E MqttOutputStream: null: 500
08-12 13:36:43.757  2344  4058 E ClientState: 5b11bace3b21548f71a273121cfa15a6:7ab11843c8a84f08a91dca4787a1f362: key=7
08-12 13:36:43.757  2344  4058 E Token   : 5b11bace3b21548f71a273121cfa15a6:7ab11843c8a84f08a91dca4787a1f362: > key=7
08-12 13:36:43.758  2344  4058 E ClientState: 5b11bace3b21548f71a273121cfa15a6:7ab11843c8a84f08a91dca4787a1f362: wait for new work or for space in the inflight window
08-12 13:36:43.758  2344  2344 I TVMQTTPushManager: registCallback return directly
08-12 13:36:43.758  2344  2344 W TVMQTTPushManager: onCommandResult
08-12 13:36:43.793  2344  4057 E ClientState: 5b11bace3b21548f71a273121cfa15a6:7ab11843c8a84f08a91dca4787a1f362: received bytes count=1
08-12 13:36:43.793  2344  4057 E ClientState: 5b11bace3b21548f71a273121cfa15a6:7ab11843c8a84f08a91dca4787a1f362: received bytes count=3
08-12 13:36:43.794  2344  4057 E MqttInputStream: null: 501
08-12 13:36:43.794  2344  4057 E ClientState: 5b11bace3b21548f71a273121cfa15a6:7ab11843c8a84f08a91dca4787a1f362: received key=7 message=SUBACK msgId 7 granted Qos 0
08-12 13:36:43.794  2344  4057 E Token   : 5b11bace3b21548f71a273121cfa15a6:7ab11843c8a84f08a91dca4787a1f362: >key=7 response=SUBACK msgId 7 granted Qos 0 excep=null
08-12 13:36:43.794  2344  4057 E ClientState: 5b11bace3b21548f71a273121cfa15a6:7ab11843c8a84f08a91dca4787a1f362: key7, msg=SUBACK msgId 7 granted Qos 0, excep=null
08-12 13:36:43.794  2344  4057 E CommsCallback: 5b11bace3b21548f71a273121cfa15a6:7ab11843c8a84f08a91dca4787a1f362: new workAvailable. key=7
08-12 13:36:43.794  2344  4057 E CommsTokenStore: 5b11bace3b21548f71a273121cfa15a6:7ab11843c8a84f08a91dca4787a1f362: key=7
08-12 13:36:43.794  2344  4057 E CommsReceiver: 5b11bace3b21548f71a273121cfa15a6:7ab11843c8a84f08a91dca4787a1f362: network read message
08-12 13:36:43.795  2344  4059 E CommsCallback: 5b11bace3b21548f71a273121cfa15a6:7ab11843c8a84f08a91dca4787a1f362: callback and notify for key=7
08-12 13:36:43.795  2344  4059 E Token   : 5b11bace3b21548f71a273121cfa15a6:7ab11843c8a84f08a91dca4787a1f362: >key=7 response=SUBACK msgId 7 granted Qos 0 excep=null
08-12 13:36:43.795  2344  4059 E CommsCallback: 5b11bace3b21548f71a273121cfa15a6:7ab11843c8a84f08a91dca4787a1f362: call onSuccess key=7
08-12 13:36:43.797  2344  4059 W ContextImpl: Calling a method in the system process without a qualified user: android.app.ContextImpl.sendBroadcast:1321 android.content.ContextWrapper.sendBroadcast:376 org.eclipse.paho.android.service.MqttService.callbackToActivity:-1 org.eclipse.paho.android.service.MqttConnection$MqttConnectionListener.onSuccess:-1 org.eclipse.paho.client.mqttv3.internal.CommsCallback.fireActionEvent:-1 
08-12 13:36:43.799  2344  4059 E ClientState: 5b11bace3b21548f71a273121cfa15a6:7ab11843c8a84f08a91dca4787a1f362: received key=7 token=org.eclipse.paho.client.mqttv3.MqttToken@65165cf message=SUBACK msgId 7 granted Qos 0
08-12 13:36:43.799  2344  4059 E CommsCallback: 5b11bace3b21548f71a273121cfa15a6:7ab11843c8a84f08a91dca4787a1f362: notify spaceAvailable
08-12 13:36:43.799  2344  4059 E CommsCallback: 5b11bace3b21548f71a273121cfa15a6:7ab11843c8a84f08a91dca4787a1f362: wait for workAvailable
08-12 13:36:43.800  2344  2344 W TVMQTTPushManager: onSuccess: subscribe action, id = 0
08-12 13:36:43.800  2344  2344 I TVMQTTPushManager: buildCommandMsg action:subscribe-topic resultCode:0
08-12 13:36:43.801  4657  4674 D DeviceReport: regist or subscribe response: {"command":"subscribe-topic","resultcode":0,"topic":"$SYS\/rc\/req\/"}
08-12 13:36:43.801  4657  4674 D DeviceReport: sub topic done: $SYS/rc/req/ code: 0
08-12 13:36:43.801  2344  2344 W TVMQTTPushManager: call onCommandResult
08-12 13:36:44.312  2192  2192 D MiTVDesktopAdMgr: Service Ready start request
08-12 13:36:44.314     0     0 I Kernel  : <11>[  822.411636] init: process 'cpudvfsscaling', pid 4647 exited,status=00000000
08-12 13:36:44.312  2239  2255 E MIUIADSyncService: onAdRequest, advertiseID = 1
08-12 13:36:44.313  2239  4677 D AbstractAdvertise: getAds
08-12 13:36:44.314  2239  4677 D AbstractAdvertise: current version 100
08-12 13:36:44.315  2239  4677 D Ad SDK  : operation: onAdRequest
08-12 13:36:44.315  2239  2311 D Ad SDK  : Get Ad Schedule From Server, context: {"adPositionId":"161","platform_id":605,"codever":100}
08-12 13:36:44.316  2239  2315 D Ad SDK  : Tracker ClientInfo : deviceInfo {
08-12 13:36:44.316  2239  2315 D Ad SDK  :   device: "gladiator"
08-12 13:36:44.316  2239  2315 D Ad SDK  :   model: "MiTV2S-48"
08-12 13:36:44.316  2239  2315 D Ad SDK  :   displayDensity: "320"
08-12 13:36:44.316  2239  2315 D Ad SDK  :   displayResolution: "1080*1920"
08-12 13:36:44.316  2239  2315 D Ad SDK  :   androidVersion: "5.0.1"
08-12 13:36:44.316  2239  2315 D Ad SDK  :   miuiVersion: "1213"
08-12 13:36:44.316  2239  2315 D Ad SDK  : }
08-12 13:36:44.316  2239  2315 D Ad SDK  : userInfo {
08-12 13:36:44.316  2239  2315 D Ad SDK  :   mac: "00:00:00:00:00:00"
08-12 13:36:44.316  2239  2315 D Ad SDK  :   androidId: "974714fcb5cb4e9f"
08-12 13:36:44.316  2239  2315 D Ad SDK  :   language: "zh"
08-12 13:36:44.316  2239  2315 D Ad SDK  :   country: "CN"
08-12 13:36:44.316  2239  2315 D Ad SDK  :   wiremac: "5b11bace3b21548f71a273121cfa15a6"
08-12 13:36:44.316  2239  2315 D Ad SDK  : }
08-12 13:36:44.316  2239  2315 D Ad SDK  : packageName: "com.xiaomi.mitv.advertise"
08-12 13:36:44.316  2239  2315 D Ad SDK  : Tracker Event : REQUEST
08-12 13:36:44.316  2239  2315 D Ad SDK  : Tracker Ad ID : 
08-12 13:36:44.317  2239  2315 D TRACK_LOG: Start Track Event
08-12 13:36:44.330   126   126 I tvos    : [37m[INFO] Change to Voltage: 105 mv (0x8)[m
08-12 13:36:44.420  2239  2315 D Http Post: Http Post Success
08-12 13:36:44.420  2239  2315 D TRACK_LOG: Track Event Success
08-12 13:36:44.423  2239  2311 D Http Post: Http Post Success
08-12 13:36:44.423  2239  2311 D Ad SDK  : Http Response{"status":"ok","data":["CgQ1OTE0EsoCCgQ1OTE0Eo8BaHR0cDovL2ZpbGUubWFya2V0LnhpYW9taS5jb20vZG93bmxvYWQv\nQWRDZW50ZXIvMDhhYWQ4NGY4OTc5YjQwMzcwN2RhODU4MGRmM2M4NDk4ZTAyNWU4NmIvQWRDZW50\nZXIwOGFhZDg0Zjg5NzliNDAzNzA3ZGE4NTgwZGYzYzg0OThlMDI1ZTg2Yi5qcGcacnsiemgtQ04i\nOiLlsI_omoHmmbrog73mkYTlg4_mnLoiLCJlbiI6IllpIENhbWVyYSIsInpoLUhLIjoi5bCP6JqB\n5pm66IO95pGE5YOP5py6IiwiemgtVFciOiLlsI_omoHmmbrog73mkYTlg4_mnLoifToxbWl0djov\nL21pdHYuc2hvcD9wcm9kdWN0PTQmdmVyPTEmdHlwZT0xJmNvZGV2ZXI9MEgAUICg8qP4KWAAGgl7\nImJpZCI6MH0qADq-EXsiZGF0ZUFycmF5IjpbeyJkYXRlIjoiMjAxNS0wOC0wNSIsIm1pbmUiOjIw\nMCwidGltZXMiOlsiMDA6MDAtMjQ6MDAiXX0seyJkYXRlIjoiMjAxNS0wOC0wNiIsIm1pbmUiOjIw\nMCwidGltZXMiOlsiMDA6MDAtMjQ6MDAiXX0seyJkYXRlIjoiMjAxNS0wOC0wNyIsIm1pbmUiOjIw\nMCwidGltZXMiOlsiMDA6MDAtMjQ6MDAiXX0seyJkYXRlIjoiMjAxNS0wOC0wOCIsIm1pbmUiOjIw\nMCwidGltZXMiOlsiMDA6MDAtMjQ6MDAiXX0seyJkYXRlIjoiMjAxNS0wOC0wOSIsIm1pbmUiOjIw\nMCwidGltZXMiOlsiMDA6MDAtMjQ6MDAiXX0seyJkYXRlIjoiMjAxNS0wOC0xMCIsIm1pbmUiOjIw\nMCwidGltZXMiOlsiMDA6MDAtMjQ6MDAiXX0seyJkYXRlIjoiMjAxNS0wOC0xMSIsIm1pbmUiOjIw\nMCwidGltZXMiOlsiMDA6MDAtMjQ6MDAiXX0seyJkYXRlIjoiMjAxNS0wOC0xMiIsIm1pbmUiOjIw\nMCwidGltZXMiOlsiMDA6MDAtMjQ6MDAiXX0seyJkYXRlIjoiMjAxNS0wOC0xMyIsIm1pbmUiOjIw\nMCwidGltZXMiOlsiMDA6MDAtMjQ6MDAiXX0seyJkYXRlIjoiMjAxNS0wOC0xNCIsIm1pbmUiOjIw\nMCwidGltZXMiOlsiMDA6MDAtMjQ6MDAiXX0seyJkYXRlIjoiMjAxNS0wOC0xNSIsIm1pbmUiOjIw\nMCwidGltZXMiOlsiMDA6MDAtMjQ6MDAiXX0seyJkYXRlIjoiMjAxNS0wOC0xNiIsIm1pbmUiOjIw\nMCwidGltZXMiOlsiMDA6MDAtMjQ6MDAiXX0seyJkYXRlIjoiMjAxNS0wOC0xNyIsIm1pbmUiOjIw\nMCwidGltZXMiOlsiMDA6MDAtMjQ6MDAiXX0seyJkYXRlIjoiMjAxNS0wOC0xOCIsIm1pbmUiOjIw\nMCwidGltZXMiOlsiMDA6MDAtMjQ6MDAiXX0seyJkYXRlIjoiMjAxNS0wOC0xOSIsIm1pbmUiOjIw\nMCwidGltZXMiOlsiMDA6MDAtMjQ6MDAiXX0seyJkYXRlIjoiMjAxNS0wOC0yMCIsIm1pbmUiOjIw\nMCwidGltZXMiOlsiMDA6MDAtMjQ6MDAiXX0seyJkYXRlIjoiMjAxNS0wOC0yMSIsIm1pbmUiOjIw\nMCwidGltZXMiOlsiMDA6MDAtMjQ6MDAiXX0seyJkYXRlIjoiMjAxNS0wOC0yMiIsIm1pbmUiOjIw\nMCwidGltZXMiOlsiMDA6MDAtMjQ6MDAiXX0seyJkYXRlIjoiMjAxNS0wOC0yMyIsIm1pbmUiOjIw\nMCwidGltZXMiOlsiMDA6MDAtMjQ6MDAiXX0seyJkYXRlIjoiMjAxNS0wOC0yNCIsIm1pbmUiOjIw\nMCwidGltZXMiOlsiMDA6MDAtMjQ6MDAiXX0seyJkYXRlIjoiMjAxNS0wOC0yNSIsIm1pbmUiOjIw\nMCwidGltZXMiOlsiMDA6MDAtMjQ6MDAiXX0seyJkYXRlIjoiMjAxNS0wOC0yNiIsIm1pbmUiOjIw\nMCwidGltZXMiOlsiMDA6MDAtMjQ6MDAiXX0seyJkYXRlIjoiMjAxNS0wOC0yNyIsIm1pbmUiOjIw\nMCwidGltZXMiOlsiMDA6MDAtMjQ6MDAiXX0seyJkYXRlIjoiMjAxNS0wOC0yOCIsIm1pbmUiOjIw\nMCwidGltZXMiOlsiMDA6MDAtMjQ6MDAiXX0seyJkYXRlIjoiMjAxNS0wOC0yOSIsIm1pbmUiOjIw\nMCwidGltZXMiOlsiMDA6MDAtMjQ6MDAiXX0seyJkYXRlIjoiMjAxNS0wOC0zMCIsIm1pbmUiOjIw\nMCwidGltZXMiOlsiMDA6MDAtMjQ6MDAiXX0seyJkYXRlIjoiMjAxNS0wOC0zMSIsIm1pbmUiOjIw\nMCwidGltZXMiOlsiMDA6MDAtMjQ6MDAiXX0seyJkYXRlIjoiMjAxNS0wNy0zMSIsIm1pbmUiOjIw\nMCwidGltZXMiOlsiMDA6MDAtMjQ6MDAiXX0seyJkYXRlIjoiMjAxNS0wOC0wMSIsIm1pbmUiOjIw\nMCwidGltZXMiOlsiMDA6MDAtMjQ6MDAiXX0seyJkYXRlIjoiMjAxNS0wOC0wMiIsIm1pbmUiOjIw\nMCwidGltZXMiOlsiMDA6MDAtMjQ6MDAiXX0seyJkYXRlIjoiMjAxNS0wOC0wMyIsIm1pbmUiOjIw\nMCwidGltZXMiOlsiMDA6MDAtMjQ6MDAiXX0seyJkYXRlIjoiMjAxNS0wOC0wNCIsIm1pbmUiOjIw\nMCwidGltZXMiOlsiMDA6MDAtMjQ6MDAiXX0seyJkYXRlIjoiMjAxNS0wNy0yNCIsIm1pbmUiOjUw\nMCwidGltZXMiOlsiMDA6MDAtMjQ6MDAiXX0seyJkYXRlIjoiMjAxNS0wNy0yNSIsIm1pbmUiOjUw\nMCwidGltZXMiOlsiMDA6MDAtMjQ6MDAiXX0seyJkYXRlIjoiMjAxNS0wNy0yNiIsIm1pbmUiOjUw\nMCwidGltZXMiOlsiMDA6MDAtMjQ6MDAiXX0seyJkYXRlIjoiMjAxNS0wNy0yNyIsIm1pbmUiOjUw\nMCwidGltZXMiOlsiMDA6MDAtMjQ6MDAiXX0seyJkYXRlIjoiMjAxNS0wNy0yOCIsIm1pbmUiOjUw\nMCwidGltZXMiOlsiMDA6MDAtMjQ6MDAiXX0seyJkYXRlIjoiMjAxNS0wNy0yOSIsIm1pbmUiOjUw\nMCwidGltZXMiOlsiMDA6MDAtMjQ6MDAiXX0seyJkYXRlIjoiMjAxNS0wNy0zMCIsIm1pbmUiOjUw\nMCwidGltZXMiOlsiMDA6MDAtMjQ6MDAiXX1dfUICe31KD3siaXNNaUFkIjp0cnVlfQ==\n"]}
08-12 13:36:44.437  2239  2311 D Ad SDK  : get ad cost time 122
