08-12 13:31:54.834  2961  3044 D com.xiaomi.tv.gallery.download.GalleryDownloadManager: no server ip
08-12 13:31:54.838  2961  3044 D com.xiaomi.tv.gallery.download.GalleryDownloadManager: no server ip
08-12 13:31:54.843  2961  3044 D com.xiaomi.tv.gallery.download.GalleryDownloadManager: no server ip
08-12 13:31:54.847  2961  3044 D com.xiaomi.tv.gallery.download.GalleryDownloadManager: no server ip
08-12 13:31:54.850  2961  3044 D com.xiaomi.tv.gallery.download.GalleryDownloadManager: no server ip
08-12 13:31:54.854  2961  3044 D com.xiaomi.tv.gallery.download.GalleryDownloadManager: no server ip
08-12 13:31:54.859  2961  3044 D com.xiaomi.tv.gallery.download.GalleryDownloadManager: no server ip
08-12 13:31:54.863  2961  3044 D com.xiaomi.tv.gallery.download.GalleryDownloadManager: no server ip
08-12 13:31:54.868  2961  3044 D com.xiaomi.tv.gallery.download.GalleryDownloadManager: no server ip
08-12 13:31:54.876  2961  3044 D com.xiaomi.tv.gallery.download.GalleryDownloadManager: no server ip
08-12 13:31:54.882  2961  3044 D com.xiaomi.tv.gallery.download.GalleryDownloadManager: no server ip
08-12 13:31:54.892  2961  3044 D com.xiaomi.tv.gallery.download.GalleryDownloadManager: no server ip
08-12 13:31:54.895  2961  3044 D com.xiaomi.tv.gallery.download.GalleryDownloadManager: no server ip
08-12 13:31:54.899  2961  3044 D com.xiaomi.tv.gallery.download.GalleryDownloadManager: no server ip
08-12 13:31:54.903  2961  3044 D com.xiaomi.tv.gallery.download.GalleryDownloadManager: no server ip
08-12 13:31:54.908  2961  3044 D com.xiaomi.tv.gallery.download.GalleryDownloadManager: no server ip
08-12 13:31:54.912  2961  3044 D com.xiaomi.tv.gallery.download.GalleryDownloadManager: no server ip
08-12 13:31:54.916  2961  3044 D com.xiaomi.tv.gallery.download.GalleryDownloadManager: no server ip
08-12 13:31:54.919  2961  3044 D com.xiaomi.tv.gallery.download.GalleryDownloadManager: no server ip
08-12 13:31:54.924  2961  3044 D com.xiaomi.tv.gallery.download.GalleryDownloadManager: no server ip
08-12 13:31:54.928  2961  3044 D com.xiaomi.tv.gallery.download.GalleryDownloadManager: no server ip
08-12 13:31:54.932  2961  3044 D com.xiaomi.tv.gallery.download.GalleryDownloadManager: no server ip
08-12 13:31:54.936  2961  3044 D com.xiaomi.tv.gallery.download.GalleryDownloadManager: no server ip
08-12 13:31:54.941  2961  3044 D com.xiaomi.tv.gallery.download.GalleryDownloadManager: no server ip
08-12 13:31:54.945  2961  3044 D com.xiaomi.tv.gallery.download.GalleryDownloadManager: no server ip
08-12 13:31:54.949  2961  3044 D com.xiaomi.tv.gallery.download.GalleryDownloadManager: no server ip
08-12 13:31:54.952  2961  3044 D com.xiaomi.tv.gallery.download.GalleryDownloadManager: no server ip
08-12 13:31:54.957  2961  3044 D com.xiaomi.tv.gallery.download.GalleryDownloadManager: no server ip
08-12 13:31:54.961  2961  3044 D com.xiaomi.tv.gallery.download.GalleryDownloadManager: no server ip
08-12 13:31:54.965  2961  3044 D com.xiaomi.tv.gallery.download.GalleryDownloadManager: no server ip
08-12 13:31:54.969  2961  3044 D com.xiaomi.tv.gallery.download.GalleryDownloadManager: no server ip
08-12 13:31:54.974  2961  3044 D com.xiaomi.tv.gallery.download.GalleryDownloadManager: no server ip
08-12 13:31:54.978  2961  3044 D com.xiaomi.tv.gallery.download.GalleryDownloadManager: no server ip
08-12 13:31:54.982  2961  3044 D com.xiaomi.tv.gallery.download.GalleryDownloadManager: no server ip
08-12 13:31:54.986  2961  3044 D com.xiaomi.tv.gallery.download.GalleryDownloadManager: no server ip
08-12 13:31:54.990  2961  3044 D com.xiaomi.tv.gallery.download.GalleryDownloadManager: no server ip
08-12 13:31:54.994  2961  3044 D com.xiaomi.tv.gallery.download.GalleryDownloadManager: no server ip
08-12 13:31:54.998  2961  3044 D com.xiaomi.tv.gallery.download.GalleryDownloadManager: no server ip
08-12 13:31:55.002  2961  3044 D com.xiaomi.tv.gallery.download.GalleryDownloadManager: no server ip
08-12 13:31:55.007  2961  3044 D com.xiaomi.tv.gallery.download.GalleryDownloadManager: no server ip
08-12 13:31:55.011  2961  3044 D com.xiaomi.tv.gallery.download.GalleryDownloadManager: no server ip
08-12 13:31:55.015  2961  3044 D com.xiaomi.tv.gallery.download.GalleryDownloadManager: no server ip
08-12 13:31:55.019  2961  3044 D com.xiaomi.tv.gallery.download.GalleryDownloadManager: no server ip
08-12 13:31:55.024  2961  3044 D com.xiaomi.tv.gallery.download.GalleryDownloadManager: no server ip
08-12 13:31:55.028  2961  3044 D com.xiaomi.tv.gallery.download.GalleryDownloadManager: no server ip
08-12 13:31:55.032  2961  3044 D com.xiaomi.tv.gallery.download.GalleryDownloadManager: no server ip
08-12 13:31:55.036  2961  3044 D com.xiaomi.tv.gallery.download.GalleryDownloadManager: no server ip
08-12 13:31:55.041  2961  3044 D com.xiaomi.tv.gallery.download.GalleryDownloadManager: no server ip
08-12 13:31:55.045  2961  3044 D com.xiaomi.tv.gallery.download.GalleryDownloadManager: no server ip
08-12 13:31:55.049  2961  3044 D com.xiaomi.tv.gallery.download.GalleryDownloadManager: no server ip
08-12 13:31:55.053  2961  3044 D com.xiaomi.tv.gallery.download.GalleryDownloadManager: no server ip
08-12 13:31:55.058  2961  3044 D com.xiaomi.tv.gallery.download.GalleryDownloadManager: no server ip
08-12 13:31:55.062  2961  3044 D com.xiaomi.tv.gallery.download.GalleryDownloadManager: no server ip
08-12 13:31:55.066  2961  3044 D com.xiaomi.tv.gallery.download.GalleryDownloadManager: no server ip
08-12 13:31:55.070  2961  3044 D com.xiaomi.tv.gallery.download.GalleryDownloadManager: no server ip
08-12 13:31:55.074  2961  3044 D com.xiaomi.tv.gallery.download.GalleryDownloadManager: no server ip
08-12 13:31:55.078  2961  3044 D com.xiaomi.tv.gallery.download.GalleryDownloadManager: no server ip
08-12 13:31:55.082  2961  3044 D com.xiaomi.tv.gallery.download.GalleryDownloadManager: no server ip
08-12 13:31:55.087  2961  3044 D com.xiaomi.tv.gallery.download.GalleryDownloadManager: no server ip
08-12 13:31:55.091  2961  3044 D com.xiaomi.tv.gallery.download.GalleryDownloadManager: no server ip
08-12 13:31:55.095  2961  3044 D com.xiaomi.tv.gallery.download.GalleryDownloadManager: no server ip
08-12 13:31:55.099  2961  3044 D com.xiaomi.tv.gallery.download.GalleryDownloadManager: no server ip
08-12 13:31:55.103  2961  3044 D com.xiaomi.tv.gallery.download.GalleryDownloadManager: no server ip
08-12 13:31:55.108  2961  3044 D com.xiaomi.tv.gallery.download.GalleryDownloadManager: no server ip
08-12 13:31:55.112  2961  3044 D com.xiaomi.tv.gallery.download.GalleryDownloadManager: no server ip
08-12 13:31:55.116  2961  3044 D com.xiaomi.tv.gallery.download.GalleryDownloadManager: no server ip
08-12 13:31:55.120  2961  3044 D com.xiaomi.tv.gallery.download.GalleryDownloadManager: no server ip
08-12 13:31:55.125  2961  3044 D com.xiaomi.tv.gallery.download.GalleryDownloadManager: no server ip
08-12 13:31:55.129  2961  3044 D com.xiaomi.tv.gallery.download.GalleryDownloadManager: no server ip
08-12 13:31:55.133  2961  3044 D com.xiaomi.tv.gallery.download.GalleryDownloadManager: no server ip
08-12 13:31:55.137  2961  3044 D com.xiaomi.tv.gallery.download.GalleryDownloadManager: no server ip
08-12 13:31:55.142  2961  3044 D com.xiaomi.tv.gallery.download.GalleryDownloadManager: no server ip
08-12 13:31:55.146  2961  3044 D com.xiaomi.tv.gallery.download.GalleryDownloadManager: no server ip
08-12 13:31:55.150  2961  3044 D com.xiaomi.tv.gallery.download.GalleryDownloadManager: no server ip
08-12 13:31:55.155  2961  3044 D com.xiaomi.tv.gallery.download.GalleryDownloadManager: no server ip
08-12 13:31:55.161  2961  3044 D com.xiaomi.tv.gallery.download.GalleryDownloadManager: no server ip
08-12 13:31:55.166  2961  3044 D com.xiaomi.tv.gallery.download.GalleryDownloadManager: no server ip
08-12 13:31:55.171  2961  3044 D com.xiaomi.tv.gallery.download.GalleryDownloadManager: no server ip
08-12 13:31:55.175  2961  3044 D com.xiaomi.tv.gallery.download.GalleryDownloadManager: no server ip
08-12 13:31:55.179  2961  3044 D com.xiaomi.tv.gallery.download.GalleryDownloadManager: no server ip
08-12 13:31:55.183  2961  3044 D com.xiaomi.tv.gallery.download.GalleryDownloadManager: no server ip
08-12 13:31:55.187  2961  3044 D com.xiaomi.tv.gallery.download.GalleryDownloadManager: no server ip
08-12 13:31:55.192  2961  3044 D com.xiaomi.tv.gallery.download.GalleryDownloadManager: no server ip
08-12 13:31:55.196  2961  3044 D com.xiaomi.tv.gallery.download.GalleryDownloadManager: no server ip
08-12 13:31:55.200  2961  3044 D com.xiaomi.tv.gallery.download.GalleryDownloadManager: no server ip
08-12 13:31:55.203  2961  3044 D com.xiaomi.tv.gallery.download.GalleryDownloadManager: no server ip
08-12 13:31:55.208  2961  3044 D com.xiaomi.tv.gallery.download.GalleryDownloadManager: no server ip
08-12 13:31:55.212  2961  3044 D com.xiaomi.tv.gallery.download.GalleryDownloadManager: no server ip
08-12 13:31:55.216  2961  3044 D com.xiaomi.tv.gallery.download.GalleryDownloadManager: no server ip
08-12 13:31:55.220  2961  3044 D com.xiaomi.tv.gallery.download.GalleryDownloadManager: no server ip
08-12 13:31:55.224  2961  3044 D com.xiaomi.tv.gallery.download.GalleryDownloadManager: no server ip
08-12 13:31:55.228  2961  3044 D com.xiaomi.tv.gallery.download.GalleryDownloadManager: no server ip
08-12 13:31:55.232  2961  3044 D com.xiaomi.tv.gallery.download.GalleryDownloadManager: no server ip
08-12 13:31:55.236  2961  3044 D com.xiaomi.tv.gallery.download.GalleryDownloadManager: no server ip
08-12 13:31:55.240  2961  3044 D com.xiaomi.tv.gallery.download.GalleryDownloadManager: no server ip
08-12 13:31:55.244  2961  3044 D com.xiaomi.tv.gallery.download.GalleryDownloadManager: no server ip
08-12 13:31:55.248  2961  3044 D com.xiaomi.tv.gallery.download.GalleryDownloadManager: no server ip
08-12 13:31:55.252  2961  3044 D com.xiaomi.tv.gallery.download.GalleryDownloadManager: no server ip
08-12 13:31:55.256  2961  3044 D com.xiaomi.tv.gallery.download.GalleryDownloadManager: no server ip
08-12 13:31:55.260  2961  3044 D com.xiaomi.tv.gallery.download.GalleryDownloadManager: no server ip
08-12 13:31:55.264  2961  3044 D com.xiaomi.tv.gallery.download.GalleryDownloadManager: no server ip
08-12 13:31:55.268  2961  3044 D com.xiaomi.tv.gallery.download.GalleryDownloadManager: no server ip
08-12 13:31:55.272  2961  3044 D com.xiaomi.tv.gallery.download.GalleryDownloadManager: no server ip
08-12 13:31:55.276  2961  3044 D com.xiaomi.tv.gallery.download.GalleryDownloadManager: no server ip
08-12 13:31:55.280  2961  3044 D com.xiaomi.tv.gallery.download.GalleryDownloadManager: no server ip
08-12 13:31:55.284  2961  3044 D com.xiaomi.tv.gallery.download.GalleryDownloadManager: no server ip
08-12 13:31:55.289  2961  3044 D com.xiaomi.tv.gallery.download.GalleryDownloadManager: no server ip
08-12 13:31:55.293  2961  3044 D com.xiaomi.tv.gallery.download.GalleryDownloadManager: no server ip
08-12 13:31:55.297  2961  3044 D com.xiaomi.tv.gallery.download.GalleryDownloadManager: no server ip
08-12 13:31:55.301  2961  3044 D com.xiaomi.tv.gallery.download.GalleryDownloadManager: no server ip
08-12 13:31:55.305  2961  3044 D com.xiaomi.tv.gallery.download.GalleryDownloadManager: no server ip
08-12 13:31:55.310  2961  3044 D com.xiaomi.tv.gallery.download.GalleryDownloadManager: no server ip
08-12 13:31:55.314  2961  3044 D com.xiaomi.tv.gallery.download.GalleryDownloadManager: no server ip
08-12 13:31:55.318  2961  3044 D com.xiaomi.tv.gallery.download.GalleryDownloadManager: no server ip
08-12 13:31:55.322  2961  3044 D com.xiaomi.tv.gallery.download.GalleryDownloadManager: no server ip
08-12 13:31:55.326  2961  3044 D com.xiaomi.tv.gallery.download.GalleryDownloadManager: no server ip
08-12 13:31:55.330  2961  3044 D com.xiaomi.tv.gallery.download.GalleryDownloadManager: no server ip
08-12 13:31:55.334  2961  3044 D com.xiaomi.tv.gallery.download.GalleryDownloadManager: no server ip
08-12 13:31:55.338  2961  3044 D com.xiaomi.tv.gallery.download.GalleryDownloadManager: no server ip
08-12 13:31:55.343  2961  3044 D com.xiaomi.tv.gallery.download.GalleryDownloadManager: no server ip
08-12 13:31:55.346  2961  3044 D com.xiaomi.tv.gallery.download.GalleryDownloadManager: no server ip
08-12 13:31:55.351  2961  3044 D com.xiaomi.tv.gallery.download.GalleryDownloadManager: no server ip
08-12 13:31:55.354  2961  3044 D com.xiaomi.tv.gallery.download.GalleryDownloadManager: no server ip
08-12 13:31:55.359  2961  3044 D com.xiaomi.tv.gallery.download.GalleryDownloadManager: no server ip
08-12 13:31:55.363  2961  3044 D com.xiaomi.tv.gallery.download.GalleryDownloadManager: no server ip
08-12 13:31:55.367  2961  3044 D com.xiaomi.tv.gallery.download.GalleryDownloadManager: no server ip
08-12 13:31:55.371  2961  3044 D com.xiaomi.tv.gallery.download.GalleryDownloadManager: no server ip
08-12 13:31:55.375  2961  3044 D com.xiaomi.tv.gallery.download.GalleryDownloadManager: no server ip
08-12 13:31:55.379  2961  3044 D com.xiaomi.tv.gallery.download.GalleryDownloadManager: no server ip
08-12 13:31:55.383  2961  3044 D com.xiaomi.tv.gallery.download.GalleryDownloadManager: no server ip
08-12 13:31:55.387  2961  3044 D com.xiaomi.tv.gallery.download.GalleryDownloadManager: no server ip
08-12 13:31:55.392  2961  3044 D com.xiaomi.tv.gallery.download.GalleryDownloadManager: no server ip
08-12 13:31:55.395  2961  3044 D com.xiaomi.tv.gallery.download.GalleryDownloadManager: no server ip
08-12 13:31:55.399  2961  3044 D com.xiaomi.tv.gallery.download.GalleryDownloadManager: no server ip
08-12 13:31:55.404  2961  3044 D com.xiaomi.tv.gallery.download.GalleryDownloadManager: no server ip
08-12 13:31:55.407  2961  3044 D com.xiaomi.tv.gallery.download.GalleryDownloadManager: no server ip
08-12 13:31:55.411  2961  3044 D com.xiaomi.tv.gallery.download.GalleryDownloadManager: no server ip
08-12 13:31:55.415  2961  3044 D com.xiaomi.tv.gallery.download.GalleryDownloadManager: no server ip
08-12 13:31:55.419  2961  3044 D com.xiaomi.tv.gallery.download.GalleryDownloadManager: no server ip
08-12 13:31:55.424  2961  3044 D com.xiaomi.tv.gallery.download.GalleryDownloadManager: no server ip
08-12 13:31:55.428  2961  3044 D com.xiaomi.tv.gallery.download.GalleryDownloadManager: no server ip
08-12 13:31:55.433  2961  3044 D com.xiaomi.tv.gallery.download.GalleryDownloadManager: no server ip
08-12 13:31:55.444  2961  3044 D com.xiaomi.tv.gallery.download.GalleryDownloadManager: no server ip
08-12 13:31:55.453  2961  3044 D com.xiaomi.tv.gallery.download.GalleryDownloadManager: no server ip
08-12 13:31:55.465  2961  3044 D com.xiaomi.tv.gallery.download.GalleryDownloadManager: no server ip
08-12 13:31:55.470  2961  3044 D com.xiaomi.tv.gallery.download.GalleryDownloadManager: no server ip
08-12 13:31:55.475  2961  3044 D com.xiaomi.tv.gallery.download.GalleryDownloadManager: no server ip
08-12 13:31:55.480  2961  3044 D com.xiaomi.tv.gallery.download.GalleryDownloadManager: no server ip
08-12 13:31:55.485  2961  3044 D com.xiaomi.tv.gallery.download.GalleryDownloadManager: no server ip
08-12 13:31:55.491  2961  3044 D com.xiaomi.tv.gallery.download.GalleryDownloadManager: no server ip
08-12 13:31:55.495  2961  3044 D com.xiaomi.tv.gallery.download.GalleryDownloadManager: no server ip
08-12 13:31:55.500  2961  3044 D com.xiaomi.tv.gallery.download.GalleryDownloadManager: no server ip
08-12 13:31:55.505  2961  3044 D com.xiaomi.tv.gallery.download.GalleryDownloadManager: no server ip
08-12 13:31:55.510  2961  3044 D com.xiaomi.tv.gallery.download.GalleryDownloadManager: no server ip
08-12 13:31:55.514  2961  3044 D com.xiaomi.tv.gallery.download.GalleryDownloadManager: no server ip
08-12 13:31:55.518  2961  3044 D com.xiaomi.tv.gallery.download.GalleryDownloadManager: no server ip
08-12 13:31:55.523  2961  3044 D com.xiaomi.tv.gallery.download.GalleryDownloadManager: no server ip
08-12 13:31:55.527  2961  3044 D com.xiaomi.tv.gallery.download.GalleryDownloadManager: no server ip
08-12 13:31:55.531  2961  3044 D com.xiaomi.tv.gallery.download.GalleryDownloadManager: no server ip
08-12 13:31:55.535  2961  3044 D com.xiaomi.tv.gallery.download.GalleryDownloadManager: no server ip
08-12 13:31:55.539  2961  3044 D com.xiaomi.tv.gallery.download.GalleryDownloadManager: no server ip
08-12 13:31:55.543  2961  3044 D com.xiaomi.tv.gallery.download.GalleryDownloadManager: no server ip
08-12 13:31:55.547  2961  3044 D com.xiaomi.tv.gallery.download.GalleryDownloadManager: no server ip
08-12 13:31:55.551  2961  3044 D com.xiaomi.tv.gallery.download.GalleryDownloadManager: no server ip
08-12 13:31:55.555  2961  3044 D com.xiaomi.tv.gallery.download.GalleryDownloadManager: no server ip
08-12 13:31:55.559  2961  3044 D com.xiaomi.tv.gallery.download.GalleryDownloadManager: no server ip
08-12 13:31:55.564  2961  3044 D com.xiaomi.tv.gallery.download.GalleryDownloadManager: no server ip
08-12 13:31:55.568  2961  3044 D com.xiaomi.tv.gallery.download.GalleryDownloadManager: no server ip
08-12 13:31:55.572  2961  3044 D com.xiaomi.tv.gallery.download.GalleryDownloadManager: no server ip
08-12 13:31:55.569  3765  3765 I SystemInitService: onCreate
08-12 13:31:55.577  2961  3044 D com.xiaomi.tv.gallery.download.GalleryDownloadManager: no server ip
08-12 13:31:55.579  3765  3765 W ContextImpl: Calling a method in the system process without a qualified user: android.app.ContextImpl.bindService:1750 android.content.ContextWrapper.bindService:538 com.xiaomi.mitv.settings.SystemInitService.bindDkPlayerService:540 com.xiaomi.mitv.settings.SystemInitService.onCreate:81 android.app.ActivityThread.handleCreateService:2731 
08-12 13:31:55.581  3765  3765 W ContextImpl: Implicit intents with startService are not safe: Intent { act=com.xiaomi.tv.DKPlayerService } android.content.ContextWrapper.bindService:538 com.xiaomi.mitv.settings.SystemInitService.bindDkPlayerService:540 com.xiaomi.mitv.settings.SystemInitService.onCreate:81 
08-12 13:31:55.582  2961  3044 D com.xiaomi.tv.gallery.download.GalleryDownloadManager: no server ip
08-12 13:31:55.586  3765  3765 D SystemInitService: onStartCommand android.intent.action.BOOT_COMPLETED, running = false
08-12 13:31:55.586  2961  3044 D com.xiaomi.tv.gallery.download.GalleryDownloadManager: no server ip
08-12 13:31:55.592  2961  3044 D com.xiaomi.tv.gallery.download.GalleryDownloadManager: no server ip
08-12 13:31:55.597  2961  3044 D com.xiaomi.tv.gallery.download.GalleryDownloadManager: no server ip
08-12 13:31:55.601  2961  3044 D com.xiaomi.tv.gallery.download.GalleryDownloadManager: no server ip
08-12 13:31:55.606  2961  3044 D com.xiaomi.tv.gallery.download.GalleryDownloadManager: no server ip
08-12 13:31:55.611  2961  3044 D com.xiaomi.tv.gallery.download.GalleryDownloadManager: no server ip
08-12 13:31:55.612  1550  1689 I clientsdk: tid 1689, httpget http://www.baidu.com:80
08-12 13:31:55.617  2961  3044 D com.xiaomi.tv.gallery.download.GalleryDownloadManager: no server ip
08-12 13:31:55.622  2961  3044 D com.xiaomi.tv.gallery.download.GalleryDownloadManager: no server ip
08-12 13:31:55.624  3765  3765 D SettingsUtil: getSettingsValue  android.provider.Settings$Global.getInt(device_provisioned,0)
08-12 13:31:55.626  2961  3044 D com.xiaomi.tv.gallery.download.GalleryDownloadManager: no server ip
08-12 13:31:55.630  3765  3765 D SystemInitService: isProvisioned : true
08-12 13:31:55.630  3765  3765 D SystemInitService: onBootComplete
08-12 13:31:55.631  2961  3044 D com.xiaomi.tv.gallery.download.GalleryDownloadManager: no server ip
08-12 13:31:55.637  2961  3044 D com.xiaomi.tv.gallery.download.GalleryDownloadManager: no server ip
08-12 13:31:55.640   514  1248 D WifiService: New client listening to asynchronous messages
08-12 13:31:55.641  3765  3765 D SettingsUtil: setWifiEnabled true
08-12 13:31:55.641   514  1375 D WifiService: setWifiEnabled: true pid=3765, uid=1000
08-12 13:31:55.641   514  1375 E WifiService: Invoking mWifiStateMachine.setWifiEnabled
08-12 13:31:55.642   514  1248 D WifiController: wifi start fail before, now start it again
08-12 13:31:55.645     0     0 I Kernel  : <11>[  544.489884] init: starting 'loadwifi'
08-12 13:31:55.642  2961  3044 D com.xiaomi.tv.gallery.download.GalleryDownloadManager: no server ip
08-12 13:31:55.642   514  1246 E WifiStateMachine: handleMessage: E msg.what=131083
08-12 13:31:55.642   514  1246 E WifiStateMachine: processMsg: InitialState
08-12 13:31:55.642   514  1246 E WifiStateMachine:  InitialState CMD_START_SUPPLICANT 0 0
08-12 13:31:55.642   514  1246 D WifiHW  : enter fuc wifi_common_load_driver mode : = sta
08-12 13:31:55.643   514  1246 D WifiHW  : wifi_device_list[7] = 1
08-12 13:31:55.643   514  1246 D WifiHW  : enter func set_driver_property device_id = 7
08-12 13:31:55.643   514  1246 D WifiHW  : ==>enter func get_device_by_order
08-12 13:31:55.644   514  1246 E WifiHW  : get_wifi_primary_device_num retry 0 times num is 1
08-12 13:31:55.644   514  1246 D WifiHW  : ==>enter func get_device_by_name
08-12 13:31:55.644   514  1246 I libc    : setprop ctl.start loadwifi:BCM43569
08-12 13:31:55.645  3765  3765 I MiTv-Impl-tv2_48-mstar-EthernetManagerImpl: init, mEthernetManager = android.net.EthernetManager@10bd75f3
08-12 13:31:55.646  3765  3765 I MiTv-Impl-tv2_48-mstar-EthernetManagerImpl: isNetworkConnected
08-12 13:31:55.646  3765  3765 I MiTv-Impl-tv2_48-mstar-EthernetManagerImpl: isNetworkConnected, bl = false
08-12 13:31:55.646  3765  3765 I MiTv-Impl-tv2_48-mstar-EthernetManagerImpl: getState, state = 1 (en/disen:2/1)
08-12 13:31:55.646  3765  3765 D SettingsUtil: set EthernetEnabled true
08-12 13:31:55.646  3765  3765 I MiTv-Impl-tv2_48-mstar-EthernetManagerImpl: setState, state = 2 (en/disen:2/1)
08-12 13:31:55.646   514  1296 I EthernetServiceImpl: setState from mState=3 to state=3
08-12 13:31:55.647  3765  3765 I SettingsUtil: checkInitSettings
08-12 13:31:55.647  3765  3765 I SettingsUtil: getDeviceName = 客厅的小米电视
08-12 13:31:55.647  3765  3765 I SettingsUtil: checkInitSettings device name=客厅的小米电视
08-12 13:31:55.648  3765  3765 I WifiP2pSettings: setWifiP2pDeviceName 客厅的小米电视
08-12 13:31:55.649  2961  3044 D com.xiaomi.tv.gallery.download.GalleryDownloadManager: no server ip
08-12 13:31:55.652  3765  3765 D SettingsUtil:  sound enabled is 1
08-12 13:31:55.654   119   119 V AudioPolicyManager: getDeviceForStrategy() from cache strategy 0, device 2
08-12 13:31:55.655   119   119 V AudioPolicyManager: getOutputsForDevice() device 0002
08-12 13:31:55.656   119   119 V AudioPolicyManager: output 0 isDuplicated=0 device=0002
08-12 13:31:55.656   119   119 V AudioPolicyManager: getOutputsForDevice() found output 2
08-12 13:31:55.658   514  1954 W AudioService: setStreamVolume index=10, streamType=1
08-12 13:31:55.662     0     0 I Kernel  : <12>[  544.506312] wifi_load_driver BCM43569
08-12 13:31:55.659   119  1260 V AudioPolicyManager: getDeviceForStrategy() from cache strategy 0, device 2
08-12 13:31:55.659   119  1260 V AudioPolicyManager: getOutputsForDevice() device 0002
08-12 13:31:55.659   119  1260 V AudioPolicyManager: output 0 isDuplicated=0 device=0002
08-12 13:31:55.667     0     0 I Kernel  : <12>[  544.509231] type=1400 audit(1439357515.659:3727): avc: granted { write } for pid=1689 comm="Thread-87" name="CookiesFile" dev="mmcblk0p22" ino=873 scontext=u:r:system_app:s0 tcontext=u:object_r:system_data_file:s0 tclass=file
08-12 13:31:55.667     0     0 I Kernel  : <12>[  544.512334] type=1400 audit(1439357515.659:3728): avc: granted { write } for pid=1689 comm="Thread-87" path="/data/duokancache/CookiesFile" dev="mmcblk0p22" ino=873 scontext=u:r:system_app:s0 tcontext=u:object_r:system_data_file:s0 tclass=file
08-12 13:31:55.667     0     0 I Kernel  : <12>[  544.512515] type=1400 audit(1439357515.659:3729): avc: granted { write } for pid=1689 comm="Thread-87" name="CookiesFile" dev="mmcblk0p22" ino=873 scontext=u:r:system_app:s0 tcontext=u:object_r:system_data_file:s0 tclass=file
08-12 13:31:55.659   119  1260 V AudioPolicyManager: getOutputsForDevice() found output 2
08-12 13:31:55.663   514  1844 D PowerManagerService: checkScreenSaverTimeoutLocked come 240000 reason=userActivity
08-12 13:31:55.659  1689  1689 I auditd  : type=1400 audit(0.0:3727): avc: granted { write } for comm="Thread-87" name="CookiesFile" dev="mmcblk0p22" ino=873 scontext=u:r:system_app:s0 tcontext=u:object_r:system_data_file:s0 tclass=file
08-12 13:31:55.659  1689  1689 W Thread-87: type=1400 audit(0.0:3727): avc: granted { write } for name="CookiesFile" dev="mmcblk0p22" ino=873 scontext=u:r:system_app:s0 tcontext=u:object_r:system_data_file:s0 tclass=file
08-12 13:31:55.659  1689  1689 I auditd  : type=1400 audit(0.0:3728): avc: granted { write } for comm="Thread-87" path="/data/duokancache/CookiesFile" dev="mmcblk0p22" ino=873 scontext=u:r:system_app:s0 tcontext=u:object_r:system_data_file:s0 tclass=file
08-12 13:31:55.659  1689  1689 W Thread-87: type=1400 audit(0.0:3728): avc: granted { write } for path="/data/duokancache/CookiesFile" dev="mmcblk0p22" ino=873 scontext=u:r:system_app:s0 tcontext=u:object_r:system_data_file:s0 tclass=file
08-12 13:31:55.659  1689  1689 I auditd  : type=1400 audit(0.0:3729): avc: granted { write } for comm="Thread-87" name="CookiesFile" dev="mmcblk0p22" ino=873 scontext=u:r:system_app:s0 tcontext=u:object_r:system_data_file:s0 tclass=file
08-12 13:31:55.659  1689  1689 W Thread-87: type=1400 audit(0.0:3729): avc: granted { write } for name="CookiesFile" dev="mmcblk0p22" ino=873 scontext=u:r:system_app:s0 tcontext=u:object_r:system_data_file:s0 tclass=file
08-12 13:31:55.666  1550  1689 I clientsdk: tid 1689, HttpGet, status code = 0
08-12 13:31:55.666  1550  1689 I clientsdk: tid 1689, HttpGet curl_easy_perform result 6
08-12 13:31:55.666  1550  1689 I duokantv: tid 1689, DuoKanUtility::checkHostReachability -- ret of HttpGet = -1006
08-12 13:31:55.666  1550  1689 I duokantv: tid 1689, DuoKanUtility::checkHostReachability -- HttpGet: not reachable
08-12 13:31:55.666  1550  1689 I duokantv: tid 1689, DKAppDelegate::setupServerConnection, no userID
08-12 13:31:55.666  1550  1689 I duokantv: tid 1689, DataStore: Token, Enter loadToken2
08-12 13:31:55.667  2961  3044 D com.xiaomi.tv.gallery.download.GalleryDownloadManager: no server ip
08-12 13:31:55.667  1550  1689 I duokantv: tid 1689, DataStore: Token, key 5fcb31f300324bcbb8c3cac60d6d4184
08-12 13:31:55.667  1550  1689 I duokantv: tid 1689, DataStore: Token, token cc5bf5545b674d1e9e2bd0add857ccc0
08-12 13:31:55.668  1550  1689 I duokantv: tid 1689, DKAppDelegate:setupServerConnection -- about to login to server
08-12 13:31:55.669  1550  1689 I clientsdk: tid 1689, httppost http://122.49.38.6/tvservice/login?vc=0&ac=0&ic=0&deviceid=5b11bace3b21548f71a273121cfa15a6&apiver=1.8&ver=5.0.1.1213&codever=15&ptf=605&ts=1439357515&nonce=489610085&language=zh_CN&feature=15&opaque=e87f5ebea491827f716951a49056c2b2807de12b
08-12 13:31:55.672  2961  3044 D com.xiaomi.tv.gallery.download.GalleryDownloadManager: no server ip
08-12 13:31:55.676  3765  3765 I SettingsUtil: checkInitSettings done
08-12 13:31:55.678  2961  3044 D com.xiaomi.tv.gallery.download.GalleryDownloadManager: no server ip
08-12 13:31:55.680  3765  3765 D SystemInitService: bdlocation2
08-12 13:31:55.682  2961  3044 D com.xiaomi.tv.gallery.download.GalleryDownloadManager: no server ip
08-12 13:31:55.679  1689  1689 I auditd  : type=1400 audit(0.0:3730): avc: granted { write } for comm="Thread-87" name="CookiesFile" dev="mmcblk0p22" ino=873 scontext=u:r:system_app:s0 tcontext=u:object_r:system_data_file:s0 tclass=file
08-12 13:31:55.688     0     0 I Kernel  : <12>[  544.529542] type=1400 audit(1439357515.679:3730): avc: granted { write } for pid=1689 comm="Thread-87" name="CookiesFile" dev="mmcblk0p22" ino=873 scontext=u:r:system_app:s0 tcontext=u:object_r:system_data_file:s0 tclass=file
08-12 13:31:55.688     0     0 I Kernel  : <12>[  544.529912] type=1400 audit(1439357515.679:3731): avc: granted { write } for pid=1689 comm="Thread-87" path="/data/duokancache/CookiesFile" dev="mmcblk0p22" ino=873 scontext=u:r:system_app:s0 tcontext=u:object_r:system_data_file:s0 tclass=file
08-12 13:31:55.688     0     0 I Kernel  : <12>[  544.532305] type=1400 audit(1439357515.679:3732): avc: granted { write } for pid=1689 comm="Thread-87" name="CookiesFile" dev="mmcblk0p22" ino=873 scontext=u:r:system_app:s0 tcontext=u:object_r:system_data_file:s0 tclass=file
08-12 13:31:55.679  1689  1689 W Thread-87: type=1400 audit(0.0:3730): avc: granted { write } for name="CookiesFile" dev="mmcblk0p22" ino=873 scontext=u:r:system_app:s0 tcontext=u:object_r:system_data_file:s0 tclass=file
08-12 13:31:55.679  1689  1689 I auditd  : type=1400 audit(0.0:3731): avc: granted { write } for comm="Thread-87" path="/data/duokancache/CookiesFile" dev="mmcblk0p22" ino=873 scontext=u:r:system_app:s0 tcontext=u:object_r:system_data_file:s0 tclass=file
08-12 13:31:55.694     0     0 I Kernel  : <12>[  544.535095] type=1400 audit(1439357515.684:3733): avc: granted { write } for pid=1689 comm="Thread-87" name="CookiesFile" dev="mmcblk0p22" ino=873 scontext=u:r:system_app:s0 tcontext=u:object_r:system_data_file:s0 tclass=file
08-12 13:31:55.694     0     0 I Kernel  : <12>[  544.536334] type=1400 audit(1439357515.684:3734): avc: granted { write } for pid=1689 comm="Thread-87" path="/data/duokancache/CookiesFile" dev="mmcblk0p22" ino=873 scontext=u:r:system_app:s0 tcontext=u:object_r:system_data_file:s0 tclass=file
08-12 13:31:55.694     0     0 I Kernel  : <12>[  544.536515] type=1400 audit(1439357515.684:3735): avc: granted { write } for pid=1689 comm="Thread-87" name="CookiesFile" dev="mmcblk0p22" ino=873 scontext=u:r:system_app:s0 tcontext=u:object_r:system_data_file:s0 tclass=file
08-12 13:31:55.679  1689  1689 W Thread-87: type=1400 audit(0.0:3731): avc: granted { write } for path="/data/duokancache/CookiesFile" dev="mmcblk0p22" ino=873 scontext=u:r:system_app:s0 tcontext=u:object_r:system_data_file:s0 tclass=file
08-12 13:31:55.679  1689  1689 I auditd  : type=1400 audit(0.0:3732): avc: granted { write } for comm="Thread-87" name="CookiesFile" dev="mmcblk0p22" ino=873 scontext=u:r:system_app:s0 tcontext=u:object_r:system_data_file:s0 tclass=file
08-12 13:31:55.679  1689  1689 W Thread-87: type=1400 audit(0.0:3732): avc: granted { write } for name="CookiesFile" dev="mmcblk0p22" ino=873 scontext=u:r:system_app:s0 tcontext=u:object_r:system_data_file:s0 tclass=file
08-12 13:31:55.687  1550  1689 I clientsdk: tid 1689, HttpPost, status code = 0
08-12 13:31:55.688  1550  1689 I clientsdk: tid 1689, HttpGet curl_easy_perform result 7
08-12 13:31:55.688  2961  3044 D com.xiaomi.tv.gallery.download.GalleryDownloadManager: no server ip
08-12 13:31:55.688  1550  1689 I clientsdk: tid 1689, httppost http://122.49.38.6/tvservice/login?vc=0&ac=0&ic=0&deviceid=5b11bace3b21548f71a273121cfa15a6&apiver=1.8&ver=5.0.1.1213&codever=15&ptf=605&ts=1439357515&nonce=489610085&language=zh_CN&feature=15&opaque=e87f5ebea491827f716951a49056c2b2807de12b
08-12 13:31:55.684  1689  1689 I auditd  : type=1400 audit(0.0:3733): avc: granted { write } for comm="Thread-87" name="CookiesFile" dev="mmcblk0p22" ino=873 scontext=u:r:system_app:s0 tcontext=u:object_r:system_data_file:s0 tclass=file
08-12 13:31:55.684  1689  1689 W Thread-87: type=1400 audit(0.0:3733): avc: granted { write } for name="CookiesFile" dev="mmcblk0p22" ino=873 scontext=u:r:system_app:s0 tcontext=u:object_r:system_data_file:s0 tclass=file
08-12 13:31:55.684  1689  1689 I auditd  : type=1400 audit(0.0:3734): avc: granted { write } for comm="Thread-87" path="/data/duokancache/CookiesFile" dev="mmcblk0p22" ino=873 scontext=u:r:system_app:s0 tcontext=u:object_r:system_data_file:s0 tclass=file
08-12 13:31:55.684  1689  1689 W Thread-87: type=1400 audit(0.0:3734): avc: granted { write } for path="/data/duokancache/CookiesFile" dev="mmcblk0p22" ino=873 scontext=u:r:system_app:s0 tcontext=u:object_r:system_data_file:s0 tclass=file
08-12 13:31:55.684  1689  1689 I auditd  : type=1400 audit(0.0:3735): avc: granted { write } for comm="Thread-87" name="CookiesFile" dev="mmcblk0p22" ino=873 scontext=u:r:system_app:s0 tcontext=u:object_r:system_data_file:s0 tclass=file
08-12 13:31:55.684  1689  1689 W Thread-87: type=1400 audit(0.0:3735): avc: granted { write } for name="CookiesFile" dev="mmcblk0p22" ino=873 scontext=u:r:system_app:s0 tcontext=u:object_r:system_data_file:s0 tclass=file
08-12 13:31:55.692  1550  1689 I clientsdk: tid 1689, HttpPost, status code = 0
08-12 13:31:55.775     0     0 I Kernel  : <12>[  544.542102] type=1400 audit(1439357515.689:3736): avc: granted { write } for pid=1689 comm="Thread-87" name="CookiesFile" dev="mmcblk0p22" ino=873 scontext=u:r:system_app:s0 tcontext=u:object_r:system_data_file:s0 tclass=file
08-12 13:31:55.775     0     0 I Kernel  : <12>[  544.542308] type=1400 audit(1439357515.694:3737): avc: granted { write } for pid=1689 comm="Thread-87" path="/data/duokancache/CookiesFile" dev="mmcblk0p22" ino=873 scontext=u:r:system_app:s0 tcontext=u:object_r:system_data_file:s0 tclass=file
08-12 13:31:55.775     0     0 I Kernel  : <12>[  544.543750] type=1400 audit(1439357515.694:3738): avc: granted { write } for pid=1689 comm="Thread-87" name="CookiesFile" dev="mmcblk0p22" ino=873 scontext=u:r:system_app:s0 tcontext=u:object_r:system_data_file:s0 tclass=file
08-12 13:31:55.692  1550  1689 I clientsdk: tid 1689, HttpGet curl_easy_perform result 7
08-12 13:31:55.692  1550  1689 I clientsdk: tid 1689, httppost http://122.49.38.6/tvservice/login?vc=0&ac=0&ic=0&deviceid=5b11bace3b21548f71a273121cfa15a6&apiver=1.8&ver=5.0.1.1213&codever=15&ptf=605&ts=1439357515&nonce=489610085&language=zh_CN&feature=15&opaque=e87f5ebea491827f716951a49056c2b2807de12b
08-12 13:31:55.695  2961  3044 D com.xiaomi.tv.gallery.download.GalleryDownloadManager: no server ip
08-12 13:31:55.689  1689  1689 I auditd  : type=1400 audit(0.0:3736): avc: granted { write } for comm="Thread-87" name="CookiesFile" dev="mmcblk0p22" ino=873 scontext=u:r:system_app:s0 tcontext=u:object_r:system_data_file:s0 tclass=file
08-12 13:31:55.689  1689  1689 W Thread-87: type=1400 audit(0.0:3736): avc: granted { write } for name="CookiesFile" dev="mmcblk0p22" ino=873 scontext=u:r:system_app:s0 tcontext=u:object_r:system_data_file:s0 tclass=file
08-12 13:31:55.694  1689  1689 I auditd  : type=1400 audit(0.0:3737): avc: granted { write } for comm="Thread-87" path="/data/duokancache/CookiesFile" dev="mmcblk0p22" ino=873 scontext=u:r:system_app:s0 tcontext=u:object_r:system_data_file:s0 tclass=file
08-12 13:31:55.694  1689  1689 W Thread-87: type=1400 audit(0.0:3737): avc: granted { write } for path="/data/duokancache/CookiesFile" dev="mmcblk0p22" ino=873 scontext=u:r:system_app:s0 tcontext=u:object_r:system_data_file:s0 tclass=file
08-12 13:31:55.694  1689  1689 I auditd  : type=1400 audit(0.0:3738): avc: granted { write } for comm="Thread-87" name="CookiesFile" dev="mmcblk0p22" ino=873 scontext=u:r:system_app:s0 tcontext=u:object_r:system_data_file:s0 tclass=file
08-12 13:31:55.694  1689  1689 W Thread-87: type=1400 audit(0.0:3738): avc: granted { write } for name="CookiesFile" dev="mmcblk0p22" ino=873 scontext=u:r:system_app:s0 tcontext=u:object_r:system_data_file:s0 tclass=file
08-12 13:31:55.700  2961  3044 D com.xiaomi.tv.gallery.download.GalleryDownloadManager: no server ip
08-12 13:31:55.703  1550  1689 I clientsdk: tid 1689, HttpPost, status code = 0
08-12 13:31:55.703  1550  1689 I clientsdk: tid 1689, HttpGet curl_easy_perform result 7
08-12 13:31:55.703  1550  1689 I duokantv: tid 1689, DKAppDelegate:DK_UserLogin, result: -1
08-12 13:31:55.703  1550  1689 I duokantv: tid 1689, +++DKAppDelegate::hideAuthFailView: ../Classes/DKAppDelegate.cpp line: 3269
08-12 13:31:55.703  1550  1689 I duokantv: tid 1689, DKAppDelegate:setupServerConnection -- failed to login (-1)
08-12 13:31:55.706  2961  3044 D com.xiaomi.tv.gallery.download.GalleryDownloadManager: no server ip
08-12 13:31:55.710  2961  3044 D com.xiaomi.tv.gallery.download.GalleryDownloadManager: no server ip
08-12 13:31:55.714  2961  3044 D com.xiaomi.tv.gallery.download.GalleryDownloadManager: no server ip
08-12 13:31:55.720  2961  3044 D com.xiaomi.tv.gallery.download.GalleryDownloadManager: no server ip
08-12 13:31:55.726  2961  3044 D com.xiaomi.tv.gallery.download.GalleryDownloadManager: no server ip
08-12 13:31:55.731  2961  3044 D com.xiaomi.tv.gallery.download.GalleryDownloadManager: no server ip
08-12 13:31:55.736  2961  3044 D com.xiaomi.tv.gallery.download.GalleryDownloadManager: no server ip
08-12 13:31:55.743  2961  3044 D com.xiaomi.tv.gallery.download.GalleryDownloadManager: no server ip
08-12 13:31:55.748  2961  3044 D com.xiaomi.tv.gallery.download.GalleryDownloadManager: no server ip
08-12 13:31:55.753  2961  3044 D com.xiaomi.tv.gallery.download.GalleryDownloadManager: no server ip
08-12 13:31:55.759  2961  3044 D com.xiaomi.tv.gallery.download.GalleryDownloadManager: no server ip
08-12 13:31:55.765  2961  3044 D com.xiaomi.tv.gallery.download.GalleryDownloadManager: no server ip
08-12 13:31:55.771  2961  3044 D com.xiaomi.tv.gallery.download.GalleryDownloadManager: no server ip
08-12 13:31:55.777  2961  3044 D com.xiaomi.tv.gallery.download.GalleryDownloadManager: no server ip
08-12 13:31:55.782  2961  3044 D com.xiaomi.tv.gallery.download.GalleryDownloadManager: no server ip
08-12 13:31:55.787  2961  3044 D com.xiaomi.tv.gallery.download.GalleryDownloadManager: no server ip
08-12 13:31:55.792  3765  3765 D SystemInitService: requestLocation ret=1
08-12 13:31:55.793  2961  3044 D com.xiaomi.tv.gallery.download.GalleryDownloadManager: no server ip
08-12 13:31:55.793  3765  3765 D SystemInitService: mTimer == null, new one
08-12 13:31:55.798  2961  3044 D com.xiaomi.tv.gallery.download.GalleryDownloadManager: no server ip
08-12 13:31:55.803  2961  3044 D com.xiaomi.tv.gallery.download.GalleryDownloadManager: no server ip
08-12 13:31:55.808     0     0 I Kernel  : <4>[  544.651478] utmi off
08-12 13:31:55.809     0     0 I Kernel  : <6>[  544.651532] usb 2-1: USB disconnect, device number 2
08-12 13:31:55.803  3765  3765 I DKTVServiceAPI: onServiceConnected
08-12 13:31:55.805  3765  3765 D SystemInitService: IDKPlayerService service connected
08-12 13:31:55.808  2961  3044 D com.xiaomi.tv.gallery.download.GalleryDownloadManager: no server ip
08-12 13:31:55.813  2961  3044 D com.xiaomi.tv.gallery.download.GalleryDownloadManager: no server ip
08-12 13:31:55.818  2961  3044 D com.xiaomi.tv.gallery.download.GalleryDownloadManager: no server ip
08-12 13:31:55.823  2961  3044 D com.xiaomi.tv.gallery.download.GalleryDownloadManager: no server ip
08-12 13:31:55.828  2961  3044 D com.xiaomi.tv.gallery.download.GalleryDownloadManager: no server ip
08-12 13:31:55.830   514  1245 D WifiP2pService: P2pDisabledState{ when=0 what=139315 arg2=1 obj=Device: 客厅的小米电视
08-12 13:31:55.830   514  1245 D WifiP2pService:  deviceAddress: 
08-12 13:31:55.830   514  1245 D WifiP2pService:  primary type: null
08-12 13:31:55.830   514  1245 D WifiP2pService:  secondary type: null
08-12 13:31:55.830   514  1245 D WifiP2pService:  wps: 0
08-12 13:31:55.830   514  1245 D WifiP2pService:  grpcapab: 0
08-12 13:31:55.830   514  1245 D WifiP2pService:  devcapab: 0
08-12 13:31:55.830   514  1245 D WifiP2pService:  status: 4
08-12 13:31:55.830   514  1245 D WifiP2pService:  wfdInfo: null target=com.android.internal.util.StateMachine$SmHandler }
08-12 13:31:55.830   514  1245 D WifiP2pService: DefaultState{ when=0 what=139315 arg2=1 obj=Device: 客厅的小米电视
08-12 13:31:55.830   514  1245 D WifiP2pService:  deviceAddress: 
08-12 13:31:55.830   514  1245 D WifiP2pService:  primary type: null
08-12 13:31:55.830   514  1245 D WifiP2pService:  secondary type: null
08-12 13:31:55.830   514  1245 D WifiP2pService:  wps: 0
08-12 13:31:55.830   514  1245 D WifiP2pService:  grpcapab: 0
08-12 13:31:55.830   514  1245 D WifiP2pService:  devcapab: 0
08-12 13:31:55.830   514  1245 D WifiP2pService:  status: 4
08-12 13:31:55.830   514  1245 D WifiP2pService:  wfdInfo: null target=com.android.internal.util.StateMachine$SmHandler }
08-12 13:31:55.832  2961  3044 D com.xiaomi.tv.gallery.download.GalleryDownloadManager: no server ip
08-12 13:31:55.837  2961  3044 D com.xiaomi.tv.gallery.download.GalleryDownloadManager: no server ip
08-12 13:31:55.842  2961  3044 D com.xiaomi.tv.gallery.download.GalleryDownloadManager: no server ip
08-12 13:31:55.843  3765  3765 W ContextImpl: Calling a method in the system process without a qualified user: android.app.ContextImpl.bindService:1750 android.content.ContextWrapper.bindService:538 com.baidu.location.LocationClient.bI:-1 com.baidu.location.LocationClient.char:-1 com.baidu.location.LocationClient$a.handleMessage:-1 
08-12 13:31:55.847  2961  3044 D com.xiaomi.tv.gallery.download.GalleryDownloadManager: no server ip
08-12 13:31:55.849  3765  3765 E WifiP2pSettings: device rename failed , 1 times
08-12 13:31:55.851  2916  2916 D baidu_location_service: baidu location service start1 ...2916
08-12 13:31:55.851  3765  3791 D SystemInitService: CnrAuthTask>>
08-12 13:31:55.853  2961  3044 D com.xiaomi.tv.gallery.download.GalleryDownloadManager: no server ip
08-12 13:31:55.859  3765  3791 W ActivityThread: ClassLoader.loadClass: The class loader returned by Thread.getContextClassLoader() may fail for processes that host multiple applications. You should explicitly specify a context class loader. For example: Thread.setContextClassLoader(getClass().getClassLoader());
08-12 13:31:55.859  2961  3044 D com.xiaomi.tv.gallery.download.GalleryDownloadManager: no server ip
08-12 13:31:55.863  3765  3791 D SystemInitService: url = https://auth.api.gitv.tv/nc_auth/?partnerCode=XIAOMI&partnerKey=61f6fed260a540fc824c4fae56ccf1b0&authenType=3&authInfo=MTA6NDg6YjE6YWY6Njk6NzYsYTg5MTZkNmU0ZDY5NDQwMWExYmZiMzJiNGIwYTRmZGE=
08-12 13:31:55.865  2961  3044 D com.xiaomi.tv.gallery.download.GalleryDownloadManager: no server ip
08-12 13:31:55.866  3765  3765 D baidu_location_client: baidu location connected ...
08-12 13:31:55.870  2961  3044 D com.xiaomi.tv.gallery.download.GalleryDownloadManager: no server ip
08-12 13:31:55.873  3765  3791 W System.err: java.net.UnknownHostException: Unable to resolve host "auth.api.gitv.tv": No address associated with hostname
08-12 13:31:55.879  3765  3791 W System.err: 	at java.net.InetAddress.lookupHostByName(InetAddress.java:461)
08-12 13:31:55.879  2961  3044 D com.xiaomi.tv.gallery.download.GalleryDownloadManager: no server ip
08-12 13:31:55.879  3765  3791 W System.err: 	at java.net.InetAddress.getAllByNameImpl(InetAddress.java:252)
08-12 13:31:55.879  3765  3791 W System.err: 	at java.net.InetAddress.getAllByName(InetAddress.java:215)
08-12 13:31:55.879  3765  3791 W System.err: 	at com.android.okhttp.HostResolver$1.getAllByName(HostResolver.java:29)
08-12 13:31:55.879  3765  3791 W System.err: 	at com.android.okhttp.internal.http.RouteSelector.resetNextInetSocketAddress(RouteSelector.java:232)
08-12 13:31:55.879  3765  3791 W System.err: 	at com.android.okhttp.internal.http.RouteSelector.next(RouteSelector.java:124)
08-12 13:31:55.879  3765  3791 W System.err: 	at com.android.okhttp.internal.http.HttpEngine.connect(HttpEngine.java:272)
08-12 13:31:55.879  3765  3791 W System.err: 	at com.android.okhttp.internal.http.HttpEngine.sendRequest(HttpEngine.java:211)
08-12 13:31:55.881  3765  3791 W System.err: 	at com.android.okhttp.internal.http.HttpURLConnectionImpl.execute(HttpURLConnectionImpl.java:373)
08-12 13:31:55.881  3765  3791 W System.err: 	at com.android.okhttp.internal.http.HttpURLConnectionImpl.getResponse(HttpURLConnectionImpl.java:323)
08-12 13:31:55.881  3765  3791 W System.err: 	at com.android.okhttp.internal.http.HttpURLConnectionImpl.getInputStream(HttpURLConnectionImpl.java:190)
08-12 13:31:55.881  3765  3791 W System.err: 	at com.android.okhttp.internal.http.DelegatingHttpsURLConnection.getInputStream(DelegatingHttpsURLConnection.java:210)
08-12 13:31:55.881  3765  3791 W System.err: 	at com.android.okhttp.internal.http.HttpsURLConnectionImpl.getInputStream(HttpsURLConnectionImpl.java:25)
08-12 13:31:55.882  3765  3791 W System.err: 	at com.xiaomi.mitv.settings.SystemInitService$GitvAuthTask.doInBackground(SystemInitService.java:382)
08-12 13:31:55.882  3765  3791 W System.err: 	at com.xiaomi.mitv.settings.SystemInitService$GitvAuthTask.doInBackground(SystemInitService.java:355)
08-12 13:31:55.882  3765  3791 W System.err: 	at android.os.AsyncTask$2.call(AsyncTask.java:288)
08-12 13:31:55.882  3765  3791 W System.err: 	at java.util.concurrent.FutureTask.run(FutureTask.java:237)
08-12 13:31:55.882  3765  3791 W System.err: 	at android.os.AsyncTask$SerialExecutor$1.run(AsyncTask.java:231)
08-12 13:31:55.882  3765  3791 W System.err: 	at java.util.concurrent.ThreadPoolExecutor.runWorker(ThreadPoolExecutor.java:1112)
08-12 13:31:55.882  3765  3791 W System.err: 	at java.util.concurrent.ThreadPoolExecutor$Worker.run(ThreadPoolExecutor.java:587)
08-12 13:31:55.882  3765  3791 W System.err: 	at java.lang.Thread.run(Thread.java:818)
08-12 13:31:55.882  3765  3791 W System.err: Caused by: android.system.GaiException: android_getaddrinfo failed: EAI_NODATA (No address associated with hostname)
08-12 13:31:55.883  3765  3791 W System.err: 	at libcore.io.Posix.android_getaddrinfo(Native Method)
08-12 13:31:55.883  3765  3791 W System.err: 	at libcore.io.ForwardingOs.android_getaddrinfo(ForwardingOs.java:55)
08-12 13:31:55.884  3765  3791 W System.err: 	at java.net.InetAddress.lookupHostByName(InetAddress.java:442)
08-12 13:31:55.884  3765  3791 W System.err: 	... 20 more
08-12 13:31:55.884  3765  3791 I SystemInitService: gitv auth response = null
08-12 13:31:55.884  3765  3791 D SystemInitService: CnrAuthTask<< result=0
08-12 13:31:55.885  2961  3044 D com.xiaomi.tv.gallery.download.GalleryDownloadManager: no server ip
08-12 13:31:55.890  2961  3044 D com.xiaomi.tv.gallery.download.GalleryDownloadManager: no server ip
08-12 13:31:55.896  2961  3044 D com.xiaomi.tv.gallery.download.GalleryDownloadManager: no server ip
08-12 13:31:55.902  2961  3044 D com.xiaomi.tv.gallery.download.GalleryDownloadManager: no server ip
08-12 13:31:55.908  2961  3044 D com.xiaomi.tv.gallery.download.GalleryDownloadManager: no server ip
08-12 13:31:55.914  2961  3044 D com.xiaomi.tv.gallery.download.GalleryDownloadManager: no server ip
08-12 13:31:55.919  2961  3044 D com.xiaomi.tv.gallery.download.GalleryDownloadManager: no server ip
08-12 13:31:55.927  2961  3044 D com.xiaomi.tv.gallery.download.GalleryDownloadManager: no server ip
08-12 13:31:55.954     0     0 I Kernel  : <12>[  544.796112] Vendor 0xa5c ID 0xbd27
08-12 13:31:55.954     0     0 I Kernel  : <12>[  544.796112] claiming interface 0
08-12 13:31:55.954     0     0 I Kernel  : <12>[  544.796112] Found device: vend=0xa5c prod=0xbd27
08-12 13:31:55.954     0     0 I Kernel  : <12>[  544.796112] File Length: 641894
08-12 13:31:55.954     0     0 I Kernel  : <12>[  544.796112] ID : Chip 0xaa31 Rev 0x0RamSize 786432 RemapBase 0x00180800 BoardType 0 BoardRev 0
08-12 13:31:55.954     0     0 I Kernel  : <12>[  544.796112] start
08-12 13:31:55.954     0     0 I Kernel  : <12>[  544.796112] rdl.state 0x4
08-12 13:31:55.954     0     0 I Kernel  : <12>[  544.796112] elapsed download time 0.092863
08-12 13:31:55.954     0     0 I Kernel  : <4>[  544.796913] root hub reinitial [usbdis]
08-12 13:31:55.952   514  1247 D WifiHW  : there is a usb device  !
08-12 13:31:55.953   514  1247 D WifiHW  : ===================device_count = 0
08-12 13:31:55.955   514  1247 D WifiMonitor: Wifi device Removed! Nothing to do!!
08-12 13:31:55.957  2961  3044 D com.xiaomi.tv.gallery.download.GalleryDownloadManager: no server ip
08-12 13:31:55.963  2961  3044 D com.xiaomi.tv.gallery.download.GalleryDownloadManager: no server ip
08-12 13:31:55.967  2961  3044 D com.xiaomi.tv.gallery.download.GalleryDownloadManager: no server ip
08-12 13:31:55.974  2961  3044 D com.xiaomi.tv.gallery.download.GalleryDownloadManager: no server ip
08-12 13:31:55.978  2961  3044 D com.xiaomi.tv.gallery.download.GalleryDownloadManager: no server ip
08-12 13:31:55.983  2961  3044 D com.xiaomi.tv.gallery.download.GalleryDownloadManager: no server ip
08-12 13:31:55.988  2961  3044 D com.xiaomi.tv.gallery.download.GalleryDownloadManager: no server ip
08-12 13:31:55.992  2916  3795 D baidu_location_service: NetworkCommunicationException!
08-12 13:31:55.996  2961  3044 D com.xiaomi.tv.gallery.download.GalleryDownloadManager: no server ip
08-12 13:31:56.003  2961  3044 D com.xiaomi.tv.gallery.download.GalleryDownloadManager: no server ip
08-12 13:31:56.012  2961  3044 D com.xiaomi.tv.gallery.download.GalleryDownloadManager: no server ip
08-12 13:31:56.019  2916  3795 D baidu_location_service: NetworkCommunicationException!
08-12 13:31:56.045     0     0 I Kernel  : <4>[  544.888721] dhd_module_init in
08-12 13:31:56.045     0     0 I Kernel  : <4>[  544.888773] no wifi platform data, skip
08-12 13:31:56.045     0     0 I Kernel  : <6>[  544.889711] usbcore: registered new interface driver dbus_usbdev
08-12 13:31:56.024  2961  3044 D com.xiaomi.tv.gallery.download.GalleryDownloadManager: no server ip
08-12 13:31:56.034  2961  3044 D com.xiaomi.tv.gallery.download.GalleryDownloadManager: no server ip
08-12 13:31:56.043  2961  3044 D com.xiaomi.tv.gallery.download.GalleryDownloadManager: no server ip
08-12 13:31:56.047  2916  3795 D baidu_location_service: NetworkCommunicationException!
08-12 13:31:56.078     0     0 I Kernel  : <6>[  544.897853] binder: 2916:2986 transaction failed 29189, size 356-0
08-12 13:31:56.053  2916  2986 W System.err: android.os.DeadObjectException
08-12 13:31:56.053  2961  3044 D com.xiaomi.tv.gallery.download.GalleryDownloadManager: no server ip
08-12 13:31:56.053  2916  2986 W System.err: 	at android.os.BinderProxy.transactNative(Native Method)
08-12 13:31:56.053  2916  2986 W System.err: 	at android.os.BinderProxy.transact(Binder.java:496)
