08-12 13:30:52.319  1689  1689 W Thread-87: type=1400 audit(0.0:2972): avc: granted { write } for name="CookiesFile" dev="mmcblk0p22" ino=873 scontext=u:r:system_app:s0 tcontext=u:object_r:system_data_file:s0 tclass=file
08-12 13:30:52.325  2961  3044 D com.xiaomi.tv.gallery.download.GalleryDownloadManager: no server ip
08-12 13:30:52.327  1550  1689 I clientsdk: tid 1689, HttpPost, status code = 0
08-12 13:30:52.327  1550  1689 I clientsdk: tid 1689, HttpGet curl_easy_perform result 7
08-12 13:30:52.327  1550  1689 I clientsdk: tid 1689, httppost http://122.49.38.6/tvservice/login?vc=0&ac=0&ic=0&deviceid=5b11bace3b21548f71a273121cfa15a6&apiver=1.8&ver=5.0.1.1213&codever=15&ptf=605&ts=1439357452&nonce=789086460&language=zh_CN&feature=15&opaque=b686213d05e15d6ecd3fab8636c90ce0763ab580
08-12 13:30:52.324  1689  1689 I auditd  : type=1400 audit(0.0:2973): avc: granted { write } for comm="Thread-87" name="CookiesFile" dev="mmcblk0p22" ino=873 scontext=u:r:system_app:s0 tcontext=u:object_r:system_data_file:s0 tclass=file
08-12 13:30:52.331     0     0 I Kernel  : <12>[  481.175104] type=1400 audit(1439357452.324:2973): avc: granted { write } for pid=1689 comm="Thread-87" name="CookiesFile" dev="mmcblk0p22" ino=873 scontext=u:r:system_app:s0 tcontext=u:object_r:system_data_file:s0 tclass=file
08-12 13:30:52.331     0     0 I Kernel  : <12>[  481.176071] type=1400 audit(1439357452.329:2974): avc: granted { write } for pid=1689 comm="Thread-87" path="/data/duokancache/CookiesFile" dev="mmcblk0p22" ino=873 scontext=u:r:system_app:s0 tcontext=u:object_r:system_data_file:s0 tclass=file
08-12 13:30:52.324  1689  1689 W Thread-87: type=1400 audit(0.0:2973): avc: granted { write } for name="CookiesFile" dev="mmcblk0p22" ino=873 scontext=u:r:system_app:s0 tcontext=u:object_r:system_data_file:s0 tclass=file
08-12 13:30:52.330  2961  3044 D com.xiaomi.tv.gallery.download.GalleryDownloadManager: no server ip
08-12 13:30:52.329  1689  1689 I auditd  : type=1400 audit(0.0:2974): avc: granted { write } for comm="Thread-87" path="/data/duokancache/CookiesFile" dev="mmcblk0p22" ino=873 scontext=u:r:system_app:s0 tcontext=u:object_r:system_data_file:s0 tclass=file
08-12 13:30:52.334     0     0 I Kernel  : <12>[  481.177998] type=1400 audit(1439357452.329:2975): avc: granted { write } for pid=1689 comm="Thread-87" name="CookiesFile" dev="mmcblk0p22" ino=873 scontext=u:r:system_app:s0 tcontext=u:object_r:system_data_file:s0 tclass=file
08-12 13:30:52.329  1689  1689 W Thread-87: type=1400 audit(0.0:2974): avc: granted { write } for path="/data/duokancache/CookiesFile" dev="mmcblk0p22" ino=873 scontext=u:r:system_app:s0 tcontext=u:object_r:system_data_file:s0 tclass=file
08-12 13:30:52.332  1550  1689 I clientsdk: tid 1689, HttpPost, status code = 0
08-12 13:30:52.332  1550  1689 I clientsdk: tid 1689, HttpGet curl_easy_perform result 7
08-12 13:30:52.332  1550  1689 I clientsdk: tid 1689, httppost http://122.49.38.6/tvservice/login?vc=0&ac=0&ic=0&deviceid=5b11bace3b21548f71a273121cfa15a6&apiver=1.8&ver=5.0.1.1213&codever=15&ptf=605&ts=1439357452&nonce=789086460&language=zh_CN&feature=15&opaque=b686213d05e15d6ecd3fab8636c90ce0763ab580
08-12 13:30:52.336     0     0 I Kernel  : <12>[  481.180044] type=1400 audit(1439357452.329:2976): avc: granted { write } for pid=1689 comm="Thread-87" name="CookiesFile" dev="mmcblk0p22" ino=873 scontext=u:r:system_app:s0 tcontext=u:object_r:system_data_file:s0 tclass=file
08-12 13:30:52.329  1689  1689 W Thread-87: type=1400 audit(0.0:2975): avc: granted { write } for name="CookiesFile" dev="mmcblk0p22" ino=873 scontext=u:r:system_app:s0 tcontext=u:object_r:system_data_file:s0 tclass=file
08-12 13:30:52.336     0     0 I Kernel  : <12>[  481.181268] type=1400 audit(1439357452.329:2977): avc: granted { write } for pid=1689 comm="Thread-87" path="/data/duokancache/CookiesFile" dev="mmcblk0p22" ino=873 scontext=u:r:system_app:s0 tcontext=u:object_r:system_data_file:s0 tclass=file
08-12 13:30:52.329  1689  1689 I auditd  : type=1400 audit(0.0:2976): avc: granted { write } for comm="Thread-87" name="CookiesFile" dev="mmcblk0p22" ino=873 scontext=u:r:system_app:s0 tcontext=u:object_r:system_data_file:s0 tclass=file
08-12 13:30:52.337     0     0 I Kernel  : <12>[  481.181431] type=1400 audit(1439357452.334:2978): avc: granted { write } for pid=1689 comm="Thread-87" name="CookiesFile" dev="mmcblk0p22" ino=873 scontext=u:r:system_app:s0 tcontext=u:object_r:system_data_file:s0 tclass=file
08-12 13:30:52.329  1689  1689 W Thread-87: type=1400 audit(0.0:2976): avc: granted { write } for name="CookiesFile" dev="mmcblk0p22" ino=873 scontext=u:r:system_app:s0 tcontext=u:object_r:system_data_file:s0 tclass=file
08-12 13:30:52.329  1689  1689 I auditd  : type=1400 audit(0.0:2977): avc: granted { write } for comm="Thread-87" path="/data/duokancache/CookiesFile" dev="mmcblk0p22" ino=873 scontext=u:r:system_app:s0 tcontext=u:object_r:system_data_file:s0 tclass=file
08-12 13:30:52.329  1689  1689 W Thread-87: type=1400 audit(0.0:2977): avc: granted { write } for path="/data/duokancache/CookiesFile" dev="mmcblk0p22" ino=873 scontext=u:r:system_app:s0 tcontext=u:object_r:system_data_file:s0 tclass=file
08-12 13:30:52.334  1689  1689 I auditd  : type=1400 audit(0.0:2978): avc: granted { write } for comm="Thread-87" name="CookiesFile" dev="mmcblk0p22" ino=873 scontext=u:r:system_app:s0 tcontext=u:object_r:system_data_file:s0 tclass=file
08-12 13:30:52.334  1689  1689 W Thread-87: type=1400 audit(0.0:2978): avc: granted { write } for name="CookiesFile" dev="mmcblk0p22" ino=873 scontext=u:r:system_app:s0 tcontext=u:object_r:system_data_file:s0 tclass=file
08-12 13:30:52.337  2961  3044 D com.xiaomi.tv.gallery.download.GalleryDownloadManager: no server ip
08-12 13:30:52.334  1689  1689 W Thread-87: type=1400 audit(0.0:2978): avc: granted { write } for name="CookiesFile" dev="mmcblk0p22" ino=873 scontext=u:r:system_app:s0 tcontext=u:object_r:system_data_file:s0 tclass=file
08-12 13:30:52.338  1550  1689 I clientsdk: tid 1689, HttpPost, status code = 0
08-12 13:30:52.338  1550  1689 I clientsdk: tid 1689, HttpGet curl_easy_perform result 7
08-12 13:30:52.338  1550  1689 I duokantv: tid 1689, DKAppDelegate:DK_UserLogin, result: -1
08-12 13:30:52.338  1550  1689 I duokantv: tid 1689, +++DKAppDelegate::hideAuthFailView: ../Classes/DKAppDelegate.cpp line: 3269
08-12 13:30:52.338  1550  1689 I duokantv: tid 1689, DKAppDelegate:setupServerConnection -- failed to login (-1)
08-12 13:30:52.341  2961  3044 D com.xiaomi.tv.gallery.download.GalleryDownloadManager: no server ip
08-12 13:30:52.345  2961  3044 D com.xiaomi.tv.gallery.download.GalleryDownloadManager: no server ip
08-12 13:30:52.349  2961  3044 D com.xiaomi.tv.gallery.download.GalleryDownloadManager: no server ip
08-12 13:30:52.353  2961  3044 D com.xiaomi.tv.gallery.download.GalleryDownloadManager: no server ip
08-12 13:30:52.356  2961  3044 D com.xiaomi.tv.gallery.download.GalleryDownloadManager: no server ip
08-12 13:30:52.360  2961  3044 D com.xiaomi.tv.gallery.download.GalleryDownloadManager: no server ip
08-12 13:30:52.364  2961  3044 D com.xiaomi.tv.gallery.download.GalleryDownloadManager: no server ip
08-12 13:30:52.367  2961  3044 D com.xiaomi.tv.gallery.download.GalleryDownloadManager: no server ip
08-12 13:30:52.371  2961  3044 D com.xiaomi.tv.gallery.download.GalleryDownloadManager: no server ip
08-12 13:30:52.376  2961  3044 D com.xiaomi.tv.gallery.download.GalleryDownloadManager: no server ip
08-12 13:30:52.381  2961  3044 D com.xiaomi.tv.gallery.download.GalleryDownloadManager: no server ip
08-12 13:30:52.385  2961  3044 D com.xiaomi.tv.gallery.download.GalleryDownloadManager: no server ip
08-12 13:30:52.389  2961  3044 D com.xiaomi.tv.gallery.download.GalleryDownloadManager: no server ip
08-12 13:30:52.393  2961  3044 D com.xiaomi.tv.gallery.download.GalleryDownloadManager: no server ip
08-12 13:30:52.396  2961  3044 D com.xiaomi.tv.gallery.download.GalleryDownloadManager: no server ip
08-12 13:30:52.400  2961  3044 D com.xiaomi.tv.gallery.download.GalleryDownloadManager: no server ip
08-12 13:30:52.404  2961  3044 D com.xiaomi.tv.gallery.download.GalleryDownloadManager: no server ip
08-12 13:30:52.408  2961  3044 D com.xiaomi.tv.gallery.download.GalleryDownloadManager: no server ip
08-12 13:30:52.412  2961  3044 D com.xiaomi.tv.gallery.download.GalleryDownloadManager: no server ip
08-12 13:30:52.415  2961  3044 D com.xiaomi.tv.gallery.download.GalleryDownloadManager: no server ip
08-12 13:30:52.419  2961  3044 D com.xiaomi.tv.gallery.download.GalleryDownloadManager: no server ip
08-12 13:30:52.423  2961  3044 D com.xiaomi.tv.gallery.download.GalleryDownloadManager: no server ip
08-12 13:30:52.426  2961  3044 D com.xiaomi.tv.gallery.download.GalleryDownloadManager: no server ip
08-12 13:30:52.430  2961  3044 D com.xiaomi.tv.gallery.download.GalleryDownloadManager: no server ip
08-12 13:30:52.434  2961  3044 D com.xiaomi.tv.gallery.download.GalleryDownloadManager: no server ip
08-12 13:30:52.437  2961  3044 D com.xiaomi.tv.gallery.download.GalleryDownloadManager: no server ip
08-12 13:30:52.442  2961  3044 D com.xiaomi.tv.gallery.download.GalleryDownloadManager: no server ip
08-12 13:30:52.447  2961  3044 D com.xiaomi.tv.gallery.download.GalleryDownloadManager: no server ip
08-12 13:30:52.450  2961  3044 D com.xiaomi.tv.gallery.download.GalleryDownloadManager: no server ip
08-12 13:30:52.454  2961  3044 D com.xiaomi.tv.gallery.download.GalleryDownloadManager: no server ip
08-12 13:30:52.458  2961  3044 D com.xiaomi.tv.gallery.download.GalleryDownloadManager: no server ip
08-12 13:30:52.462  2961  3044 D com.xiaomi.tv.gallery.download.GalleryDownloadManager: no server ip
08-12 13:30:52.465  2961  3044 D com.xiaomi.tv.gallery.download.GalleryDownloadManager: no server ip
08-12 13:30:52.469  2961  3044 D com.xiaomi.tv.gallery.download.GalleryDownloadManager: no server ip
08-12 13:30:52.473  2961  3044 D com.xiaomi.tv.gallery.download.GalleryDownloadManager: no server ip
08-12 13:30:52.476  2961  3044 D com.xiaomi.tv.gallery.download.GalleryDownloadManager: no server ip
08-12 13:30:52.480  2961  3044 D com.xiaomi.tv.gallery.download.GalleryDownloadManager: no server ip
08-12 13:30:52.484  2961  3044 D com.xiaomi.tv.gallery.download.GalleryDownloadManager: no server ip
08-12 13:30:52.486  3606  3650 I MyDuokanBaseRequest: getDkResponseWithRetry: 0
08-12 13:30:52.486  3606  3650 I MyDuokanBaseRequest: com.xiaomi.mitv.shop.request.RegionListRequest send!!
08-12 13:30:52.487  3606  3650 I MyDuokanBaseRequest: before input: GET&/regions/list?api=1&code_version=100&deviceId=5b11bace3b21548f71a273121cfa15a6&platformId=605&ts=1439357452&version=1213&token=f313fIRmH20pO9hL
08-12 13:30:52.487  3606  3650 I MyDuokanBaseRequest: murl: https://mishop.pandora.xiaomi.com/regions/list?api=1&code_version=100&deviceId=5b11bace3b21548f71a273121cfa15a6&platformId=605&ts=1439357452&version=1213&signature=DweM3Wmp2ODuKzFWHRFt1DH6owU%3D
08-12 13:30:52.487  3606  3650 I NetworkApi: getStringFromUrlByHttps: https://mishop.pandora.xiaomi.com/regions/list?api=1&code_version=100&deviceId=5b11bace3b21548f71a273121cfa15a6&platformId=605&ts=1439357452&version=1213&signature=DweM3Wmp2ODuKzFWHRFt1DH6owU%3D
08-12 13:30:52.489  2961  3044 D com.xiaomi.tv.gallery.download.GalleryDownloadManager: no server ip
08-12 13:30:52.492  3606  3650 I NetworkApi: getStringFromUrlByHttps get error: Unable to resolve host "mishop.pandora.xiaomi.com": No address associated with hostname
08-12 13:30:52.492  3606  3650 W System.err: java.net.UnknownHostException: Unable to resolve host "mishop.pandora.xiaomi.com": No address associated with hostname
08-12 13:30:52.493  3606  3650 W System.err: 	at java.net.InetAddress.lookupHostByName(InetAddress.java:461)
08-12 13:30:52.493  3606  3650 W System.err: 	at java.net.InetAddress.getAllByNameImpl(InetAddress.java:252)
08-12 13:30:52.493  3606  3650 W System.err: 	at java.net.InetAddress.getAllByName(InetAddress.java:215)
08-12 13:30:52.493  3606  3650 W System.err: 	at com.android.okhttp.HostResolver$1.getAllByName(HostResolver.java:29)
08-12 13:30:52.493  3606  3650 W System.err: 	at com.android.okhttp.internal.http.RouteSelector.resetNextInetSocketAddress(RouteSelector.java:232)
08-12 13:30:52.493  3606  3650 W System.err: 	at com.android.okhttp.internal.http.RouteSelector.next(RouteSelector.java:124)
08-12 13:30:52.493  3606  3650 W System.err: 	at com.android.okhttp.internal.http.HttpEngine.connect(HttpEngine.java:272)
08-12 13:30:52.493  3606  3650 W System.err: 	at com.android.okhttp.internal.http.HttpEngine.sendRequest(HttpEngine.java:211)
08-12 13:30:52.493  3606  3650 W System.err: 	at com.android.okhttp.internal.http.HttpURLConnectionImpl.execute(HttpURLConnectionImpl.java:373)
08-12 13:30:52.493  3606  3650 W System.err: 	at com.android.okhttp.internal.http.HttpURLConnectionImpl.getResponse(HttpURLConnectionImpl.java:323)
08-12 13:30:52.493  3606  3650 W System.err: 	at com.android.okhttp.internal.http.HttpURLConnectionImpl.getResponseCode(HttpURLConnectionImpl.java:491)
08-12 13:30:52.493  3606  3650 W System.err: 	at com.android.okhttp.internal.http.DelegatingHttpsURLConnection.getResponseCode(DelegatingHttpsURLConnection.java:105)
08-12 13:30:52.493  3606  3650 W System.err: 	at com.android.okhttp.internal.http.HttpsURLConnectionImpl.getResponseCode(HttpsURLConnectionImpl.java:25)
08-12 13:30:52.493  3606  3650 W System.err: 	at com.xiaomi.mitv.shop.network.NetworkApi.getStringFromUrlByHttps(Unknown Source)
08-12 13:30:52.493  3606  3650 W System.err: 	at com.xiaomi.mitv.shop.network.MyDuokanBaseRequest.doRequest(Unknown Source)
08-12 13:30:52.493  3606  3650 W System.err: 	at com.xiaomi.mitv.shop.network.MyDuokanBaseRequest.getDkResponse(Unknown Source)
08-12 13:30:52.493  3606  3650 W System.err: 	at com.xiaomi.mitv.shop.network.MyDuokanBaseRequest.getDkResponseWithRetry(Unknown Source)
08-12 13:30:52.493  3606  3650 W System.err: 	at com.xiaomi.mitv.shop.network.MyDuokanBaseRequest.getDkResponseWithRetry(Unknown Source)
08-12 13:30:52.493  3606  3650 W System.err: 	at com.xiaomi.mitv.shop.network.MyDuokanBaseRequest.getDkResponseWithRetry(Unknown Source)
08-12 13:30:52.493  3606  3650 W System.err: 	at com.xiaomi.mitv.shop.network.MyDuokanBaseRequest.getDkResponseWithRetry(Unknown Source)
08-12 13:30:52.493  3606  3650 W System.err: 	at com.xiaomi.mitv.shop.network.MyDuokanBaseRequest.run(Unknown Source)
08-12 13:30:52.493  3606  3650 W System.err: 	at java.util.concurrent.ThreadPoolExecutor.runWorker(ThreadPoolExecutor.java:1112)
08-12 13:30:52.493  3606  3650 W System.err: 	at java.util.concurrent.ThreadPoolExecutor$Worker.run(ThreadPoolExecutor.java:587)
08-12 13:30:52.493  3606  3650 W System.err: 	at java.lang.Thread.run(Thread.java:818)
08-12 13:30:52.493  3606  3650 W System.err: Caused by: android.system.GaiException: android_getaddrinfo failed: EAI_NODATA (No address associated with hostname)
08-12 13:30:52.493  2961  3044 D com.xiaomi.tv.gallery.download.GalleryDownloadManager: no server ip
08-12 13:30:52.494  3606  3650 W System.err: 	at libcore.io.Posix.android_getaddrinfo(Native Method)
08-12 13:30:52.494  3606  3650 W System.err: 	at libcore.io.ForwardingOs.android_getaddrinfo(ForwardingOs.java:55)
08-12 13:30:52.494  3606  3650 W System.err: 	at java.net.InetAddress.lookupHostByName(InetAddress.java:442)
08-12 13:30:52.494  3606  3650 W System.err: 	... 23 more
08-12 13:30:52.494  3606  3650 I DKResponse: : new dkresponse, data: null
08-12 13:30:52.494  3606  3650 I MyDuokanBaseRequest: com.xiaomi.mitv.shop.request.RegionListRequest send done! status(10000) result(null)
08-12 13:30:52.494  3606  3650 I MyDuokanBaseRequest: getDkResponseWithRetry1 get response: 10000
08-12 13:30:52.494  3606  3650 I MyDuokanBaseRequest: reportRequestComplete: 10000
08-12 13:30:52.494  3606  3626 I LocationManager: syncLocation done
08-12 13:30:52.494  3606  3626 I SyncDataService: syncAddresses
08-12 13:30:52.495  3606  3626 I AccountUtil: no account
08-12 13:30:52.495  3606  3626 I SyncDataService: syncAddresses done
08-12 13:30:52.496  3606  3626 I SyncDataService: syncAddresses
08-12 13:30:52.496  3606  3626 I AccountUtil: no account
08-12 13:30:52.496  3606  3626 I SyncDataService: syncAddresses done
08-12 13:30:52.496  3606  3626 D MyWakeLock: Enter releaseWakeLock
08-12 13:30:52.497  3606  3626 D MyWakeLock: releaseWakeLock: SyncDataService
08-12 13:30:52.498   514  1844 D WifiService: releaseWifiLockLocked: WifiLock{wifiLocker_SyncDataService type=1 binder=android.os.BinderProxy@1c73cd23}
08-12 13:30:52.499  3606  3626 W ContextImpl: Calling a method in the system process without a qualified user: android.app.ContextImpl.sendBroadcast:1321 android.content.ContextWrapper.sendBroadcast:376 com.xiaomi.mitv.shop.util.MyWakeLock.sendReleaseNetLockIntent:-1 com.xiaomi.mitv.shop.util.MyWakeLock.releaseWifiLock:-1 com.xiaomi.mitv.shop.util.MyWakeLock.releaseLock:-1 
08-12 13:30:52.500  2961  3044 D com.xiaomi.tv.gallery.download.GalleryDownloadManager: no server ip
08-12 13:30:52.502  3606  3626 D MyWakeLock: releaseWifiLock: SyncDataService
08-12 13:30:52.502  3606  3626 D MyWakeLock: Leave releaseWakeLock
08-12 13:30:52.502  3606  3626 I SyncDataService: onHandleIntent done
08-12 13:30:52.504   514   514 I notification_cancel: [1000,514,com.xiaomi.mitv.shop,99,NULL,0,0,0,8,NULL]
08-12 13:30:52.506  2961  3044 D com.xiaomi.tv.gallery.download.GalleryDownloadManager: no server ip
08-12 13:30:52.505  3606  3606 I SyncDataService: onDestroy
08-12 13:30:52.510  3606  3606 I SyncDataService: startSyncService
08-12 13:30:52.512  2961  3044 D com.xiaomi.tv.gallery.download.GalleryDownloadManager: no server ip
08-12 13:30:52.515   514  1374 I ActivityManager: Killing 3152:com.xiaomi.tv.mitvuser/1000 (adj 15): empty #10
08-12 13:30:52.517     0     0 I Kernel  : <7>[  481.360612] current Binder_5(1374) kill task omi.tv.mitvuser(3152) signal 9
08-12 13:30:52.517     0     0 I Kernel  : <7>[  481.360989] current Binder_5(1374) kill task omi.tv.mitvuser(3152) signal 9
08-12 13:30:52.517     0     0 I Kernel  : <7>[  481.361335] current Binder_5(1374) kill task omi.tv.mitvuser(3152) signal 9
08-12 13:30:52.517     0     0 I Kernel  : <7>[  481.361701] current Binder_5(1374) kill task omi.tv.mitvuser(3152) signal 9
08-12 13:30:52.515   514  1374 I am_kill : [0,3152,com.xiaomi.tv.mitvuser,15,empty #10]
08-12 13:30:52.517     0     0 I Kernel  : <7>[  481.362294] current Binder_5(1374) kill task omi.tv.mitvuser(3152) signal 9
08-12 13:30:52.522  2961  3044 D com.xiaomi.tv.gallery.download.GalleryDownloadManager: no server ip
08-12 13:30:52.524     0     0 I Kernel  : <7>[  481.363287] current Binder_5(1374) kill task omi.tv.mitvuser(3152) signal 9
08-12 13:30:52.524     0     0 I Kernel  : <7>[  481.365062] current Binder_5(1374) kill task omi.tv.mitvuser(3152) signal 9
08-12 13:30:52.524     0     0 I Kernel  : <7>[  481.368482] current Binder_5(1374) kill task omi.tv.mitvuser(3152) signal 9
08-12 13:30:52.526  2961  3044 D com.xiaomi.tv.gallery.download.GalleryDownloadManager: no server ip
08-12 13:30:52.529  2961  3044 D com.xiaomi.tv.gallery.download.GalleryDownloadManager: no server ip
08-12 13:30:52.531     0     0 I Kernel  : <7>[  481.375054] current Binder_5(1374) kill task omi.tv.mitvuser(3152) signal 9
08-12 13:30:52.533  2961  3044 D com.xiaomi.tv.gallery.download.GalleryDownloadManager: no server ip
08-12 13:30:52.537  2961  3044 D com.xiaomi.tv.gallery.download.GalleryDownloadManager: no server ip
08-12 13:30:52.542  2961  3044 D com.xiaomi.tv.gallery.download.GalleryDownloadManager: no server ip
08-12 13:30:52.543     0     0 I Kernel  : <7>[  481.388032] current Binder_5(1374) kill task omi.tv.mitvuser(3152) signal 9
08-12 13:30:52.545  2961  3044 D com.xiaomi.tv.gallery.download.GalleryDownloadManager: no server ip
08-12 13:30:52.549  2961  3044 D com.xiaomi.tv.gallery.download.GalleryDownloadManager: no server ip
08-12 13:30:52.553  2961  3044 D com.xiaomi.tv.gallery.download.GalleryDownloadManager: no server ip
08-12 13:30:52.557  2961  3044 D com.xiaomi.tv.gallery.download.GalleryDownloadManager: no server ip
08-12 13:30:52.560  2961  3044 D com.xiaomi.tv.gallery.download.GalleryDownloadManager: no server ip
08-12 13:30:52.564  2961  3044 D com.xiaomi.tv.gallery.download.GalleryDownloadManager: no server ip
08-12 13:30:52.567  2961  3044 D com.xiaomi.tv.gallery.download.GalleryDownloadManager: no server ip
08-12 13:30:52.569   514  1375 W libprocessgroup: failed to open /acct/uid_1000/pid_3152/cgroup.procs: No such file or directory
08-12 13:30:52.569   514  1375 I am_proc_died: [0,3152,com.xiaomi.tv.mitvuser]
08-12 13:30:52.574  2961  3044 D com.xiaomi.tv.gallery.download.GalleryDownloadManager: no server ip
08-12 13:30:52.578  2961  3044 D com.xiaomi.tv.gallery.download.GalleryDownloadManager: no server ip
08-12 13:30:52.585  2961  3044 D com.xiaomi.tv.gallery.download.GalleryDownloadManager: no server ip
08-12 13:30:52.591  2961  3044 D com.xiaomi.tv.gallery.download.GalleryDownloadManager: no server ip
08-12 13:30:52.595  2961  3044 D com.xiaomi.tv.gallery.download.GalleryDownloadManager: no server ip
08-12 13:30:52.599  2961  3044 D com.xiaomi.tv.gallery.download.GalleryDownloadManager: no server ip
08-12 13:30:52.601   126   126 I tvos    : [37m[INFO] Change to Voltage: 125 mv (0x17)[m
08-12 13:30:52.604  2961  3044 D com.xiaomi.tv.gallery.download.GalleryDownloadManager: no server ip
08-12 13:30:52.608  2961  3044 D com.xiaomi.tv.gallery.download.GalleryDownloadManager: no server ip
08-12 13:30:52.611  2961  3044 D com.xiaomi.tv.gallery.download.GalleryDownloadManager: no server ip
08-12 13:30:52.614  2961  3044 D com.xiaomi.tv.gallery.download.GalleryDownloadManager: no server ip
08-12 13:30:52.617  2961  3044 D com.xiaomi.tv.gallery.download.GalleryDownloadManager: no server ip
08-12 13:30:52.620  2961  3044 D com.xiaomi.tv.gallery.download.GalleryDownloadManager: no server ip
08-12 13:30:52.623  2961  3044 D com.xiaomi.tv.gallery.download.GalleryDownloadManager: no server ip
08-12 13:30:52.626  2961  3044 D com.xiaomi.tv.gallery.download.GalleryDownloadManager: no server ip
08-12 13:30:52.629  2961  3044 D com.xiaomi.tv.gallery.download.GalleryDownloadManager: no server ip
08-12 13:30:52.631  2961  3044 D com.xiaomi.tv.gallery.download.GalleryDownloadManager: no server ip
08-12 13:30:52.634  2961  3044 D com.xiaomi.tv.gallery.download.GalleryDownloadManager: no server ip
08-12 13:30:52.638  2961  3044 D com.xiaomi.tv.gallery.download.GalleryDownloadManager: no server ip
08-12 13:30:52.642  2961  3044 D com.xiaomi.tv.gallery.download.GalleryDownloadManager: no server ip
08-12 13:30:52.648  2961  3044 D com.xiaomi.tv.gallery.download.GalleryDownloadManager: no server ip
08-12 13:30:52.652  2961  3044 D com.xiaomi.tv.gallery.download.GalleryDownloadManager: no server ip
08-12 13:30:52.659  2961  3044 D com.xiaomi.tv.gallery.download.GalleryDownloadManager: no server ip
08-12 13:30:52.664  2961  3044 D com.xiaomi.tv.gallery.download.GalleryDownloadManager: no server ip
08-12 13:30:52.669  2961  3044 D com.xiaomi.tv.gallery.download.GalleryDownloadManager: no server ip
08-12 13:30:52.675  2961  3044 D com.xiaomi.tv.gallery.download.GalleryDownloadManager: no server ip
08-12 13:30:52.679  2961  3044 D com.xiaomi.tv.gallery.download.GalleryDownloadManager: no server ip
08-12 13:30:52.682  2961  3044 D com.xiaomi.tv.gallery.download.GalleryDownloadManager: no server ip
08-12 13:30:52.687  2961  3044 D com.xiaomi.tv.gallery.download.GalleryDownloadManager: no server ip
08-12 13:30:52.694  2961  3044 D com.xiaomi.tv.gallery.download.GalleryDownloadManager: no server ip
08-12 13:30:52.697  2961  3044 D com.xiaomi.tv.gallery.download.GalleryDownloadManager: no server ip
08-12 13:30:52.702  2961  3044 D com.xiaomi.tv.gallery.download.GalleryDownloadManager: no server ip
08-12 13:30:52.707  2961  3044 D com.xiaomi.tv.gallery.download.GalleryDownloadManager: no server ip
08-12 13:30:52.712  2961  3044 D com.xiaomi.tv.gallery.download.GalleryDownloadManager: no server ip
08-12 13:30:52.717  2961  3044 D com.xiaomi.tv.gallery.download.GalleryDownloadManager: no server ip
08-12 13:30:52.721  2961  3044 D com.xiaomi.tv.gallery.download.GalleryDownloadManager: no server ip
08-12 13:30:52.728  2961  3044 D com.xiaomi.tv.gallery.download.GalleryDownloadManager: no server ip
08-12 13:30:52.732  2961  3044 D com.xiaomi.tv.gallery.download.GalleryDownloadManager: no server ip
08-12 13:30:52.736  2961  3044 D com.xiaomi.tv.gallery.download.GalleryDownloadManager: no server ip
08-12 13:30:52.745  2961  3044 D com.xiaomi.tv.gallery.download.GalleryDownloadManager: no server ip
08-12 13:30:52.749  2961  3044 D com.xiaomi.tv.gallery.download.GalleryDownloadManager: no server ip
08-12 13:30:52.753  2961  3044 D com.xiaomi.tv.gallery.download.GalleryDownloadManager: no server ip
08-12 13:30:52.757  2961  3044 D com.xiaomi.tv.gallery.download.GalleryDownloadManager: no server ip
08-12 13:30:52.761  2961  3044 D com.xiaomi.tv.gallery.download.GalleryDownloadManager: no server ip
08-12 13:30:52.767  2961  3044 D com.xiaomi.tv.gallery.download.GalleryDownloadManager: no server ip
08-12 13:30:52.773  2961  3044 D com.xiaomi.tv.gallery.download.GalleryDownloadManager: no server ip
08-12 13:30:52.778  2961  3044 D com.xiaomi.tv.gallery.download.GalleryDownloadManager: no server ip
08-12 13:30:52.782  2961  3044 D com.xiaomi.tv.gallery.download.GalleryDownloadManager: no server ip
08-12 13:30:52.786  2961  3044 D com.xiaomi.tv.gallery.download.GalleryDownloadManager: no server ip
08-12 13:30:52.791  2961  3044 D com.xiaomi.tv.gallery.download.GalleryDownloadManager: no server ip
08-12 13:30:52.796  2961  3044 D com.xiaomi.tv.gallery.download.GalleryDownloadManager: no server ip
08-12 13:30:52.800  2961  3044 D com.xiaomi.tv.gallery.download.GalleryDownloadManager: no server ip
08-12 13:30:52.803   126   126 I tvos    : [37m[INFO] Change to Voltage: 115 mv (0xF)[m
08-12 13:30:52.809  2961  3044 D com.xiaomi.tv.gallery.download.GalleryDownloadManager: no server ip
08-12 13:30:52.816  2961  3044 D com.xiaomi.tv.gallery.download.GalleryDownloadManager: no server ip
08-12 13:30:52.820  2961  3044 D com.xiaomi.tv.gallery.download.GalleryDownloadManager: no server ip
08-12 13:30:52.825  2961  3044 D com.xiaomi.tv.gallery.download.GalleryDownloadManager: no server ip
08-12 13:30:52.829  2961  3044 D com.xiaomi.tv.gallery.download.GalleryDownloadManager: no server ip
08-12 13:30:52.832  2961  3044 D com.xiaomi.tv.gallery.download.GalleryDownloadManager: no server ip
08-12 13:30:52.837  2961  3044 D com.xiaomi.tv.gallery.download.GalleryDownloadManager: no server ip
08-12 13:30:52.843  2961  3044 D com.xiaomi.tv.gallery.download.GalleryDownloadManager: no server ip
08-12 13:30:52.847  2961  3044 D com.xiaomi.tv.gallery.download.GalleryDownloadManager: no server ip
08-12 13:30:52.851  2961  3044 D com.xiaomi.tv.gallery.download.GalleryDownloadManager: no server ip
08-12 13:30:52.855  2961  3044 D com.xiaomi.tv.gallery.download.GalleryDownloadManager: no server ip
08-12 13:30:52.860  2961  3044 D com.xiaomi.tv.gallery.download.GalleryDownloadManager: no server ip
08-12 13:30:52.864  2961  3044 D com.xiaomi.tv.gallery.download.GalleryDownloadManager: no server ip
08-12 13:30:52.869  2961  3044 D com.xiaomi.tv.gallery.download.GalleryDownloadManager: no server ip
08-12 13:30:52.877  2961  3044 D com.xiaomi.tv.gallery.download.GalleryDownloadManager: no server ip
08-12 13:30:52.882  2961  3044 D com.xiaomi.tv.gallery.download.GalleryDownloadManager: no server ip
08-12 13:30:52.890  2961  3044 D com.xiaomi.tv.gallery.download.GalleryDownloadManager: no server ip
08-12 13:30:52.895  2961  3044 D com.xiaomi.tv.gallery.download.GalleryDownloadManager: no server ip
08-12 13:30:52.901  2961  3044 D com.xiaomi.tv.gallery.download.GalleryDownloadManager: no server ip
08-12 13:30:52.910  2961  3044 D com.xiaomi.tv.gallery.download.GalleryDownloadManager: no server ip
08-12 13:30:52.914  2961  3044 D com.xiaomi.tv.gallery.download.GalleryDownloadManager: no server ip
08-12 13:30:52.917  2961  3044 D com.xiaomi.tv.gallery.download.GalleryDownloadManager: no server ip
08-12 13:30:52.922  2961  3044 D com.xiaomi.tv.gallery.download.GalleryDownloadManager: no server ip
08-12 13:30:52.926  2961  3044 D com.xiaomi.tv.gallery.download.GalleryDownloadManager: no server ip
08-12 13:30:52.931  2961  3044 D com.xiaomi.tv.gallery.download.GalleryDownloadManager: no server ip
08-12 13:30:52.935  2961  3044 D com.xiaomi.tv.gallery.download.GalleryDownloadManager: no server ip
08-12 13:30:52.940  2961  3044 D com.xiaomi.tv.gallery.download.GalleryDownloadManager: no server ip
08-12 13:30:52.944  2961  3044 D com.xiaomi.tv.gallery.download.GalleryDownloadManager: no server ip
08-12 13:30:52.948  2961  3044 D com.xiaomi.tv.gallery.download.GalleryDownloadManager: no server ip
08-12 13:30:52.953  2961  3044 D com.xiaomi.tv.gallery.download.GalleryDownloadManager: no server ip
08-12 13:30:52.962  2961  3044 D com.xiaomi.tv.gallery.download.GalleryDownloadManager: no server ip
08-12 13:30:52.967  2961  3044 D com.xiaomi.tv.gallery.download.GalleryDownloadManager: no server ip
08-12 13:30:52.971  2961  3044 D com.xiaomi.tv.gallery.download.GalleryDownloadManager: no server ip
08-12 13:30:52.977  2961  3044 D com.xiaomi.tv.gallery.download.GalleryDownloadManager: no server ip
08-12 13:30:52.981  2961  3044 D com.xiaomi.tv.gallery.download.GalleryDownloadManager: no server ip
08-12 13:30:52.985  2961  3044 D com.xiaomi.tv.gallery.download.GalleryDownloadManager: no server ip
08-12 13:30:52.992  2961  3044 D com.xiaomi.tv.gallery.download.GalleryDownloadManager: no server ip
08-12 13:30:52.996  2961  3044 D com.xiaomi.tv.gallery.download.GalleryDownloadManager: no server ip
08-12 13:30:53.000  2961  3044 D com.xiaomi.tv.gallery.download.GalleryDownloadManager: no server ip
08-12 13:30:53.002   126   126 I tvos    : [37m[INFO] Change to Voltage: 105 mv (0x8)[m
08-12 13:30:53.007  2961  3044 D com.xiaomi.tv.gallery.download.GalleryDownloadManager: no server ip
08-12 13:30:53.012  2961  3044 D com.xiaomi.tv.gallery.download.GalleryDownloadManager: no server ip
08-12 13:30:53.016  2961  3044 D com.xiaomi.tv.gallery.download.GalleryDownloadManager: no server ip
08-12 13:30:53.021  2961  3044 D com.xiaomi.tv.gallery.download.GalleryDownloadManager: no server ip
08-12 13:30:53.027  2961  3044 D com.xiaomi.tv.gallery.download.GalleryDownloadManager: no server ip
08-12 13:30:53.032  2961  3044 D com.xiaomi.tv.gallery.download.GalleryDownloadManager: no server ip
08-12 13:30:53.039  2961  3044 D com.xiaomi.tv.gallery.download.GalleryDownloadManager: no server ip
08-12 13:30:53.046  2961  3044 D com.xiaomi.tv.gallery.download.GalleryDownloadManager: no server ip
08-12 13:30:53.049  2961  3044 D com.xiaomi.tv.gallery.download.GalleryDownloadManager: no server ip
08-12 13:30:53.054  2961  3044 D com.xiaomi.tv.gallery.download.GalleryDownloadManager: no server ip
08-12 13:30:53.061  2961  3044 D com.xiaomi.tv.gallery.download.GalleryDownloadManager: no server ip
08-12 13:30:53.066  2961  3044 D com.xiaomi.tv.gallery.download.GalleryDownloadManager: no server ip
08-12 13:30:53.070  2961  3044 D com.xiaomi.tv.gallery.download.GalleryDownloadManager: no server ip
08-12 13:30:53.074  2961  3044 D com.xiaomi.tv.gallery.download.GalleryDownloadManager: no server ip
08-12 13:30:53.078  2961  3044 D com.xiaomi.tv.gallery.download.GalleryDownloadManager: no server ip
08-12 13:30:53.082  2961  3044 D com.xiaomi.tv.gallery.download.GalleryDownloadManager: no server ip
08-12 13:30:53.087  2961  3044 D com.xiaomi.tv.gallery.download.GalleryDownloadManager: no server ip
08-12 13:30:53.092  2961  3044 D com.xiaomi.tv.gallery.download.GalleryDownloadManager: no server ip
08-12 13:30:53.096  2961  3044 D com.xiaomi.tv.gallery.download.GalleryDownloadManager: no server ip
08-12 13:30:53.100  2961  3044 D com.xiaomi.tv.gallery.download.GalleryDownloadManager: no server ip
08-12 13:30:53.105  2961  3044 D com.xiaomi.tv.gallery.download.GalleryDownloadManager: no server ip
08-12 13:30:53.111  2961  3044 D com.xiaomi.tv.gallery.download.GalleryDownloadManager: no server ip
08-12 13:30:53.117  2961  3044 D com.xiaomi.tv.gallery.download.GalleryDownloadManager: no server ip
08-12 13:30:53.121  2961  3044 D com.xiaomi.tv.gallery.download.GalleryDownloadManager: no server ip
08-12 13:30:53.126  2961  3044 D com.xiaomi.tv.gallery.download.GalleryDownloadManager: no server ip
08-12 13:30:53.130  2961  3044 D com.xiaomi.tv.gallery.download.GalleryDownloadManager: no server ip
08-12 13:30:53.134  2961  3044 D com.xiaomi.tv.gallery.download.GalleryDownloadManager: no server ip
08-12 13:30:53.139  2961  3044 D com.xiaomi.tv.gallery.download.GalleryDownloadManager: no server ip
08-12 13:30:53.143  2961  3044 D com.xiaomi.tv.gallery.download.GalleryDownloadManager: no server ip
08-12 13:30:53.148  2961  3044 D com.xiaomi.tv.gallery.download.GalleryDownloadManager: no server ip
08-12 13:30:53.152  2961  3044 D com.xiaomi.tv.gallery.download.GalleryDownloadManager: no server ip
08-12 13:30:53.156  2961  3044 D com.xiaomi.tv.gallery.download.GalleryDownloadManager: no server ip
08-12 13:30:53.160  2961  3044 D com.xiaomi.tv.gallery.download.GalleryDownloadManager: no server ip
08-12 13:30:53.165  2961  3044 D com.xiaomi.tv.gallery.download.GalleryDownloadManager: no server ip
08-12 13:30:53.170  2961  3044 D com.xiaomi.tv.gallery.download.GalleryDownloadManager: no server ip
08-12 13:30:53.174  2961  3044 D com.xiaomi.tv.gallery.download.GalleryDownloadManager: no server ip
08-12 13:30:53.187  2961  3044 D com.xiaomi.tv.gallery.download.GalleryDownloadManager: no server ip
08-12 13:30:53.193  2961  3044 D com.xiaomi.tv.gallery.download.GalleryDownloadManager: no server ip
08-12 13:30:53.198  2961  3044 D com.xiaomi.tv.gallery.download.GalleryDownloadManager: no server ip
08-12 13:30:53.202   126   126 I tvos    : [37m[INFO] Change to Voltage: 105 mv (0x8)[m
08-12 13:30:53.204  2961  3044 D com.xiaomi.tv.gallery.download.GalleryDownloadManager: no server ip
08-12 13:30:53.210  2961  3044 D com.xiaomi.tv.gallery.download.GalleryDownloadManager: no server ip
08-12 13:30:53.215  2961  3044 D com.xiaomi.tv.gallery.download.GalleryDownloadManager: no server ip
08-12 13:30:53.220  2961  3044 D com.xiaomi.tv.gallery.download.GalleryDownloadManager: no server ip
08-12 13:30:53.224  2961  3044 D com.xiaomi.tv.gallery.download.GalleryDownloadManager: no server ip
08-12 13:30:53.228  2961  3044 D com.xiaomi.tv.gallery.download.GalleryDownloadManager: no server ip
08-12 13:30:53.235  2961  3044 D com.xiaomi.tv.gallery.download.GalleryDownloadManager: no server ip
08-12 13:30:53.244  2961  3044 D com.xiaomi.tv.gallery.download.GalleryDownloadManager: no server ip
08-12 13:30:53.248  2961  3044 D com.xiaomi.tv.gallery.download.GalleryDownloadManager: no server ip
08-12 13:30:53.253  2961  3044 D com.xiaomi.tv.gallery.download.GalleryDownloadManager: no server ip
08-12 13:30:53.258  2961  3044 D com.xiaomi.tv.gallery.download.GalleryDownloadManager: no server ip
08-12 13:30:53.266  2961  3044 D com.xiaomi.tv.gallery.download.GalleryDownloadManager: no server ip
08-12 13:30:53.270  2961  3044 D com.xiaomi.tv.gallery.download.GalleryDownloadManager: no server ip
08-12 13:30:53.275  2961  3044 D com.xiaomi.tv.gallery.download.GalleryDownloadManager: no server ip
08-12 13:30:53.280  2961  3044 D com.xiaomi.tv.gallery.download.GalleryDownloadManager: no server ip
08-12 13:30:53.284  2961  3044 D com.xiaomi.tv.gallery.download.GalleryDownloadManager: no server ip
08-12 13:30:53.288  2961  3044 D com.xiaomi.tv.gallery.download.GalleryDownloadManager: no server ip
08-12 13:30:53.292  2961  3044 D com.xiaomi.tv.gallery.download.GalleryDownloadManager: no server ip
08-12 13:30:53.297  2961  3044 D com.xiaomi.tv.gallery.download.GalleryDownloadManager: no server ip
08-12 13:30:53.301  2961  3044 D com.xiaomi.tv.gallery.download.GalleryDownloadManager: no server ip
08-12 13:30:53.305  2961  3044 D com.xiaomi.tv.gallery.download.GalleryDownloadManager: no server ip
08-12 13:30:53.310  2961  3044 D com.xiaomi.tv.gallery.download.GalleryDownloadManager: no server ip
08-12 13:30:53.314  2961  3044 D com.xiaomi.tv.gallery.download.GalleryDownloadManager: no server ip
08-12 13:30:53.318  2961  3044 D com.xiaomi.tv.gallery.download.GalleryDownloadManager: no server ip
08-12 13:30:53.323  2961  3044 D com.xiaomi.tv.gallery.download.GalleryDownloadManager: no server ip
08-12 13:30:53.333  2961  3044 D com.xiaomi.tv.gallery.download.GalleryDownloadManager: no server ip
08-12 13:30:53.338  2961  3044 D com.xiaomi.tv.gallery.download.GalleryDownloadManager: no server ip
08-12 13:30:53.339  1550  1689 I clientsdk: tid 1689, httpget http://www.baidu.com:80
08-12 13:30:53.339  1689  1689 I auditd  : type=1400 audit(0.0:2979): avc: granted { write } for comm="Thread-87" name="CookiesFile" dev="mmcblk0p22" ino=873 scontext=u:r:system_app:s0 tcontext=u:object_r:system_data_file:s0 tclass=file
08-12 13:30:53.345     0     0 I Kernel  : <12>[  482.189138] type=1400 audit(1439357453.339:2979): avc: granted { write } for pid=1689 comm="Thread-87" name="CookiesFile" dev="mmcblk0p22" ino=873 scontext=u:r:system_app:s0 tcontext=u:object_r:system_data_file:s0 tclass=file
08-12 13:30:53.345     0     0 I Kernel  : <12>[  482.189461] type=1400 audit(1439357453.339:2980): avc: granted { write } for pid=1689 comm="Thread-87" path="/data/duokancache/CookiesFile" dev="mmcblk0p22" ino=873 scontext=u:r:system_app:s0 tcontext=u:object_r:system_data_file:s0 tclass=file
08-12 13:30:53.339  1689  1689 W Thread-87: type=1400 audit(0.0:2979): avc: granted { write } for name="CookiesFile" dev="mmcblk0p22" ino=873 scontext=u:r:system_app:s0 tcontext=u:object_r:system_data_file:s0 tclass=file
08-12 13:30:53.345  1550  1689 I clientsdk: tid 1689, HttpGet, status code = 0
08-12 13:30:53.345  1550  1689 I clientsdk: tid 1689, HttpGet curl_easy_perform result 6
08-12 13:30:53.345  1550  1689 I duokantv: tid 1689, DuoKanUtility::checkHostReachability -- ret of HttpGet = -1006
08-12 13:30:53.349     0     0 I Kernel  : <12>[  482.192690] type=1400 audit(1439357453.339:2981): avc: granted { write } for pid=1689 comm="Thread-87" name="CookiesFile" dev="mmcblk0p22" ino=873 scontext=u:r:system_app:s0 tcontext=u:object_r:system_data_file:s0 tclass=file
08-12 13:30:53.345  1550  1689 I duokantv: tid 1689, DuoKanUtility::checkHostReachability -- HttpGet: not reachable
08-12 13:30:53.351     0     0 I Kernel  : <12>[  482.194458] type=1400 audit(1439357453.344:2982): avc: granted { write } for pid=1689 comm="Thread-87" name="CookiesFile" dev="mmcblk0p22" ino=873 scontext=u:r:system_app:s0 tcontext=u:object_r:system_data_file:s0 tclass=file
08-12 13:30:53.351     0     0 I Kernel  : <12>[  482.194884] type=1400 audit(1439357453.344:2983): avc: granted { write } for pid=1689 comm="Thread-87" path="/data/duokancache/CookiesFile" dev="mmcblk0p22" ino=873 scontext=u:r:system_app:s0 tcontext=u:object_r:system_data_file:s0 tclass=file
08-12 13:30:53.345  1550  1689 I duokantv: tid 1689, DKAppDelegate::setupServerConnection, no userID
08-12 13:30:53.353     0     0 I Kernel  : <12>[  482.196654] type=1400 audit(1439357453.344:2984): avc: granted { write } for pid=1689 comm="Thread-87" name="CookiesFile" dev="mmcblk0p22" ino=873 scontext=u:r:system_app:s0 tcontext=u:object_r:system_data_file:s0 tclass=file
08-12 13:30:53.353     0     0 I Kernel  : <12>[  482.196808] type=1400 audit(1439357453.349:2985): avc: granted { write } for pid=1689 comm="Thread-87" name="CookiesFile" dev="mmcblk0p22" ino=873 scontext=u:r:system_app:s0 tcontext=u:object_r:system_data_file:s0 tclass=file
08-12 13:30:53.345  2961  3044 D com.xiaomi.tv.gallery.download.GalleryDownloadManager: no server ip
08-12 13:30:53.353     0     0 I Kernel  : <12>[  482.198255] type=1400 audit(1439357453.349:2986): avc: granted { write } for pid=1689 comm="Thread-87" path="/data/duokancache/CookiesFile" dev="mmcblk0p22" ino=873 scontext=u:r:system_app:s0 tcontext=u:object_r:system_data_file:s0 tclass=file
08-12 13:30:53.345  1550  1689 I duokantv: tid 1689, DataStore: Token, Enter loadToken2
08-12 13:30:53.353     0     0 I Kernel  : <12>[  482.198400] type=1400 audit(1439357453.349:2987): avc: granted { write } for pid=1689 comm="Thread-87" name="CookiesFile" dev="mmcblk0p22" ino=873 scontext=u:r:system_app:s0 tcontext=u:object_r:system_data_file:s0 tclass=file
08-12 13:30:53.346  1550  1689 I duokantv: tid 1689, DataStore: Token, key 5fcb31f300324bcbb8c3cac60d6d4184
08-12 13:30:53.346  1550  1689 I duokantv: tid 1689, DataStore: Token, token cc5bf5545b674d1e9e2bd0add857ccc0
08-12 13:30:53.346  1550  1689 I duokantv: tid 1689, DKAppDelegate:setupServerConnection -- about to login to server
08-12 13:30:53.346  1550  1689 I clientsdk: tid 1689, httppost http://122.49.38.6/tvservice/login?vc=0&ac=0&ic=0&deviceid=5b11bace3b21548f71a273121cfa15a6&apiver=1.8&ver=5.0.1.1213&codever=15&ptf=605&ts=1439357453&nonce=511636530&language=zh_CN&feature=15&opaque=9c8cfa10718d12c8edf0efcb551c72257f623ac7
08-12 13:30:53.339  1689  1689 W Thread-87: type=1400 audit(0.0:2980): avc: granted { write } for path="/data/duokancache/CookiesFile" dev="mmcblk0p22" ino=873 scontext=u:r:system_app:s0 tcontext=u:object_r:system_data_file:s0 tclass=file
08-12 13:30:53.339  1689  1689 I auditd  : type=1400 audit(0.0:2981): avc: granted { write } for comm="Thread-87" name="CookiesFile" dev="mmcblk0p22" ino=873 scontext=u:r:system_app:s0 tcontext=u:object_r:system_data_file:s0 tclass=file
08-12 13:30:53.355     0     0 I Kernel  : <12>[  482.199687] type=1400 audit(1439357453.349:2988): avc: granted { write } for pid=1689 comm="Thread-87" name="CookiesFile" dev="mmcblk0p22" ino=873 scontext=u:r:system_app:s0 tcontext=u:object_r:system_data_file:s0 tclass=file
08-12 13:30:53.339  1689  1689 W Thread-87: type=1400 audit(0.0:2981): avc: granted { write } for name="CookiesFile" dev="mmcblk0p22" ino=873 scontext=u:r:system_app:s0 tcontext=u:object_r:system_data_file:s0 tclass=file
08-12 13:30:53.344  1689  1689 I auditd  : type=1400 audit(0.0:2982): avc: granted { write } for comm="Thread-87" name="CookiesFile" dev="mmcblk0p22" ino=873 scontext=u:r:system_app:s0 tcontext=u:object_r:system_data_file:s0 tclass=file
08-12 13:30:53.349  1550  1689 I clientsdk: tid 1689, HttpPost, status code = 0
08-12 13:30:53.344  1689  1689 W Thread-87: type=1400 audit(0.0:2982): avc: granted { write } for name="CookiesFile" dev="mmcblk0p22" ino=873 scontext=u:r:system_app:s0 tcontext=u:object_r:system_data_file:s0 tclass=file
08-12 13:30:53.349  1550  1689 I clientsdk: tid 1689, HttpGet curl_easy_perform result 7
08-12 13:30:53.360     0     0 I Kernel  : <12>[  482.200965] type=1400 audit(1439357453.349:2989): avc: granted { write } for pid=1689 comm="Thread-87" path="/data/duokancache/CookiesFile" dev="mmcblk0p22" ino=873 scontext=u:r:system_app:s0 tcontext=u:object_r:system_data_file:s0 tclass=file
08-12 13:30:53.360     0     0 I Kernel  : <12>[  482.201141] type=1400 audit(1439357453.349:2990): avc: granted { write } for pid=1689 comm="Thread-87" name="CookiesFile" dev="mmcblk0p22" ino=873 scontext=u:r:system_app:s0 tcontext=u:object_r:system_data_file:s0 tclass=file
08-12 13:30:53.350  1550  1689 I clientsdk: tid 1689, httppost http://122.49.38.6/tvservice/login?vc=0&ac=0&ic=0&deviceid=5b11bace3b21548f71a273121cfa15a6&apiver=1.8&ver=5.0.1.1213&codever=15&ptf=605&ts=1439357453&nonce=511636530&language=zh_CN&feature=15&opaque=9c8cfa10718d12c8edf0efcb551c72257f623ac7
08-12 13:30:53.344  1689  1689 I auditd  : type=1400 audit(0.0:2983): avc: granted { write } for comm="Thread-87" path="/data/duokancache/CookiesFile" dev="mmcblk0p22" ino=873 scontext=u:r:system_app:s0 tcontext=u:object_r:system_data_file:s0 tclass=file
08-12 13:30:53.344  1689  1689 W Thread-87: type=1400 audit(0.0:2983): avc: granted { write } for path="/data/duokancache/CookiesFile" dev="mmcblk0p22" ino=873 scontext=u:r:system_app:s0 tcontext=u:object_r:system_data_file:s0 tclass=file
08-12 13:30:53.344  1689  1689 I auditd  : type=1400 audit(0.0:2984): avc: granted { write } for comm="Thread-87" name="CookiesFile" dev="mmcblk0p22" ino=873 scontext=u:r:system_app:s0 tcontext=u:object_r:system_data_file:s0 tclass=file
08-12 13:30:53.344  1689  1689 W Thread-87: type=1400 audit(0.0:2984): avc: granted { write } for name="CookiesFile" dev="mmcblk0p22" ino=873 scontext=u:r:system_app:s0 tcontext=u:object_r:system_data_file:s0 tclass=file
08-12 13:30:53.349  1689  1689 I auditd  : type=1400 audit(0.0:2985): avc: granted { write } for comm="Thread-87" name="CookiesFile" dev="mmcblk0p22" ino=873 scontext=u:r:system_app:s0 tcontext=u:object_r:system_data_file:s0 tclass=file
08-12 13:30:53.349  1689  1689 W Thread-87: type=1400 audit(0.0:2985): avc: granted { write } for name="CookiesFile" dev="mmcblk0p22" ino=873 scontext=u:r:system_app:s0 tcontext=u:object_r:system_data_file:s0 tclass=file
08-12 13:30:53.352  2961  3044 D com.xiaomi.tv.gallery.download.GalleryDownloadManager: no server ip
08-12 13:30:53.352  1550  1689 I clientsdk: tid 1689, HttpPost, status code = 0
08-12 13:30:53.352  1550  1689 I clientsdk: tid 1689, HttpGet curl_easy_perform result 7
08-12 13:30:53.353  1550  1689 I clientsdk: tid 1689, httppost http://122.49.38.6/tvservice/login?vc=0&ac=0&ic=0&deviceid=5b11bace3b21548f71a273121cfa15a6&apiver=1.8&ver=5.0.1.1213&codever=15&ptf=605&ts=1439357453&nonce=511636530&language=zh_CN&feature=15&opaque=9c8cfa10718d12c8edf0efcb551c72257f623ac7
08-12 13:30:53.349  1689  1689 I auditd  : type=1400 audit(0.0:2986): avc: granted { write } for comm="Thread-87" path="/data/duokancache/CookiesFile" dev="mmcblk0p22" ino=873 scontext=u:r:system_app:s0 tcontext=u:object_r:system_data_file:s0 tclass=file
08-12 13:30:53.349  1689  1689 W Thread-87: type=1400 audit(0.0:2986): avc: granted { write } for path="/data/duokancache/CookiesFile" dev="mmcblk0p22" ino=873 scontext=u:r:system_app:s0 tcontext=u:object_r:system_data_file:s0 tclass=file
08-12 13:30:53.349  1689  1689 I auditd  : type=1400 audit(0.0:2987): avc: granted { write } for comm="Thread-87" name="CookiesFile" dev="mmcblk0p22" ino=873 scontext=u:r:system_app:s0 tcontext=u:object_r:system_data_file:s0 tclass=file
08-12 13:30:53.349  1689  1689 W Thread-87: type=1400 audit(0.0:2987): avc: granted { write } for name="CookiesFile" dev="mmcblk0p22" ino=873 scontext=u:r:system_app:s0 tcontext=u:object_r:system_data_file:s0 tclass=file
08-12 13:30:53.349  1689  1689 I auditd  : type=1400 audit(0.0:2988): avc: granted { write } for comm="Thread-87" name="CookiesFile" dev="mmcblk0p22" ino=873 scontext=u:r:system_app:s0 tcontext=u:object_r:system_data_file:s0 tclass=file
08-12 13:30:53.349  1689  1689 W Thread-87: type=1400 audit(0.0:2988): avc: granted { write } for name="CookiesFile" dev="mmcblk0p22" ino=873 scontext=u:r:system_app:s0 tcontext=u:object_r:system_data_file:s0 tclass=file
08-12 13:30:53.349  1689  1689 I auditd  : type=1400 audit(0.0:2989): avc: granted { write } for comm="Thread-87" path="/data/duokancache/CookiesFile" dev="mmcblk0p22" ino=873 scontext=u:r:system_app:s0 tcontext=u:object_r:system_data_file:s0 tclass=file
08-12 13:30:53.349  1689  1689 W Thread-87: type=1400 audit(0.0:2989): avc: granted { write } for path="/data/duokancache/CookiesFile" dev="mmcblk0p22" ino=873 scontext=u:r:system_app:s0 tcontext=u:object_r:system_data_file:s0 tclass=file
08-12 13:30:53.349  1689  1689 I auditd  : type=1400 audit(0.0:2990): avc: granted { write } for comm="Thread-87" name="CookiesFile" dev="mmcblk0p22" ino=873 scontext=u:r:system_app:s0 tcontext=u:object_r:system_data_file:s0 tclass=file
08-12 13:30:53.349  1689  1689 W Thread-87: type=1400 audit(0.0:2990): avc: granted { write } for name="CookiesFile" dev="mmcblk0p22" ino=873 scontext=u:r:system_app:s0 tcontext=u:object_r:system_data_file:s0 tclass=file
08-12 13:30:53.355  1550  1689 I clientsdk: tid 1689, HttpPost, status code = 0
08-12 13:30:53.355  1550  1689 I clientsdk: tid 1689, HttpGet curl_easy_perform result 7
08-12 13:30:53.355  1550  1689 I duokantv: tid 1689, DKAppDelegate:DK_UserLogin, result: -1
08-12 13:30:53.355  1550  1689 I duokantv: tid 1689, +++DKAppDelegate::hideAuthFailView: ../Classes/DKAppDelegate.cpp line: 3269
08-12 13:30:53.357  1550  1689 I duokantv: tid 1689, DKAppDelegate:setupServerConnection -- failed to login (-1)
08-12 13:30:53.360  2961  3044 D com.xiaomi.tv.gallery.download.GalleryDownloadManager: no server ip
08-12 13:30:53.365  2961  3044 D com.xiaomi.tv.gallery.download.GalleryDownloadManager: no server ip
08-12 13:30:53.370  2961  3044 D com.xiaomi.tv.gallery.download.GalleryDownloadManager: no server ip
08-12 13:30:53.377  2961  3044 D com.xiaomi.tv.gallery.download.GalleryDownloadManager: no server ip
08-12 13:30:53.381  2961  3044 D com.xiaomi.tv.gallery.download.GalleryDownloadManager: no server ip
08-12 13:30:53.385  2961  3044 D com.xiaomi.tv.gallery.download.GalleryDownloadManager: no server ip
08-12 13:30:53.390  2961  3044 D com.xiaomi.tv.gallery.download.GalleryDownloadManager: no server ip
08-12 13:30:53.395  2961  3044 D com.xiaomi.tv.gallery.download.GalleryDownloadManager: no server ip
08-12 13:30:53.399  2961  3044 D com.xiaomi.tv.gallery.download.GalleryDownloadManager: no server ip
08-12 13:30:53.404  2961  3044 D com.xiaomi.tv.gallery.download.GalleryDownloadManager: no server ip
08-12 13:30:53.410  2961  3044 D com.xiaomi.tv.gallery.download.GalleryDownloadManager: no server ip
08-12 13:30:53.415  2961  3044 D com.xiaomi.tv.gallery.download.GalleryDownloadManager: no server ip
08-12 13:30:53.419  2192  2216 I MiTv-Impl-tv2_48-mstar-SourceManagerImpl: getCurrentSource return 1
08-12 13:30:53.419  2961  3044 D com.xiaomi.tv.gallery.download.GalleryDownloadManager: no server ip
