08-12 13:32:19.823  1801  2438 I Bonjour : Reset-> Register _airplay._tcp.
08-12 13:32:19.823  1801  2438 I Bonjour : Get Empty Entry at 0
08-12 13:32:19.823  1801  2438 I Bonjour : Dev ÂÆ¢ÂéÖÁöÑÂ∞èÁ±≥ÁîµËßÜ, _airplay._tcp., 7000, deviceid=10:48:b1:af:69:76features=0x100029ff	flags=0x4model=AppleTV3,1srcvers=150.33vv=1
08-12 13:32:19.824  1801  2438 I Bonjour : Register Done
08-12 13:32:19.824  1801  2438 I Bonjour : Reset-> Register _raop._tcp.
08-12 13:32:19.824  1801  4177 I Bonjour : HandleEvents start: _airplay._tcp.
08-12 13:32:19.824  1801  2438 I Bonjour : Get Empty Entry at 1
08-12 13:32:19.824  1801  2438 I Bonjour : Dev 1048b1af6976@ÂÆ¢ÂéÖÁöÑÂ∞èÁ±≥ÁîµËßÜ, _raop._tcp., 5000, tp=UDPsm=falsesv=falseek=1et=0,3,5cn=0,1ch=2ss=16sr=44100pw=falsevn=3	txtvers=1da=trueft=0x100029FFmd=0,1,2	vs=150.33	rhd=4.1.3vv=1vn=65537am=AppleTV3,1sf=0x4
08-12 13:32:19.825  1801  2438 I Bonjour : Register Done
08-12 13:32:19.825  1801  4178 I Bonjour : HandleEvents start: _raop._tcp.
08-12 13:32:19.825  1801  2438 I Bonjour : Reset-> Register _airkan._tcp.local.
08-12 13:32:19.825  1801  2438 I Bonjour : Get Empty Entry at 2
08-12 13:32:19.825  1801  2438 I Bonjour : Dev ÂÆ¢ÂéÖÁöÑÂ∞èÁ±≥ÁîµËßÜ, _airkan._tcp.local., 6088, photoport=6089
08-12 13:32:19.825  1801  2438 I Bonjour : scrnw=1920
08-12 13:32:19.825  1801  2438 I Bonjour : scrnh=1080protver=16777984%prottext=Airkan Protocol Version 1.03platform_id=605music_version=1.0
08-12 13:32:19.825  1801  2438 I Bonjour : DNSService call failed -65540
08-12 13:32:19.827   514   955 D PowerManagerService: checkScreenSaverTimeoutLocked come 120000 reason=userActivity
08-12 13:32:19.847  2192  2192 D TVApiWrapper_TV2: onScrollChanged (-2138, 230)
08-12 13:32:19.870  2192  2192 D MainActivity: KeyEvent { action=ACTION_DOWN, keyCode=KEYCODE_DPAD_RIGHT, scanCode=106, metaState=0, flags=0x88, repeatCount=1, eventTime=557494, downTime=556994, deviceId=6, source=0x101 }
08-12 13:32:19.870  2192  2192 D MainActivity: onKeyDown state:ENormal, KeyCode:22, showing:false
08-12 13:32:19.870  2192  2192 D AppCategoryBottomView: addFocusables direction:66, focusableMode:1
08-12 13:32:19.870  2192  2192 D ScrollView: requestChildFocus child:com.xiaomi.tv.desktop.ui.SandwichLayout{1914d8ce V.E..... .......D 0,0-10072,1080 #7f0a0033 app:id/sandwich}, focused:AppItemBottomView{title:ÈáëËüæÊçïÈ±º2, orig string:com.xiaomi.tv.desktop.ui.d{16cc86fe VFE...CL .F...... 1293,30-1578,190}}, isOpeningFolder:com.xiaomi.tv.desktop.ui.a{3630eefc V.E..... .......D 2600,0-9932,770 #186aa}
08-12 13:32:19.871  2192  2192 D ScrollView: computeScrollDeltaToGetChildRectOnScreen rect:Rect(3893, 230 - 4178, 390)
08-12 13:32:19.871  2192  2192 D ScrollView: , resultScrollX:2558, scrollX:2239, scrollXDelta:319
08-12 13:32:19.871  2192  2192 D ScrollView: computeScrollDeltaToGetChildRectOnScreen Rect(3893, 230 - 4178, 390) 319
08-12 13:32:19.871  2192  2192 V Cursor  : Triger animation now
08-12 13:32:19.872   119   505 V AudioPolicyManager: getDeviceForStrategy() strategy 0, device 2
08-12 13:32:19.872   119   505 V AudioPolicyManager: getOutput() device 2, stream 1, samplingRate 0, format 0, channelMask 3, flags 0
08-12 13:32:19.872   119   505 V AudioPolicyManager: getOutputsForDevice() device 0002
08-12 13:32:19.872   119   505 V AudioPolicyManager: output 0 isDuplicated=0 device=0002
08-12 13:32:19.872   119   505 V AudioPolicyManager: getOutputsForDevice() found output 2
08-12 13:32:19.872   119   505 V AudioPolicyManager: getOutput() returns output 2
08-12 13:32:19.873   119  1260 V AudioPolicyManager: getDeviceForStrategy() strategy 0, device 2
08-12 13:32:19.873   119  1260 V AudioPolicyManager: getOutput() device 2, stream 1, samplingRate 0, format 0, channelMask 3, flags 0
08-12 13:32:19.873   119  1260 V AudioPolicyManager: getOutputsForDevice() device 0002
08-12 13:32:19.873   119  1260 V AudioPolicyManager: output 0 isDuplicated=0 device=0002
08-12 13:32:19.873   119  1260 V AudioPolicyManager: getOutputsForDevice() found output 2
08-12 13:32:19.873   119  1260 V AudioPolicyManager: getOutput() returns output 2
08-12 13:32:19.873   119   119 V AudioPolicyManager: getOutputForAttr() usage=13, content=4, tag= flags=00000000
08-12 13:32:19.873   119   119 V AudioPolicyManager: getDeviceForStrategy() strategy 0, device 2
08-12 13:32:19.873   119   119 V AudioPolicyManager: getOutputForAttr() device 2, samplingRate 44100, format 1, channelMask 3, flags 4
08-12 13:32:19.873   119   119 V AudioPolicyManager: getOutputsForDevice() device 0002
08-12 13:32:19.873   119   119 V AudioPolicyManager: output 0 isDuplicated=0 device=0002
08-12 13:32:19.873   119   119 V AudioPolicyManager: getOutputsForDevice() found output 2
08-12 13:32:19.873   119   119 V AudioPolicyManager: getOutput() returns output 2
08-12 13:32:19.873   514  1582 W AudioTrack: AUDIO_OUTPUT_FLAG_FAST denied by client
08-12 13:32:19.875   119   505 V AudioPolicyManager: startOutput() output 2, stream 1, session 35
08-12 13:32:19.875   119   505 V AudioPolicyManager: changeRefCount() stream 1, count 1
08-12 13:32:19.875   119   505 V AudioPolicyManager: getDeviceForStrategy() strategy 0, device 2
08-12 13:32:19.875   119   505 V AudioPolicyManager: getNewOutputDevice() selected device 2
08-12 13:32:19.875   119   505 V AudioPolicyManager: setStreamVolumeIndex() stream 10, device 0002, index 15
08-12 13:32:19.875   119   505 V AudioPolicyManager: VOLUME vol index=[60 100 100], dB=[-11.0 0.0 0.0] ampl=1.00000
08-12 13:32:19.875   119   505 V AudioPolicyManager: setOutputDevice() output 2 device 0002 delayMs 0
08-12 13:32:19.875   119   505 V AudioPolicyManager: setOutputDevice() prevDevice 0002
08-12 13:32:19.875   119   505 V AudioPolicyManager: getDeviceForStrategy() strategy 0, device 2
08-12 13:32:19.875   119   505 V AudioPolicyManager: getDeviceForStrategy() strategy 1, device 2
08-12 13:32:19.875   119   505 V AudioPolicyManager: getDeviceForStrategy() strategy 2, device 2
08-12 13:32:19.875   119   505 V AudioPolicyManager: getDeviceForStrategy() strategy 2, device 2
08-12 13:32:19.875   119   505 V AudioPolicyManager: getDeviceForStrategy() strategy 3, device 2
08-12 13:32:19.875   119   505 V AudioPolicyManager: getDeviceForStrategy() strategy 0, device 2
08-12 13:32:19.875   119   505 V AudioPolicyManager: getDeviceForStrategy() strategy 4, device 2
08-12 13:32:19.875   119   505 V AudioPolicyManager: getDeviceForStrategy() strategy 5, device 2
08-12 13:32:19.875   119   505 V AudioPolicyManager: getDeviceForStrategy() strategy 6, device 2
08-12 13:32:19.875   119   505 V AudioPolicyManager: setOutputDevice() setting same device 0002 or null device for output 2
08-12 13:32:19.875   119   505 V AudioPolicyManager: VOLUME vol index=[20 20 60], dB=[-34.0 -34.0 -11.0] ampl=0.01995
08-12 13:32:19.875   119   496 V AudioPolicyManager: releaseOutput() 2
08-12 13:32:19.887  2192  2192 E Cursor  :  doAnimation size : 1
08-12 13:32:19.887  2192  2192 D Cursor  : target pos : 3893 230 size : 284 160
08-12 13:32:19.887  2192  2192 D Cursor  : cursor pos : 3525 177
08-12 13:32:19.887  2192  2192 V Cursor  : mov2Target ignore the same size scale
08-12 13:32:19.919  2192  2192 D MainActivity: KeyEvent { action=ACTION_DOWN, keyCode=KEYCODE_DPAD_RIGHT, scanCode=106, metaState=0, flags=0x8, repeatCount=2, eventTime=557544, downTime=556994, deviceId=6, source=0x101 }
08-12 13:32:19.919  2192  2192 D MainActivity: onKeyDown state:ENormal, KeyCode:22, showing:false
08-12 13:32:19.919  2192  2192 D AppCategoryBottomView: addFocusables direction:66, focusableMode:1
08-12 13:32:19.919  2192  2192 D ScrollView: requestChildFocus child:com.xiaomi.tv.desktop.ui.SandwichLayout{1914d8ce V.E..... .......D 0,0-10072,1080 #7f0a0033 app:id/sandwich}, focused:AppItemBottomView{title:Â∞èÁ±≥ËøêÂä®Ê±á, orig string:com.xiaomi.tv.desktop.ui.d{2cab0e5f VFE...CL .F...... 1612,30-1897,190}}, isOpeningFolder:com.xiaomi.tv.desktop.ui.a{3630eefc V.E..... .......D 2600,0-9932,770 #186aa}
08-12 13:32:19.919  2192  2192 D ScrollView: computeScrollDeltaToGetChildRectOnScreen rect:Rect(4212, 230 - 4497, 390)
08-12 13:32:19.920  2192  2192 D ScrollView: , resultScrollX:2877, scrollX:2279, scrollXDelta:598
08-12 13:32:19.920  2192  2192 D ScrollView: computeScrollDeltaToGetChildRectOnScreen Rect(4212, 230 - 4497, 390) 598
08-12 13:32:19.920  2192  2192 D Cursor  : trigerMov
08-12 13:32:19.920  2192  2192 V Cursor  : Animation on going just save to target Queue size:1
08-12 13:32:19.921   119   119 V AudioPolicyManager: getDeviceForStrategy() strategy 0, device 2
08-12 13:32:19.921   119   119 V AudioPolicyManager: getOutput() device 2, stream 1, samplingRate 0, format 0, channelMask 3, flags 0
08-12 13:32:19.921   119   119 V AudioPolicyManager: getOutputsForDevice() device 0002
08-12 13:32:19.921   119   119 V AudioPolicyManager: output 0 isDuplicated=0 device=0002
08-12 13:32:19.921   119   119 V AudioPolicyManager: getOutputsForDevice() found output 2
08-12 13:32:19.921   119   119 V AudioPolicyManager: getOutput() returns output 2
08-12 13:32:19.921   119  1260 V AudioPolicyManager: getDeviceForStrategy() strategy 0, device 2
08-12 13:32:19.921   119  1260 V AudioPolicyManager: getOutput() device 2, stream 1, samplingRate 0, format 0, channelMask 3, flags 0
08-12 13:32:19.921   119  1260 V AudioPolicyManager: getOutputsForDevice() device 0002
08-12 13:32:19.921   119  1260 V AudioPolicyManager: output 0 isDuplicated=0 device=0002
08-12 13:32:19.921   119  1260 V AudioPolicyManager: getOutputsForDevice() found output 2
08-12 13:32:19.921   119  1260 V AudioPolicyManager: getOutput() returns output 2
08-12 13:32:19.922   119  1259 V AudioPolicyManager: getOutputForAttr() usage=13, content=4, tag= flags=00000000
08-12 13:32:19.922   119  1259 V AudioPolicyManager: getDeviceForStrategy() strategy 0, device 2
08-12 13:32:19.922   119  1259 V AudioPolicyManager: getOutputForAttr() device 2, samplingRate 44100, format 1, channelMask 3, flags 4
08-12 13:32:19.922   119  1259 V AudioPolicyManager: getOutputsForDevice() device 0002
08-12 13:32:19.922   119  1259 V AudioPolicyManager: output 0 isDuplicated=0 device=0002
08-12 13:32:19.922   119  1259 V AudioPolicyManager: getOutputsForDevice() found output 2
08-12 13:32:19.922   119  1259 V AudioPolicyManager: getOutput() returns output 2
08-12 13:32:19.923   514  1582 W AudioTrack: AUDIO_OUTPUT_FLAG_FAST denied by client
08-12 13:32:19.925   119   505 V AudioPolicyManager: startOutput() output 2, stream 1, session 36
08-12 13:32:19.925   119   505 V AudioPolicyManager: changeRefCount() stream 1, count 2
08-12 13:32:19.926   119   496 V AudioPolicyManager: releaseOutput() 2
08-12 13:32:19.926  2192  2192 D TVApiWrapper_TV2: onScrollChanged (-2776, 230)
08-12 13:32:19.946  2192  2192 E Cursor  :  doAnimation size : 1
08-12 13:32:19.946  2192  2192 D Cursor  : target pos : 4212 230 size : 284 160
08-12 13:32:19.946  2192  2192 D Cursor  : cursor pos : 3844 177
08-12 13:32:19.946  2192  2192 V Cursor  : mov2Target ignore the same size scale
08-12 13:32:19.947  2192  2192 D MainActivity: KeyEvent { action=ACTION_DOWN, keyCode=KEYCODE_DPAD_RIGHT, scanCode=106, metaState=0, flags=0x8, repeatCount=3, eventTime=557595, downTime=556994, deviceId=6, source=0x101 }
08-12 13:32:19.947  2192  2192 D MainActivity: onKeyDown state:ENormal, KeyCode:22, showing:false
08-12 13:32:19.948  2192  2192 D AppCategoryBottomView: addFocusables direction:66, focusableMode:1
08-12 13:32:19.948   119   500 E AudioResamplerXHQ: !!!!!!!!Aud resample not enough data!!!!
08-12 13:32:19.948   119   500 E AudioResamplerXHQ: !!!!!!!!Aud resample not enough data!!!!
08-12 13:32:19.948  2192  2192 D ScrollView: requestChildFocus child:com.xiaomi.tv.desktop.ui.SandwichLayout{1914d8ce V.E..... .......D 0,0-10072,1080 #7f0a0033 app:id/sandwich}, focused:AppItemBottomView{title:ËøêÂä®Âä†Âä†OL, orig string:com.xiaomi.tv.desktop.ui.d{1fb040ac VFE...CL .F...... 1931,30-2216,190}}, isOpeningFolder:com.xiaomi.tv.desktop.ui.a{3630eefc V.E..... .......D 2600,0-9932,770 #186aa}
08-12 13:32:19.949  2192  2192 D ScrollView: computeScrollDeltaToGetChildRectOnScreen rect:Rect(4531, 230 - 4816, 390)
08-12 13:32:19.949  2192  2192 D ScrollView: , resultScrollX:3196, scrollX:2877, scrollXDelta:319
08-12 13:32:19.949  2192  2192 D ScrollView: computeScrollDeltaToGetChildRectOnScreen Rect(4531, 230 - 4816, 390) 319
08-12 13:32:19.949  2192  2192 D Cursor  : trigerMov
08-12 13:32:19.949  2192  2192 V Cursor  : Animation on going just save to target Queue size:1
08-12 13:32:19.952   119  1260 V AudioPolicyManager: getDeviceForStrategy() strategy 0, device 2
08-12 13:32:19.952   119  1260 V AudioPolicyManager: getOutput() device 2, stream 1, samplingRate 0, format 0, channelMask 3, flags 0
08-12 13:32:19.952   119  1260 V AudioPolicyManager: getOutputsForDevice() device 0002
08-12 13:32:19.952   119  1260 V AudioPolicyManager: output 0 isDuplicated=0 device=0002
08-12 13:32:19.952   119  1260 V AudioPolicyManager: getOutputsForDevice() found output 2
08-12 13:32:19.952   119  1260 V AudioPolicyManager: getOutput() returns output 2
08-12 13:32:19.952   119   119 V AudioPolicyManager: getDeviceForStrategy() strategy 0, device 2
08-12 13:32:19.952   119   119 V AudioPolicyManager: getOutput() device 2, stream 1, samplingRate 0, format 0, channelMask 3, flags 0
08-12 13:32:19.952   119   119 V AudioPolicyManager: getOutputsForDevice() device 0002
08-12 13:32:19.952   119   119 V AudioPolicyManager: output 0 isDuplicated=0 device=0002
08-12 13:32:19.952   119   119 V AudioPolicyManager: getOutputsForDevice() found output 2
08-12 13:32:19.952   119   119 V AudioPolicyManager: getOutput() returns output 2
08-12 13:32:19.952   119   505 V AudioPolicyManager: getOutputForAttr() usage=13, content=4, tag= flags=00000000
08-12 13:32:19.952   119   505 V AudioPolicyManager: getDeviceForStrategy() strategy 0, device 2
08-12 13:32:19.952   119   505 V AudioPolicyManager: getOutputForAttr() device 2, samplingRate 44100, format 1, channelMask 3, flags 4
08-12 13:32:19.952   119   505 V AudioPolicyManager: getOutputsForDevice() device 0002
08-12 13:32:19.952   119   505 V AudioPolicyManager: output 0 isDuplicated=0 device=0002
08-12 13:32:19.952   119   505 V AudioPolicyManager: getOutputsForDevice() found output 2
08-12 13:32:19.952   119   505 V AudioPolicyManager: getOutput() returns output 2
08-12 13:32:19.953   514  1582 W AudioTrack: AUDIO_OUTPUT_FLAG_FAST denied by client
08-12 13:32:19.954  3942  4010 D Smb.SmbDevice: SMB root path = /mnt/smb/
08-12 13:32:19.956   119  1260 V AudioPolicyManager: startOutput() output 2, stream 1, session 37
08-12 13:32:19.956   119  1260 V AudioPolicyManager: changeRefCount() stream 1, count 3
08-12 13:32:19.957  2192  2192 D TVApiWrapper_TV2: onScrollChanged (-3095, 230)
08-12 13:32:19.957   119   496 V AudioPolicyManager: releaseOutput() 2
08-12 13:32:19.957  3942  4010 I Smb.SmbRootNode: getLocalPath: /mnt/smb/ , TESTSERVER , Public
08-12 13:32:19.957  3942  4010 I XQDataLoader: getXQIp
08-12 13:32:19.957  3942  4010 I XQDataLoader: getGatewayAddress
08-12 13:32:19.958  3942  4010 I XQDataLoader: getXQIp, return gateway ip: 192.168.31.1
08-12 13:32:19.959  3942  4010 I Smb.SmbDevice: xqurl: //192.168.31.1/ my: //192.168.31.219/
08-12 13:32:19.988   119   500 E AudioResamplerXHQ: !!!!!!!!Aud resample not enough data!!!!
08-12 13:32:19.988   119   500 E AudioResamplerXHQ: !!!!!!!!Aud resample not enough data!!!!
08-12 13:32:20.018   119   496 V AudioPolicyManager: stopOutput() output 2, stream 1, session 35
08-12 13:32:20.018   119   496 V AudioPolicyManager: changeRefCount() stream 1, count 2
08-12 13:32:20.032  3942  4010 I Smb.SmbDeviceInfoManager: queryAuthInfoByHostName: TESTSERVER
08-12 13:32:20.036  3942  4010 I ScannerManager: allShareNode: [rootUrl://192.168.31.219/Public/ locaoPath:/mnt/smb/TESTSERVER@@Public hostName:TESTSERVER]
08-12 13:32:20.036  3942  4010 I ScannerManager: allShareNode, node localPath: /mnt/smb/TESTSERVER@@Public
08-12 13:32:20.037  3942  4010 I Smb.SmbNode: current status com.xiaomi.mitv.mediaexplorer.smb.SmbNode$NodeInitStatus
08-12 13:32:20.037  3942  4010 I Smb.SmbNode: connect
08-12 13:32:20.037  3942  4010 I Smb.SmbUtils: getShares (//127.0.0.1/): //192.168.31.219/Public/
08-12 13:32:20.037  3942  4010 I Smb.SmbUtils: getSharesByUrl: smb://192.168.31.219/Public/
08-12 13:32:20.038   119   500 E AudioResamplerXHQ: !!!!!!!!Aud resample not enough data!!!!
08-12 13:32:20.038   119   500 E AudioResamplerXHQ: !!!!!!!!Aud resample not enough data!!!!
08-12 13:32:20.054  2192  2192 E Cursor  :  doAnimation size : 1
08-12 13:32:20.055  2192  2192 D Cursor  : target pos : 4531 230 size : 284 160
08-12 13:32:20.055  2192  2192 D Cursor  : cursor pos : 4163 177
08-12 13:32:20.055  2192  2192 V Cursor  : mov2Target ignore the same size scale
08-12 13:32:20.056  2192  2192 D MainActivity: KeyEvent { action=ACTION_DOWN, keyCode=KEYCODE_DPAD_RIGHT, scanCode=106, metaState=0, flags=0x8, repeatCount=4, eventTime=557645, downTime=556994, deviceId=6, source=0x101 }
08-12 13:32:20.056  2192  2192 D MainActivity: onKeyDown state:ENormal, KeyCode:22, showing:false
08-12 13:32:20.056  2192  2192 D AppCategoryBottomView: addFocusables direction:66, focusableMode:1
08-12 13:32:20.057  2192  2192 D SmartHomeViewBuilderV2: onVisInParentChangefalse
08-12 13:32:20.057   119  1259 V AudioPolicyManager: getDeviceForStrategy() strategy 0, device 2
08-12 13:32:20.057  2239  2255 E MIUIADSyncService: onAdFinished, adId = 2 extraInfo = null
08-12 13:32:20.057   119  1259 V AudioPolicyManager: getOutput() device 2, stream 1, samplingRate 0, format 0, channelMask 3, flags 0
08-12 13:32:20.057  2239  2255 D AbstractAdvertise: LogPlayEnd
08-12 13:32:20.057   119  1259 V AudioPolicyManager: getOutputsForDevice() device 0002
08-12 13:32:20.057   119  1259 V AudioPolicyManager: output 0 isDuplicated=0 device=0002
08-12 13:32:20.058   119  1259 V AudioPolicyManager: getOutputsForDevice() found output 2
08-12 13:32:20.058   119  1259 V AudioPolicyManager: getOutput() returns output 2
08-12 13:32:20.058  2239  2255 D MIUIADProvider: query uri : content://com.xiaomi.mitv.advertise.common.provider.MIUIADProvider/recommended/2
08-12 13:32:20.058   119   496 V AudioPolicyManager: stopOutput() output 2, stream 1, session 36
08-12 13:32:20.058   119   496 V AudioPolicyManager: changeRefCount() stream 1, count 1
08-12 13:32:20.058   119   119 V AudioPolicyManager: getDeviceForStrategy() strategy 0, device 2
08-12 13:32:20.058   119   119 V AudioPolicyManager: getOutput() device 2, stream 1, samplingRate 0, format 0, channelMask 3, flags 0
08-12 13:32:20.058   119   119 V AudioPolicyManager: getOutputsForDevice() device 0002
08-12 13:32:20.058   119   119 V AudioPolicyManager: output 0 isDuplicated=0 device=0002
08-12 13:32:20.058   119   119 V AudioPolicyManager: getOutputsForDevice() found output 2
08-12 13:32:20.058   119   119 V AudioPolicyManager: getOutput() returns output 2
08-12 13:32:20.058  2239  2255 E MIUIADProvider: query, cursor = android.database.sqlite.SQLiteCursor@38fe4eb1
08-12 13:32:20.058  2239  2255 E AbstractAdvertise: queryContent, advertiseID = 2
08-12 13:32:20.059   119   505 V AudioPolicyManager: getOutputForAttr() usage=13, content=4, tag= flags=00000000
08-12 13:32:20.059   119   505 V AudioPolicyManager: getDeviceForStrategy() strategy 0, device 2
08-12 13:32:20.059   119   505 V AudioPolicyManager: getOutputForAttr() device 2, samplingRate 44100, format 1, channelMask 3, flags 4
08-12 13:32:20.059   119   505 V AudioPolicyManager: getOutputsForDevice() device 0002
08-12 13:32:20.059   119   505 V AudioPolicyManager: output 0 isDuplicated=0 device=0002
08-12 13:32:20.059   119   505 V AudioPolicyManager: getOutputsForDevice() found output 2
08-12 13:32:20.059   119   505 V AudioPolicyManager: getOutput() returns output 2
08-12 13:32:20.059   514  1582 W AudioTrack: AUDIO_OUTPUT_FLAG_FAST denied by client
08-12 13:32:20.059  2239  2255 E AbstractAdvertise: cursor.getColumnCount() = 10
08-12 13:32:20.060  2239  2255 E AbstractAdvertise: adId = 6502
08-12 13:32:20.060  2239  2255 E AbstractAdvertise: adTS = 1439356933149
08-12 13:32:20.060  2239  2255 D AbstractAdvertise: getCurrentProductUrl, productUrl : null
08-12 13:32:20.060  2239  2255 D AbstractAdvertise: current version 100
08-12 13:32:20.061  2239  2255 D Ad SDK  : operation: onAdFinished
08-12 13:32:20.061   119  1259 V AudioPolicyManager: startOutput() output 2, stream 1, session 38
08-12 13:32:20.061   119  1259 V AudioPolicyManager: changeRefCount() stream 1, count 2
08-12 13:32:20.062   119   496 V AudioPolicyManager: releaseOutput() 2
08-12 13:32:20.063  2239  2310 D Ad SDK  : Tracker ClientInfo : deviceInfo {
08-12 13:32:20.063  2239  2310 D Ad SDK  :   device: "gladiator"
08-12 13:32:20.063  2239  2310 D Ad SDK  :   model: "MiTV2S-48"
08-12 13:32:20.063  2239  2310 D Ad SDK  :   displayDensity: "320"
08-12 13:32:20.063  2239  2310 D Ad SDK  :   displayResolution: "1080*1920"
08-12 13:32:20.063  2239  2310 D Ad SDK  :   androidVersion: "5.0.1"
08-12 13:32:20.063  2239  2310 D Ad SDK  :   miuiVersion: "1213"
08-12 13:32:20.063  2239  2310 D Ad SDK  : }
08-12 13:32:20.063  2239  2310 D Ad SDK  : userInfo {
08-12 13:32:20.063  2239  2310 D Ad SDK  :   mac: "00:00:00:00:00:00"
08-12 13:32:20.063  2239  2310 D Ad SDK  :   androidId: "974714fcb5cb4e9f"
08-12 13:32:20.063  2239  2310 D Ad SDK  :   language: "zh"
08-12 13:32:20.063  2239  2310 D Ad SDK  :   country: "CN"
08-12 13:32:20.063  2239  2310 D Ad SDK  :   wiremac: "5b11bace3b21548f71a273121cfa15a6"
08-12 13:32:20.063  2239  2310 D Ad SDK  : }
08-12 13:32:20.063  2239  2310 D Ad SDK  : packageName: "com.xiaomi.mitv.advertise"
08-12 13:32:20.064  2239  2310 D Ad SDK  : Tracker Event : FINISHED
08-12 13:32:20.064  2239  2310 D Ad SDK  : Tracker Ad ID : 6502
08-12 13:32:20.064  2192  2192 D MainActivity: KeyEvent { action=ACTION_DOWN, keyCode=KEYCODE_DPAD_RIGHT, scanCode=106, metaState=0, flags=0x8, repeatCount=5, eventTime=557696, downTime=556994, deviceId=6, source=0x101 }
08-12 13:32:20.064  2192  2192 D MainActivity: onKeyDown state:ENormal, KeyCode:22, showing:false
08-12 13:32:20.064  2192  2192 D AppCategoryBottomView: addFocusables direction:66, focusableMode:1
08-12 13:32:20.064  2239  2310 D TRACK_LOG: Start Track Event
08-12 13:32:20.065   119  1260 V AudioPolicyManager: getDeviceForStrategy() strategy 0, device 2
08-12 13:32:20.065   119  1260 V AudioPolicyManager: getOutput() device 2, stream 1, samplingRate 0, format 0, channelMask 3, flags 0
08-12 13:32:20.065   119  1260 V AudioPolicyManager: getOutputsForDevice() device 0002
08-12 13:32:20.066   119  1260 V AudioPolicyManager: output 0 isDuplicated=0 device=0002
08-12 13:32:20.066   119  1260 V AudioPolicyManager: getOutputsForDevice() found output 2
08-12 13:32:20.066   119  1260 V AudioPolicyManager: getOutput() returns output 2
08-12 13:32:20.066   119  1259 V AudioPolicyManager: getDeviceForStrategy() strategy 0, device 2
08-12 13:32:20.066   119  1259 V AudioPolicyManager: getOutput() device 2, stream 1, samplingRate 0, format 0, channelMask 3, flags 0
08-12 13:32:20.066   119  1259 V AudioPolicyManager: getOutputsForDevice() device 0002
08-12 13:32:20.066   119  1259 V AudioPolicyManager: output 0 isDuplicated=0 device=0002
08-12 13:32:20.066   119  1259 V AudioPolicyManager: getOutputsForDevice() found output 2
08-12 13:32:20.066   119  1259 V AudioPolicyManager: getOutput() returns output 2
08-12 13:32:20.067   119   119 V AudioPolicyManager: getOutputForAttr() usage=13, content=4, tag= flags=00000000
08-12 13:32:20.067   119   119 V AudioPolicyManager: getDeviceForStrategy() strategy 0, device 2
08-12 13:32:20.067   119   119 V AudioPolicyManager: getOutputForAttr() device 2, samplingRate 44100, format 1, channelMask 3, flags 4
08-12 13:32:20.067   119   119 V AudioPolicyManager: getOutputsForDevice() device 0002
08-12 13:32:20.067   119   119 V AudioPolicyManager: output 0 isDuplicated=0 device=0002
08-12 13:32:20.067   119   119 V AudioPolicyManager: getOutputsForDevice() found output 2
08-12 13:32:20.067   119   119 V AudioPolicyManager: getOutput() returns output 2
08-12 13:32:20.067   514  1582 W AudioTrack: AUDIO_OUTPUT_FLAG_FAST denied by client
08-12 13:32:20.071   119  1260 V AudioPolicyManager: startOutput() output 2, stream 1, session 39
08-12 13:32:20.071   119  1260 V AudioPolicyManager: changeRefCount() stream 1, count 3
08-12 13:32:20.071   119   496 V AudioPolicyManager: releaseOutput() 2
08-12 13:32:20.091  2239  2310 D Http Post: Http Post Success
08-12 13:32:20.091  2239  2310 D TRACK_LOG: Track Event Success
08-12 13:32:20.103   119   496 V AudioPolicyManager: stopOutput() output 2, stream 1, session 37
08-12 13:32:20.103   119   496 V AudioPolicyManager: changeRefCount() stream 1, count 2
08-12 13:32:20.108  2192  2192 D MainActivity: KeyEvent { action=ACTION_DOWN, keyCode=KEYCODE_DPAD_RIGHT, scanCode=106, metaState=0, flags=0x8, repeatCount=6, eventTime=557746, downTime=556994, deviceId=6, source=0x101 }
08-12 13:32:20.108  2192  2192 D MainActivity: onKeyDown state:ENormal, KeyCode:22, showing:false
08-12 13:32:20.108  2192  2192 D AppCategoryBottomView: addFocusables direction:66, focusableMode:1
08-12 13:32:20.109   119  1259 V AudioPolicyManager: getDeviceForStrategy() strategy 0, device 2
08-12 13:32:20.109   119  1259 V AudioPolicyManager: getOutput() device 2, stream 1, samplingRate 0, format 0, channelMask 3, flags 0
08-12 13:32:20.109   119  1259 V AudioPolicyManager: getOutputsForDevice() device 0002
08-12 13:32:20.109   119  1259 V AudioPolicyManager: output 0 isDuplicated=0 device=0002
08-12 13:32:20.109   119  1259 V AudioPolicyManager: getOutputsForDevice() found output 2
08-12 13:32:20.109   119  1259 V AudioPolicyManager: getOutput() returns output 2
08-12 13:32:20.110   119  1260 V AudioPolicyManager: getDeviceForStrategy() strategy 0, device 2
08-12 13:32:20.110   119  1260 V AudioPolicyManager: getOutput() device 2, stream 1, samplingRate 0, format 0, channelMask 3, flags 0
08-12 13:32:20.110   119  1260 V AudioPolicyManager: getOutputsForDevice() device 0002
08-12 13:32:20.110   119  1260 V AudioPolicyManager: output 0 isDuplicated=0 device=0002
08-12 13:32:20.110   119  1260 V AudioPolicyManager: getOutputsForDevice() found output 2
08-12 13:32:20.110   119  1260 V AudioPolicyManager: getOutput() returns output 2
08-12 13:32:20.110   119   505 V AudioPolicyManager: getOutputForAttr() usage=13, content=4, tag= flags=00000000
08-12 13:32:20.110   119   505 V AudioPolicyManager: getDeviceForStrategy() strategy 0, device 2
08-12 13:32:20.110   119   505 V AudioPolicyManager: getOutputForAttr() device 2, samplingRate 44100, format 1, channelMask 3, flags 4
08-12 13:32:20.110   119   505 V AudioPolicyManager: getOutputsForDevice() device 0002
08-12 13:32:20.110   119   505 V AudioPolicyManager: output 0 isDuplicated=0 device=0002
08-12 13:32:20.110   119   505 V AudioPolicyManager: getOutputsForDevice() found output 2
08-12 13:32:20.110   119   505 V AudioPolicyManager: getOutput() returns output 2
08-12 13:32:20.110   514  1582 W AudioTrack: AUDIO_OUTPUT_FLAG_FAST denied by client
08-12 13:32:20.112   119  1259 V AudioPolicyManager: startOutput() output 2, stream 1, session 40
08-12 13:32:20.112   119  1259 V AudioPolicyManager: changeRefCount() stream 1, count 3
08-12 13:32:20.112   119   496 V AudioPolicyManager: releaseOutput() 2
08-12 13:32:20.154  2192  2192 D MainActivity: KeyEvent { action=ACTION_DOWN, keyCode=KEYCODE_DPAD_RIGHT, scanCode=106, metaState=0, flags=0x8, repeatCount=7, eventTime=557797, downTime=556994, deviceId=6, source=0x101 }
08-12 13:32:20.155  2192  2192 D MainActivity: onKeyDown state:ENormal, KeyCode:22, showing:false
08-12 13:32:20.155  2192  2192 D AppCategoryBottomView: addFocusables direction:66, focusableMode:1
08-12 13:32:20.156   119  1260 V AudioPolicyManager: getDeviceForStrategy() strategy 0, device 2
08-12 13:32:20.156   119  1260 V AudioPolicyManager: getOutput() device 2, stream 1, samplingRate 0, format 0, channelMask 3, flags 0
08-12 13:32:20.156   119  1260 V AudioPolicyManager: getOutputsForDevice() device 0002
08-12 13:32:20.156   119  1260 V AudioPolicyManager: output 0 isDuplicated=0 device=0002
08-12 13:32:20.156   119  1260 V AudioPolicyManager: getOutputsForDevice() found output 2
08-12 13:32:20.156   119  1260 V AudioPolicyManager: getOutput() returns output 2
08-12 13:32:20.156   119   505 V AudioPolicyManager: getDeviceForStrategy() strategy 0, device 2
08-12 13:32:20.156   119   505 V AudioPolicyManager: getOutput() device 2, stream 1, samplingRate 0, format 0, channelMask 3, flags 0
08-12 13:32:20.156   119   505 V AudioPolicyManager: getOutputsForDevice() device 0002
08-12 13:32:20.156   119   505 V AudioPolicyManager: output 0 isDuplicated=0 device=0002
08-12 13:32:20.156   119   505 V AudioPolicyManager: getOutputsForDevice() found output 2
08-12 13:32:20.156   119   505 V AudioPolicyManager: getOutput() returns output 2
08-12 13:32:20.157   119   119 V AudioPolicyManager: getOutputForAttr() usage=13, content=4, tag= flags=00000000
08-12 13:32:20.157   119   119 V AudioPolicyManager: getDeviceForStrategy() strategy 0, device 2
08-12 13:32:20.157   119   119 V AudioPolicyManager: getOutputForAttr() device 2, samplingRate 44100, format 1, channelMask 3, flags 4
08-12 13:32:20.157   119   119 V AudioPolicyManager: getOutputsForDevice() device 0002
08-12 13:32:20.157   119   119 V AudioPolicyManager: output 0 isDuplicated=0 device=0002
08-12 13:32:20.157   119   119 V AudioPolicyManager: getOutputsForDevice() found output 2
08-12 13:32:20.157   119   119 V AudioPolicyManager: getOutput() returns output 2
08-12 13:32:20.157   514  1582 W AudioTrack: AUDIO_OUTPUT_FLAG_FAST denied by client
08-12 13:32:20.158   119  1260 V AudioPolicyManager: startOutput() output 2, stream 1, session 41
08-12 13:32:20.158   119  1260 V AudioPolicyManager: changeRefCount() stream 1, count 4
08-12 13:32:20.158   119   496 V AudioPolicyManager: releaseOutput() 2
08-12 13:32:20.219  2192  2192 D MainActivity: KeyEvent { action=ACTION_DOWN, keyCode=KEYCODE_DPAD_RIGHT, scanCode=106, metaState=0, flags=0x8, repeatCount=8, eventTime=557847, downTime=556994, deviceId=6, source=0x101 }
08-12 13:32:20.219  2192  2192 D MainActivity: onKeyDown state:ENormal, KeyCode:22, showing:false
08-12 13:32:20.219  2192  2192 D AppCategoryBottomView: addFocusables direction:66, focusableMode:1
08-12 13:32:20.220  2192  2192 D Cursor  : mStopNotifier
08-12 13:32:20.220   119   119 V AudioPolicyManager: getDeviceForStrategy() strategy 0, device 2
08-12 13:32:20.220   119   119 V AudioPolicyManager: getOutput() device 2, stream 1, samplingRate 0, format 0, channelMask 3, flags 0
08-12 13:32:20.220   119   119 V AudioPolicyManager: getOutputsForDevice() device 0002
08-12 13:32:20.220   119   119 V AudioPolicyManager: output 0 isDuplicated=0 device=0002
08-12 13:32:20.220   119   119 V AudioPolicyManager: getOutputsForDevice() found output 2
08-12 13:32:20.221   119   119 V AudioPolicyManager: getOutput() returns output 2
08-12 13:32:20.221   119  1259 V AudioPolicyManager: getDeviceForStrategy() strategy 0, device 2
08-12 13:32:20.221   119  1259 V AudioPolicyManager: getOutput() device 2, stream 1, samplingRate 0, format 0, channelMask 3, flags 0
08-12 13:32:20.221   119  1259 V AudioPolicyManager: getOutputsForDevice() device 0002
08-12 13:32:20.221   119  1259 V AudioPolicyManager: output 0 isDuplicated=0 device=0002
08-12 13:32:20.221   119  1259 V AudioPolicyManager: getOutputsForDevice() found output 2
08-12 13:32:20.221   119  1259 V AudioPolicyManager: getOutput() returns output 2
08-12 13:32:20.221   119   505 V AudioPolicyManager: getOutputForAttr() usage=13, content=4, tag= flags=00000000
08-12 13:32:20.221   119   505 V AudioPolicyManager: getDeviceForStrategy() strategy 0, device 2
08-12 13:32:20.221   119   505 V AudioPolicyManager: getOutputForAttr() device 2, samplingRate 44100, format 1, channelMask 3, flags 4
08-12 13:32:20.221   119   505 V AudioPolicyManager: getOutputsForDevice() device 0002
08-12 13:32:20.221   119   505 V AudioPolicyManager: output 0 isDuplicated=0 device=0002
08-12 13:32:20.221   119   505 V AudioPolicyManager: getOutputsForDevice() found output 2
08-12 13:32:20.221   119   505 V AudioPolicyManager: getOutput() returns output 2
08-12 13:32:20.221   514  1582 W AudioTrack: AUDIO_OUTPUT_FLAG_FAST denied by client
08-12 13:32:20.225   119   119 V AudioPolicyManager: startOutput() output 2, stream 1, session 42
08-12 13:32:20.225   119   119 V AudioPolicyManager: changeRefCount() stream 1, count 5
08-12 13:32:20.236  2192  2192 D MainActivity: KeyEvent { action=ACTION_DOWN, keyCode=KEYCODE_DPAD_RIGHT, scanCode=106, metaState=0, flags=0x8, repeatCount=9, eventTime=557898, downTime=556994, deviceId=6, source=0x101 }
08-12 13:32:20.236  2192  2192 D MainActivity: onKeyDown state:ENormal, KeyCode:22, showing:false
08-12 13:32:20.237  2192  2192 D AppCategoryBottomView: addFocusables direction:66, focusableMode:1
08-12 13:32:20.238   119   505 V AudioPolicyManager: getDeviceForStrategy() strategy 0, device 2
08-12 13:32:20.238   119   505 V AudioPolicyManager: getOutput() device 2, stream 1, samplingRate 0, format 0, channelMask 3, flags 0
08-12 13:32:20.238   119   505 V AudioPolicyManager: getOutputsForDevice() device 0002
08-12 13:32:20.238   119   505 V AudioPolicyManager: output 0 isDuplicated=0 device=0002
08-12 13:32:20.238   119   505 V AudioPolicyManager: getOutputsForDevice() found output 2
08-12 13:32:20.238   119   505 V AudioPolicyManager: getOutput() returns output 2
08-12 13:32:20.238   119  1260 V AudioPolicyManager: getDeviceForStrategy() strategy 0, device 2
08-12 13:32:20.238   119  1260 V AudioPolicyManager: getOutput() device 2, stream 1, samplingRate 0, format 0, channelMask 3, flags 0
08-12 13:32:20.238   119  1260 V AudioPolicyManager: getOutputsForDevice() device 0002
08-12 13:32:20.238   119  1260 V AudioPolicyManager: output 0 isDuplicated=0 device=0002
08-12 13:32:20.238   119  1260 V AudioPolicyManager: getOutputsForDevice() found output 2
08-12 13:32:20.238   119  1260 V AudioPolicyManager: getOutput() returns output 2
08-12 13:32:20.239   119  1259 V AudioPolicyManager: getOutputForAttr() usage=13, content=4, tag= flags=00000000
08-12 13:32:20.239   119  1259 V AudioPolicyManager: getDeviceForStrategy() strategy 0, device 2
08-12 13:32:20.239   119  1259 V AudioPolicyManager: getOutputForAttr() device 2, samplingRate 44100, format 1, channelMask 3, flags 4
08-12 13:32:20.239   119  1259 V AudioPolicyManager: getOutputsForDevice() device 0002
08-12 13:32:20.239   119  1259 V AudioPolicyManager: output 0 isDuplicated=0 device=0002
08-12 13:32:20.239   119  1259 V AudioPolicyManager: getOutputsForDevice() found output 2
08-12 13:32:20.239   119  1259 V AudioPolicyManager: getOutput() returns output 2
08-12 13:32:20.239   514  1582 W AudioTrack: AUDIO_OUTPUT_FLAG_FAST denied by client
08-12 13:32:20.240   119   505 V AudioPolicyManager: startOutput() output 2, stream 1, session 43
08-12 13:32:20.240   119   505 V AudioPolicyManager: changeRefCount() stream 1, count 6
08-12 13:32:20.254  4118  4164 D AppUpgradeService: tryIp upgrade.mishop.pandora.xiaomi.com
08-12 13:32:20.274  4118  4164 D AppUpgradeService: checkNewerAppFromServer serverRet -1 latestVerCode -1 aCurVer 100 apkUrl can not find package
08-12 13:32:20.274  4118  4164 W System.err: java.lang.RuntimeException: server err
08-12 13:32:20.274  4118  4164 W System.err: 	at com.xiaomi.tv.appupgrade.AppUpgradeService.checkNewerAppFromServer(AppUpgradeService.java:313)
08-12 13:32:20.274  4118  4164 W System.err: 	at com.xiaomi.tv.appupgrade.AppUpgradeService.checkAppVer(AppUpgradeService.java:154)
08-12 13:32:20.274  4118  4164 W System.err: 	at com.xiaomi.tv.appupgrade.AppUpgradeService.onHandleIntent(AppUpgradeService.java:122)
08-12 13:32:20.274  4118  4164 W System.err: 	at android.app.IntentService$ServiceHandler.handleMessage(IntentService.java:65)
08-12 13:32:20.274  4118  4164 W System.err: 	at android.os.Handler.dispatchMessage(Handler.java:102)
08-12 13:32:20.274  4118  4164 W System.err: 	at android.os.Looper.loop(Looper.java:135)
08-12 13:32:20.274  4118  4164 W System.err: 	at android.os.HandlerThread.run(HandlerThread.java:61)
08-12 13:32:20.283  2192  2192 D MainActivity: KeyEvent { action=ACTION_DOWN, keyCode=KEYCODE_DPAD_RIGHT, scanCode=106, metaState=0, flags=0x8, repeatCount=10, eventTime=557949, downTime=556994, deviceId=6, source=0x101 }
08-12 13:32:20.283  2192  2192 D MainActivity: onKeyDown state:ENormal, KeyCode:22, showing:false
08-12 13:32:20.283  2192  2192 D AppCategoryBottomView: addFocusables direction:66, focusableMode:1
08-12 13:32:20.284   119  1259 V AudioPolicyManager: getDeviceForStrategy() strategy 0, device 2
08-12 13:32:20.284   119  1259 V AudioPolicyManager: getOutput() device 2, stream 1, samplingRate 0, format 0, channelMask 3, flags 0
08-12 13:32:20.284   119  1259 V AudioPolicyManager: getOutputsForDevice() device 0002
08-12 13:32:20.284   119  1259 V AudioPolicyManager: output 0 isDuplicated=0 device=0002
08-12 13:32:20.284   119  1259 V AudioPolicyManager: getOutputsForDevice() found output 2
08-12 13:32:20.284   119  1259 V AudioPolicyManager: getOutput() returns output 2
08-12 13:32:20.284   119  1260 V AudioPolicyManager: getDeviceForStrategy() strategy 0, device 2
08-12 13:32:20.284   119  1260 V AudioPolicyManager: getOutput() device 2, stream 1, samplingRate 0, format 0, channelMask 3, flags 0
08-12 13:32:20.284   119  1260 V AudioPolicyManager: getOutputsForDevice() device 0002
08-12 13:32:20.284   119  1260 V AudioPolicyManager: output 0 isDuplicated=0 device=0002
08-12 13:32:20.284   119  1260 V AudioPolicyManager: getOutputsForDevice() found output 2
08-12 13:32:20.284   119  1260 V AudioPolicyManager: getOutput() returns output 2
08-12 13:32:20.285   119   119 V AudioPolicyManager: getOutputForAttr() usage=13, content=4, tag= flags=00000000
08-12 13:32:20.285   119   119 V AudioPolicyManager: getDeviceForStrategy() strategy 0, device 2
08-12 13:32:20.285   119   119 V AudioPolicyManager: getOutputForAttr() device 2, samplingRate 44100, format 1, channelMask 3, flags 4
08-12 13:32:20.285   119   119 V AudioPolicyManager: getOutputsForDevice() device 0002
08-12 13:32:20.285   119   119 V AudioPolicyManager: output 0 isDuplicated=0 device=0002
08-12 13:32:20.285   119   119 V AudioPolicyManager: getOutputsForDevice() found output 2
08-12 13:32:20.285   119   119 V AudioPolicyManager: getOutput() returns output 2
08-12 13:32:20.285   514  1582 W AudioTrack: AUDIO_OUTPUT_FLAG_FAST denied by client
08-12 13:32:20.286   119  1259 V AudioPolicyManager: startOutput() output 2, stream 1, session 44
08-12 13:32:20.286   119  1259 V AudioPolicyManager: changeRefCount() stream 1, count 7
08-12 13:32:20.293   119   496 V AudioPolicyManager: stopOutput() output 2, stream 1, session 39
08-12 13:32:20.293   119   496 V AudioPolicyManager: changeRefCount() stream 1, count 6
08-12 13:32:20.293   119   496 V AudioPolicyManager: releaseOutput() 2
08-12 13:32:20.293   119   496 V AudioPolicyManager: stopOutput() output 2, stream 1, session 38
08-12 13:32:20.293   119   496 V AudioPolicyManager: changeRefCount() stream 1, count 5
08-12 13:32:20.293   119   496 V AudioPolicyManager: releaseOutput() 2
08-12 13:32:20.331   126   126 I tvos    : [37m[INFO] Change to Voltage: 105 mv (0x8)[m
08-12 13:32:20.331  1801  4178 I Bonjour : Got a reply for service 1048b1af6976@ÂÆ¢ÂéÖÁöÑÂ∞èÁ±≥ÁîµËßÜ._raop._tcp.local.: 
08-12 13:32:20.331  1801  4178 I Bonjour : Name now registered and active
08-12 13:32:20.333   514   955 D PowerManagerService: checkScreenSaverTimeoutLocked come 120000 reason=userActivity
08-12 13:32:20.333   119   496 V AudioPolicyManager: stopOutput() output 2, stream 1, session 40
08-12 13:32:20.333   119   496 V AudioPolicyManager: changeRefCount() stream 1, count 4
08-12 13:32:20.333   119   496 V AudioPolicyManager: releaseOutput() 2
08-12 13:32:20.334  2192  2192 D MainActivity: KeyEvent { action=ACTION_DOWN, keyCode=KEYCODE_DPAD_RIGHT, scanCode=106, metaState=0, flags=0x8, repeatCount=11, eventTime=558000, downTime=556994, deviceId=6, source=0x101 }
08-12 13:32:20.334  2192  2192 D MainActivity: onKeyDown state:ENormal, KeyCode:22, showing:false
08-12 13:32:20.334  2192  2192 D AppCategoryBottomView: addFocusables direction:66, focusableMode:1
08-12 13:32:20.335   119  1260 V AudioPolicyManager: getDeviceForStrategy() strategy 0, device 2
08-12 13:32:20.335   119  1260 V AudioPolicyManager: getOutput() device 2, stream 1, samplingRate 0, format 0, channelMask 3, flags 0
08-12 13:32:20.335   119  1260 V AudioPolicyManager: getOutputsForDevice() device 0002
08-12 13:32:20.335   119  1260 V AudioPolicyManager: output 0 isDuplicated=0 device=0002
08-12 13:32:20.335   119  1260 V AudioPolicyManager: getOutputsForDevice() found output 2
08-12 13:32:20.335   119  1260 V AudioPolicyManager: getOutput() returns output 2
08-12 13:32:20.335   119   119 V AudioPolicyManager: getDeviceForStrategy() strategy 0, device 2
08-12 13:32:20.335   119   119 V AudioPolicyManager: getOutput() device 2, stream 1, samplingRate 0, format 0, channelMask 3, flags 0
08-12 13:32:20.335   119   119 V AudioPolicyManager: getOutputsForDevice() device 0002
08-12 13:32:20.335   119   119 V AudioPolicyManager: output 0 isDuplicated=0 device=0002
08-12 13:32:20.335   119   119 V AudioPolicyManager: getOutputsForDevice() found output 2
08-12 13:32:20.335   119   119 V AudioPolicyManager: getOutput() returns output 2
08-12 13:32:20.336   119   505 V AudioPolicyManager: getOutputForAttr() usage=13, content=4, tag= flags=00000000
08-12 13:32:20.336   119   505 V AudioPolicyManager: getDeviceForStrategy() strategy 0, device 2
08-12 13:32:20.336   119   505 V AudioPolicyManager: getOutputForAttr() device 2, samplingRate 44100, format 1, channelMask 3, flags 4
08-12 13:32:20.336   119   505 V AudioPolicyManager: getOutputsForDevice() device 0002
08-12 13:32:20.336   119   505 V AudioPolicyManager: output 0 isDuplicated=0 device=0002
08-12 13:32:20.336   119   505 V AudioPolicyManager: getOutputsForDevice() found output 2
08-12 13:32:20.336   119   505 V AudioPolicyManager: getOutput() returns output 2
08-12 13:32:20.336   514  1582 W AudioTrack: AUDIO_OUTPUT_FLAG_FAST denied by client
08-12 13:32:20.337   119  1260 V AudioPolicyManager: startOutput() output 2, stream 1, session 45
08-12 13:32:20.337   119  1260 V AudioPolicyManager: changeRefCount() stream 1, count 5
08-12 13:32:20.384  2192  2192 D MainActivity: KeyEvent { action=ACTION_DOWN, keyCode=KEYCODE_DPAD_RIGHT, scanCode=106, metaState=0, flags=0x8, repeatCount=12, eventTime=558050, downTime=556994, deviceId=6, source=0x101 }
08-12 13:32:20.384  2192  2192 D MainActivity: onKeyDown state:ENormal, KeyCode:22, showing:false
08-12 13:32:20.384  2192  2192 D AppCategoryBottomView: addFocusables direction:66, focusableMode:1
08-12 13:32:20.385   119   119 V AudioPolicyManager: getDeviceForStrategy() strategy 0, device 2
08-12 13:32:20.385   119   119 V AudioPolicyManager: getOutput() device 2, stream 1, samplingRate 0, format 0, channelMask 3, flags 0
08-12 13:32:20.385   119   119 V AudioPolicyManager: getOutputsForDevice() device 0002
08-12 13:32:20.385   119   119 V AudioPolicyManager: output 0 isDuplicated=0 device=0002
08-12 13:32:20.385   119   119 V AudioPolicyManager: getOutputsForDevice() found output 2
08-12 13:32:20.385   119   119 V AudioPolicyManager: getOutput() returns output 2
08-12 13:32:20.386   119  1260 V AudioPolicyManager: getDeviceForStrategy() strategy 0, device 2
08-12 13:32:20.386   119  1260 V AudioPolicyManager: getOutput() device 2, stream 1, samplingRate 0, format 0, channelMask 3, flags 0
08-12 13:32:20.386   119  1260 V AudioPolicyManager: getOutputsForDevice() device 0002
08-12 13:32:20.386   119  1260 V AudioPolicyManager: output 0 isDuplicated=0 device=0002
08-12 13:32:20.386   119  1260 V AudioPolicyManager: getOutputsForDevice() found output 2
08-12 13:32:20.386   119  1260 V AudioPolicyManager: getOutput() returns output 2
08-12 13:32:20.386   119  1259 V AudioPolicyManager: getOutputForAttr() usage=13, content=4, tag= flags=00000000
08-12 13:32:20.386   119  1259 V AudioPolicyManager: getDeviceForStrategy() strategy 0, device 2
08-12 13:32:20.386   119  1259 V AudioPolicyManager: getOutputForAttr() device 2, samplingRate 44100, format 1, channelMask 3, flags 4
08-12 13:32:20.386   119  1259 V AudioPolicyManager: getOutputsForDevice() device 0002
08-12 13:32:20.386   119  1259 V AudioPolicyManager: output 0 isDuplicated=0 device=0002
08-12 13:32:20.386   119  1259 V AudioPolicyManager: getOutputsForDevice() found output 2
08-12 13:32:20.386   119  1259 V AudioPolicyManager: getOutput() returns output 2
08-12 13:32:20.386   514  1582 W AudioTrack: AUDIO_OUTPUT_FLAG_FAST denied by client
08-12 13:32:20.387   119   119 V AudioPolicyManager: startOutput() output 2, stream 1, session 46
08-12 13:32:20.387   119   119 V AudioPolicyManager: changeRefCount() stream 1, count 6
08-12 13:32:20.403   119   496 V AudioPolicyManager: stopOutput() output 2, stream 1, session 41
08-12 13:32:20.403   119   496 V AudioPolicyManager: changeRefCount() stream 1, count 5
08-12 13:32:20.403   119   496 V AudioPolicyManager: releaseOutput() 2
08-12 13:32:20.435  2192  2192 D MainActivity: KeyEvent { action=ACTION_DOWN, keyCode=KEYCODE_DPAD_RIGHT, scanCode=106, metaState=0, flags=0x8, repeatCount=13, eventTime=558101, downTime=556994, deviceId=6, source=0x101 }
08-12 13:32:20.435  2192  2192 D MainActivity: onKeyDown state:ENormal, KeyCode:22, showing:false
08-12 13:32:20.435  2192  2192 D AppCategoryBottomView: addFocusables direction:66, focusableMode:1
08-12 13:32:20.436   119   119 V AudioPolicyManager: getDeviceForStrategy() strategy 0, device 2
08-12 13:32:20.436   119   119 V AudioPolicyManager: getOutput() device 2, stream 1, samplingRate 0, format 0, channelMask 3, flags 0
08-12 13:32:20.436   119   119 V AudioPolicyManager: getOutputsForDevice() device 0002
08-12 13:32:20.436   119   119 V AudioPolicyManager: output 0 isDuplicated=0 device=0002
08-12 13:32:20.436   119   119 V AudioPolicyManager: getOutputsForDevice() found output 2
08-12 13:32:20.436   119   119 V AudioPolicyManager: getOutput() returns output 2
08-12 13:32:20.436   119  1259 V AudioPolicyManager: getDeviceForStrategy() strategy 0, device 2
08-12 13:32:20.436   119  1259 V AudioPolicyManager: getOutput() device 2, stream 1, samplingRate 0, format 0, channelMask 3, flags 0
08-12 13:32:20.436   119  1259 V AudioPolicyManager: getOutputsForDevice() device 0002
08-12 13:32:20.436   119  1259 V AudioPolicyManager: output 0 isDuplicated=0 device=0002
08-12 13:32:20.436   119  1259 V AudioPolicyManager: getOutputsForDevice() found output 2
08-12 13:32:20.436   119  1259 V AudioPolicyManager: getOutput() returns output 2
08-12 13:32:20.436   119   505 V AudioPolicyManager: getOutputForAttr() usage=13, content=4, tag= flags=00000000
08-12 13:32:20.436   119   505 V AudioPolicyManager: getDeviceForStrategy() strategy 0, device 2
08-12 13:32:20.436   119   505 V AudioPolicyManager: getOutputForAttr() device 2, samplingRate 44100, format 1, channelMask 3, flags 4
08-12 13:32:20.436   119   505 V AudioPolicyManager: getOutputsForDevice() device 0002
08-12 13:32:20.436   119   505 V AudioPolicyManager: output 0 isDuplicated=0 device=0002
08-12 13:32:20.436   119   505 V AudioPolicyManager: getOutputsForDevice() found output 2
08-12 13:32:20.436   119   505 V AudioPolicyManager: getOutput() returns output 2
08-12 13:32:20.437   514  1582 W AudioTrack: AUDIO_OUTPUT_FLAG_FAST denied by client
08-12 13:32:20.438   119   119 V AudioPolicyManager: startOutput() output 2, stream 1, session 47
08-12 13:32:20.438   119   119 V AudioPolicyManager: changeRefCount() stream 1, count 6
08-12 13:32:20.443   119   496 V AudioPolicyManager: stopOutput() output 2, stream 1, session 42
08-12 13:32:20.443   119   496 V AudioPolicyManager: changeRefCount() stream 1, count 5
08-12 13:32:20.443   119   496 V AudioPolicyManager: releaseOutput() 2
08-12 13:32:20.483   119   496 V AudioPolicyManager: stopOutput() output 2, stream 1, session 43
08-12 13:32:20.483   119   496 V AudioPolicyManager: changeRefCount() stream 1, count 4
08-12 13:32:20.483   119   496 V AudioPolicyManager: releaseOutput() 2
08-12 13:32:20.485  2192  2192 D MainActivity: KeyEvent { action=ACTION_DOWN, keyCode=KEYCODE_DPAD_RIGHT, scanCode=106, metaState=0, flags=0x8, repeatCount=14, eventTime=558151, downTime=556994, deviceId=6, source=0x101 }
08-12 13:32:20.485  2192  2192 D MainActivity: onKeyDown state:ENormal, KeyCode:22, showing:false
08-12 13:32:20.485  2192  2192 D AppCategoryBottomView: addFocusables direction:66, focusableMode:1
08-12 13:32:20.486   119   505 V AudioPolicyManager: getDeviceForStrategy() strategy 0, device 2
08-12 13:32:20.486   119   505 V AudioPolicyManager: getOutput() device 2, stream 1, samplingRate 0, format 0, channelMask 3, flags 0
08-12 13:32:20.486   119   505 V AudioPolicyManager: getOutputsForDevice() device 0002
08-12 13:32:20.486   119   505 V AudioPolicyManager: output 0 isDuplicated=0 device=0002
08-12 13:32:20.486   119   505 V AudioPolicyManager: getOutputsForDevice() found output 2
08-12 13:32:20.486   119   505 V AudioPolicyManager: getOutput() returns output 2
08-12 13:32:20.486   119  1259 V AudioPolicyManager: getDeviceForStrategy() strategy 0, device 2
08-12 13:32:20.486   119  1259 V AudioPolicyManager: getOutput() device 2, stream 1, samplingRate 0, format 0, channelMask 3, flags 0
08-12 13:32:20.486   119  1259 V AudioPolicyManager: getOutputsForDevice() device 0002
08-12 13:32:20.486   119  1259 V AudioPolicyManager: output 0 isDuplicated=0 device=0002
08-12 13:32:20.486   119  1259 V AudioPolicyManager: getOutputsForDevice() found output 2
