08-12 13:35:30.118   514  1246 E WifiStateMachine:  L2ConnectedState !CMD_RSSI_POLL 1 0 "DKTest_B18_5G" 8c:be:be:20:a6:9d rssi=-32 f=5765 sc=60 link=780 tx=7.7, 0.0, 0.0  rx=13.9 bcn=0 [on:0 tx:0 rx:0 period:1] from screen [on:0 period:543685957] gl rssi=-32 ag=0 hr ticks 0,0,0 ls-=0 [56,56,60,60,65] brc=0 lrc=0
08-12 13:35:30.118   514  1246 E WifiStateMachine:  get link layer stats 0
08-12 13:35:30.118   514  1246 D wifi    : doCommand: IFNAME=wlan0 SIGNAL_POLL
08-12 13:35:30.118  3807  3807 I wpa_supplicant: [CTRL_IFACE]wlan0: SIGNAL_POLL
08-12 13:35:30.120  3807  3807 D wpa_supplicant: nl80211: survey data missing!
08-12 13:35:30.120   514  1246 D wifi    : cmd = IFNAME=wlan0 SIGNAL_POLL, reply: RSSI=-32
08-12 13:35:30.120   514  1246 D wifi    : LINKSPEED=702
08-12 13:35:30.120   514  1246 D wifi    : NOISE=9999
08-12 13:35:30.120   514  1246 D wifi    : FREQUENCY=5765
08-12 13:35:30.120   514  1246 E WifiStateMachine: fetchRssiLinkSpeedAndFrequencyNative rssi=-32 linkspeed=702
08-12 13:35:30.122   514  1246 E WifiStateMachine: calculateWifiScore freq=5765 speed=702 score=60 highRSSI  -> txbadrate=0.00 txgoodrate=11.37 txretriesrate=0.00 rxrate=11.46 userTriggerdPenalty0
08-12 13:35:30.122   514  1246 E WifiStateMachine:  good link -> stuck count =0
08-12 13:35:30.122   514  1246 E WifiStateMachine:  badRSSI count0 lowRSSI count0 --> score 60
08-12 13:35:30.122   514  1246 E WifiStateMachine:  isHighRSSI       ---> score=65
08-12 13:35:30.123  2285  2285 D MiTVNetworkController: action onReceive is : android.net.wifi.RSSI_CHANGED, mitv.network.ethernet.action.ETHERNET_STATE_CHANGED
08-12 13:35:30.123  2285  2285 D MiTVNetworkController: updateWifiIcons mWifiConnected:true, mWifiLevel:4
08-12 13:35:30.123  2285  2285 D NetworkStateManager: changeNetworkState, type:2, flag:0, level:4, lable:DKTest_B18_5G
08-12 13:35:30.124  2285  2285 D NetworkStateView: changeNetworkState type:2, flag:1, level:4, label:DKTest_B18_5G, last_lable:null
08-12 13:35:30.124   514  1246 E WifiStateMachine: handleMessage: X
08-12 13:35:30.465  2961  4432 D cocos2d-x debug info: no dirty just for wait:3.547316
08-12 13:35:30.823  1433  1433 V BleRemoteControllerService: mRunnable run
08-12 13:35:30.823  1433  1433 V BleRemoteControllerService: requestScan,RC size:1,hasInit:true,isBinded:false,mIsPair:false,Connecting:false
08-12 13:35:30.824  1433  1433 V BleRemoteControllerService: mRunnable run
08-12 13:35:30.824  1433  1433 V BleRemoteControllerService: requestScan,RC size:1,hasInit:true,isBinded:false,mIsPair:false,Connecting:false
08-12 13:35:33.123   514  1246 E WifiStateMachine: handleMessage: E msg.what=131155
08-12 13:35:33.125     0     0 I Kernel  : <4>[  749.521649] sync 4617 start
08-12 13:35:33.125     0     0 I Kernel  : <4>[  749.521662] parent sh 868 start
08-12 13:35:33.125     0     0 I Kernel  : <4>[  749.530930] sync 4617 end
08-12 13:35:33.125     0     0 I Kernel  : <4>[  749.530941] parent sh 868 end
08-12 13:35:33.125     0     0 I Kernel  : <4>[  750.432862] utmi on
08-12 13:35:33.125     0     0 I Kernel  : <4>[  750.511056] [USB fd2a6200], portstatus: 0x403, portchange: 0x12
08-12 13:35:33.125     0     0 I Kernel  : <3>[  750.590845] usb 5-1: device descriptor read/64, error -110
08-12 13:35:33.123   514  1246 E WifiStateMachine: processMsg: ConnectedState
08-12 13:35:33.124   514  1246 E WifiStateMachine:  ConnectedState !CMD_RSSI_POLL 1 0 "DKTest_B18_5G" 8c:be:be:20:a6:9d rssi=-32 f=5765 sc=60 link=702 tx=11.4, 0.0, 0.0  rx=11.5 bcn=0 [on:0 tx:0 rx:0 period:3000] from screen [on:0 period:543688964] gl rssi=-32 ag=0 hr ticks 0,0,0 ls-=0 [56,56,60,60,65] brc=0 lrc=0
08-12 13:35:33.124   514  1246 E WifiStateMachine: processMsg: L2ConnectedState
08-12 13:35:33.125   514  1246 E WifiStateMachine:  L2ConnectedState !CMD_RSSI_POLL 1 0 "DKTest_B18_5G" 8c:be:be:20:a6:9d rssi=-32 f=5765 sc=60 link=702 tx=11.4, 0.0, 0.0  rx=11.5 bcn=0 [on:0 tx:0 rx:0 period:1] from screen [on:0 period:543688965] gl rssi=-32 ag=0 hr ticks 0,0,0 ls-=0 [56,56,60,60,65] brc=0 lrc=0
08-12 13:35:33.125   514  1246 E WifiStateMachine:  get link layer stats 0
08-12 13:35:33.125   514  1246 D wifi    : doCommand: IFNAME=wlan0 SIGNAL_POLL
08-12 13:35:33.125  3807  3807 I wpa_supplicant: [CTRL_IFACE]wlan0: SIGNAL_POLL
08-12 13:35:33.127  3807  3807 D wpa_supplicant: nl80211: survey data missing!
08-12 13:35:33.127   514  1246 D wifi    : cmd = IFNAME=wlan0 SIGNAL_POLL, reply: RSSI=-31
08-12 13:35:33.127   514  1246 D wifi    : LINKSPEED=702
08-12 13:35:33.127   514  1246 D wifi    : NOISE=9999
08-12 13:35:33.127   514  1246 D wifi    : FREQUENCY=5765
08-12 13:35:33.127   514  1246 E WifiStateMachine: fetchRssiLinkSpeedAndFrequencyNative rssi=-31 linkspeed=702
08-12 13:35:33.129   514  1246 E WifiStateMachine: calculateWifiScore freq=5765 speed=702 score=60 highRSSI  -> txbadrate=0.00 txgoodrate=8.19 txretriesrate=0.00 rxrate=6.73 userTriggerdPenalty0
08-12 13:35:33.129   514  1246 E WifiStateMachine:  good link -> stuck count =0
08-12 13:35:33.129   514  1246 E WifiStateMachine:  badRSSI count0 lowRSSI count0 --> score 60
08-12 13:35:33.129   514  1246 E WifiStateMachine:  isHighRSSI       ---> score=65
08-12 13:35:33.130  2285  2285 D MiTVNetworkController: action onReceive is : android.net.wifi.RSSI_CHANGED, mitv.network.ethernet.action.ETHERNET_STATE_CHANGED
08-12 13:35:33.130  2285  2285 D MiTVNetworkController: updateWifiIcons mWifiConnected:true, mWifiLevel:4
08-12 13:35:33.131  2285  2285 D NetworkStateManager: changeNetworkState, type:2, flag:0, level:4, lable:DKTest_B18_5G
08-12 13:35:33.131  2285  2285 D NetworkStateView: changeNetworkState type:2, flag:1, level:4, label:DKTest_B18_5G, last_lable:null
08-12 13:35:33.131   514  1246 E WifiStateMachine: handleMessage: X
08-12 13:35:34.015  2961  4432 D cocos2d-x debug info: no dirty just for wait:7.099620
08-12 13:35:34.018     0     0 I Kernel  : <4>[  751.722576] [USB] ERR, 1st get_dev_desc CSC: status 0x0 change 0x3
08-12 13:35:34.018     0     0 I Kernel  : <4>[  751.722590] hub_port_disable: 1  hub->err: 0 
08-12 13:35:34.018     0     0 I Kernel  : <4>[  751.750859] hub_port_disable: 1  hub->err: 0 
08-12 13:35:34.018     0     0 I Kernel  : <4>[  751.750896] utmi off
08-12 13:35:36.031  4442  4462 W System.err: java.net.UnknownHostException: no name with type 0x00 with no scope for host 192.168.31.126
08-12 13:35:36.031  4442  4462 W System.err: 	at jcifs.netbios.NbtAddress.getAllByAddress(NbtAddress.java:523)
08-12 13:35:36.031  4442  4462 W System.err: 	at jcifs.netbios.NbtAddress.getAllByAddress(NbtAddress.java:479)
08-12 13:35:36.031  4442  4462 W System.err: 	at com.duokan.cloudalbum.DKSmbManager.getSmbHostName(DKSmbManager.java:266)
08-12 13:35:36.031  4442  4462 W System.err: 	at com.duokan.cloudalbum.DKSmbManager.searchSmb(DKSmbManager.java:280)
08-12 13:35:36.031  4442  4462 W System.err: 	at com.duokan.cloudalbum.DKSmbManager.SearchLAN(DKSmbManager.java:479)
08-12 13:35:36.031  4442  4462 W System.err: 	at com.duokan.cloudalbum.DKSmbManager.SearchAll(DKSmbManager.java:511)
08-12 13:35:36.031  4442  4462 W System.err: 	at com.duokan.cloudalbum.DKSmbManager$SearchThread.run(DKSmbManager.java:525)
08-12 13:35:36.132   514  1246 E WifiStateMachine: handleMessage: E msg.what=131155
08-12 13:35:36.132   514  1246 E WifiStateMachine: processMsg: ConnectedState
08-12 13:35:36.133   514  1246 E WifiStateMachine:  ConnectedState !CMD_RSSI_POLL 1 0 "DKTest_B18_5G" 8c:be:be:20:a6:9d rssi=-31 f=5765 sc=60 link=702 tx=8.2, 0.0, 0.0  rx=6.7 bcn=0 [on:0 tx:0 rx:0 period:3002] from screen [on:0 period:543691973] gl rssi=-31 ag=0 hr ticks 0,0,0 ls-=0 [56,56,60,60,65] brc=0 lrc=0
08-12 13:35:36.133   514  1246 E WifiStateMachine: processMsg: L2ConnectedState
08-12 13:35:36.134   514  1246 E WifiStateMachine:  L2ConnectedState !CMD_RSSI_POLL 1 0 "DKTest_B18_5G" 8c:be:be:20:a6:9d rssi=-31 f=5765 sc=60 link=702 tx=8.2, 0.0, 0.0  rx=6.7 bcn=0 [on:0 tx:0 rx:0 period:1] from screen [on:0 period:543691974] gl rssi=-31 ag=0 hr ticks 0,0,0 ls-=0 [56,56,60,60,65] brc=0 lrc=0
08-12 13:35:36.134   514  1246 E WifiStateMachine:  get link layer stats 0
08-12 13:35:36.134   514  1246 D wifi    : doCommand: IFNAME=wlan0 SIGNAL_POLL
08-12 13:35:36.134  3807  3807 I wpa_supplicant: [CTRL_IFACE]wlan0: SIGNAL_POLL
08-12 13:35:36.136  3807  3807 D wpa_supplicant: nl80211: survey data missing!
08-12 13:35:36.136   514  1246 D wifi    : cmd = IFNAME=wlan0 SIGNAL_POLL, reply: RSSI=-32
08-12 13:35:36.136   514  1246 D wifi    : LINKSPEED=702
08-12 13:35:36.136   514  1246 D wifi    : NOISE=9999
08-12 13:35:36.136   514  1246 D wifi    : FREQUENCY=5765
08-12 13:35:36.136   514  1246 E WifiStateMachine: fetchRssiLinkSpeedAndFrequencyNative rssi=-32 linkspeed=702
08-12 13:35:36.138   514  1246 E WifiStateMachine: calculateWifiScore freq=5765 speed=702 score=60 highRSSI  -> txbadrate=0.00 txgoodrate=4.59 txretriesrate=0.00 rxrate=5.37 userTriggerdPenalty0
08-12 13:35:36.138   514  1246 E WifiStateMachine:  good link -> stuck count =0
08-12 13:35:36.138   514  1246 E WifiStateMachine:  badRSSI count0 lowRSSI count0 --> score 56
08-12 13:35:36.138   514  1246 E WifiStateMachine:  isHighRSSI       ---> score=61
08-12 13:35:36.139  2285  2285 D MiTVNetworkController: action onReceive is : android.net.wifi.RSSI_CHANGED, mitv.network.ethernet.action.ETHERNET_STATE_CHANGED
08-12 13:35:36.140  2285  2285 D MiTVNetworkController: updateWifiIcons mWifiConnected:true, mWifiLevel:4
08-12 13:35:36.140  2285  2285 D NetworkStateManager: changeNetworkState, type:2, flag:0, level:4, lable:DKTest_B18_5G
08-12 13:35:36.140  2285  2285 D NetworkStateView: changeNetworkState type:2, flag:1, level:4, label:DKTest_B18_5G, last_lable:null
08-12 13:35:36.140   514  1246 E WifiStateMachine: handleMessage: X
08-12 13:35:36.276   126   126 I tvos    : REGULAR log output for m_pEvHeartBeat Wait event refreshCount=0,loopCount=40,watchdog_enable=0
08-12 13:35:38.362  1377  1377 I MiTv-Impl-tv2_48-mstar-SourceManagerImpl: getCurrentSource return 34
08-12 13:35:39.141   514  1246 E WifiStateMachine: handleMessage: E msg.what=131155
08-12 13:35:39.141   514  1246 E WifiStateMachine: processMsg: ConnectedState
08-12 13:35:39.142   514  1246 E WifiStateMachine:  ConnectedState !CMD_RSSI_POLL 1 0 "DKTest_B18_5G" 8c:be:be:20:a6:9d rssi=-32 f=5765 sc=60 link=702 tx=4.6, 0.0, 0.0  rx=5.4 bcn=0 [on:0 tx:0 rx:0 period:3002] from screen [on:0 period:543694982] gl rssi=-32 ag=0 hr ticks 0,0,0 ls-=0 [56,56,56,56,61] brc=0 lrc=0
08-12 13:35:39.142   514  1246 E WifiStateMachine: processMsg: L2ConnectedState
08-12 13:35:39.143   514  1246 E WifiStateMachine:  L2ConnectedState !CMD_RSSI_POLL 1 0 "DKTest_B18_5G" 8c:be:be:20:a6:9d rssi=-32 f=5765 sc=60 link=702 tx=4.6, 0.0, 0.0  rx=5.4 bcn=0 [on:0 tx:0 rx:0 period:1] from screen [on:0 period:543694983] gl rssi=-32 ag=0 hr ticks 0,0,0 ls-=0 [56,56,56,56,61] brc=0 lrc=0
08-12 13:35:39.143   514  1246 E WifiStateMachine:  get link layer stats 0
08-12 13:35:39.143   514  1246 D wifi    : doCommand: IFNAME=wlan0 SIGNAL_POLL
08-12 13:35:39.143  3807  3807 I wpa_supplicant: [CTRL_IFACE]wlan0: SIGNAL_POLL
08-12 13:35:39.145  3807  3807 D wpa_supplicant: nl80211: survey data missing!
08-12 13:35:39.145   514  1246 D wifi    : cmd = IFNAME=wlan0 SIGNAL_POLL, reply: RSSI=-32
08-12 13:35:39.145   514  1246 D wifi    : LINKSPEED=702
08-12 13:35:39.145   514  1246 D wifi    : NOISE=9999
08-12 13:35:39.145   514  1246 D wifi    : FREQUENCY=5765
08-12 13:35:39.145   514  1246 E WifiStateMachine: fetchRssiLinkSpeedAndFrequencyNative rssi=-32 linkspeed=702
08-12 13:35:39.146   514  1246 E WifiStateMachine: calculateWifiScore freq=5765 speed=702 score=60 highRSSI  -> txbadrate=0.00 txgoodrate=4.30 txretriesrate=0.00 rxrate=15.18 userTriggerdPenalty0
08-12 13:35:39.146   514  1246 E WifiStateMachine:  good link -> stuck count =0
08-12 13:35:39.146   514  1246 E WifiStateMachine:  badRSSI count0 lowRSSI count0 --> score 56
08-12 13:35:39.154     0     0 I Kernel  : <7>[  757.271331] current logd.writer(139) kill task i.dlnatvservice(1906) signal 0
08-12 13:35:39.154     0     0 I Kernel  : <7>[  757.271434] current logd.writer(139) kill task mediaserver(119) signal 0
08-12 13:35:39.154     0     0 I Kernel  : <7>[  757.271618] current logd.writer(139) kill task com.xiaomi.xmsf(1854) signal 0
08-12 13:35:39.146   514  1246 E WifiStateMachine:  isHighRSSI       ---> score=61
08-12 13:35:39.147   514  1246 E WifiStateMachine: handleMessage: X
08-12 13:35:39.148  2285  2285 D MiTVNetworkController: action onReceive is : android.net.wifi.RSSI_CHANGED, mitv.network.ethernet.action.ETHERNET_STATE_CHANGED
08-12 13:35:39.148  2285  2285 D MiTVNetworkController: updateWifiIcons mWifiConnected:true, mWifiLevel:4
08-12 13:35:39.148  2285  2285 D NetworkStateManager: changeNetworkState, type:2, flag:0, level:4, lable:DKTest_B18_5G
08-12 13:35:39.149  2285  2285 D NetworkStateView: changeNetworkState type:2, flag:1, level:4, label:DKTest_B18_5G, last_lable:null
08-12 13:35:41.119  2961  4432 D cocos2d-x debug info: no dirty just for wait:14.207334
08-12 13:35:41.984  2961  3804 D MiGallery: AsynTimer call
08-12 13:35:41.988  2961  4432 D MiGallery: start In . begin do in effect!
08-12 13:35:41.988  2961  4432 D MiGallery: GalleryListRender:: moveNext
08-12 13:35:41.988  2961  4432 D MiGallery: MiTexture::CurTextureCache size 2
08-12 13:35:41.988  2961  4432 D MiGallery: GalleryListRender::startIn 0x9dcb0680,0
08-12 13:35:42.034  4442  4462 W System.err: java.net.UnknownHostException: no name with type 0x00 with no scope for host 192.168.31.138
08-12 13:35:42.034  4442  4462 W System.err: 	at jcifs.netbios.NbtAddress.getAllByAddress(NbtAddress.java:523)
08-12 13:35:42.035  4442  4462 W System.err: 	at jcifs.netbios.NbtAddress.getAllByAddress(NbtAddress.java:479)
08-12 13:35:42.035  4442  4462 W System.err: 	at com.duokan.cloudalbum.DKSmbManager.getSmbHostName(DKSmbManager.java:266)
08-12 13:35:42.035  4442  4462 W System.err: 	at com.duokan.cloudalbum.DKSmbManager.searchSmb(DKSmbManager.java:280)
08-12 13:35:42.035  4442  4462 W System.err: 	at com.duokan.cloudalbum.DKSmbManager.SearchLAN(DKSmbManager.java:479)
08-12 13:35:42.035  4442  4462 W System.err: 	at com.duokan.cloudalbum.DKSmbManager.SearchAll(DKSmbManager.java:511)
08-12 13:35:42.035  4442  4462 W System.err: 	at com.duokan.cloudalbum.DKSmbManager$SearchThread.run(DKSmbManager.java:525)
08-12 13:35:42.149   514  1246 E WifiStateMachine: handleMessage: E msg.what=131155
08-12 13:35:42.149   514  1246 E WifiStateMachine: processMsg: ConnectedState
08-12 13:35:42.151   514  1246 E WifiStateMachine:  ConnectedState !CMD_RSSI_POLL 1 0 "DKTest_B18_5G" 8c:be:be:20:a6:9d rssi=-32 f=5765 sc=60 link=702 tx=4.3, 0.0, 0.0  rx=15.2 bcn=0 [on:0 tx:0 rx:0 period:3004] from screen [on:0 period:543697991] gl rssi=-32 ag=0 hr ticks 0,0,0 ls-=0 [56,56,56,56,61] brc=0 lrc=0
08-12 13:35:42.151   514  1246 E WifiStateMachine: processMsg: L2ConnectedState
08-12 13:35:42.152   514  1246 E WifiStateMachine:  L2ConnectedState !CMD_RSSI_POLL 1 0 "DKTest_B18_5G" 8c:be:be:20:a6:9d rssi=-32 f=5765 sc=60 link=702 tx=4.3, 0.0, 0.0  rx=15.2 bcn=0 [on:0 tx:0 rx:0 period:1] from screen [on:0 period:543697992] gl rssi=-32 ag=0 hr ticks 0,0,0 ls-=0 [56,56,56,56,61] brc=0 lrc=0
08-12 13:35:42.152   514  1246 E WifiStateMachine:  get link layer stats 0
08-12 13:35:42.152   514  1246 D wifi    : doCommand: IFNAME=wlan0 SIGNAL_POLL
08-12 13:35:42.152  3807  3807 I wpa_supplicant: [CTRL_IFACE]wlan0: SIGNAL_POLL
08-12 13:35:42.155  3807  3807 D wpa_supplicant: nl80211: survey data missing!
08-12 13:35:42.155   514  1246 D wifi    : cmd = IFNAME=wlan0 SIGNAL_POLL, reply: RSSI=-32
08-12 13:35:42.155   514  1246 D wifi    : LINKSPEED=702
08-12 13:35:42.155   514  1246 D wifi    : NOISE=9999
08-12 13:35:42.155   514  1246 D wifi    : FREQUENCY=5765
08-12 13:35:42.155   514  1246 E WifiStateMachine: fetchRssiLinkSpeedAndFrequencyNative rssi=-32 linkspeed=702
08-12 13:35:42.157   514  1246 E WifiStateMachine: calculateWifiScore freq=5765 speed=702 score=60 highRSSI  -> txbadrate=0.00 txgoodrate=2.65 txretriesrate=0.00 rxrate=10.09 userTriggerdPenalty0
08-12 13:35:42.157   514  1246 E WifiStateMachine:  good link -> stuck count =0
08-12 13:35:42.157   514  1246 E WifiStateMachine:  badRSSI count0 lowRSSI count0 --> score 56
08-12 13:35:42.157   514  1246 E WifiStateMachine:  isHighRSSI       ---> score=61
08-12 13:35:42.158   514  1246 E WifiStateMachine: handleMessage: X
08-12 13:35:42.160  2285  2285 D MiTVNetworkController: action onReceive is : android.net.wifi.RSSI_CHANGED, mitv.network.ethernet.action.ETHERNET_STATE_CHANGED
08-12 13:35:42.160  2285  2285 D MiTVNetworkController: updateWifiIcons mWifiConnected:true, mWifiLevel:4
08-12 13:35:42.160  2285  2285 D NetworkStateManager: changeNetworkState, type:2, flag:0, level:4, lable:DKTest_B18_5G
08-12 13:35:42.160  2285  2285 D NetworkStateView: changeNetworkState type:2, flag:1, level:4, label:DKTest_B18_5G, last_lable:null
08-12 13:35:42.522  2961  4432 D MiGallery: GalleryListRender::delayPrepareAsync
08-12 13:35:42.522  2961  4432 D MiGallery: MiTexture::CreateFromFileAsyn:/data/duokancache/MiGallery_update/3666/X8sU3BVtCmGvA.jpg
08-12 13:35:42.522  2961  4432 D MiGallery: Application_android::prepareNextPicture path:/data/duokancache/MiGallery_update/3666/X8sU3BVtCmGvA.jpg
08-12 13:35:42.522  2961  4432 D MiGallery: MiTexture::CreateFromFileAsyn:/data/duokancache/MiGallery_update/3666/X8sU3BVtCmGvA.jpg
08-12 13:35:42.522  2961  4470 D com.xiaomi.tv.gallery.GalleryActivityBase: Begin to decode /data/duokancache/MiGallery_update/3666/X8sU3BVtCmGvA.jpg
08-12 13:35:42.815  2961  4470 D com.xiaomi.tv.gallery.GalleryActivityBase: DecodeImgCompete:/data/duokancache/MiGallery_update/3666/X8sU3BVtCmGvA.jpg
08-12 13:35:42.815  2961  4470 D surfaceview: queueEvent
08-12 13:35:42.850  2961  4432 D MiGallery: MiTexture::CreateFromFileAsynCallback,/data/duokancache/MiGallery_update/3666/X8sU3BVtCmGvA.jpg
08-12 13:35:42.851  2961  4432 D cocos2d-x debug info: cocos2d: CCTexture2D. create texture name:20
08-12 13:35:43.266  2961  4432 D MiGallery: Application_android::onImageReady begin cur path /data/duokancache/MiGallery_update/3666/X8sU3BVtCmGvA.jpg,build path /data/duokancache/MiGallery_update/3666/X8sU3BVtCmGvA.jpg
08-12 13:35:43.266  2961  4432 D MiGallery: GalleryListRender::on4KImage Ready:/data/duokancache/MiGallery_update/3666/X8sU3BVtCmGvA.jpg,0
08-12 13:35:43.266  2961  4432 D MiGallery: MiTexture::CurTextureCache size 3
08-12 13:35:43.266  2961  4432 D MiGallery: Application_android::onImageReady end
08-12 13:35:43.266  2961  4432 D MiGallery: GalleryListRender::on2kImgReady /data/duokancache/MiGallery_update/3666/X8sU3BVtCmGvA.jpg,0x9dcb0400,1
08-12 13:35:43.266  2961  4432 D MiGallery: MiTexture::CurTextureCache remove texture /data/duokancache/MiGallery_update/3681/X2lRsfOIuUCiY.jpg
08-12 13:35:43.266  2961  4432 D cocos2d-x debug info: cocos2d: deallocing CCTexture2D 29.
08-12 13:35:43.266  2961  4432 D MiGallery: MiTexture::CurTextureCache size 2
08-12 13:35:43.267  2961  4432 D com.xiaomi.tv.gallery.jni.JniApplication: ReleaseBitmap
08-12 13:35:43.303  2961  4432 I art     : Explicit concurrent mark sweep GC freed 24(1184B) AllocSpace objects, 2(31MB) LOS objects, 39% free, 4MB/7MB, paused 679us total 36.123ms
08-12 13:35:43.304  2961  4432 W art     : Attempt to remove local handle scope entry from IRT, ignoring
08-12 13:35:43.304  2961  4432 D MiGallery: releaseDecodeData: /data/duokancache/MiGallery_update/3666/X8sU3BVtCmGvA.jpg
08-12 13:35:43.304  2961  4432 W art     : Attempt to remove local handle scope entry from IRT, ignoring
08-12 13:35:43.304  2961  4432 D MiGallery: GalleryListRender::startInFinish
08-12 13:35:43.305  2961  4432 D MiGallery: Application_android::showNextPicture begin
08-12 13:35:43.305  2961  4432 D MiGallery: Application_android::showNextPicture end
08-12 13:35:43.305  2961  4432 D MiGallery: GalleryListRender::startOut 13MiBlockRot_2K
08-12 13:35:43.305  2961  4432 D MiGallery: MiEffect::MiEffectTex_PreTex:9dcb0680
08-12 13:35:43.305  2961  4432 D MiGallery: MiEffect::MiEffectTex_PreTex:9dcb0400
08-12 13:35:43.305  2961  4432 D MiGallery: MiBlockRot_2K::cur subindex:0
08-12 13:35:43.305  2961  4432 D MiGallery: GalleryListScene::start out
08-12 13:35:44.602  2961  4007 D libp2p  : 30s package send__count = 1 recv_count = 0
08-12 13:35:45.160   514  1246 E WifiStateMachine: handleMessage: E msg.what=131155
08-12 13:35:45.161   514  1246 E WifiStateMachine: processMsg: ConnectedState
08-12 13:35:45.162   514  1246 E WifiStateMachine:  ConnectedState !CMD_RSSI_POLL 1 0 "DKTest_B18_5G" 8c:be:be:20:a6:9d rssi=-32 f=5765 sc=60 link=702 tx=2.6, 0.0, 0.0  rx=10.1 bcn=0 [on:0 tx:0 rx:0 period:3004] from screen [on:0 period:543701002] gl rssi=-32 ag=0 hr ticks 0,0,0 ls-=0 [56,56,56,56,61] brc=0 lrc=0
08-12 13:35:45.163   514  1246 E WifiStateMachine: processMsg: L2ConnectedState
08-12 13:35:45.164   514  1246 E WifiStateMachine:  L2ConnectedState !CMD_RSSI_POLL 1 0 "DKTest_B18_5G" 8c:be:be:20:a6:9d rssi=-32 f=5765 sc=60 link=702 tx=2.6, 0.0, 0.0  rx=10.1 bcn=0 [on:0 tx:0 rx:0 period:2] from screen [on:0 period:543701004] gl rssi=-32 ag=0 hr ticks 0,0,0 ls-=0 [56,56,56,56,61] brc=0 lrc=0
08-12 13:35:45.164   514  1246 E WifiStateMachine:  get link layer stats 0
08-12 13:35:45.164   514  1246 D wifi    : doCommand: IFNAME=wlan0 SIGNAL_POLL
08-12 13:35:45.164  3807  3807 I wpa_supplicant: [CTRL_IFACE]wlan0: SIGNAL_POLL
08-12 13:35:45.168  3807  3807 D wpa_supplicant: nl80211: survey data missing!
08-12 13:35:45.168   514  1246 D wifi    : cmd = IFNAME=wlan0 SIGNAL_POLL, reply: RSSI=-32
08-12 13:35:45.168   514  1246 D wifi    : LINKSPEED=702
08-12 13:35:45.168   514  1246 D wifi    : NOISE=9999
08-12 13:35:45.168   514  1246 D wifi    : FREQUENCY=5765
08-12 13:35:45.168   514  1246 E WifiStateMachine: fetchRssiLinkSpeedAndFrequencyNative rssi=-32 linkspeed=702
08-12 13:35:45.171   514  1246 E WifiStateMachine: calculateWifiScore freq=5765 speed=702 score=60 highRSSI  -> txbadrate=0.00 txgoodrate=4.82 txretriesrate=0.00 rxrate=8.05 userTriggerdPenalty0
08-12 13:35:45.171   514  1246 E WifiStateMachine:  good link -> stuck count =0
08-12 13:35:45.171   514  1246 E WifiStateMachine:  badRSSI count0 lowRSSI count0 --> score 56
08-12 13:35:45.171   514  1246 E WifiStateMachine:  isHighRSSI       ---> score=61
08-12 13:35:45.173   514  1246 E WifiStateMachine: handleMessage: X
08-12 13:35:45.174  2285  2285 D MiTVNetworkController: action onReceive is : android.net.wifi.RSSI_CHANGED, mitv.network.ethernet.action.ETHERNET_STATE_CHANGED
08-12 13:35:45.174  2285  2285 D MiTVNetworkController: updateWifiIcons mWifiConnected:true, mWifiLevel:4
08-12 13:35:45.174  2285  2285 D NetworkStateManager: changeNetworkState, type:2, flag:0, level:4, lable:DKTest_B18_5G
08-12 13:35:45.174  2285  2285 D NetworkStateView: changeNetworkState type:2, flag:1, level:4, label:DKTest_B18_5G, last_lable:null
08-12 13:35:45.334  2961  4432 D MiGallery: GalleryListRender::startOut finish 1
08-12 13:35:45.334  2961  4432 D MiGallery: out Finish. keep show Img!
08-12 13:35:45.336  2961  4432 D com.xiaomi.tv.gallery.StatisticsUtil: actionIndex:0, categoryId:3666, playedCount:1, playedTime:19 senconds,counter.playCount:0.333333
08-12 13:35:45.336  2961  4432 D MiGallery: MiGalleryLayer::runPictureOut current category id:3666, count:1, time:19
08-12 13:35:45.337  2961  4432 D cocos2d-x debug info: no dirty just for wait:0.085168
08-12 13:35:45.379  2961  4432 D cocos2d-x debug info: no dirty just for wait:0.088514
08-12 13:35:45.470  2961  4432 D cocos2d-x debug info: no dirty just for wait:0.182604
08-12 13:35:45.655  2961  4432 D cocos2d-x debug info: no dirty just for wait:0.369492
08-12 13:35:46.028  2961  4432 D cocos2d-x debug info: no dirty just for wait:0.746312
08-12 13:35:46.338  1433  1433 V BleRemoteControllerService: mRunnable run
08-12 13:35:46.338  1433  1433 V BleRemoteControllerService: requestScan,RC size:1,hasInit:true,isBinded:false,mIsPair:false,Connecting:false
08-12 13:35:46.338  1433  1433 V BleRemoteControllerService: mRunnable run
08-12 13:35:46.338  1433  1433 V BleRemoteControllerService: requestScan,RC size:1,hasInit:true,isBinded:false,mIsPair:false,Connecting:false
08-12 13:35:46.777  2961  4432 D cocos2d-x debug info: no dirty just for wait:1.497670
08-12 13:35:48.040  4442  4462 W System.err: java.net.UnknownHostException: no name with type 0x00 with no scope for host 192.168.31.125
08-12 13:35:48.040  4442  4462 W System.err: 	at jcifs.netbios.NbtAddress.getAllByAddress(NbtAddress.java:523)
08-12 13:35:48.040  4442  4462 W System.err: 	at jcifs.netbios.NbtAddress.getAllByAddress(NbtAddress.java:479)
08-12 13:35:48.040  4442  4462 W System.err: 	at com.duokan.cloudalbum.DKSmbManager.getSmbHostName(DKSmbManager.java:266)
08-12 13:35:48.040  4442  4462 W System.err: 	at com.duokan.cloudalbum.DKSmbManager.searchSmb(DKSmbManager.java:280)
08-12 13:35:48.040  4442  4462 W System.err: 	at com.duokan.cloudalbum.DKSmbManager.SearchLAN(DKSmbManager.java:479)
08-12 13:35:48.040  4442  4462 W System.err: 	at com.duokan.cloudalbum.DKSmbManager.SearchAll(DKSmbManager.java:511)
08-12 13:35:48.040  4442  4462 W System.err: 	at com.duokan.cloudalbum.DKSmbManager$SearchThread.run(DKSmbManager.java:525)
08-12 13:35:48.173   514  1246 E WifiStateMachine: handleMessage: E msg.what=131155
08-12 13:35:48.173   514  1246 E WifiStateMachine: processMsg: ConnectedState
08-12 13:35:48.174   514  1246 E WifiStateMachine:  ConnectedState !CMD_RSSI_POLL 1 0 "DKTest_B18_5G" 8c:be:be:20:a6:9d rssi=-32 f=5765 sc=60 link=702 tx=4.8, 0.0, 0.0  rx=8.0 bcn=0 [on:0 tx:0 rx:0 period:3001] from screen [on:0 period:543704014] gl rssi=-32 ag=0 hr ticks 0,0,0 ls-=0 [56,56,56,56,61] brc=0 lrc=0
08-12 13:35:48.174   514  1246 E WifiStateMachine: processMsg: L2ConnectedState
08-12 13:35:48.175   514  1246 E WifiStateMachine:  L2ConnectedState !CMD_RSSI_POLL 1 0 "DKTest_B18_5G" 8c:be:be:20:a6:9d rssi=-32 f=5765 sc=60 link=702 tx=4.8, 0.0, 0.0  rx=8.0 bcn=0 [on:0 tx:0 rx:0 period:1] from screen [on:0 period:543704015] gl rssi=-32 ag=0 hr ticks 0,0,0 ls-=0 [56,56,56,56,61] brc=0 lrc=0
08-12 13:35:48.175   514  1246 E WifiStateMachine:  get link layer stats 0
08-12 13:35:48.175   514  1246 D wifi    : doCommand: IFNAME=wlan0 SIGNAL_POLL
08-12 13:35:48.175  3807  3807 I wpa_supplicant: [CTRL_IFACE]wlan0: SIGNAL_POLL
08-12 13:35:48.177  3807  3807 D wpa_supplicant: nl80211: survey data missing!
08-12 13:35:48.177   514  1246 D wifi    : cmd = IFNAME=wlan0 SIGNAL_POLL, reply: RSSI=-31
08-12 13:35:48.177   514  1246 D wifi    : LINKSPEED=702
08-12 13:35:48.177   514  1246 D wifi    : NOISE=9999
08-12 13:35:48.177   514  1246 D wifi    : FREQUENCY=5765
08-12 13:35:48.178   514  1246 E WifiStateMachine: fetchRssiLinkSpeedAndFrequencyNative rssi=-31 linkspeed=702
08-12 13:35:48.179   514  1246 E WifiStateMachine: calculateWifiScore freq=5765 speed=702 score=60 highRSSI  -> txbadrate=0.00 txgoodrate=7.91 txretriesrate=0.00 rxrate=11.02 userTriggerdPenalty0
08-12 13:35:48.179   514  1246 E WifiStateMachine:  good link -> stuck count =0
08-12 13:35:48.179   514  1246 E WifiStateMachine:  badRSSI count0 lowRSSI count0 --> score 60
08-12 13:35:48.179   514  1246 E WifiStateMachine:  isHighRSSI       ---> score=65
08-12 13:35:48.180   514  1246 E WifiStateMachine: handleMessage: X
08-12 13:35:48.180  2285  2285 D MiTVNetworkController: action onReceive is : android.net.wifi.RSSI_CHANGED, mitv.network.ethernet.action.ETHERNET_STATE_CHANGED
08-12 13:35:48.180  2285  2285 D MiTVNetworkController: updateWifiIcons mWifiConnected:true, mWifiLevel:4
08-12 13:35:48.180  2285  2285 D NetworkStateManager: changeNetworkState, type:2, flag:0, level:4, lable:DKTest_B18_5G
08-12 13:35:48.180  2285  2285 D NetworkStateView: changeNetworkState type:2, flag:1, level:4, label:DKTest_B18_5G, last_lable:null
08-12 13:35:48.277  2961  4432 D cocos2d-x debug info: no dirty just for wait:2.999770
08-12 13:35:51.179   514  1246 E WifiStateMachine: handleMessage: E msg.what=131155
08-12 13:35:51.179   514  1246 E WifiStateMachine: processMsg: ConnectedState
08-12 13:35:51.180   514  1246 E WifiStateMachine:  ConnectedState !CMD_RSSI_POLL 1 0 "DKTest_B18_5G" 8c:be:be:20:a6:9d rssi=-31 f=5765 sc=60 link=702 tx=7.9, 0.0, 0.0  rx=11.0 bcn=0 [on:0 tx:0 rx:0 period:3000] from screen [on:0 period:543707020] gl rssi=-31 ag=0 hr ticks 0,0,0 ls-=0 [56,56,60,60,65] brc=0 lrc=0
08-12 13:35:51.180   514  1246 E WifiStateMachine: processMsg: L2ConnectedState
08-12 13:35:51.181   514  1246 E WifiStateMachine:  L2ConnectedState !CMD_RSSI_POLL 1 0 "DKTest_B18_5G" 8c:be:be:20:a6:9d rssi=-31 f=5765 sc=60 link=702 tx=7.9, 0.0, 0.0  rx=11.0 bcn=0 [on:0 tx:0 rx:0 period:1] from screen [on:0 period:543707021] gl rssi=-31 ag=0 hr ticks 0,0,0 ls-=0 [56,56,60,60,65] brc=0 lrc=0
08-12 13:35:51.181   514  1246 E WifiStateMachine:  get link layer stats 0
08-12 13:35:51.181   514  1246 D wifi    : doCommand: IFNAME=wlan0 SIGNAL_POLL
08-12 13:35:51.181  3807  3807 I wpa_supplicant: [CTRL_IFACE]wlan0: SIGNAL_POLL
08-12 13:35:51.184  3807  3807 D wpa_supplicant: nl80211: survey data missing!
08-12 13:35:51.184   514  1246 D wifi    : cmd = IFNAME=wlan0 SIGNAL_POLL, reply: RSSI=-31
08-12 13:35:51.184   514  1246 D wifi    : LINKSPEED=702
08-12 13:35:51.184   514  1246 D wifi    : NOISE=9999
08-12 13:35:51.184   514  1246 D wifi    : FREQUENCY=5765
08-12 13:35:51.185   514  1246 E WifiStateMachine: fetchRssiLinkSpeedAndFrequencyNative rssi=-31 linkspeed=702
08-12 13:35:51.186   514  1246 E WifiStateMachine: calculateWifiScore freq=5765 speed=702 score=60 highRSSI  -> txbadrate=0.00 txgoodrate=5.46 txretriesrate=0.00 rxrate=12.51 userTriggerdPenalty0
08-12 13:35:51.186   514  1246 E WifiStateMachine:  good link -> stuck count =0
08-12 13:35:51.186   514  1246 E WifiStateMachine:  badRSSI count0 lowRSSI count0 --> score 60
08-12 13:35:51.186   514  1246 E WifiStateMachine:  isHighRSSI       ---> score=65
08-12 13:35:51.187  2285  2285 D MiTVNetworkController: action onReceive is : android.net.wifi.RSSI_CHANGED, mitv.network.ethernet.action.ETHERNET_STATE_CHANGED
08-12 13:35:51.187   514  1246 E WifiStateMachine: handleMessage: X
08-12 13:35:51.188  2285  2285 D MiTVNetworkController: updateWifiIcons mWifiConnected:true, mWifiLevel:4
08-12 13:35:51.188  2285  2285 D NetworkStateManager: changeNetworkState, type:2, flag:0, level:4, lable:DKTest_B18_5G
08-12 13:35:51.188  2285  2285 D NetworkStateView: changeNetworkState type:2, flag:1, level:4, label:DKTest_B18_5G, last_lable:null
08-12 13:35:51.279  2961  4432 D cocos2d-x debug info: no dirty just for wait:6.004276
08-12 13:35:54.042  4442  4462 W System.err: java.net.UnknownHostException: no name with type 0x00 with no scope for host 192.168.31.139
08-12 13:35:54.043  4442  4462 W System.err: 	at jcifs.netbios.NbtAddress.getAllByAddress(NbtAddress.java:523)
08-12 13:35:54.043  4442  4462 W System.err: 	at jcifs.netbios.NbtAddress.getAllByAddress(NbtAddress.java:479)
08-12 13:35:54.043  4442  4462 W System.err: 	at com.duokan.cloudalbum.DKSmbManager.getSmbHostName(DKSmbManager.java:266)
08-12 13:35:54.043  4442  4462 W System.err: 	at com.duokan.cloudalbum.DKSmbManager.searchSmb(DKSmbManager.java:280)
08-12 13:35:54.043  4442  4462 W System.err: 	at com.duokan.cloudalbum.DKSmbManager.SearchLAN(DKSmbManager.java:479)
08-12 13:35:54.043  4442  4462 W System.err: 	at com.duokan.cloudalbum.DKSmbManager.SearchAll(DKSmbManager.java:511)
08-12 13:35:54.043  4442  4462 W System.err: 	at com.duokan.cloudalbum.DKSmbManager$SearchThread.run(DKSmbManager.java:525)
08-12 13:35:54.189   514  1246 E WifiStateMachine: handleMessage: E msg.what=131155
08-12 13:35:54.189   514  1246 E WifiStateMachine: processMsg: ConnectedState
08-12 13:35:54.190   514  1246 E WifiStateMachine:  ConnectedState !CMD_RSSI_POLL 1 0 "DKTest_B18_5G" 8c:be:be:20:a6:9d rssi=-31 f=5765 sc=60 link=702 tx=5.5, 0.0, 0.0  rx=12.5 bcn=0 [on:0 tx:0 rx:0 period:3002] from screen [on:0 period:543710029] gl rssi=-31 ag=0 hr ticks 0,0,0 ls-=0 [56,56,60,60,65] brc=0 lrc=0
08-12 13:35:54.190   514  1246 E WifiStateMachine: processMsg: L2ConnectedState
08-12 13:35:54.190   514  1246 E WifiStateMachine:  L2ConnectedState !CMD_RSSI_POLL 1 0 "DKTest_B18_5G" 8c:be:be:20:a6:9d rssi=-31 f=5765 sc=60 link=702 tx=5.5, 0.0, 0.0  rx=12.5 bcn=0 [on:0 tx:0 rx:0 period:1] from screen [on:0 period:543710030] gl rssi=-31 ag=0 hr ticks 0,0,0 ls-=0 [56,56,60,60,65] brc=0 lrc=0
08-12 13:35:54.191   514  1246 E WifiStateMachine:  get link layer stats 0
08-12 13:35:54.191   514  1246 D wifi    : doCommand: IFNAME=wlan0 SIGNAL_POLL
08-12 13:35:54.191  3807  3807 I wpa_supplicant: [CTRL_IFACE]wlan0: SIGNAL_POLL
08-12 13:35:54.193  3807  3807 D wpa_supplicant: nl80211: survey data missing!
08-12 13:35:54.193   514  1246 D wifi    : cmd = IFNAME=wlan0 SIGNAL_POLL, reply: RSSI=-31
08-12 13:35:54.193   514  1246 D wifi    : LINKSPEED=702
08-12 13:35:54.193   514  1246 D wifi    : NOISE=9999
08-12 13:35:54.193   514  1246 D wifi    : FREQUENCY=5765
08-12 13:35:54.193   514  1246 E WifiStateMachine: fetchRssiLinkSpeedAndFrequencyNative rssi=-31 linkspeed=702
08-12 13:35:54.194   514  1246 E WifiStateMachine: calculateWifiScore freq=5765 speed=702 score=60 highRSSI  -> txbadrate=0.00 txgoodrate=4.23 txretriesrate=0.00 rxrate=9.26 userTriggerdPenalty0
08-12 13:35:54.194   514  1246 E WifiStateMachine:  good link -> stuck count =0
08-12 13:35:54.194   514  1246 E WifiStateMachine:  badRSSI count0 lowRSSI count0 --> score 56
08-12 13:35:54.195   514  1246 E WifiStateMachine:  isHighRSSI       ---> score=61
08-12 13:35:54.196  2285  2285 D MiTVNetworkController: action onReceive is : android.net.wifi.RSSI_CHANGED, mitv.network.ethernet.action.ETHERNET_STATE_CHANGED
08-12 13:35:54.196  2285  2285 D MiTVNetworkController: updateWifiIcons mWifiConnected:true, mWifiLevel:4
08-12 13:35:54.196  2285  2285 D NetworkStateManager: changeNetworkState, type:2, flag:0, level:4, lable:DKTest_B18_5G
08-12 13:35:54.196  2285  2285 D NetworkStateView: changeNetworkState type:2, flag:1, level:4, label:DKTest_B18_5G, last_lable:null
08-12 13:35:54.196   514  1246 E WifiStateMachine: handleMessage: X
08-12 13:35:56.876   126   126 I tvos    : REGULAR log output for m_pEvHeartBeat Wait event refreshCount=0,loopCount=40,watchdog_enable=0
08-12 13:35:57.195   514  1246 E WifiStateMachine: handleMessage: E msg.what=131155
08-12 13:35:57.195   514  1246 E WifiStateMachine: processMsg: ConnectedState
08-12 13:35:57.196   514  1246 E WifiStateMachine:  ConnectedState !CMD_RSSI_POLL 1 0 "DKTest_B18_5G" 8c:be:be:20:a6:9d rssi=-31 f=5765 sc=60 link=702 tx=4.2, 0.0, 0.0  rx=9.3 bcn=0 [on:0 tx:0 rx:0 period:3000] from screen [on:0 period:543713036] gl rssi=-31 ag=0 hr ticks 0,0,0 ls-=0 [56,56,56,56,61] brc=0 lrc=0
08-12 13:35:57.196   514  1246 E WifiStateMachine: processMsg: L2ConnectedState
08-12 13:35:57.197   514  1246 E WifiStateMachine:  L2ConnectedState !CMD_RSSI_POLL 1 0 "DKTest_B18_5G" 8c:be:be:20:a6:9d rssi=-31 f=5765 sc=60 link=702 tx=4.2, 0.0, 0.0  rx=9.3 bcn=0 [on:0 tx:0 rx:0 period:1] from screen [on:0 period:543713037] gl rssi=-31 ag=0 hr ticks 0,0,0 ls-=0 [56,56,56,56,61] brc=0 lrc=0
08-12 13:35:57.197   514  1246 E WifiStateMachine:  get link layer stats 0
08-12 13:35:57.197   514  1246 D wifi    : doCommand: IFNAME=wlan0 SIGNAL_POLL
08-12 13:35:57.197  3807  3807 I wpa_supplicant: [CTRL_IFACE]wlan0: SIGNAL_POLL
08-12 13:35:57.199  3807  3807 D wpa_supplicant: nl80211: survey data missing!
08-12 13:35:57.199   514  1246 D wifi    : cmd = IFNAME=wlan0 SIGNAL_POLL, reply: RSSI=-32
08-12 13:35:57.199   514  1246 D wifi    : LINKSPEED=702
08-12 13:35:57.199   514  1246 D wifi    : NOISE=9999
08-12 13:35:57.199   514  1246 D wifi    : FREQUENCY=5765
08-12 13:35:57.199   514  1246 E WifiStateMachine: fetchRssiLinkSpeedAndFrequencyNative rssi=-32 linkspeed=702
08-12 13:35:57.201   514  1246 E WifiStateMachine: calculateWifiScore freq=5765 speed=702 score=60 highRSSI  -> txbadrate=0.00 txgoodrate=2.61 txretriesrate=0.00 rxrate=4.63 userTriggerdPenalty0
08-12 13:35:57.201   514  1246 E WifiStateMachine:  good link -> stuck count =0
08-12 13:35:57.201   514  1246 E WifiStateMachine:  badRSSI count0 lowRSSI count0 --> score 56
08-12 13:35:57.201   514  1246 E WifiStateMachine:  isHighRSSI       ---> score=61
08-12 13:35:57.202  2285  2285 D MiTVNetworkController: action onReceive is : android.net.wifi.RSSI_CHANGED, mitv.network.ethernet.action.ETHERNET_STATE_CHANGED
08-12 13:35:57.202  2285  2285 D MiTVNetworkController: updateWifiIcons mWifiConnected:true, mWifiLevel:4
08-12 13:35:57.202  2285  2285 D NetworkStateManager: changeNetworkState, type:2, flag:0, level:4, lable:DKTest_B18_5G
08-12 13:35:57.202  2285  2285 D NetworkStateView: changeNetworkState type:2, flag:1, level:4, label:DKTest_B18_5G, last_lable:null
08-12 13:35:57.203   514  1246 E WifiStateMachine: handleMessage: X
08-12 13:35:57.286  2961  4432 D cocos2d-x debug info: no dirty just for wait:12.013740
08-12 13:36:00.045  4442  4462 W System.err: java.net.UnknownHostException: no name with type 0x00 with no scope for host 192.168.31.124
08-12 13:36:00.045  4442  4462 W System.err: 	at jcifs.netbios.NbtAddress.getAllByAddress(NbtAddress.java:523)
08-12 13:36:00.045  4442  4462 W System.err: 	at jcifs.netbios.NbtAddress.getAllByAddress(NbtAddress.java:479)
08-12 13:36:00.045  4442  4462 W System.err: 	at com.duokan.cloudalbum.DKSmbManager.getSmbHostName(DKSmbManager.java:266)
08-12 13:36:00.045  4442  4462 W System.err: 	at com.duokan.cloudalbum.DKSmbManager.searchSmb(DKSmbManager.java:280)
08-12 13:36:00.045  4442  4462 W System.err: 	at com.duokan.cloudalbum.DKSmbManager.SearchLAN(DKSmbManager.java:479)
08-12 13:36:00.045  4442  4462 W System.err: 	at com.duokan.cloudalbum.DKSmbManager.SearchAll(DKSmbManager.java:511)
08-12 13:36:00.045  4442  4462 W System.err: 	at com.duokan.cloudalbum.DKSmbManager$SearchThread.run(DKSmbManager.java:525)
08-12 13:36:00.203   514  1246 E WifiStateMachine: handleMessage: E msg.what=131155
08-12 13:36:00.204   514  1246 E WifiStateMachine: processMsg: ConnectedState
08-12 13:36:00.204   514  1246 E WifiStateMachine:  ConnectedState !CMD_RSSI_POLL 1 0 "DKTest_B18_5G" 8c:be:be:20:a6:9d rssi=-32 f=5765 sc=60 link=702 tx=2.6, 0.0, 0.0  rx=4.6 bcn=0 [on:0 tx:0 rx:0 period:3001] from screen [on:0 period:543716044] gl rssi=-32 ag=0 hr ls-=0 [56,56,56,56,61] brc=0 lrc=0
08-12 13:36:00.204   514  1246 E WifiStateMachine: processMsg: L2ConnectedState
08-12 13:36:00.205   514  1246 E WifiStateMachine:  L2ConnectedState !CMD_RSSI_POLL 1 0 "DKTest_B18_5G" 8c:be:be:20:a6:9d rssi=-32 f=5765 sc=60 link=702 tx=2.6, 0.0, 0.0  rx=4.6 bcn=0 [on:0 tx:0 rx:0 period:1] from screen [on:0 period:543716045] gl rssi=-32 ag=0 hr ls-=0 [56,56,56,56,61] brc=0 lrc=0
08-12 13:36:00.205   514  1246 E WifiStateMachine:  get link layer stats 0
08-12 13:36:00.205   514  1246 D wifi    : doCommand: IFNAME=wlan0 SIGNAL_POLL
08-12 13:36:00.206  3807  3807 I wpa_supplicant: [CTRL_IFACE]wlan0: SIGNAL_POLL
08-12 13:36:00.208  3807  3807 D wpa_supplicant: nl80211: survey data missing!
08-12 13:36:00.208   514  1246 D wifi    : cmd = IFNAME=wlan0 SIGNAL_POLL, reply: RSSI=-31
08-12 13:36:00.208   514  1246 D wifi    : LINKSPEED=702
08-12 13:36:00.208   514  1246 D wifi    : NOISE=9999
08-12 13:36:00.208   514  1246 D wifi    : FREQUENCY=5765
08-12 13:36:00.208   514  1246 E WifiStateMachine: fetchRssiLinkSpeedAndFrequencyNative rssi=-31 linkspeed=702
08-12 13:36:00.209   514  1246 E WifiStateMachine: calculateWifiScore freq=5765 speed=702 score=60 highRSSI  -> txbadrate=0.00 txgoodrate=1.81 txretriesrate=0.00 rxrate=2.81 userTriggerdPenalty0
08-12 13:36:00.209   514  1246 E WifiStateMachine:  good link -> stuck count =0
08-12 13:36:00.209   514  1246 E WifiStateMachine:  badRSSI count0 lowRSSI count0 --> score 56
08-12 13:36:00.209   514  1246 E WifiStateMachine:  isHighRSSI       ---> score=61
08-12 13:36:00.211   514  1246 E WifiStateMachine: handleMessage: X
08-12 13:36:00.211  2285  2285 D MiTVNetworkController: action onReceive is : android.net.wifi.RSSI_CHANGED, mitv.network.ethernet.action.ETHERNET_STATE_CHANGED
08-12 13:36:00.211  2285  2285 D MiTVNetworkController: updateWifiIcons mWifiConnected:true, mWifiLevel:4
08-12 13:36:00.211  2285  2285 D NetworkStateManager: changeNetworkState, type:2, flag:0, level:4, lable:DKTest_B18_5G
08-12 13:36:00.211  2285  2285 D NetworkStateView: changeNetworkState type:2, flag:1, level:4, label:DKTest_B18_5G, last_lable:null
08-12 13:36:00.337  2961  3804 D MiGallery: AsynTimer call
08-12 13:36:00.339  2961  4432 D MiGallery: start In . begin do in effect!
08-12 13:36:00.339  2961  4432 D MiGallery: GalleryListRender:: moveNext
08-12 13:36:00.339  2961  4432 D MiGallery: MiTexture::CurTextureCache size 2
08-12 13:36:00.339  2961  4432 D MiGallery: GalleryListRender::startIn 0x9dcb0400,1
08-12 13:36:00.870  2961  4432 D MiGallery: GalleryListRender::delayPrepareAsync
08-12 13:36:00.870  2961  4432 D MiGallery: MiTexture::CreateFromFileAsyn:/data/duokancache/MiGallery_update/3666/8q01pnHPuYBBZ.jpg
08-12 13:36:00.871  2961  4432 D MiGallery: Application_android::prepareNextPicture path:/data/duokancache/MiGallery_update/3666/8q01pnHPuYBBZ.jpg
08-12 13:36:00.871  2961  4432 D MiGallery: MiTexture::CreateFromFileAsyn:/data/duokancache/MiGallery_update/3666/8q01pnHPuYBBZ.jpg
08-12 13:36:00.871  2961  4470 D com.xiaomi.tv.gallery.GalleryActivityBase: Begin to decode /data/duokancache/MiGallery_update/3666/8q01pnHPuYBBZ.jpg
08-12 13:36:01.190  2961  4470 D com.xiaomi.tv.gallery.GalleryActivityBase: DecodeImgCompete:/data/duokancache/MiGallery_update/3666/8q01pnHPuYBBZ.jpg
08-12 13:36:01.190  2961  4470 D surfaceview: queueEvent
08-12 13:36:01.200  2961  4432 D MiGallery: MiTexture::CreateFromFileAsynCallback,/data/duokancache/MiGallery_update/3666/8q01pnHPuYBBZ.jpg
08-12 13:36:01.200  2961  4432 D cocos2d-x debug info: cocos2d: CCTexture2D. create texture name:28
08-12 13:36:01.428   126   126 I tvos    : [37m[INFO] Change to Voltage: 125 mv (0x17)[m
08-12 13:36:01.633  2961  4432 D MiGallery: Application_android::onImageReady begin cur path /data/duokancache/MiGallery_update/3666/8q01pnHPuYBBZ.jpg,build path /data/duokancache/MiGallery_update/3666/8q01pnHPuYBBZ.jpg
08-12 13:36:01.633  2961  4432 D MiGallery: GalleryListRender::on4KImage Ready:/data/duokancache/MiGallery_update/3666/8q01pnHPuYBBZ.jpg,0
08-12 13:36:01.633  2961  4432 D MiGallery: MiTexture::CurTextureCache size 3
08-12 13:36:01.633  2961  4432 D MiGallery: Application_android::onImageReady end
08-12 13:36:01.633  2961  4432 D MiGallery: GalleryListRender::on2kImgReady /data/duokancache/MiGallery_update/3666/8q01pnHPuYBBZ.jpg,0x9dcb0380,0
08-12 13:36:01.633  2961  4432 D MiGallery: MiTexture::CurTextureCache remove texture /data/duokancache/MiGallery_update/3666/KKvH13R2h8xUY.jpg
08-12 13:36:01.633  2961  4432 D cocos2d-x debug info: cocos2d: deallocing CCTexture2D 7.
08-12 13:36:01.633  2961  4432 D MiGallery: MiTexture::CurTextureCache size 2
08-12 13:36:01.634  2961  4432 D com.xiaomi.tv.gallery.jni.JniApplication: ReleaseBitmap
08-12 13:36:01.665  2961  4432 I art     : Explicit concurrent mark sweep GC freed 29(1344B) AllocSpace objects, 2(31MB) LOS objects, 39% free, 4MB/7MB, paused 759us total 30.690ms
08-12 13:36:01.665  2961  4432 W art     : Attempt to remove local handle scope entry from IRT, ignoring
08-12 13:36:01.665  2961  4432 D MiGallery: releaseDecodeData: /data/duokancache/MiGallery_update/3666/8q01pnHPuYBBZ.jpg
08-12 13:36:01.665  2961  4432 W art     : Attempt to remove local handle scope entry from IRT, ignoring
08-12 13:36:01.666  2961  4432 D MiGallery: GalleryListRender::startInFinish
08-12 13:36:01.666  2961  4432 D MiGallery: Application_android::showNextPicture begin
08-12 13:36:01.666  2961  4432 D MiGallery: Application_android::showNextPicture end
08-12 13:36:01.666  2961  4432 D MiGallery: GalleryListRender::startOut 16MiCollapseEffect
08-12 13:36:01.734  2961  4432 D MiGallery: GalleryListScene::start out
08-12 13:36:01.830   126   126 I tvos    : [37m[INFO] Change to Voltage: 105 mv (0x8)[m
08-12 13:36:01.853  1433  1433 V BleRemoteControllerService: mRunnable run
08-12 13:36:01.853  1433  1433 V BleRemoteControllerService: requestScan,RC size:1,hasInit:true,isBinded:false,mIsPair:false,Connecting:false
08-12 13:36:01.853  1433  1433 V BleRemoteControllerService: mRunnable run
08-12 13:36:01.853  1433  1433 V BleRemoteControllerService: requestScan,RC size:1,hasInit:true,isBinded:false,mIsPair:false,Connecting:false
08-12 13:36:03.210   514  1246 E WifiStateMachine: handleMessage: E msg.what=131155
08-12 13:36:03.210   514  1246 E WifiStateMachine: processMsg: ConnectedState
08-12 13:36:03.211   514  1246 E WifiStateMachine:  ConnectedState !CMD_RSSI_POLL 1 0 "DKTest_B18_5G" 8c:be:be:20:a6:9d rssi=-31 f=5765 sc=60 link=702 tx=1.8, 0.0, 0.0  rx=2.8 bcn=0 [on:0 tx:0 rx:0 period:3001] from screen [on:0 period:543719051] gl rssi=-31 ag=0 hr ls-=0 [56,56,56,56,61] brc=0 lrc=0
08-12 13:36:03.212   514  1246 E WifiStateMachine: processMsg: L2ConnectedState
08-12 13:36:03.213   514  1246 E WifiStateMachine:  L2ConnectedState !CMD_RSSI_POLL 1 0 "DKTest_B18_5G" 8c:be:be:20:a6:9d rssi=-31 f=5765 sc=60 link=702 tx=1.8, 0.0, 0.0  rx=2.8 bcn=0 [on:0 tx:0 rx:0 period:1] from screen [on:0 period:543719052] gl rssi=-31 ag=0 hr ls-=0 [56,56,56,56,61] brc=0 lrc=0
08-12 13:36:03.213   514  1246 E WifiStateMachine:  get link layer stats 0
08-12 13:36:03.213   514  1246 D wifi    : doCommand: IFNAME=wlan0 SIGNAL_POLL
08-12 13:36:03.213  3807  3807 I wpa_supplicant: [CTRL_IFACE]wlan0: SIGNAL_POLL
08-12 13:36:03.216  3807  3807 D wpa_supplicant: nl80211: survey data missing!
08-12 13:36:03.216   514  1246 D wifi    : cmd = IFNAME=wlan0 SIGNAL_POLL, reply: RSSI=-31
08-12 13:36:03.216   514  1246 D wifi    : LINKSPEED=702
08-12 13:36:03.216   514  1246 D wifi    : NOISE=9999
08-12 13:36:03.216   514  1246 D wifi    : FREQUENCY=5765
08-12 13:36:03.217   514  1246 E WifiStateMachine: fetchRssiLinkSpeedAndFrequencyNative rssi=-31 linkspeed=702
08-12 13:36:03.219   514  1246 E WifiStateMachine: calculateWifiScore freq=5765 speed=702 score=60 highRSSI  -> txbadrate=0.00 txgoodrate=2.40 txretriesrate=0.00 rxrate=3.91 userTriggerdPenalty0
08-12 13:36:03.219   514  1246 E WifiStateMachine:  good link -> stuck count =0
08-12 13:36:03.219   514  1246 E WifiStateMachine:  badRSSI count0 lowRSSI count0 --> score 56
08-12 13:36:03.219   514  1246 E WifiStateMachine:  isHighRSSI       ---> score=61
08-12 13:36:03.221   514  1246 E WifiStateMachine: handleMessage: X
08-12 13:36:03.221  2285  2285 D MiTVNetworkController: action onReceive is : android.net.wifi.RSSI_CHANGED, mitv.network.ethernet.action.ETHERNET_STATE_CHANGED
08-12 13:36:03.221  2285  2285 D MiTVNetworkController: updateWifiIcons mWifiConnected:true, mWifiLevel:4
08-12 13:36:03.221  2285  2285 D NetworkStateManager: changeNetworkState, type:2, flag:0, level:4, lable:DKTest_B18_5G
08-12 13:36:03.221  2285  2285 D NetworkStateView: changeNetworkState type:2, flag:1, level:4, label:DKTest_B18_5G, last_lable:null
08-12 13:36:03.701  2961  4432 D MiGallery: GalleryListRender::startOut finish 0
08-12 13:36:03.701  2961  4432 D MiGallery: out Finish. keep show Img!
08-12 13:36:03.702  2961  4432 D com.xiaomi.tv.gallery.StatisticsUtil: actionIndex:0, categoryId:3666, playedCount:1, playedTime:18 senconds,counter.playCount:0.666667
08-12 13:36:03.702  2961  4432 D MiGallery: MiGalleryLayer::runPictureOut current category id:3666, count:1, time:18
08-12 13:36:03.703  2961  4432 D cocos2d-x debug info: no dirty just for wait:0.107242
08-12 13:36:03.754  2961  4432 D cocos2d-x debug info: no dirty just for wait:0.105212
08-12 13:36:03.862  2961  4432 D cocos2d-x debug info: no dirty just for wait:0.216008
08-12 13:36:04.081  2961  4432 D cocos2d-x debug info: no dirty just for wait:0.437874
08-12 13:36:04.521  2961  4432 D cocos2d-x debug info: no dirty just for wait:0.879466
08-12 13:36:05.403  2961  4432 D cocos2d-x debug info: no dirty just for wait:1.763624
08-12 13:36:06.047  4442  4462 W System.err: java.net.UnknownHostException: no name with type 0x00 with no scope for host 192.168.31.140
08-12 13:36:06.047  4442  4462 W System.err: 	at jcifs.netbios.NbtAddress.getAllByAddress(NbtAddress.java:523)
08-12 13:36:06.047  4442  4462 W System.err: 	at jcifs.netbios.NbtAddress.getAllByAddress(NbtAddress.java:479)
08-12 13:36:06.047  4442  4462 W System.err: 	at com.duokan.cloudalbum.DKSmbManager.getSmbHostName(DKSmbManager.java:266)
08-12 13:36:06.047  4442  4462 W System.err: 	at com.duokan.cloudalbum.DKSmbManager.searchSmb(DKSmbManager.java:280)
08-12 13:36:06.047  4442  4462 W System.err: 	at com.duokan.cloudalbum.DKSmbManager.SearchLAN(DKSmbManager.java:479)
08-12 13:36:06.047  4442  4462 W System.err: 	at com.duokan.cloudalbum.DKSmbManager.SearchAll(DKSmbManager.java:511)
08-12 13:36:06.047  4442  4462 W System.err: 	at com.duokan.cloudalbum.DKSmbManager$SearchThread.run(DKSmbManager.java:525)
08-12 13:36:06.222   514  1246 E WifiStateMachine: handleMessage: E msg.what=131155
08-12 13:36:06.222   514  1246 E WifiStateMachine: processMsg: ConnectedState
08-12 13:36:06.233   514  1246 E WifiStateMachine:  ConnectedState !CMD_RSSI_POLL 1 0 "DKTest_B18_5G" 8c:be:be:20:a6:9d rssi=-31 f=5765 sc=60 link=702 tx=2.4, 0.0, 0.0  rx=3.9 bcn=0 [on:0 tx:0 rx:0 period:3002] from screen [on:0 period:543722063] gl rssi=-31 ag=0 hr ls-=0 [56,56,56,56,61] brc=0 lrc=0
08-12 13:36:06.233   514  1246 E WifiStateMachine: processMsg: L2ConnectedState
08-12 13:36:06.236   514  1246 E WifiStateMachine:  L2ConnectedState !CMD_RSSI_POLL 1 0 "DKTest_B18_5G" 8c:be:be:20:a6:9d rssi=-31 f=5765 sc=60 link=702 tx=2.4, 0.0, 0.0  rx=3.9 bcn=0 [on:0 tx:0 rx:0 period:13] from screen [on:0 period:543722076] gl rssi=-31 ag=0 hr ls-=0 [56,56,56,56,61] brc=0 lrc=0
