08-12 13:37:15.890  3807  3807 D wpa_supplicant: wlan0: BSS: Remove id 21 BSSID 94:b4:0f:89:01:10 SSID 'MIOffice' due to wpa_bss_flush_by_age
08-12 13:37:15.890  3807  3807 D wpa_supplicant: wlan0: BSS: Remove id 22 BSSID 9c:21:6a:c1:f7:e8 SSID 'sonos' due to wpa_bss_flush_by_age
08-12 13:37:15.890  3807  3807 D wpa_supplicant: wlan0: BSS: Remove id 29 BSSID 8c:be:be:26:8b:67 SSID 'DK_C7_5G' due to wpa_bss_flush_by_age
08-12 13:37:15.890  3807  3807 D wpa_supplicant: wlan0: BSS: Remove id 28 BSSID 94:b4:0f:8d:a4:f2 SSID 'MIOffice-5G' due to wpa_bss_flush_by_age
08-12 13:37:15.890  3807  3807 D wpa_supplicant: wlan0: BSS: Remove id 31 BSSID 64:09:80:7a:7d:41 SSID 'Xiaomi_C268_5G' due to wpa_bss_flush_by_age
08-12 13:37:15.890  3807  3807 D wpa_supplicant: wlan0: BSS: Remove id 8 BSSID 10:48:b1:e8:10:91 SSID '\xe6\xb5\x8b' due to wpa_bss_flush_by_age
08-12 13:37:15.890  3807  3807 D wpa_supplicant: wlan0: BSS: Remove id 26 BSSID 8c:be:be:41:65:fc SSID 'mini5' due to wpa_bss_flush_by_age
08-12 13:37:15.890  3807  3807 D wpa_supplicant: wlan0: BSS: Remove id 49 BSSID 94:b4:0f:8d:a4:e0 SSID 'MIOffice' due to wpa_bss_flush_by_age
08-12 13:37:15.890  3807  3807 D wpa_supplicant: wlan0: BSS: Remove id 50 BSSID 94:b4:0f:8d:a5:80 SSID 'MIOffice' due to wpa_bss_flush_by_age
08-12 13:37:15.890  3807  3807 D wpa_supplicant: wlan0: BSS: Remove id 36 BSSID 10:48:b1:87:0f:1e SSID 'Mi_5G' due to wpa_bss_flush_by_age
08-12 13:37:15.890  3807  3807 D wpa_supplicant: wlan0: BSS: Remove id 51 BSSID f0:b4:29:15:10:67 SSID 'JEEJEN' due to wpa_bss_flush_by_age
08-12 13:37:15.890  3807  3807 D wpa_supplicant: wlan0: BSS: Remove id 35 BSSID 10:48:b1:e8:1f:35 SSID 'Duokantest__BSP_C23_5G' due to wpa_bss_flush_by_age
08-12 13:37:15.891  3807  3807 D wpa_supplicant: wlan0: BSS: Remove id 39 BSSID 9a:3b:16:0f:bb:85 SSID 'DIRECT-' due to wpa_bss_flush_by_age
08-12 13:37:15.891  3807  3807 D wpa_supplicant: wlan0: BSS: Remove id 40 BSSID 1c:fa:68:fe:7c:aa SSID 'TP-LINK_5GHz_FE7CAA' due to wpa_bss_flush_by_age
08-12 13:37:15.891  3807  3807 D wpa_supplicant: wlan0: BSS: Remove id 42 BSSID 94:b4:0f:8d:a8:51 SSID 'MIPublic' due to wpa_bss_flush_by_age
08-12 13:37:15.891  3807  3807 D wpa_supplicant: wlan0: BSS: Remove id 43 BSSID 8e:be:be:26:8b:68 SSID 'Terminator_Salvation_5G' due to wpa_bss_flush_by_age
08-12 13:37:15.891  3807  3807 D wpa_supplicant: wlan0: BSS: Remove id 52 BSSID 94:b4:0f:89:01:01 SSID 'MIPublic' due to wpa_bss_flush_by_age
08-12 13:37:15.891  3807  3807 D wpa_supplicant: wlan0: BSS: Remove id 44 BSSID 94:b4:0f:89:01:11 SSID 'MIPublic' due to wpa_bss_flush_by_age
08-12 13:37:15.891  3807  3807 D wpa_supplicant: wlan0: BSS: Remove id 45 BSSID 94:b4:0f:8d:a4:f1 SSID 'MIPublic' due to wpa_bss_flush_by_age
08-12 13:37:17.208  2192  2216 I MiTv-Impl-tv2_48-mstar-SourceManagerImpl: getCurrentSource return 1
08-12 13:37:18.075  4442  4462 W System.err: java.net.UnknownHostException: no name with type 0x00 with no scope for host 192.168.31.146
08-12 13:37:18.075  4442  4462 W System.err: 	at jcifs.netbios.NbtAddress.getAllByAddress(NbtAddress.java:523)
08-12 13:37:18.075  4442  4462 W System.err: 	at jcifs.netbios.NbtAddress.getAllByAddress(NbtAddress.java:479)
08-12 13:37:18.075  4442  4462 W System.err: 	at com.duokan.cloudalbum.DKSmbManager.getSmbHostName(DKSmbManager.java:266)
08-12 13:37:18.075  4442  4462 W System.err: 	at com.duokan.cloudalbum.DKSmbManager.searchSmb(DKSmbManager.java:280)
08-12 13:37:18.075  4442  4462 W System.err: 	at com.duokan.cloudalbum.DKSmbManager.SearchLAN(DKSmbManager.java:479)
08-12 13:37:18.075  4442  4462 W System.err: 	at com.duokan.cloudalbum.DKSmbManager.SearchAll(DKSmbManager.java:511)
08-12 13:37:18.075  4442  4462 W System.err: 	at com.duokan.cloudalbum.DKSmbManager$SearchThread.run(DKSmbManager.java:525)
08-12 13:37:18.439   514  1246 E WifiStateMachine: handleMessage: E msg.what=131155
08-12 13:37:18.439   514  1246 E WifiStateMachine: processMsg: ConnectedState
08-12 13:37:18.440   514  1246 E WifiStateMachine:  ConnectedState !CMD_RSSI_POLL 1 0 "DKTest_B18_5G" 8c:be:be:20:a6:9d rssi=-31 f=5765 sc=60 link=702 tx=3.7, 0.0, 0.0  rx=8.9 bcn=0 [on:0 tx:0 rx:0 period:3003] from screen [on:0 period:543794280] gl rssi=-31 ag=0 hr ticks 0,0,0 ls-=0 [56,56,56,56,61] brc=0 lrc=0
08-12 13:37:18.440   514  1246 E WifiStateMachine: processMsg: L2ConnectedState
08-12 13:37:18.441   514  1246 E WifiStateMachine:  L2ConnectedState !CMD_RSSI_POLL 1 0 "DKTest_B18_5G" 8c:be:be:20:a6:9d rssi=-31 f=5765 sc=60 link=702 tx=3.7, 0.0, 0.0  rx=8.9 bcn=0 [on:0 tx:0 rx:0 period:1] from screen [on:0 period:543794281] gl rssi=-31 ag=0 hr ticks 0,0,0 ls-=0 [56,56,56,56,61] brc=0 lrc=0
08-12 13:37:18.441   514  1246 E WifiStateMachine:  get link layer stats 0
08-12 13:37:18.441   514  1246 D wifi    : doCommand: IFNAME=wlan0 SIGNAL_POLL
08-12 13:37:18.441  3807  3807 I wpa_supplicant: [CTRL_IFACE]wlan0: SIGNAL_POLL
08-12 13:37:18.443  3807  3807 D wpa_supplicant: nl80211: survey data missing!
08-12 13:37:18.443   514  1246 D wifi    : cmd = IFNAME=wlan0 SIGNAL_POLL, reply: RSSI=-32
08-12 13:37:18.443   514  1246 D wifi    : LINKSPEED=702
08-12 13:37:18.443   514  1246 D wifi    : NOISE=9999
08-12 13:37:18.443   514  1246 D wifi    : FREQUENCY=5765
08-12 13:37:18.443   514  1246 E WifiStateMachine: fetchRssiLinkSpeedAndFrequencyNative rssi=-32 linkspeed=702
08-12 13:37:18.444   514  1246 E WifiStateMachine: calculateWifiScore freq=5765 speed=702 score=60 highRSSI  -> txbadrate=0.00 txgoodrate=2.35 txretriesrate=0.00 rxrate=5.95 userTriggerdPenalty0
08-12 13:37:18.444   514  1246 E WifiStateMachine:  good link -> stuck count =0
08-12 13:37:18.444   514  1246 E WifiStateMachine:  badRSSI count0 lowRSSI count0 --> score 56
08-12 13:37:18.444   514  1246 E WifiStateMachine:  isHighRSSI       ---> score=61
08-12 13:37:18.445   514  1246 E WifiStateMachine: handleMessage: X
08-12 13:37:18.446  2285  2285 D MiTVNetworkController: action onReceive is : android.net.wifi.RSSI_CHANGED, mitv.network.ethernet.action.ETHERNET_STATE_CHANGED
08-12 13:37:18.446  2285  2285 D MiTVNetworkController: updateWifiIcons mWifiConnected:true, mWifiLevel:4
08-12 13:37:18.446  2285  2285 D NetworkStateManager: changeNetworkState, type:2, flag:0, level:4, lable:DKTest_B18_5G
08-12 13:37:18.446  2285  2285 D NetworkStateView: changeNetworkState type:2, flag:1, level:4, label:DKTest_B18_5G, last_lable:null
08-12 13:37:18.750   126   126 I tvos    : REGULAR log output for m_pEvHeartBeat Wait event refreshCount=0,loopCount=40,watchdog_enable=0
08-12 13:37:19.428  1433  1433 V BleRemoteControllerService: mRunnable run
08-12 13:37:19.428  1433  1433 V BleRemoteControllerService: requestScan,RC size:1,hasInit:true,isBinded:false,mIsPair:false,Connecting:false
08-12 13:37:19.428  1433  1433 V BleRemoteControllerService: mRunnable run
08-12 13:37:19.428  1433  1433 V BleRemoteControllerService: requestScan,RC size:1,hasInit:true,isBinded:false,mIsPair:false,Connecting:false
08-12 13:37:21.446   514  1246 E WifiStateMachine: handleMessage: E msg.what=131155
08-12 13:37:21.446   514  1246 E WifiStateMachine: processMsg: ConnectedState
08-12 13:37:21.447   514  1246 E WifiStateMachine:  ConnectedState !CMD_RSSI_POLL 1 0 "DKTest_B18_5G" 8c:be:be:20:a6:9d rssi=-32 f=5765 sc=60 link=702 tx=2.4, 0.0, 0.0  rx=5.9 bcn=0 [on:0 tx:0 rx:0 period:3002] from screen [on:0 period:543797287] gl rssi=-32 ag=0 hr ticks 0,0,0 ls-=0 [56,56,56,56,61] brc=0 lrc=0
08-12 13:37:21.447   514  1246 E WifiStateMachine: processMsg: L2ConnectedState
08-12 13:37:21.448   514  1246 E WifiStateMachine:  L2ConnectedState !CMD_RSSI_POLL 1 0 "DKTest_B18_5G" 8c:be:be:20:a6:9d rssi=-32 f=5765 sc=60 link=702 tx=2.4, 0.0, 0.0  rx=5.9 bcn=0 [on:0 tx:0 rx:0 period:1] from screen [on:0 period:543797288] gl rssi=-32 ag=0 hr ticks 0,0,0 ls-=0 [56,56,56,56,61] brc=0 lrc=0
08-12 13:37:21.448   514  1246 E WifiStateMachine:  get link layer stats 0
08-12 13:37:21.448   514  1246 D wifi    : doCommand: IFNAME=wlan0 SIGNAL_POLL
08-12 13:37:21.448  3807  3807 I wpa_supplicant: [CTRL_IFACE]wlan0: SIGNAL_POLL
08-12 13:37:21.450  3807  3807 D wpa_supplicant: nl80211: survey data missing!
08-12 13:37:21.451   514  1246 D wifi    : cmd = IFNAME=wlan0 SIGNAL_POLL, reply: RSSI=-32
08-12 13:37:21.451   514  1246 D wifi    : LINKSPEED=702
08-12 13:37:21.451   514  1246 D wifi    : NOISE=9999
08-12 13:37:21.451   514  1246 D wifi    : FREQUENCY=5765
08-12 13:37:21.451   514  1246 E WifiStateMachine: fetchRssiLinkSpeedAndFrequencyNative rssi=-32 linkspeed=702
08-12 13:37:21.452   514  1246 E WifiStateMachine: calculateWifiScore freq=5765 speed=702 score=60 highRSSI  -> txbadrate=0.00 txgoodrate=11.18 txretriesrate=0.00 rxrate=8.97 userTriggerdPenalty0
08-12 13:37:21.452   514  1246 E WifiStateMachine:  good link -> stuck count =0
08-12 13:37:21.452   514  1246 E WifiStateMachine:  badRSSI count0 lowRSSI count0 --> score 60
08-12 13:37:21.452   514  1246 E WifiStateMachine:  isHighRSSI       ---> score=65
08-12 13:37:21.453   514  1246 E WifiStateMachine: handleMessage: X
08-12 13:37:21.453  2285  2285 D MiTVNetworkController: action onReceive is : android.net.wifi.RSSI_CHANGED, mitv.network.ethernet.action.ETHERNET_STATE_CHANGED
08-12 13:37:21.453  2285  2285 D MiTVNetworkController: updateWifiIcons mWifiConnected:true, mWifiLevel:4
08-12 13:37:21.453  2285  2285 D NetworkStateManager: changeNetworkState, type:2, flag:0, level:4, lable:DKTest_B18_5G
08-12 13:37:21.453  2285  2285 D NetworkStateView: changeNetworkState type:2, flag:1, level:4, label:DKTest_B18_5G, last_lable:null
08-12 13:37:22.213  2192  2216 I MiTv-Impl-tv2_48-mstar-SourceManagerImpl: getCurrentSource return 1
08-12 13:37:24.079  4442  4462 W System.err: java.net.UnknownHostException: no name with type 0x00 with no scope for host 192.168.31.117
08-12 13:37:24.079  4442  4462 W System.err: 	at jcifs.netbios.NbtAddress.getAllByAddress(NbtAddress.java:523)
08-12 13:37:24.079  4442  4462 W System.err: 	at jcifs.netbios.NbtAddress.getAllByAddress(NbtAddress.java:479)
08-12 13:37:24.079  4442  4462 W System.err: 	at com.duokan.cloudalbum.DKSmbManager.getSmbHostName(DKSmbManager.java:266)
08-12 13:37:24.079  4442  4462 W System.err: 	at com.duokan.cloudalbum.DKSmbManager.searchSmb(DKSmbManager.java:280)
08-12 13:37:24.079  4442  4462 W System.err: 	at com.duokan.cloudalbum.DKSmbManager.SearchLAN(DKSmbManager.java:479)
08-12 13:37:24.079  4442  4462 W System.err: 	at com.duokan.cloudalbum.DKSmbManager.SearchAll(DKSmbManager.java:511)
08-12 13:37:24.079  4442  4462 W System.err: 	at com.duokan.cloudalbum.DKSmbManager$SearchThread.run(DKSmbManager.java:525)
08-12 13:37:24.454   514  1246 E WifiStateMachine: handleMessage: E msg.what=131155
08-12 13:37:24.454   514  1246 E WifiStateMachine: processMsg: ConnectedState
08-12 13:37:24.455   514  1246 E WifiStateMachine:  ConnectedState !CMD_RSSI_POLL 1 0 "DKTest_B18_5G" 8c:be:be:20:a6:9d rssi=-32 f=5765 sc=60 link=702 tx=11.2, 0.0, 0.0  rx=9.0 bcn=0 [on:0 tx:0 rx:0 period:3002] from screen [on:0 period:543800295] gl rssi=-32 ag=0 hr ticks 0,0,0 ls-=0 [56,56,60,60,65] brc=0 lrc=0
08-12 13:37:24.455   514  1246 E WifiStateMachine: processMsg: L2ConnectedState
08-12 13:37:24.456   514  1246 E WifiStateMachine:  L2ConnectedState !CMD_RSSI_POLL 1 0 "DKTest_B18_5G" 8c:be:be:20:a6:9d rssi=-32 f=5765 sc=60 link=702 tx=11.2, 0.0, 0.0  rx=9.0 bcn=0 [on:0 tx:0 rx:0 period:1] from screen [on:0 period:543800296] gl rssi=-32 ag=0 hr ticks 0,0,0 ls-=0 [56,56,60,60,65] brc=0 lrc=0
08-12 13:37:24.456   514  1246 E WifiStateMachine:  get link layer stats 0
08-12 13:37:24.456   514  1246 D wifi    : doCommand: IFNAME=wlan0 SIGNAL_POLL
08-12 13:37:24.456  3807  3807 I wpa_supplicant: [CTRL_IFACE]wlan0: SIGNAL_POLL
08-12 13:37:24.458  3807  3807 D wpa_supplicant: nl80211: survey data missing!
08-12 13:37:24.458   514  1246 D wifi    : cmd = IFNAME=wlan0 SIGNAL_POLL, reply: RSSI=-32
08-12 13:37:24.458   514  1246 D wifi    : LINKSPEED=702
08-12 13:37:24.458   514  1246 D wifi    : NOISE=9999
08-12 13:37:24.458   514  1246 D wifi    : FREQUENCY=5765
08-12 13:37:24.459   514  1246 E WifiStateMachine: fetchRssiLinkSpeedAndFrequencyNative rssi=-32 linkspeed=702
08-12 13:37:24.460   514  1246 E WifiStateMachine: calculateWifiScore freq=5765 speed=702 score=60 highRSSI  -> txbadrate=0.00 txgoodrate=9.59 txretriesrate=0.00 rxrate=6.49 userTriggerdPenalty0
08-12 13:37:24.460   514  1246 E WifiStateMachine:  good link -> stuck count =0
08-12 13:37:24.460   514  1246 E WifiStateMachine:  badRSSI count0 lowRSSI count0 --> score 60
08-12 13:37:24.460   514  1246 E WifiStateMachine:  isHighRSSI       ---> score=65
08-12 13:37:24.461   514  1246 E WifiStateMachine: handleMessage: X
08-12 13:37:24.461  2285  2285 D MiTVNetworkController: action onReceive is : android.net.wifi.RSSI_CHANGED, mitv.network.ethernet.action.ETHERNET_STATE_CHANGED
08-12 13:37:24.461  2285  2285 D MiTVNetworkController: updateWifiIcons mWifiConnected:true, mWifiLevel:4
08-12 13:37:24.461  2285  2285 D NetworkStateManager: changeNetworkState, type:2, flag:0, level:4, lable:DKTest_B18_5G
08-12 13:37:24.461  2285  2285 D NetworkStateView: changeNetworkState type:2, flag:1, level:4, label:DKTest_B18_5G, last_lable:null
08-12 13:37:24.481  1801  2403 D UDTJmDNSThread: Wifi is active connectivity
08-12 13:37:24.482  1801  2403 D UDTJmDNSThread: get wifi IP: /192.168.31.132
08-12 13:37:24.482  1801  2403 D UDTJmDNSThread: JmDNS address:/192.168.31.132
08-12 13:37:24.482  1801  2403 I UDTDiscoverManager: UDTJmDNSThread now available, no operation
08-12 13:37:24.935  3000  3000 D LocalAppManager: recent upgrade interval:79661734
08-12 13:37:24.937  3000  3000 D LocalAppManager: ignore silent upgrade (recently upgraded)
08-12 13:37:26.659  3942  3977 I XQMainService: startUpdateTask run!
08-12 13:37:26.659  3942  3977 I XQDataLoader: loadXQDiskUsage, isMini: false
08-12 13:37:26.659  3942  3977 I XQDataLoader: already loadXQDiskUsage!: 715.1G
08-12 13:37:26.659  3942  3977 I XQDataLoader: checkXVX: true
08-12 13:37:26.659  3942  3977 I XQDataLoader: getXQIp
08-12 13:37:26.659  3942  3977 I XQDataLoader: getGatewayAddress
08-12 13:37:26.661  3942  3977 I XQDataLoader: getXQIp, return gateway ip: 192.168.31.1
08-12 13:37:26.661  3942  3977 I Util    : getStringFromUrl: http://192.168.31.1:8300/xvx_movie_info ,host: null
08-12 13:37:26.671  3942  3977 I XQXVXParser: total items: 1
08-12 13:37:26.673  3942  3977 I com.xiaomi.mitv.mediaexplorer.model.DataStore: writeXVXMovieListCache: 1
08-12 13:37:26.673  3942  3977 I com.xiaomi.mitv.mediaexplorer.model.DataStore: writeCacheFile: title(1_1439357846673) dir(/data/data/com.xiaomi.mitv.mediaexplorer/files/cache/xvx/)
08-12 13:37:26.673  3942  3977 I com.xiaomi.mitv.mediaexplorer.model.DataStore: writeToFile: /data/data/com.xiaomi.mitv.mediaexplorer/files/cache/xvx/1_1439357846673
08-12 13:37:26.674  3942  3977 I XQDataLoader: preloadPosterAndThumbnail
08-12 13:37:26.676  3942  3977 I DeleteFileManager: diff: 864
08-12 13:37:26.676  3942  3977 I XQDataLoader: getXQIp
08-12 13:37:26.676  3942  3977 I XQDataLoader: getGatewayAddress
08-12 13:37:26.678  3942  3977 I XQDataLoader: getXQIp, return gateway ip: 192.168.31.1
08-12 13:37:26.678  3942  3977 I XQMiTVAppParser: getStringFromUrl: http://192.168.31.1:8300/change_info
08-12 13:37:26.717  3942  3977 I XQMiTVAppParser: checkXQStatus, get response: {	"mac":	"8c:be:be:20:a6:9b",	"rom_version":	"2.6.9",	"api_version":	5,	"router":	"xq",	"remind_usr":	1,	"media_timestamp":	"1439348811",	"picture_timestamp":	"1439348811"}
08-12 13:37:26.717  3942  3977 I XQDataLoader: get type by checkXQStatus: xq
08-12 13:37:26.717  3942  3977 I XQDataLoader: setXQVersion: 2.6.9
08-12 13:37:26.717  3942  3977 I XQDataLoader: minorVer: 9
08-12 13:37:26.717  3942  3977 I XQDataLoader: checkXQVersion 2 6 9
08-12 13:37:26.717  3942  3977 I XQDataLoader: checkXQVersion ret: 1
08-12 13:37:26.717  3942  3977 I XQDataLoader: remind_usr: 1
08-12 13:37:26.718  3942  3977 I XQDataLoader: shareXQMacSet: []
08-12 13:37:26.718  3942  3977 I XQDataLoader: after parse xqInfo: appversion(5) type(xq) mac(8c:be:be:20:a6:9b) needShareNotify(true) newMovieTimeStamp(1439348811) newPictureChangeTimestamp(1439348811)
08-12 13:37:26.718  3942  3977 I XQDataLoader: mIsMiTVAppReady!!
08-12 13:37:26.719  3942  3977 I XQDBManager: checkUpdateStatus
08-12 13:37:26.719  3942  3977 I XQDBManager: getTimestamp
08-12 13:37:26.720  3942  3977 I XQDBManager: checkUpdateStatus: {"media_timestamp":"1439348811","picture_timestamp":"1439348811"}
08-12 13:37:26.720  3942  3977 I XQDBManager: checkUpdateStatus time file not null
08-12 13:37:26.720  3942  3977 I XQDBManager: checkUpdateStatus old movie tiem: 1439348811
08-12 13:37:26.720  3942  3977 I XQDBManager: Test Version 2 : newMovieTimeStamp: 1439348811 ,newPictureChangeTimestamp: 1439348811
08-12 13:37:26.720  3942  3977 I XQDBManager: check ret: movie (false) pic (false)
08-12 13:37:26.722  3942  3977 I XQDataLoader: should not UpdateMovie
08-12 13:37:26.722  3942  3977 I XQDataLoader: should not UpdatePicture
08-12 13:37:27.216  2192  2216 I MiTv-Impl-tv2_48-mstar-SourceManagerImpl: getCurrentSource return 1
08-12 13:37:27.463   514  1246 E WifiStateMachine: handleMessage: E msg.what=131155
08-12 13:37:27.463   514  1246 E WifiStateMachine: processMsg: ConnectedState
08-12 13:37:27.464   514  1246 E WifiStateMachine:  ConnectedState !CMD_RSSI_POLL 1 0 "DKTest_B18_5G" 8c:be:be:20:a6:9d rssi=-32 f=5765 sc=60 link=702 tx=9.6, 0.0, 0.0  rx=6.5 bcn=0 [on:0 tx:0 rx:0 period:3003] from screen [on:0 period:543803304] gl rssi=-32 ag=0 hr ticks 0,0,0 ls-=0 [56,56,60,60,65] brc=0 lrc=0
08-12 13:37:27.464   514  1246 E WifiStateMachine: processMsg: L2ConnectedState
08-12 13:37:27.465   514  1246 E WifiStateMachine:  L2ConnectedState !CMD_RSSI_POLL 1 0 "DKTest_B18_5G" 8c:be:be:20:a6:9d rssi=-32 f=5765 sc=60 link=702 tx=9.6, 0.0, 0.0  rx=6.5 bcn=0 [on:0 tx:0 rx:0 period:1] from screen [on:0 period:543803305] gl rssi=-32 ag=0 hr ticks 0,0,0 ls-=0 [56,56,60,60,65] brc=0 lrc=0
08-12 13:37:27.465   514  1246 E WifiStateMachine:  get link layer stats 0
08-12 13:37:27.465   514  1246 D wifi    : doCommand: IFNAME=wlan0 SIGNAL_POLL
08-12 13:37:27.465  3807  3807 I wpa_supplicant: [CTRL_IFACE]wlan0: SIGNAL_POLL
08-12 13:37:27.467  3807  3807 D wpa_supplicant: nl80211: survey data missing!
08-12 13:37:27.467   514  1246 D wifi    : cmd = IFNAME=wlan0 SIGNAL_POLL, reply: RSSI=-31
08-12 13:37:27.467   514  1246 D wifi    : LINKSPEED=702
08-12 13:37:27.467   514  1246 D wifi    : NOISE=9999
08-12 13:37:27.467   514  1246 D wifi    : FREQUENCY=5765
08-12 13:37:27.467   514  1246 E WifiStateMachine: fetchRssiLinkSpeedAndFrequencyNative rssi=-31 linkspeed=702
08-12 13:37:27.468   514  1246 E WifiStateMachine: calculateWifiScore freq=5765 speed=702 score=60 highRSSI  -> txbadrate=0.00 txgoodrate=10.29 txretriesrate=0.00 rxrate=8.24 userTriggerdPenalty0
08-12 13:37:27.468   514  1246 E WifiStateMachine:  good link -> stuck count =0
08-12 13:37:27.469   514  1246 E WifiStateMachine:  badRSSI count0 lowRSSI count0 --> score 60
08-12 13:37:27.469   514  1246 E WifiStateMachine:  isHighRSSI       ---> score=65
08-12 13:37:27.470  2285  2285 D MiTVNetworkController: action onReceive is : android.net.wifi.RSSI_CHANGED, mitv.network.ethernet.action.ETHERNET_STATE_CHANGED
08-12 13:37:27.470   514  1246 E WifiStateMachine: handleMessage: X
08-12 13:37:27.470  2285  2285 D MiTVNetworkController: updateWifiIcons mWifiConnected:true, mWifiLevel:4
08-12 13:37:27.470  2285  2285 D NetworkStateManager: changeNetworkState, type:2, flag:0, level:4, lable:DKTest_B18_5G
08-12 13:37:27.470  2285  2285 D NetworkStateView: changeNetworkState type:2, flag:1, level:4, label:DKTest_B18_5G, last_lable:null
08-12 13:37:30.080  4442  4462 W System.err: java.net.UnknownHostException: no name with type 0x00 with no scope for host 192.168.31.147
08-12 13:37:30.085     0     0 I Kernel  : <7>[  868.201597] current logd.writer(139) kill task m.android.phone(4537) signal 0
08-12 13:37:30.085     0     0 I Kernel  : <7>[  868.201743] current logd.writer(139) kill task mi.voicecontrol(4590) signal 0
08-12 13:37:30.081  4442  4462 W System.err: 	at jcifs.netbios.NbtAddress.getAllByAddress(NbtAddress.java:523)
08-12 13:37:30.081  4442  4462 W System.err: 	at jcifs.netbios.NbtAddress.getAllByAddress(NbtAddress.java:479)
08-12 13:37:30.081  4442  4462 W System.err: 	at com.duokan.cloudalbum.DKSmbManager.getSmbHostName(DKSmbManager.java:266)
08-12 13:37:30.081  4442  4462 W System.err: 	at com.duokan.cloudalbum.DKSmbManager.searchSmb(DKSmbManager.java:280)
08-12 13:37:30.081  4442  4462 W System.err: 	at com.duokan.cloudalbum.DKSmbManager.SearchLAN(DKSmbManager.java:479)
08-12 13:37:30.081  4442  4462 W System.err: 	at com.duokan.cloudalbum.DKSmbManager.SearchAll(DKSmbManager.java:511)
08-12 13:37:30.081  4442  4462 W System.err: 	at com.duokan.cloudalbum.DKSmbManager$SearchThread.run(DKSmbManager.java:525)
08-12 13:37:30.469   514  1246 E WifiStateMachine: handleMessage: E msg.what=131155
08-12 13:37:30.469   514  1246 E WifiStateMachine: processMsg: ConnectedState
08-12 13:37:30.470   514  1246 E WifiStateMachine:  ConnectedState !CMD_RSSI_POLL 1 0 "DKTest_B18_5G" 8c:be:be:20:a6:9d rssi=-31 f=5765 sc=60 link=702 tx=10.3, 0.0, 0.0  rx=8.2 bcn=0 [on:0 tx:0 rx:0 period:3000] from screen [on:0 period:543806310] gl rssi=-31 ag=0 hr ticks 0,0,0 ls-=0 [56,56,60,60,65] brc=0 lrc=0
08-12 13:37:30.470   514  1246 E WifiStateMachine: processMsg: L2ConnectedState
08-12 13:37:30.471   514  1246 E WifiStateMachine:  L2ConnectedState !CMD_RSSI_POLL 1 0 "DKTest_B18_5G" 8c:be:be:20:a6:9d rssi=-31 f=5765 sc=60 link=702 tx=10.3, 0.0, 0.0  rx=8.2 bcn=0 [on:0 tx:0 rx:0 period:1] from screen [on:0 period:543806311] gl rssi=-31 ag=0 hr ticks 0,0,0 ls-=0 [56,56,60,60,65] brc=0 lrc=0
08-12 13:37:30.471   514  1246 E WifiStateMachine:  get link layer stats 0
08-12 13:37:30.471   514  1246 D wifi    : doCommand: IFNAME=wlan0 SIGNAL_POLL
08-12 13:37:30.471  3807  3807 I wpa_supplicant: [CTRL_IFACE]wlan0: SIGNAL_POLL
08-12 13:37:30.473  3807  3807 D wpa_supplicant: nl80211: survey data missing!
08-12 13:37:30.473   514  1246 D wifi    : cmd = IFNAME=wlan0 SIGNAL_POLL, reply: RSSI=-32
08-12 13:37:30.473   514  1246 D wifi    : LINKSPEED=702
08-12 13:37:30.473   514  1246 D wifi    : NOISE=9999
08-12 13:37:30.473   514  1246 D wifi    : FREQUENCY=5765
08-12 13:37:30.473   514  1246 E WifiStateMachine: fetchRssiLinkSpeedAndFrequencyNative rssi=-32 linkspeed=702
08-12 13:37:30.474   514  1246 E WifiStateMachine: calculateWifiScore freq=5765 speed=702 score=60 highRSSI  -> txbadrate=0.00 txgoodrate=7.65 txretriesrate=0.00 rxrate=6.62 userTriggerdPenalty0
08-12 13:37:30.474   514  1246 E WifiStateMachine:  good link -> stuck count =0
08-12 13:37:30.474   514  1246 E WifiStateMachine:  badRSSI count0 lowRSSI count0 --> score 60
08-12 13:37:30.474   514  1246 E WifiStateMachine:  isHighRSSI       ---> score=65
08-12 13:37:30.476  2285  2285 D MiTVNetworkController: action onReceive is : android.net.wifi.RSSI_CHANGED, mitv.network.ethernet.action.ETHERNET_STATE_CHANGED
08-12 13:37:30.476   514  1246 E WifiStateMachine: handleMessage: X
08-12 13:37:30.476  2285  2285 D MiTVNetworkController: updateWifiIcons mWifiConnected:true, mWifiLevel:4
08-12 13:37:30.476  2285  2285 D NetworkStateManager: changeNetworkState, type:2, flag:0, level:4, lable:DKTest_B18_5G
08-12 13:37:30.476  2285  2285 D NetworkStateView: changeNetworkState type:2, flag:1, level:4, label:DKTest_B18_5G, last_lable:null
08-12 13:37:32.220  2192  2216 I MiTv-Impl-tv2_48-mstar-SourceManagerImpl: getCurrentSource return 1
08-12 13:37:33.475   514  1246 E WifiStateMachine: handleMessage: E msg.what=131155
08-12 13:37:33.475   514  1246 E WifiStateMachine: processMsg: ConnectedState
08-12 13:37:33.476   514  1246 E WifiStateMachine:  ConnectedState !CMD_RSSI_POLL 1 0 "DKTest_B18_5G" 8c:be:be:20:a6:9d rssi=-32 f=5765 sc=60 link=702 tx=7.6, 0.0, 0.0  rx=6.6 bcn=0 [on:0 tx:0 rx:0 period:3001] from screen [on:0 period:543809316] gl rssi=-32 ag=0 hr ticks 0,0,0 ls-=0 [56,56,60,60,65] brc=0 lrc=0
08-12 13:37:33.476   514  1246 E WifiStateMachine: processMsg: L2ConnectedState
08-12 13:37:33.476   514  1246 E WifiStateMachine:  L2ConnectedState !CMD_RSSI_POLL 1 0 "DKTest_B18_5G" 8c:be:be:20:a6:9d rssi=-32 f=5765 sc=60 link=702 tx=7.6, 0.0, 0.0  rx=6.6 bcn=0 [on:0 tx:0 rx:0 period:0] from screen [on:0 period:543809316] gl rssi=-32 ag=0 hr ticks 0,0,0 ls-=0 [56,56,60,60,65] brc=0 lrc=0
08-12 13:37:33.477   514  1246 E WifiStateMachine:  get link layer stats 0
08-12 13:37:33.477   514  1246 D wifi    : doCommand: IFNAME=wlan0 SIGNAL_POLL
08-12 13:37:33.477  3807  3807 I wpa_supplicant: [CTRL_IFACE]wlan0: SIGNAL_POLL
08-12 13:37:33.479  3807  3807 D wpa_supplicant: nl80211: survey data missing!
08-12 13:37:33.479   514  1246 D wifi    : cmd = IFNAME=wlan0 SIGNAL_POLL, reply: RSSI=-31
08-12 13:37:33.479   514  1246 D wifi    : LINKSPEED=702
08-12 13:37:33.479   514  1246 D wifi    : NOISE=9999
08-12 13:37:33.479   514  1246 D wifi    : FREQUENCY=5765
08-12 13:37:33.479   514  1246 E WifiStateMachine: fetchRssiLinkSpeedAndFrequencyNative rssi=-31 linkspeed=702
08-12 13:37:33.480   514  1246 E WifiStateMachine: calculateWifiScore freq=5765 speed=702 score=60 highRSSI  -> txbadrate=0.00 txgoodrate=4.32 txretriesrate=0.00 rxrate=3.31 userTriggerdPenalty0
08-12 13:37:33.480   514  1246 E WifiStateMachine:  good link -> stuck count =0
08-12 13:37:33.480   514  1246 E WifiStateMachine:  badRSSI count0 lowRSSI count0 --> score 56
08-12 13:37:33.480   514  1246 E WifiStateMachine:  isHighRSSI       ---> score=61
08-12 13:37:33.482  2285  2285 D MiTVNetworkController: action onReceive is : android.net.wifi.RSSI_CHANGED, mitv.network.ethernet.action.ETHERNET_STATE_CHANGED
08-12 13:37:33.482  2285  2285 D MiTVNetworkController: updateWifiIcons mWifiConnected:true, mWifiLevel:4
08-12 13:37:33.482  2285  2285 D NetworkStateManager: changeNetworkState, type:2, flag:0, level:4, lable:DKTest_B18_5G
08-12 13:37:33.482  2285  2285 D NetworkStateView: changeNetworkState type:2, flag:1, level:4, label:DKTest_B18_5G, last_lable:null
08-12 13:37:33.483   514  1246 E WifiStateMachine: handleMessage: X
08-12 13:37:34.943  1433  1433 V BleRemoteControllerService: mRunnable run
08-12 13:37:34.943  1433  1433 V BleRemoteControllerService: requestScan,RC size:1,hasInit:true,isBinded:false,mIsPair:false,Connecting:false
08-12 13:37:34.944  1433  1433 V BleRemoteControllerService: mRunnable run
08-12 13:37:34.944  1433  1433 V BleRemoteControllerService: requestScan,RC size:1,hasInit:true,isBinded:false,mIsPair:false,Connecting:false
08-12 13:37:36.082  4442  4462 W System.err: java.net.UnknownHostException: no name with type 0x00 with no scope for host 192.168.31.116
08-12 13:37:36.084  4442  4462 W System.err: 	at jcifs.netbios.NbtAddress.getAllByAddress(NbtAddress.java:523)
08-12 13:37:36.084  4442  4462 W System.err: 	at jcifs.netbios.NbtAddress.getAllByAddress(NbtAddress.java:479)
08-12 13:37:36.084  4442  4462 W System.err: 	at com.duokan.cloudalbum.DKSmbManager.getSmbHostName(DKSmbManager.java:266)
08-12 13:37:36.084  4442  4462 W System.err: 	at com.duokan.cloudalbum.DKSmbManager.searchSmb(DKSmbManager.java:280)
08-12 13:37:36.084  4442  4462 W System.err: 	at com.duokan.cloudalbum.DKSmbManager.SearchLAN(DKSmbManager.java:479)
08-12 13:37:36.085  4442  4462 W System.err: 	at com.duokan.cloudalbum.DKSmbManager.SearchAll(DKSmbManager.java:511)
08-12 13:37:36.085  4442  4462 W System.err: 	at com.duokan.cloudalbum.DKSmbManager$SearchThread.run(DKSmbManager.java:525)
08-12 13:37:36.483   514  1246 E WifiStateMachine: handleMessage: E msg.what=131155
08-12 13:37:36.483   514  1246 E WifiStateMachine: processMsg: ConnectedState
08-12 13:37:36.484   514  1246 E WifiStateMachine:  ConnectedState !CMD_RSSI_POLL 1 0 "DKTest_B18_5G" 8c:be:be:20:a6:9d rssi=-31 f=5765 sc=60 link=702 tx=4.3, 0.0, 0.0  rx=3.3 bcn=0 [on:0 tx:0 rx:0 period:3001] from screen [on:0 period:543812324] gl rssi=-31 ag=0 hr ls-=0 [56,56,56,56,61] brc=0 lrc=0
08-12 13:37:36.484   514  1246 E WifiStateMachine: processMsg: L2ConnectedState
08-12 13:37:36.485   514  1246 E WifiStateMachine:  L2ConnectedState !CMD_RSSI_POLL 1 0 "DKTest_B18_5G" 8c:be:be:20:a6:9d rssi=-31 f=5765 sc=60 link=702 tx=4.3, 0.0, 0.0  rx=3.3 bcn=0 [on:0 tx:0 rx:0 period:1] from screen [on:0 period:543812325] gl rssi=-31 ag=0 hr ls-=0 [56,56,56,56,61] brc=0 lrc=0
08-12 13:37:36.485   514  1246 E WifiStateMachine:  get link layer stats 0
08-12 13:37:36.485   514  1246 D wifi    : doCommand: IFNAME=wlan0 SIGNAL_POLL
08-12 13:37:36.485  3807  3807 I wpa_supplicant: [CTRL_IFACE]wlan0: SIGNAL_POLL
08-12 13:37:36.487  3807  3807 D wpa_supplicant: nl80211: survey data missing!
08-12 13:37:36.487   514  1246 D wifi    : cmd = IFNAME=wlan0 SIGNAL_POLL, reply: RSSI=-31
08-12 13:37:36.487   514  1246 D wifi    : LINKSPEED=702
08-12 13:37:36.487   514  1246 D wifi    : NOISE=9999
08-12 13:37:36.487   514  1246 D wifi    : FREQUENCY=5765
08-12 13:37:36.487   514  1246 E WifiStateMachine: fetchRssiLinkSpeedAndFrequencyNative rssi=-31 linkspeed=702
08-12 13:37:36.489   514  1246 E WifiStateMachine: calculateWifiScore freq=5765 speed=702 score=60 highRSSI  -> txbadrate=0.00 txgoodrate=3.66 txretriesrate=0.00 rxrate=2.16 userTriggerdPenalty0
08-12 13:37:36.489   514  1246 E WifiStateMachine:  good link -> stuck count =0
08-12 13:37:36.489   514  1246 E WifiStateMachine:  badRSSI count0 lowRSSI count0 --> score 56
08-12 13:37:36.489   514  1246 E WifiStateMachine:  isHighRSSI       ---> score=61
08-12 13:37:36.490  2285  2285 D MiTVNetworkController: action onReceive is : android.net.wifi.RSSI_CHANGED, mitv.network.ethernet.action.ETHERNET_STATE_CHANGED
08-12 13:37:36.490  2285  2285 D MiTVNetworkController: updateWifiIcons mWifiConnected:true, mWifiLevel:4
08-12 13:37:36.490  2285  2285 D NetworkStateManager: changeNetworkState, type:2, flag:0, level:4, lable:DKTest_B18_5G
08-12 13:37:36.490  2285  2285 D NetworkStateView: changeNetworkState type:2, flag:1, level:4, label:DKTest_B18_5G, last_lable:null
08-12 13:37:36.491   514  1246 E WifiStateMachine: handleMessage: X
08-12 13:37:37.223  2192  2216 I MiTv-Impl-tv2_48-mstar-SourceManagerImpl: getCurrentSource return 1
08-12 13:37:38.362  1377  1377 I MiTv-Impl-tv2_48-mstar-SourceManagerImpl: getCurrentSource return 1
08-12 13:37:39.350   126   126 I tvos    : REGULAR log output for m_pEvHeartBeat Wait event refreshCount=0,loopCount=40,watchdog_enable=0
08-12 13:37:39.493   514  1246 E WifiStateMachine: handleMessage: E msg.what=131155
08-12 13:37:39.493   514  1246 E WifiStateMachine: processMsg: ConnectedState
08-12 13:37:39.494   514  1246 E WifiStateMachine:  ConnectedState !CMD_RSSI_POLL 1 0 "DKTest_B18_5G" 8c:be:be:20:a6:9d rssi=-31 f=5765 sc=60 link=702 tx=3.7, 0.0, 0.0  rx=2.2 bcn=0 [on:0 tx:0 rx:0 period:3003] from screen [on:0 period:543815334] gl rssi=-31 ag=0 hr ls-=0 [56,56,56,56,61] brc=0 lrc=0
08-12 13:37:39.494   514  1246 E WifiStateMachine: processMsg: L2ConnectedState
08-12 13:37:39.495   514  1246 E WifiStateMachine:  L2ConnectedState !CMD_RSSI_POLL 1 0 "DKTest_B18_5G" 8c:be:be:20:a6:9d rssi=-31 f=5765 sc=60 link=702 tx=3.7, 0.0, 0.0  rx=2.2 bcn=0 [on:0 tx:0 rx:0 period:0] from screen [on:0 period:543815334] gl rssi=-31 ag=0 hr ls-=0 [56,56,56,56,61] brc=0 lrc=0
08-12 13:37:39.495   514  1246 E WifiStateMachine:  get link layer stats 0
08-12 13:37:39.495   514  1246 D wifi    : doCommand: IFNAME=wlan0 SIGNAL_POLL
08-12 13:37:39.495  3807  3807 I wpa_supplicant: [CTRL_IFACE]wlan0: SIGNAL_POLL
08-12 13:37:39.497  3807  3807 D wpa_supplicant: nl80211: survey data missing!
08-12 13:37:39.497   514  1246 D wifi    : cmd = IFNAME=wlan0 SIGNAL_POLL, reply: RSSI=-31
08-12 13:37:39.497   514  1246 D wifi    : LINKSPEED=702
08-12 13:37:39.497   514  1246 D wifi    : NOISE=9999
08-12 13:37:39.497   514  1246 D wifi    : FREQUENCY=5765
08-12 13:37:39.497   514  1246 E WifiStateMachine: fetchRssiLinkSpeedAndFrequencyNative rssi=-31 linkspeed=702
08-12 13:37:39.498   514  1246 E WifiStateMachine: calculateWifiScore freq=5765 speed=702 score=60 highRSSI  -> txbadrate=0.00 txgoodrate=2.83 txretriesrate=0.00 rxrate=12.58 userTriggerdPenalty0
08-12 13:37:39.498   514  1246 E WifiStateMachine:  good link -> stuck count =0
08-12 13:37:39.498   514  1246 E WifiStateMachine:  badRSSI count0 lowRSSI count0 --> score 56
08-12 13:37:39.498   514  1246 E WifiStateMachine:  isHighRSSI       ---> score=61
08-12 13:37:39.499  2285  2285 D MiTVNetworkController: action onReceive is : android.net.wifi.RSSI_CHANGED, mitv.network.ethernet.action.ETHERNET_STATE_CHANGED
08-12 13:37:39.499  2285  2285 D MiTVNetworkController: updateWifiIcons mWifiConnected:true, mWifiLevel:4
08-12 13:37:39.500  2285  2285 D NetworkStateManager: changeNetworkState, type:2, flag:0, level:4, lable:DKTest_B18_5G
08-12 13:37:39.500  2285  2285 D NetworkStateView: changeNetworkState type:2, flag:1, level:4, label:DKTest_B18_5G, last_lable:null
08-12 13:37:39.500   514  1246 E WifiStateMachine: handleMessage: X
08-12 13:37:42.086  4442  4462 W System.err: java.net.UnknownHostException: no name with type 0x00 with no scope for host 192.168.31.148
08-12 13:37:42.086  4442  4462 W System.err: 	at jcifs.netbios.NbtAddress.getAllByAddress(NbtAddress.java:523)
08-12 13:37:42.086  4442  4462 W System.err: 	at jcifs.netbios.NbtAddress.getAllByAddress(NbtAddress.java:479)
08-12 13:37:42.086  4442  4462 W System.err: 	at com.duokan.cloudalbum.DKSmbManager.getSmbHostName(DKSmbManager.java:266)
08-12 13:37:42.086  4442  4462 W System.err: 	at com.duokan.cloudalbum.DKSmbManager.searchSmb(DKSmbManager.java:280)
08-12 13:37:42.086  4442  4462 W System.err: 	at com.duokan.cloudalbum.DKSmbManager.SearchLAN(DKSmbManager.java:479)
08-12 13:37:42.086  4442  4462 W System.err: 	at com.duokan.cloudalbum.DKSmbManager.SearchAll(DKSmbManager.java:511)
08-12 13:37:42.086  4442  4462 W System.err: 	at com.duokan.cloudalbum.DKSmbManager$SearchThread.run(DKSmbManager.java:525)
08-12 13:37:42.228  2192  2216 I MiTv-Impl-tv2_48-mstar-SourceManagerImpl: getCurrentSource return 1
08-12 13:37:42.499   514  1246 E WifiStateMachine: handleMessage: E msg.what=131155
08-12 13:37:42.499   514  1246 E WifiStateMachine: processMsg: ConnectedState
08-12 13:37:42.500   514  1246 E WifiStateMachine:  ConnectedState !CMD_RSSI_POLL 1 0 "DKTest_B18_5G" 8c:be:be:20:a6:9d rssi=-31 f=5765 sc=60 link=702 tx=2.8, 0.0, 0.0  rx=12.6 bcn=0 [on:0 tx:0 rx:0 period:3000] from screen [on:0 period:543818340] gl rssi=-31 ag=0 hr ticks 0,0,0 ls-=0 [56,56,56,56,61] brc=0 lrc=0
08-12 13:37:42.500   514  1246 E WifiStateMachine: processMsg: L2ConnectedState
08-12 13:37:42.501   514  1246 E WifiStateMachine:  L2ConnectedState !CMD_RSSI_POLL 1 0 "DKTest_B18_5G" 8c:be:be:20:a6:9d rssi=-31 f=5765 sc=60 link=702 tx=2.8, 0.0, 0.0  rx=12.6 bcn=0 [on:0 tx:0 rx:0 period:1] from screen [on:0 period:543818341] gl rssi=-31 ag=0 hr ticks 0,0,0 ls-=0 [56,56,56,56,61] brc=0 lrc=0
08-12 13:37:42.501   514  1246 E WifiStateMachine:  get link layer stats 0
08-12 13:37:42.501   514  1246 D wifi    : doCommand: IFNAME=wlan0 SIGNAL_POLL
08-12 13:37:42.501  3807  3807 I wpa_supplicant: [CTRL_IFACE]wlan0: SIGNAL_POLL
08-12 13:37:42.503  3807  3807 D wpa_supplicant: nl80211: survey data missing!
08-12 13:37:42.503   514  1246 D wifi    : cmd = IFNAME=wlan0 SIGNAL_POLL, reply: RSSI=-31
08-12 13:37:42.503   514  1246 D wifi    : LINKSPEED=702
08-12 13:37:42.503   514  1246 D wifi    : NOISE=9999
08-12 13:37:42.503   514  1246 D wifi    : FREQUENCY=5765
08-12 13:37:42.503   514  1246 E WifiStateMachine: fetchRssiLinkSpeedAndFrequencyNative rssi=-31 linkspeed=702
08-12 13:37:42.504   514  1246 E WifiStateMachine: calculateWifiScore freq=5765 speed=702 score=60 highRSSI  -> txbadrate=0.00 txgoodrate=1.92 txretriesrate=0.00 rxrate=6.29 userTriggerdPenalty0
08-12 13:37:42.504   514  1246 E WifiStateMachine:  good link -> stuck count =0
08-12 13:37:42.505   514  1246 E WifiStateMachine:  badRSSI count0 lowRSSI count0 --> score 56
08-12 13:37:42.505   514  1246 E WifiStateMachine:  isHighRSSI       ---> score=61
08-12 13:37:42.506  2285  2285 D MiTVNetworkController: action onReceive is : android.net.wifi.RSSI_CHANGED, mitv.network.ethernet.action.ETHERNET_STATE_CHANGED
08-12 13:37:42.506  2285  2285 D MiTVNetworkController: updateWifiIcons mWifiConnected:true, mWifiLevel:4
08-12 13:37:42.506  2285  2285 D NetworkStateManager: changeNetworkState, type:2, flag:0, level:4, lable:DKTest_B18_5G
08-12 13:37:42.506  2285  2285 D NetworkStateView: changeNetworkState type:2, flag:1, level:4, label:DKTest_B18_5G, last_lable:null
08-12 13:37:42.506   514  1246 E WifiStateMachine: handleMessage: X
08-12 13:37:42.815  2455  3168 V EPGUpdateService: epgUpdateTimer.schedule
08-12 13:37:42.818  2455  3168 I EPGUpdateService: Update epg for dvb channels
08-12 13:37:42.818  2455  3168 I EPGUpdateService: Update epg for analog channels
08-12 13:37:42.830  2455  3168 D EPGUpdateService: totalEPGChannelCount = 0
08-12 13:37:42.830  2455  3168 I EPGUpdateService: Some channels' epg data failed to update. Will retry later
08-12 13:37:44.603  2961  4007 D libp2p  : 30s package send__count = 1 recv_count = 0
08-12 13:37:45.505   514  1246 E WifiStateMachine: handleMessage: E msg.what=131155
08-12 13:37:45.505   514  1246 E WifiStateMachine: processMsg: ConnectedState
08-12 13:37:45.506   514  1246 E WifiStateMachine:  ConnectedState !CMD_RSSI_POLL 1 0 "DKTest_B18_5G" 8c:be:be:20:a6:9d rssi=-31 f=5765 sc=60 link=702 tx=1.9, 0.0, 0.0  rx=6.3 bcn=0 [on:0 tx:0 rx:0 period:3000] from screen [on:0 period:543821346] gl rssi=-31 ag=0 hr ticks 0,0,0 ls-=0 [56,56,56,56,61] brc=0 lrc=0
08-12 13:37:45.506   514  1246 E WifiStateMachine: processMsg: L2ConnectedState
08-12 13:37:45.507   514  1246 E WifiStateMachine:  L2ConnectedState !CMD_RSSI_POLL 1 0 "DKTest_B18_5G" 8c:be:be:20:a6:9d rssi=-31 f=5765 sc=60 link=702 tx=1.9, 0.0, 0.0  rx=6.3 bcn=0 [on:0 tx:0 rx:0 period:1] from screen [on:0 period:543821347] gl rssi=-31 ag=0 hr ticks 0,0,0 ls-=0 [56,56,56,56,61] brc=0 lrc=0
08-12 13:37:45.507   514  1246 E WifiStateMachine:  get link layer stats 0
08-12 13:37:45.507   514  1246 D wifi    : doCommand: IFNAME=wlan0 SIGNAL_POLL
08-12 13:37:45.507  3807  3807 I wpa_supplicant: [CTRL_IFACE]wlan0: SIGNAL_POLL
08-12 13:37:45.509  3807  3807 D wpa_supplicant: nl80211: survey data missing!
08-12 13:37:45.509   514  1246 D wifi    : cmd = IFNAME=wlan0 SIGNAL_POLL, reply: RSSI=-31
08-12 13:37:45.509   514  1246 D wifi    : LINKSPEED=702
08-12 13:37:45.509   514  1246 D wifi    : NOISE=9999
08-12 13:37:45.509   514  1246 D wifi    : FREQUENCY=5765
08-12 13:37:45.509   514  1246 E WifiStateMachine: fetchRssiLinkSpeedAndFrequencyNative rssi=-31 linkspeed=702
08-12 13:37:45.510   514  1246 E WifiStateMachine: calculateWifiScore freq=5765 speed=702 score=60 highRSSI  -> txbadrate=0.00 txgoodrate=1.96 txretriesrate=0.00 rxrate=5.14 userTriggerdPenalty0
08-12 13:37:45.511   514  1246 E WifiStateMachine:  good link -> stuck count =0
08-12 13:37:45.511   514  1246 E WifiStateMachine:  badRSSI count0 lowRSSI count0 --> score 56
08-12 13:37:45.511   514  1246 E WifiStateMachine:  isHighRSSI       ---> score=61
08-12 13:37:45.512  2285  2285 D MiTVNetworkController: action onReceive is : android.net.wifi.RSSI_CHANGED, mitv.network.ethernet.action.ETHERNET_STATE_CHANGED
08-12 13:37:45.512  2285  2285 D MiTVNetworkController: updateWifiIcons mWifiConnected:true, mWifiLevel:4
08-12 13:37:45.512   514  1246 E WifiStateMachine: handleMessage: X
08-12 13:37:45.512  2285  2285 D NetworkStateManager: changeNetworkState, type:2, flag:0, level:4, lable:DKTest_B18_5G
08-12 13:37:45.512  2285  2285 D NetworkStateView: changeNetworkState type:2, flag:1, level:4, label:DKTest_B18_5G, last_lable:null
08-12 13:37:47.230  2192  2216 I MiTv-Impl-tv2_48-mstar-SourceManagerImpl: getCurrentSource return 1
08-12 13:37:48.089  4442  4462 W System.err: java.net.UnknownHostException: no name with type 0x00 with no scope for host 192.168.31.115
08-12 13:37:48.090  4442  4462 W System.err: 	at jcifs.netbios.NbtAddress.getAllByAddress(NbtAddress.java:523)
08-12 13:37:48.090  4442  4462 W System.err: 	at jcifs.netbios.NbtAddress.getAllByAddress(NbtAddress.java:479)
08-12 13:37:48.090  4442  4462 W System.err: 	at com.duokan.cloudalbum.DKSmbManager.getSmbHostName(DKSmbManager.java:266)
08-12 13:37:48.090  4442  4462 W System.err: 	at com.duokan.cloudalbum.DKSmbManager.searchSmb(DKSmbManager.java:280)
08-12 13:37:48.090  4442  4462 W System.err: 	at com.duokan.cloudalbum.DKSmbManager.SearchLAN(DKSmbManager.java:479)
08-12 13:37:48.090  4442  4462 W System.err: 	at com.duokan.cloudalbum.DKSmbManager.SearchAll(DKSmbManager.java:511)
08-12 13:37:48.090  4442  4462 W System.err: 	at com.duokan.cloudalbum.DKSmbManager$SearchThread.run(DKSmbManager.java:525)
08-12 13:37:48.513   514  1246 E WifiStateMachine: handleMessage: E msg.what=131155
08-12 13:37:48.513   514  1246 E WifiStateMachine: processMsg: ConnectedState
08-12 13:37:48.514   514  1246 E WifiStateMachine:  ConnectedState !CMD_RSSI_POLL 1 0 "DKTest_B18_5G" 8c:be:be:20:a6:9d rssi=-31 f=5765 sc=60 link=702 tx=2.0, 0.0, 0.0  rx=5.1 bcn=0 [on:0 tx:0 rx:0 period:3002] from screen [on:0 period:543824354] gl rssi=-31 ag=0 hr ticks 0,0,0 ls-=0 [56,56,56,56,61] brc=0 lrc=0
08-12 13:37:48.514   514  1246 E WifiStateMachine: processMsg: L2ConnectedState
08-12 13:37:48.515   514  1246 E WifiStateMachine:  L2ConnectedState !CMD_RSSI_POLL 1 0 "DKTest_B18_5G" 8c:be:be:20:a6:9d rssi=-31 f=5765 sc=60 link=702 tx=2.0, 0.0, 0.0  rx=5.1 bcn=0 [on:0 tx:0 rx:0 period:1] from screen [on:0 period:543824355] gl rssi=-31 ag=0 hr ticks 0,0,0 ls-=0 [56,56,56,56,61] brc=0 lrc=0
08-12 13:37:48.515   514  1246 E WifiStateMachine:  get link layer stats 0
08-12 13:37:48.515   514  1246 D wifi    : doCommand: IFNAME=wlan0 SIGNAL_POLL
08-12 13:37:48.515  3807  3807 I wpa_supplicant: [CTRL_IFACE]wlan0: SIGNAL_POLL
08-12 13:37:48.517  3807  3807 D wpa_supplicant: nl80211: survey data missing!
08-12 13:37:48.518   514  1246 D wifi    : cmd = IFNAME=wlan0 SIGNAL_POLL, reply: RSSI=-32
08-12 13:37:48.518   514  1246 D wifi    : LINKSPEED=702
08-12 13:37:48.518   514  1246 D wifi    : NOISE=9999
08-12 13:37:48.518   514  1246 D wifi    : FREQUENCY=5765
08-12 13:37:48.518   514  1246 E WifiStateMachine: fetchRssiLinkSpeedAndFrequencyNative rssi=-32 linkspeed=702
08-12 13:37:48.519   514  1246 E WifiStateMachine: calculateWifiScore freq=5765 speed=702 score=60 highRSSI  -> txbadrate=0.00 txgoodrate=1.48 txretriesrate=0.00 rxrate=3.07 userTriggerdPenalty0
08-12 13:37:48.519   514  1246 E WifiStateMachine:  good link -> stuck count =0
08-12 13:37:48.519   514  1246 E WifiStateMachine:  badRSSI count0 lowRSSI count0 --> score 56
08-12 13:37:48.519   514  1246 E WifiStateMachine:  isHighRSSI       ---> score=61
08-12 13:37:48.520  2285  2285 D MiTVNetworkController: action onReceive is : android.net.wifi.RSSI_CHANGED, mitv.network.ethernet.action.ETHERNET_STATE_CHANGED
08-12 13:37:48.520  2285  2285 D MiTVNetworkController: updateWifiIcons mWifiConnected:true, mWifiLevel:4
08-12 13:37:48.520  2285  2285 D NetworkStateManager: changeNetworkState, type:2, flag:0, level:4, lable:DKTest_B18_5G
08-12 13:37:48.520  2285  2285 D NetworkStateView: changeNetworkState type:2, flag:1, level:4, label:DKTest_B18_5G, last_lable:null
08-12 13:37:48.521   514  1246 E WifiStateMachine: handleMessage: X
08-12 13:37:50.458  1433  1433 V BleRemoteControllerService: mRunnable run
08-12 13:37:50.458  1433  1433 V BleRemoteControllerService: requestScan,RC size:1,hasInit:true,isBinded:false,mIsPair:false,Connecting:false
08-12 13:37:50.458  1433  1433 V BleRemoteControllerService: mRunnable run
08-12 13:37:50.458  1433  1433 V BleRemoteControllerService: requestScan,RC size:1,hasInit:true,isBinded:false,mIsPair:false,Connecting:false
08-12 13:37:51.520   514  1246 E WifiStateMachine: handleMessage: E msg.what=131155
08-12 13:37:51.520   514  1246 E WifiStateMachine: processMsg: ConnectedState
08-12 13:37:51.521   514  1246 E WifiStateMachine:  ConnectedState !CMD_RSSI_POLL 1 0 "DKTest_B18_5G" 8c:be:be:20:a6:9d rssi=-32 f=5765 sc=60 link=702 tx=1.5, 0.0, 0.0  rx=3.1 bcn=0 [on:0 tx:0 rx:0 period:3001] from screen [on:0 period:543827361] gl rssi=-32 ag=0 hr ls-=0 [56,56,56,56,61] brc=0 lrc=0
08-12 13:37:51.521   514  1246 E WifiStateMachine: processMsg: L2ConnectedState
08-12 13:37:51.522   514  1246 E WifiStateMachine:  L2ConnectedState !CMD_RSSI_POLL 1 0 "DKTest_B18_5G" 8c:be:be:20:a6:9d rssi=-32 f=5765 sc=60 link=702 tx=1.5, 0.0, 0.0  rx=3.1 bcn=0 [on:0 tx:0 rx:0 period:1] from screen [on:0 period:543827362] gl rssi=-32 ag=0 hr ls-=0 [56,56,56,56,61] brc=0 lrc=0
08-12 13:37:51.522   514  1246 E WifiStateMachine:  get link layer stats 0
08-12 13:37:51.522   514  1246 D wifi    : doCommand: IFNAME=wlan0 SIGNAL_POLL
08-12 13:37:51.522  3807  3807 I wpa_supplicant: [CTRL_IFACE]wlan0: SIGNAL_POLL
08-12 13:37:51.524  3807  3807 D wpa_supplicant: nl80211: survey data missing!
08-12 13:37:51.525   514  1246 D wifi    : cmd = IFNAME=wlan0 SIGNAL_POLL, reply: RSSI=-31
08-12 13:37:51.525   514  1246 D wifi    : LINKSPEED=702
08-12 13:37:51.525   514  1246 D wifi    : NOISE=9999
08-12 13:37:51.525   514  1246 D wifi    : FREQUENCY=5765
08-12 13:37:51.525   514  1246 E WifiStateMachine: fetchRssiLinkSpeedAndFrequencyNative rssi=-31 linkspeed=702
08-12 13:37:51.526   514  1246 E WifiStateMachine: calculateWifiScore freq=5765 speed=702 score=60 highRSSI  -> txbadrate=0.00 txgoodrate=1.24 txretriesrate=0.00 rxrate=1.54 userTriggerdPenalty0
08-12 13:37:51.526   514  1246 E WifiStateMachine:  good link -> stuck count =0
08-12 13:37:51.526   514  1246 E WifiStateMachine:  badRSSI count0 lowRSSI count0 --> score 56
08-12 13:37:51.526   514  1246 E WifiStateMachine:  isHighRSSI       ---> score=61
08-12 13:37:51.527  2285  2285 D MiTVNetworkController: action onReceive is : android.net.wifi.RSSI_CHANGED, mitv.network.ethernet.action.ETHERNET_STATE_CHANGED
08-12 13:37:51.527   514  1246 E WifiStateMachine: handleMessage: X
08-12 13:37:51.527  2285  2285 D MiTVNetworkController: updateWifiIcons mWifiConnected:true, mWifiLevel:4
08-12 13:37:51.527  2285  2285 D NetworkStateManager: changeNetworkState, type:2, flag:0, level:4, lable:DKTest_B18_5G
08-12 13:37:51.527  2285  2285 D NetworkStateView: changeNetworkState type:2, flag:1, level:4, label:DKTest_B18_5G, last_lable:null
08-12 13:37:52.234  2192  2216 I MiTv-Impl-tv2_48-mstar-SourceManagerImpl: getCurrentSource return 1
08-12 13:37:54.092  4442  4462 W System.err: java.net.UnknownHostException: no name with type 0x00 with no scope for host 192.168.31.149
08-12 13:37:54.092  4442  4462 W System.err: 	at jcifs.netbios.NbtAddress.getAllByAddress(NbtAddress.java:523)
08-12 13:37:54.092  4442  4462 W System.err: 	at jcifs.netbios.NbtAddress.getAllByAddress(NbtAddress.java:479)
08-12 13:37:54.092  4442  4462 W System.err: 	at com.duokan.cloudalbum.DKSmbManager.getSmbHostName(DKSmbManager.java:266)
08-12 13:37:54.092  4442  4462 W System.err: 	at com.duokan.cloudalbum.DKSmbManager.searchSmb(DKSmbManager.java:280)
08-12 13:37:54.092  4442  4462 W System.err: 	at com.duokan.cloudalbum.DKSmbManager.SearchLAN(DKSmbManager.java:479)
08-12 13:37:54.092  4442  4462 W System.err: 	at com.duokan.cloudalbum.DKSmbManager.SearchAll(DKSmbManager.java:511)
08-12 13:37:54.092  4442  4462 W System.err: 	at com.duokan.cloudalbum.DKSmbManager$SearchThread.run(DKSmbManager.java:525)
08-12 13:37:54.529   514  1246 E WifiStateMachine: handleMessage: E msg.what=131155
08-12 13:37:54.529   514  1246 E WifiStateMachine: processMsg: ConnectedState
08-12 13:37:54.531   514  1246 E WifiStateMachine:  ConnectedState !CMD_RSSI_POLL 1 0 "DKTest_B18_5G" 8c:be:be:20:a6:9d rssi=-31 f=5765 sc=60 link=702 tx=1.2, 0.0, 0.0  rx=1.5 bcn=0 [on:0 tx:0 rx:0 period:3004] from screen [on:0 period:543830371] gl rssi=-31 ag=0 hr ls-=0 [56,56,56,56,61] brc=0 lrc=0
08-12 13:37:54.531   514  1246 E WifiStateMachine: processMsg: L2ConnectedState
08-12 13:37:54.532   514  1246 E WifiStateMachine:  L2ConnectedState !CMD_RSSI_POLL 1 0 "DKTest_B18_5G" 8c:be:be:20:a6:9d rssi=-31 f=5765 sc=60 link=702 tx=1.2, 0.0, 0.0  rx=1.5 bcn=0 [on:0 tx:0 rx:0 period:1] from screen [on:0 period:543830372] gl rssi=-31 ag=0 hr ls-=0 [56,56,56,56,61] brc=0 lrc=0
08-12 13:37:54.532   514  1246 E WifiStateMachine:  get link layer stats 0
08-12 13:37:54.533   514  1246 D wifi    : doCommand: IFNAME=wlan0 SIGNAL_POLL
08-12 13:37:54.533  3807  3807 I wpa_supplicant: [CTRL_IFACE]wlan0: SIGNAL_POLL
08-12 13:37:54.535  3807  3807 D wpa_supplicant: nl80211: survey data missing!
08-12 13:37:54.535   514  1246 D wifi    : cmd = IFNAME=wlan0 SIGNAL_POLL, reply: RSSI=-31
08-12 13:37:54.535   514  1246 D wifi    : LINKSPEED=780
08-12 13:37:54.535   514  1246 D wifi    : NOISE=9999
08-12 13:37:54.535   514  1246 D wifi    : FREQUENCY=5765
08-12 13:37:54.536   514  1246 E WifiStateMachine: fetchRssiLinkSpeedAndFrequencyNative rssi=-31 linkspeed=780
08-12 13:37:54.537   514  1246 E WifiStateMachine: calculateWifiScore freq=5765 speed=780 score=60 highRSSI  -> txbadrate=0.00 txgoodrate=2.12 txretriesrate=0.00 rxrate=1.77 userTriggerdPenalty0
08-12 13:37:54.538   514  1246 E WifiStateMachine:  good link -> stuck count =0
08-12 13:37:54.538   514  1246 E WifiStateMachine:  badRSSI count0 lowRSSI count0 --> score 56
08-12 13:37:54.538   514  1246 E WifiStateMachine:  isHighRSSI       ---> score=61
08-12 13:37:54.539  2285  2285 D MiTVNetworkController: action onReceive is : android.net.wifi.RSSI_CHANGED, mitv.network.ethernet.action.ETHERNET_STATE_CHANGED
08-12 13:37:54.540  2285  2285 D MiTVNetworkController: updateWifiIcons mWifiConnected:true, mWifiLevel:4
08-12 13:37:54.540  2285  2285 D NetworkStateManager: changeNetworkState, type:2, flag:0, level:4, lable:DKTest_B18_5G
