08-12 13:31:45.458  2961  3044 D com.xiaomi.tv.gallery.download.GalleryDownloadManager: no server ip
08-12 13:31:45.462  2961  3044 D com.xiaomi.tv.gallery.download.GalleryDownloadManager: no server ip
08-12 13:31:45.466  2961  3044 D com.xiaomi.tv.gallery.download.GalleryDownloadManager: no server ip
08-12 13:31:45.469  2961  3044 D com.xiaomi.tv.gallery.download.GalleryDownloadManager: no server ip
08-12 13:31:45.473  2961  3044 D com.xiaomi.tv.gallery.download.GalleryDownloadManager: no server ip
08-12 13:31:45.476  2961  3044 D com.xiaomi.tv.gallery.download.GalleryDownloadManager: no server ip
08-12 13:31:45.480  2961  3044 D com.xiaomi.tv.gallery.download.GalleryDownloadManager: no server ip
08-12 13:31:45.483  2961  3044 D com.xiaomi.tv.gallery.download.GalleryDownloadManager: no server ip
08-12 13:31:45.487  2961  3044 D com.xiaomi.tv.gallery.download.GalleryDownloadManager: no server ip
08-12 13:31:45.491  2961  3044 D com.xiaomi.tv.gallery.download.GalleryDownloadManager: no server ip
08-12 13:31:45.495  2961  3044 D com.xiaomi.tv.gallery.download.GalleryDownloadManager: no server ip
08-12 13:31:45.498  2961  3044 D com.xiaomi.tv.gallery.download.GalleryDownloadManager: no server ip
08-12 13:31:45.502  2961  3044 D com.xiaomi.tv.gallery.download.GalleryDownloadManager: no server ip
08-12 13:31:45.505  2961  3044 D com.xiaomi.tv.gallery.download.GalleryDownloadManager: no server ip
08-12 13:31:45.509  2961  3044 D com.xiaomi.tv.gallery.download.GalleryDownloadManager: no server ip
08-12 13:31:45.513  2961  3044 D com.xiaomi.tv.gallery.download.GalleryDownloadManager: no server ip
08-12 13:31:45.516  2961  3044 D com.xiaomi.tv.gallery.download.GalleryDownloadManager: no server ip
08-12 13:31:45.520  2961  3044 D com.xiaomi.tv.gallery.download.GalleryDownloadManager: no server ip
08-12 13:31:45.524  2961  3044 D com.xiaomi.tv.gallery.download.GalleryDownloadManager: no server ip
08-12 13:31:45.527  2961  3044 D com.xiaomi.tv.gallery.download.GalleryDownloadManager: no server ip
08-12 13:31:45.531  2961  3044 D com.xiaomi.tv.gallery.download.GalleryDownloadManager: no server ip
08-12 13:31:45.534  2961  3044 D com.xiaomi.tv.gallery.download.GalleryDownloadManager: no server ip
08-12 13:31:45.538  2961  3044 D com.xiaomi.tv.gallery.download.GalleryDownloadManager: no server ip
08-12 13:31:45.542  2961  3044 D com.xiaomi.tv.gallery.download.GalleryDownloadManager: no server ip
08-12 13:31:45.545  2961  3044 D com.xiaomi.tv.gallery.download.GalleryDownloadManager: no server ip
08-12 13:31:45.550  2961  3044 D com.xiaomi.tv.gallery.download.GalleryDownloadManager: no server ip
08-12 13:31:45.554  2961  3044 D com.xiaomi.tv.gallery.download.GalleryDownloadManager: no server ip
08-12 13:31:45.558  2961  3044 D com.xiaomi.tv.gallery.download.GalleryDownloadManager: no server ip
08-12 13:31:45.562  2961  3044 D com.xiaomi.tv.gallery.download.GalleryDownloadManager: no server ip
08-12 13:31:45.565  2961  3044 D com.xiaomi.tv.gallery.download.GalleryDownloadManager: no server ip
08-12 13:31:45.569  2961  3044 D com.xiaomi.tv.gallery.download.GalleryDownloadManager: no server ip
08-12 13:31:45.572  2961  3044 D com.xiaomi.tv.gallery.download.GalleryDownloadManager: no server ip
08-12 13:31:45.576  2961  3044 D com.xiaomi.tv.gallery.download.GalleryDownloadManager: no server ip
08-12 13:31:45.579  2961  3044 D com.xiaomi.tv.gallery.download.GalleryDownloadManager: no server ip
08-12 13:31:45.583  2961  3044 D com.xiaomi.tv.gallery.download.GalleryDownloadManager: no server ip
08-12 13:31:45.586  2961  3044 D com.xiaomi.tv.gallery.download.GalleryDownloadManager: no server ip
08-12 13:31:45.590  2961  3044 D com.xiaomi.tv.gallery.download.GalleryDownloadManager: no server ip
08-12 13:31:45.593  2961  3044 D com.xiaomi.tv.gallery.download.GalleryDownloadManager: no server ip
08-12 13:31:45.597  2961  3044 D com.xiaomi.tv.gallery.download.GalleryDownloadManager: no server ip
08-12 13:31:45.600  2961  3044 D com.xiaomi.tv.gallery.download.GalleryDownloadManager: no server ip
08-12 13:31:45.604  2961  3044 D com.xiaomi.tv.gallery.download.GalleryDownloadManager: no server ip
08-12 13:31:45.610  2961  3044 D com.xiaomi.tv.gallery.download.GalleryDownloadManager: no server ip
08-12 13:31:45.613  2961  3044 D com.xiaomi.tv.gallery.download.GalleryDownloadManager: no server ip
08-12 13:31:45.617  2961  3044 D com.xiaomi.tv.gallery.download.GalleryDownloadManager: no server ip
08-12 13:31:45.620  2961  3044 D com.xiaomi.tv.gallery.download.GalleryDownloadManager: no server ip
08-12 13:31:45.624  2961  3044 D com.xiaomi.tv.gallery.download.GalleryDownloadManager: no server ip
08-12 13:31:45.628  2961  3044 D com.xiaomi.tv.gallery.download.GalleryDownloadManager: no server ip
08-12 13:31:45.631  2961  3044 D com.xiaomi.tv.gallery.download.GalleryDownloadManager: no server ip
08-12 13:31:45.634  2961  3044 D com.xiaomi.tv.gallery.download.GalleryDownloadManager: no server ip
08-12 13:31:45.638  2961  3044 D com.xiaomi.tv.gallery.download.GalleryDownloadManager: no server ip
08-12 13:31:45.642  2961  3044 D com.xiaomi.tv.gallery.download.GalleryDownloadManager: no server ip
08-12 13:31:45.645  2961  3044 D com.xiaomi.tv.gallery.download.GalleryDownloadManager: no server ip
08-12 13:31:45.649  2961  3044 D com.xiaomi.tv.gallery.download.GalleryDownloadManager: no server ip
08-12 13:31:45.652  2961  3044 D com.xiaomi.tv.gallery.download.GalleryDownloadManager: no server ip
08-12 13:31:45.655  2961  3044 D com.xiaomi.tv.gallery.download.GalleryDownloadManager: no server ip
08-12 13:31:45.659  2961  3044 D com.xiaomi.tv.gallery.download.GalleryDownloadManager: no server ip
08-12 13:31:45.663  2961  3044 D com.xiaomi.tv.gallery.download.GalleryDownloadManager: no server ip
08-12 13:31:45.668  2961  3044 D com.xiaomi.tv.gallery.download.GalleryDownloadManager: no server ip
08-12 13:31:45.672  2961  3044 D com.xiaomi.tv.gallery.download.GalleryDownloadManager: no server ip
08-12 13:31:45.675  2961  3044 D com.xiaomi.tv.gallery.download.GalleryDownloadManager: no server ip
08-12 13:31:45.679  2961  3044 D com.xiaomi.tv.gallery.download.GalleryDownloadManager: no server ip
08-12 13:31:45.682  2961  3044 D com.xiaomi.tv.gallery.download.GalleryDownloadManager: no server ip
08-12 13:31:45.686  2961  3044 D com.xiaomi.tv.gallery.download.GalleryDownloadManager: no server ip
08-12 13:31:45.689  2961  3044 D com.xiaomi.tv.gallery.download.GalleryDownloadManager: no server ip
08-12 13:31:45.693  2961  3044 D com.xiaomi.tv.gallery.download.GalleryDownloadManager: no server ip
08-12 13:31:45.696  2961  3044 D com.xiaomi.tv.gallery.download.GalleryDownloadManager: no server ip
08-12 13:31:45.699  2961  3044 D com.xiaomi.tv.gallery.download.GalleryDownloadManager: no server ip
08-12 13:31:45.703  2961  3044 D com.xiaomi.tv.gallery.download.GalleryDownloadManager: no server ip
08-12 13:31:45.707  2961  3044 D com.xiaomi.tv.gallery.download.GalleryDownloadManager: no server ip
08-12 13:31:45.710  2961  3044 D com.xiaomi.tv.gallery.download.GalleryDownloadManager: no server ip
08-12 13:31:45.714  2961  3044 D com.xiaomi.tv.gallery.download.GalleryDownloadManager: no server ip
08-12 13:31:45.718  2961  3044 D com.xiaomi.tv.gallery.download.GalleryDownloadManager: no server ip
08-12 13:31:45.728  2961  3044 D com.xiaomi.tv.gallery.download.GalleryDownloadManager: no server ip
08-12 13:31:45.732  2961  3044 D com.xiaomi.tv.gallery.download.GalleryDownloadManager: no server ip
08-12 13:31:45.735  2961  3044 D com.xiaomi.tv.gallery.download.GalleryDownloadManager: no server ip
08-12 13:31:45.739  2961  3044 D com.xiaomi.tv.gallery.download.GalleryDownloadManager: no server ip
08-12 13:31:45.743  2961  3044 D com.xiaomi.tv.gallery.download.GalleryDownloadManager: no server ip
08-12 13:31:45.746  2961  3044 D com.xiaomi.tv.gallery.download.GalleryDownloadManager: no server ip
08-12 13:31:45.750  2961  3044 D com.xiaomi.tv.gallery.download.GalleryDownloadManager: no server ip
08-12 13:31:45.754  2961  3044 D com.xiaomi.tv.gallery.download.GalleryDownloadManager: no server ip
08-12 13:31:45.758  2961  3044 D com.xiaomi.tv.gallery.download.GalleryDownloadManager: no server ip
08-12 13:31:45.761  2961  3044 D com.xiaomi.tv.gallery.download.GalleryDownloadManager: no server ip
08-12 13:31:45.765  2961  3044 D com.xiaomi.tv.gallery.download.GalleryDownloadManager: no server ip
08-12 13:31:45.769  2961  3044 D com.xiaomi.tv.gallery.download.GalleryDownloadManager: no server ip
08-12 13:31:45.773  2961  3044 D com.xiaomi.tv.gallery.download.GalleryDownloadManager: no server ip
08-12 13:31:45.779  2961  3044 D com.xiaomi.tv.gallery.download.GalleryDownloadManager: no server ip
08-12 13:31:45.786  2961  3044 D com.xiaomi.tv.gallery.download.GalleryDownloadManager: no server ip
08-12 13:31:45.791  2961  3044 D com.xiaomi.tv.gallery.download.GalleryDownloadManager: no server ip
08-12 13:31:45.795  2961  3044 D com.xiaomi.tv.gallery.download.GalleryDownloadManager: no server ip
08-12 13:31:45.799  2961  3044 D com.xiaomi.tv.gallery.download.GalleryDownloadManager: no server ip
08-12 13:31:45.802  2961  3044 D com.xiaomi.tv.gallery.download.GalleryDownloadManager: no server ip
08-12 13:31:45.807  2961  3044 D com.xiaomi.tv.gallery.download.GalleryDownloadManager: no server ip
08-12 13:31:45.811  2961  3044 D com.xiaomi.tv.gallery.download.GalleryDownloadManager: no server ip
08-12 13:31:45.815  2961  3044 D com.xiaomi.tv.gallery.download.GalleryDownloadManager: no server ip
08-12 13:31:45.818  2961  3044 D com.xiaomi.tv.gallery.download.GalleryDownloadManager: no server ip
08-12 13:31:45.823  2961  3044 D com.xiaomi.tv.gallery.download.GalleryDownloadManager: no server ip
08-12 13:31:45.827  2961  3044 D com.xiaomi.tv.gallery.download.GalleryDownloadManager: no server ip
08-12 13:31:45.830  2961  3044 D com.xiaomi.tv.gallery.download.GalleryDownloadManager: no server ip
08-12 13:31:45.833  2961  3044 D com.xiaomi.tv.gallery.download.GalleryDownloadManager: no server ip
08-12 13:31:45.837  2961  3044 D com.xiaomi.tv.gallery.download.GalleryDownloadManager: no server ip
08-12 13:31:45.841  2961  3044 D com.xiaomi.tv.gallery.download.GalleryDownloadManager: no server ip
08-12 13:31:45.846  2961  3044 D com.xiaomi.tv.gallery.download.GalleryDownloadManager: no server ip
08-12 13:31:45.851  2961  3044 D com.xiaomi.tv.gallery.download.GalleryDownloadManager: no server ip
08-12 13:31:45.855  2961  3044 D com.xiaomi.tv.gallery.download.GalleryDownloadManager: no server ip
08-12 13:31:45.859  2961  3044 D com.xiaomi.tv.gallery.download.GalleryDownloadManager: no server ip
08-12 13:31:45.863  2961  3044 D com.xiaomi.tv.gallery.download.GalleryDownloadManager: no server ip
08-12 13:31:45.867  2961  3044 D com.xiaomi.tv.gallery.download.GalleryDownloadManager: no server ip
08-12 13:31:45.871  2961  3044 D com.xiaomi.tv.gallery.download.GalleryDownloadManager: no server ip
08-12 13:31:45.875  2961  3044 D com.xiaomi.tv.gallery.download.GalleryDownloadManager: no server ip
08-12 13:31:45.879  2961  3044 D com.xiaomi.tv.gallery.download.GalleryDownloadManager: no server ip
08-12 13:31:45.883  2961  3044 D com.xiaomi.tv.gallery.download.GalleryDownloadManager: no server ip
08-12 13:31:45.886  2961  3044 D com.xiaomi.tv.gallery.download.GalleryDownloadManager: no server ip
08-12 13:31:45.891  2961  3044 D com.xiaomi.tv.gallery.download.GalleryDownloadManager: no server ip
08-12 13:31:45.895  2961  3044 D com.xiaomi.tv.gallery.download.GalleryDownloadManager: no server ip
08-12 13:31:45.899  2961  3044 D com.xiaomi.tv.gallery.download.GalleryDownloadManager: no server ip
08-12 13:31:45.901   126   126 I tvos    : [37m[INFO] Change to Voltage: 125 mv (0x17)[m
08-12 13:31:45.903  2961  3044 D com.xiaomi.tv.gallery.download.GalleryDownloadManager: no server ip
08-12 13:31:45.905  2961  3044 D com.xiaomi.tv.gallery.download.GalleryDownloadManager: no server ip
08-12 13:31:45.910  2961  3044 D com.xiaomi.tv.gallery.download.GalleryDownloadManager: no server ip
08-12 13:31:45.914  2961  3044 D com.xiaomi.tv.gallery.download.GalleryDownloadManager: no server ip
08-12 13:31:45.916  2961  3044 D com.xiaomi.tv.gallery.download.GalleryDownloadManager: no server ip
08-12 13:31:45.919  2961  3044 D com.xiaomi.tv.gallery.download.GalleryDownloadManager: no server ip
08-12 13:31:45.923  2961  3044 D com.xiaomi.tv.gallery.download.GalleryDownloadManager: no server ip
08-12 13:31:45.925  2961  3044 D com.xiaomi.tv.gallery.download.GalleryDownloadManager: no server ip
08-12 13:31:45.928  2961  3044 D com.xiaomi.tv.gallery.download.GalleryDownloadManager: no server ip
08-12 13:31:45.931  2961  3044 D com.xiaomi.tv.gallery.download.GalleryDownloadManager: no server ip
08-12 13:31:45.934  2961  3044 D com.xiaomi.tv.gallery.download.GalleryDownloadManager: no server ip
08-12 13:31:45.937  2961  3044 D com.xiaomi.tv.gallery.download.GalleryDownloadManager: no server ip
08-12 13:31:45.940  2961  3044 D com.xiaomi.tv.gallery.download.GalleryDownloadManager: no server ip
08-12 13:31:45.943  2961  3044 D com.xiaomi.tv.gallery.download.GalleryDownloadManager: no server ip
08-12 13:31:45.946  2961  3044 D com.xiaomi.tv.gallery.download.GalleryDownloadManager: no server ip
08-12 13:31:45.949  2961  3044 D com.xiaomi.tv.gallery.download.GalleryDownloadManager: no server ip
08-12 13:31:45.952  2961  3044 D com.xiaomi.tv.gallery.download.GalleryDownloadManager: no server ip
08-12 13:31:45.956  2961  3044 D com.xiaomi.tv.gallery.download.GalleryDownloadManager: no server ip
08-12 13:31:45.960  2961  3044 D com.xiaomi.tv.gallery.download.GalleryDownloadManager: no server ip
08-12 13:31:45.963  2961  3044 D com.xiaomi.tv.gallery.download.GalleryDownloadManager: no server ip
08-12 13:31:45.966  2961  3044 D com.xiaomi.tv.gallery.download.GalleryDownloadManager: no server ip
08-12 13:31:45.969  2961  3044 D com.xiaomi.tv.gallery.download.GalleryDownloadManager: no server ip
08-12 13:31:45.973  2961  3044 D com.xiaomi.tv.gallery.download.GalleryDownloadManager: no server ip
08-12 13:31:45.975  2961  3044 D com.xiaomi.tv.gallery.download.GalleryDownloadManager: no server ip
08-12 13:31:45.978  2961  3044 D com.xiaomi.tv.gallery.download.GalleryDownloadManager: no server ip
08-12 13:31:45.981  2961  3044 D com.xiaomi.tv.gallery.download.GalleryDownloadManager: no server ip
08-12 13:31:45.984  2961  3044 D com.xiaomi.tv.gallery.download.GalleryDownloadManager: no server ip
08-12 13:31:45.987  2961  3044 D com.xiaomi.tv.gallery.download.GalleryDownloadManager: no server ip
08-12 13:31:45.990  2961  3044 D com.xiaomi.tv.gallery.download.GalleryDownloadManager: no server ip
08-12 13:31:45.993  2961  3044 D com.xiaomi.tv.gallery.download.GalleryDownloadManager: no server ip
08-12 13:31:45.996  2961  3044 D com.xiaomi.tv.gallery.download.GalleryDownloadManager: no server ip
08-12 13:31:45.999  2961  3044 D com.xiaomi.tv.gallery.download.GalleryDownloadManager: no server ip
08-12 13:31:46.003   126   126 I tvos    : [37m[INFO] Change to Voltage: 105 mv (0x8)[m
08-12 13:31:46.004  2961  3044 D com.xiaomi.tv.gallery.download.GalleryDownloadManager: no server ip
08-12 13:31:46.009  2961  3044 D com.xiaomi.tv.gallery.download.GalleryDownloadManager: no server ip
08-12 13:31:46.013  2961  3044 D com.xiaomi.tv.gallery.download.GalleryDownloadManager: no server ip
08-12 13:31:46.017  2961  3044 D com.xiaomi.tv.gallery.download.GalleryDownloadManager: no server ip
08-12 13:31:46.020  2961  3044 D com.xiaomi.tv.gallery.download.GalleryDownloadManager: no server ip
08-12 13:31:46.024  2961  3044 D com.xiaomi.tv.gallery.download.GalleryDownloadManager: no server ip
08-12 13:31:46.028  2961  3044 D com.xiaomi.tv.gallery.download.GalleryDownloadManager: no server ip
08-12 13:31:46.032  2961  3044 D com.xiaomi.tv.gallery.download.GalleryDownloadManager: no server ip
08-12 13:31:46.035  2961  3044 D com.xiaomi.tv.gallery.download.GalleryDownloadManager: no server ip
08-12 13:31:46.038  2961  3044 D com.xiaomi.tv.gallery.download.GalleryDownloadManager: no server ip
08-12 13:31:46.042  2961  3044 D com.xiaomi.tv.gallery.download.GalleryDownloadManager: no server ip
08-12 13:31:46.046  2961  3044 D com.xiaomi.tv.gallery.download.GalleryDownloadManager: no server ip
08-12 13:31:46.049  2961  3044 D com.xiaomi.tv.gallery.download.GalleryDownloadManager: no server ip
08-12 13:31:46.053  2961  3044 D com.xiaomi.tv.gallery.download.GalleryDownloadManager: no server ip
08-12 13:31:46.057  2961  3044 D com.xiaomi.tv.gallery.download.GalleryDownloadManager: no server ip
08-12 13:31:46.061  2961  3044 D com.xiaomi.tv.gallery.download.GalleryDownloadManager: no server ip
08-12 13:31:46.067  2961  3044 D com.xiaomi.tv.gallery.download.GalleryDownloadManager: no server ip
08-12 13:31:46.070  2961  3044 D com.xiaomi.tv.gallery.download.GalleryDownloadManager: no server ip
08-12 13:31:46.075  2961  3044 D com.xiaomi.tv.gallery.download.GalleryDownloadManager: no server ip
08-12 13:31:46.078  2961  3044 D com.xiaomi.tv.gallery.download.GalleryDownloadManager: no server ip
08-12 13:31:46.082  2961  3044 D com.xiaomi.tv.gallery.download.GalleryDownloadManager: no server ip
08-12 13:31:46.085  2961  3044 D com.xiaomi.tv.gallery.download.GalleryDownloadManager: no server ip
08-12 13:31:46.090  2961  3044 D com.xiaomi.tv.gallery.download.GalleryDownloadManager: no server ip
08-12 13:31:46.093  2961  3044 D com.xiaomi.tv.gallery.download.GalleryDownloadManager: no server ip
08-12 13:31:46.097  2961  3044 D com.xiaomi.tv.gallery.download.GalleryDownloadManager: no server ip
08-12 13:31:46.101  2961  3044 D com.xiaomi.tv.gallery.download.GalleryDownloadManager: no server ip
08-12 13:31:46.104  2961  3044 D com.xiaomi.tv.gallery.download.GalleryDownloadManager: no server ip
08-12 13:31:46.109  2961  3044 D com.xiaomi.tv.gallery.download.GalleryDownloadManager: no server ip
08-12 13:31:46.112  2961  3044 D com.xiaomi.tv.gallery.download.GalleryDownloadManager: no server ip
08-12 13:31:46.116  2961  3044 D com.xiaomi.tv.gallery.download.GalleryDownloadManager: no server ip
08-12 13:31:46.123  2961  3044 D com.xiaomi.tv.gallery.download.GalleryDownloadManager: no server ip
08-12 13:31:46.126  2961  3044 D com.xiaomi.tv.gallery.download.GalleryDownloadManager: no server ip
08-12 13:31:46.129  2961  3044 D com.xiaomi.tv.gallery.download.GalleryDownloadManager: no server ip
08-12 13:31:46.133  2961  3044 D com.xiaomi.tv.gallery.download.GalleryDownloadManager: no server ip
08-12 13:31:46.137  2961  3044 D com.xiaomi.tv.gallery.download.GalleryDownloadManager: no server ip
08-12 13:31:46.140  2961  3044 D com.xiaomi.tv.gallery.download.GalleryDownloadManager: no server ip
08-12 13:31:46.144  2961  3044 D com.xiaomi.tv.gallery.download.GalleryDownloadManager: no server ip
08-12 13:31:46.148  2961  3044 D com.xiaomi.tv.gallery.download.GalleryDownloadManager: no server ip
08-12 13:31:46.151  2961  3044 D com.xiaomi.tv.gallery.download.GalleryDownloadManager: no server ip
08-12 13:31:46.155  2961  3044 D com.xiaomi.tv.gallery.download.GalleryDownloadManager: no server ip
08-12 13:31:46.159  2961  3044 D com.xiaomi.tv.gallery.download.GalleryDownloadManager: no server ip
08-12 13:31:46.163  2961  3044 D com.xiaomi.tv.gallery.download.GalleryDownloadManager: no server ip
08-12 13:31:46.166  2961  3044 D com.xiaomi.tv.gallery.download.GalleryDownloadManager: no server ip
08-12 13:31:46.170  2961  3044 D com.xiaomi.tv.gallery.download.GalleryDownloadManager: no server ip
08-12 13:31:46.176  2961  3044 D com.xiaomi.tv.gallery.download.GalleryDownloadManager: no server ip
08-12 13:31:46.180  2961  3044 D com.xiaomi.tv.gallery.download.GalleryDownloadManager: no server ip
08-12 13:31:46.182  1550  1689 I clientsdk: tid 1689, httpget http://www.baidu.com:80
08-12 13:31:46.185  2961  3044 D com.xiaomi.tv.gallery.download.GalleryDownloadManager: no server ip
08-12 13:31:46.188  2961  3044 D com.xiaomi.tv.gallery.download.GalleryDownloadManager: no server ip
08-12 13:31:46.191     0     0 I Kernel  : <12>[  535.035396] type=1400 audit(1439357506.184:3606): avc: granted { write } for pid=1689 comm="Thread-87" name="CookiesFile" dev="mmcblk0p22" ino=873 scontext=u:r:system_app:s0 tcontext=u:object_r:system_data_file:s0 tclass=file
08-12 13:31:46.191     0     0 I Kernel  : <12>[  535.035986] type=1400 audit(1439357506.184:3607): avc: granted { write } for pid=1689 comm="Thread-87" path="/data/duokancache/CookiesFile" dev="mmcblk0p22" ino=873 scontext=u:r:system_app:s0 tcontext=u:object_r:system_data_file:s0 tclass=file
08-12 13:31:46.191     0     0 I Kernel  : <12>[  535.036179] type=1400 audit(1439357506.184:3608): avc: granted { write } for pid=1689 comm="Thread-87" name="CookiesFile" dev="mmcblk0p22" ino=873 scontext=u:r:system_app:s0 tcontext=u:object_r:system_data_file:s0 tclass=file
08-12 13:31:46.184  1689  1689 I auditd  : type=1400 audit(0.0:3606): avc: granted { write } for comm="Thread-87" name="CookiesFile" dev="mmcblk0p22" ino=873 scontext=u:r:system_app:s0 tcontext=u:object_r:system_data_file:s0 tclass=file
08-12 13:31:46.184  1689  1689 W Thread-87: type=1400 audit(0.0:3606): avc: granted { write } for name="CookiesFile" dev="mmcblk0p22" ino=873 scontext=u:r:system_app:s0 tcontext=u:object_r:system_data_file:s0 tclass=file
08-12 13:31:46.184  1689  1689 I auditd  : type=1400 audit(0.0:3607): avc: granted { write } for comm="Thread-87" path="/data/duokancache/CookiesFile" dev="mmcblk0p22" ino=873 scontext=u:r:system_app:s0 tcontext=u:object_r:system_data_file:s0 tclass=file
08-12 13:31:46.184  1689  1689 W Thread-87: type=1400 audit(0.0:3607): avc: granted { write } for path="/data/duokancache/CookiesFile" dev="mmcblk0p22" ino=873 scontext=u:r:system_app:s0 tcontext=u:object_r:system_data_file:s0 tclass=file
08-12 13:31:46.191  1550  1689 I clientsdk: tid 1689, HttpGet, status code = 0
08-12 13:31:46.191  1550  1689 I clientsdk: tid 1689, HttpGet curl_easy_perform result 6
08-12 13:31:46.191  1550  1689 I duokantv: tid 1689, DuoKanUtility::checkHostReachability -- ret of HttpGet = -1006
08-12 13:31:46.191  1550  1689 I duokantv: tid 1689, DuoKanUtility::checkHostReachability -- HttpGet: not reachable
08-12 13:31:46.191  1550  1689 I duokantv: tid 1689, DKAppDelegate::setupServerConnection, no userID
08-12 13:31:46.191  1550  1689 I duokantv: tid 1689, DataStore: Token, Enter loadToken2
08-12 13:31:46.184  1689  1689 I auditd  : type=1400 audit(0.0:3608): avc: granted { write } for comm="Thread-87" name="CookiesFile" dev="mmcblk0p22" ino=873 scontext=u:r:system_app:s0 tcontext=u:object_r:system_data_file:s0 tclass=file
08-12 13:31:46.184  1689  1689 W Thread-87: type=1400 audit(0.0:3608): avc: granted { write } for name="CookiesFile" dev="mmcblk0p22" ino=873 scontext=u:r:system_app:s0 tcontext=u:object_r:system_data_file:s0 tclass=file
08-12 13:31:46.191  1550  1689 I duokantv: tid 1689, DataStore: Token, key 5fcb31f300324bcbb8c3cac60d6d4184
08-12 13:31:46.193     0     0 I Kernel  : <12>[  535.037572] type=1400 audit(1439357506.189:3609): avc: granted { write } for pid=1689 comm="Thread-87" name="CookiesFile" dev="mmcblk0p22" ino=873 scontext=u:r:system_app:s0 tcontext=u:object_r:system_data_file:s0 tclass=file
08-12 13:31:46.191  1550  1689 I duokantv: tid 1689, DataStore: Token, token cc5bf5545b674d1e9e2bd0add857ccc0
08-12 13:31:46.191  1550  1689 I duokantv: tid 1689, DKAppDelegate:setupServerConnection -- about to login to server
08-12 13:31:46.191  1550  1689 I clientsdk: tid 1689, httppost http://122.49.38.6/tvservice/login?vc=0&ac=0&ic=0&deviceid=5b11bace3b21548f71a273121cfa15a6&apiver=1.8&ver=5.0.1.1213&codever=15&ptf=605&ts=1439357506&nonce=839175803&language=zh_CN&feature=15&opaque=63734b5bada462cc5318cc7153b045201c73e3b9
08-12 13:31:46.195     0     0 I Kernel  : <12>[  535.038754] type=1400 audit(1439357506.189:3610): avc: granted { write } for pid=1689 comm="Thread-87" path="/data/duokancache/CookiesFile" dev="mmcblk0p22" ino=873 scontext=u:r:system_app:s0 tcontext=u:object_r:system_data_file:s0 tclass=file
08-12 13:31:46.195     0     0 I Kernel  : <12>[  535.038880] type=1400 audit(1439357506.189:3611): avc: granted { write } for pid=1689 comm="Thread-87" name="CookiesFile" dev="mmcblk0p22" ino=873 scontext=u:r:system_app:s0 tcontext=u:object_r:system_data_file:s0 tclass=file
08-12 13:31:46.189  1689  1689 I auditd  : type=1400 audit(0.0:3609): avc: granted { write } for comm="Thread-87" name="CookiesFile" dev="mmcblk0p22" ino=873 scontext=u:r:system_app:s0 tcontext=u:object_r:system_data_file:s0 tclass=file
08-12 13:31:46.189  1689  1689 W Thread-87: type=1400 audit(0.0:3609): avc: granted { write } for name="CookiesFile" dev="mmcblk0p22" ino=873 scontext=u:r:system_app:s0 tcontext=u:object_r:system_data_file:s0 tclass=file
08-12 13:31:46.189  1689  1689 I auditd  : type=1400 audit(0.0:3610): avc: granted { write } for comm="Thread-87" path="/data/duokancache/CookiesFile" dev="mmcblk0p22" ino=873 scontext=u:r:system_app:s0 tcontext=u:object_r:system_data_file:s0 tclass=file
08-12 13:31:46.189  1689  1689 W Thread-87: type=1400 audit(0.0:3610): avc: granted { write } for path="/data/duokancache/CookiesFile" dev="mmcblk0p22" ino=873 scontext=u:r:system_app:s0 tcontext=u:object_r:system_data_file:s0 tclass=file
08-12 13:31:46.189  1689  1689 I auditd  : type=1400 audit(0.0:3611): avc: granted { write } for comm="Thread-87" name="CookiesFile" dev="mmcblk0p22" ino=873 scontext=u:r:system_app:s0 tcontext=u:object_r:system_data_file:s0 tclass=file
08-12 13:31:46.189  1689  1689 W Thread-87: type=1400 audit(0.0:3611): avc: granted { write } for name="CookiesFile" dev="mmcblk0p22" ino=873 scontext=u:r:system_app:s0 tcontext=u:object_r:system_data_file:s0 tclass=file
08-12 13:31:46.194  2961  3044 D com.xiaomi.tv.gallery.download.GalleryDownloadManager: no server ip
08-12 13:31:46.197  2961  3044 D com.xiaomi.tv.gallery.download.GalleryDownloadManager: no server ip
08-12 13:31:46.198  1550  1689 I clientsdk: tid 1689, HttpPost, status code = 0
08-12 13:31:46.198  1550  1689 I clientsdk: tid 1689, HttpGet curl_easy_perform result 7
08-12 13:31:46.198  1550  1689 I clientsdk: tid 1689, httppost http://122.49.38.6/tvservice/login?vc=0&ac=0&ic=0&deviceid=5b11bace3b21548f71a273121cfa15a6&apiver=1.8&ver=5.0.1.1213&codever=15&ptf=605&ts=1439357506&nonce=839175803&language=zh_CN&feature=15&opaque=63734b5bada462cc5318cc7153b045201c73e3b9
08-12 13:31:46.199  1689  1689 I auditd  : type=1400 audit(0.0:3612): avc: granted { write } for comm="Thread-87" name="CookiesFile" dev="mmcblk0p22" ino=873 scontext=u:r:system_app:s0 tcontext=u:object_r:system_data_file:s0 tclass=file
08-12 13:31:46.203     0     0 I Kernel  : <12>[  535.046343] type=1400 audit(1439357506.199:3612): avc: granted { write } for pid=1689 comm="Thread-87" name="CookiesFile" dev="mmcblk0p22" ino=873 scontext=u:r:system_app:s0 tcontext=u:object_r:system_data_file:s0 tclass=file
08-12 13:31:46.203     0     0 I Kernel  : <12>[  535.046531] type=1400 audit(1439357506.199:3613): avc: granted { write } for pid=1689 comm="Thread-87" path="/data/duokancache/CookiesFile" dev="mmcblk0p22" ino=873 scontext=u:r:system_app:s0 tcontext=u:object_r:system_data_file:s0 tclass=file
08-12 13:31:46.203     0     0 I Kernel  : <12>[  535.048038] type=1400 audit(1439357506.199:3614): avc: granted { write } for pid=1689 comm="Thread-87" name="CookiesFile" dev="mmcblk0p22" ino=873 scontext=u:r:system_app:s0 tcontext=u:object_r:system_data_file:s0 tclass=file
08-12 13:31:46.199  1689  1689 W Thread-87: type=1400 audit(0.0:3612): avc: granted { write } for name="CookiesFile" dev="mmcblk0p22" ino=873 scontext=u:r:system_app:s0 tcontext=u:object_r:system_data_file:s0 tclass=file
08-12 13:31:46.199  1689  1689 I auditd  : type=1400 audit(0.0:3613): avc: granted { write } for comm="Thread-87" path="/data/duokancache/CookiesFile" dev="mmcblk0p22" ino=873 scontext=u:r:system_app:s0 tcontext=u:object_r:system_data_file:s0 tclass=file
08-12 13:31:46.202  1550  1689 I clientsdk: tid 1689, HttpPost, status code = 0
08-12 13:31:46.199  1689  1689 W Thread-87: type=1400 audit(0.0:3613): avc: granted { write } for path="/data/duokancache/CookiesFile" dev="mmcblk0p22" ino=873 scontext=u:r:system_app:s0 tcontext=u:object_r:system_data_file:s0 tclass=file
08-12 13:31:46.202  1550  1689 I clientsdk: tid 1689, HttpGet curl_easy_perform result 7
08-12 13:31:46.204     0     0 I Kernel  : <12>[  535.049545] type=1400 audit(1439357506.199:3615): avc: granted { write } for pid=1689 comm="Thread-87" name="CookiesFile" dev="mmcblk0p22" ino=873 scontext=u:r:system_app:s0 tcontext=u:object_r:system_data_file:s0 tclass=file
08-12 13:31:46.202  1550  1689 I clientsdk: tid 1689, httppost http://122.49.38.6/tvservice/login?vc=0&ac=0&ic=0&deviceid=5b11bace3b21548f71a273121cfa15a6&apiver=1.8&ver=5.0.1.1213&codever=15&ptf=605&ts=1439357506&nonce=839175803&language=zh_CN&feature=15&opaque=63734b5bada462cc5318cc7153b045201c73e3b9
08-12 13:31:46.206     0     0 I Kernel  : <12>[  535.049698] type=1400 audit(1439357506.199:3616): avc: granted { write } for pid=1689 comm="Thread-87" path="/data/duokancache/CookiesFile" dev="mmcblk0p22" ino=873 scontext=u:r:system_app:s0 tcontext=u:object_r:system_data_file:s0 tclass=file
08-12 13:31:46.206     0     0 I Kernel  : <12>[  535.050943] type=1400 audit(1439357506.199:3617): avc: granted { write } for pid=1689 comm="Thread-87" name="CookiesFile" dev="mmcblk0p22" ino=873 scontext=u:r:system_app:s0 tcontext=u:object_r:system_data_file:s0 tclass=file
08-12 13:31:46.202  2961  3044 D com.xiaomi.tv.gallery.download.GalleryDownloadManager: no server ip
08-12 13:31:46.204  1550  1689 I clientsdk: tid 1689, HttpPost, status code = 0
08-12 13:31:46.204  1550  1689 I clientsdk: tid 1689, HttpGet curl_easy_perform result 7
08-12 13:31:46.204  1550  1689 I duokantv: tid 1689, DKAppDelegate:DK_UserLogin, result: -1
08-12 13:31:46.204  1550  1689 I duokantv: tid 1689, +++DKAppDelegate::hideAuthFailView: ../Classes/DKAppDelegate.cpp line: 3269
08-12 13:31:46.204  1550  1689 I duokantv: tid 1689, DKAppDelegate:setupServerConnection -- failed to login (-1)
08-12 13:31:46.199  1689  1689 I auditd  : type=1400 audit(0.0:3614): avc: granted { write } for comm="Thread-87" name="CookiesFile" dev="mmcblk0p22" ino=873 scontext=u:r:system_app:s0 tcontext=u:object_r:system_data_file:s0 tclass=file
08-12 13:31:46.199  1689  1689 W Thread-87: type=1400 audit(0.0:3614): avc: granted { write } for name="CookiesFile" dev="mmcblk0p22" ino=873 scontext=u:r:system_app:s0 tcontext=u:object_r:system_data_file:s0 tclass=file
08-12 13:31:46.199  1689  1689 I auditd  : type=1400 audit(0.0:3615): avc: granted { write } for comm="Thread-87" name="CookiesFile" dev="mmcblk0p22" ino=873 scontext=u:r:system_app:s0 tcontext=u:object_r:system_data_file:s0 tclass=file
08-12 13:31:46.199  1689  1689 W Thread-87: type=1400 audit(0.0:3615): avc: granted { write } for name="CookiesFile" dev="mmcblk0p22" ino=873 scontext=u:r:system_app:s0 tcontext=u:object_r:system_data_file:s0 tclass=file
08-12 13:31:46.199  1689  1689 I auditd  : type=1400 audit(0.0:3616): avc: granted { write } for comm="Thread-87" path="/data/duokancache/CookiesFile" dev="mmcblk0p22" ino=873 scontext=u:r:system_app:s0 tcontext=u:object_r:system_data_file:s0 tclass=file
08-12 13:31:46.199  1689  1689 W Thread-87: type=1400 audit(0.0:3616): avc: granted { write } for path="/data/duokancache/CookiesFile" dev="mmcblk0p22" ino=873 scontext=u:r:system_app:s0 tcontext=u:object_r:system_data_file:s0 tclass=file
08-12 13:31:46.199  1689  1689 I auditd  : type=1400 audit(0.0:3617): avc: granted { write } for comm="Thread-87" name="CookiesFile" dev="mmcblk0p22" ino=873 scontext=u:r:system_app:s0 tcontext=u:object_r:system_data_file:s0 tclass=file
08-12 13:31:46.199  1689  1689 W Thread-87: type=1400 audit(0.0:3617): avc: granted { write } for name="CookiesFile" dev="mmcblk0p22" ino=873 scontext=u:r:system_app:s0 tcontext=u:object_r:system_data_file:s0 tclass=file
08-12 13:31:46.207  2961  3044 D com.xiaomi.tv.gallery.download.GalleryDownloadManager: no server ip
08-12 13:31:46.211  2961  3044 D com.xiaomi.tv.gallery.download.GalleryDownloadManager: no server ip
08-12 13:31:46.214  2961  3044 D com.xiaomi.tv.gallery.download.GalleryDownloadManager: no server ip
08-12 13:31:46.218  2961  3044 D com.xiaomi.tv.gallery.download.GalleryDownloadManager: no server ip
08-12 13:31:46.221  2961  3044 D com.xiaomi.tv.gallery.download.GalleryDownloadManager: no server ip
08-12 13:31:46.225  2961  3044 D com.xiaomi.tv.gallery.download.GalleryDownloadManager: no server ip
08-12 13:31:46.231  2961  3044 D com.xiaomi.tv.gallery.download.GalleryDownloadManager: no server ip
08-12 13:31:46.234  2961  3044 D com.xiaomi.tv.gallery.download.GalleryDownloadManager: no server ip
08-12 13:31:46.238  2961  3044 D com.xiaomi.tv.gallery.download.GalleryDownloadManager: no server ip
08-12 13:31:46.242  2961  3044 D com.xiaomi.tv.gallery.download.GalleryDownloadManager: no server ip
08-12 13:31:46.246  2961  3044 D com.xiaomi.tv.gallery.download.GalleryDownloadManager: no server ip
08-12 13:31:46.269  2961  3044 D com.xiaomi.tv.gallery.download.GalleryDownloadManager: no server ip
08-12 13:31:46.273  2961  3044 D com.xiaomi.tv.gallery.download.GalleryDownloadManager: no server ip
08-12 13:31:46.277  2961  3044 D com.xiaomi.tv.gallery.download.GalleryDownloadManager: no server ip
08-12 13:31:46.280  2961  3044 D com.xiaomi.tv.gallery.download.GalleryDownloadManager: no server ip
08-12 13:31:46.284  2961  3044 D com.xiaomi.tv.gallery.download.GalleryDownloadManager: no server ip
08-12 13:31:46.287  2961  3044 D com.xiaomi.tv.gallery.download.GalleryDownloadManager: no server ip
08-12 13:31:46.291  2961  3044 D com.xiaomi.tv.gallery.download.GalleryDownloadManager: no server ip
08-12 13:31:46.295  2961  3044 D com.xiaomi.tv.gallery.download.GalleryDownloadManager: no server ip
08-12 13:31:46.298  2961  3044 D com.xiaomi.tv.gallery.download.GalleryDownloadManager: no server ip
08-12 13:31:46.302  2961  3044 D com.xiaomi.tv.gallery.download.GalleryDownloadManager: no server ip
08-12 13:31:46.306  2961  3044 D com.xiaomi.tv.gallery.download.GalleryDownloadManager: no server ip
08-12 13:31:46.309  2961  3044 D com.xiaomi.tv.gallery.download.GalleryDownloadManager: no server ip
08-12 13:31:46.313  2961  3044 D com.xiaomi.tv.gallery.download.GalleryDownloadManager: no server ip
08-12 13:31:46.317  2961  3044 D com.xiaomi.tv.gallery.download.GalleryDownloadManager: no server ip
08-12 13:31:46.321  2961  3044 D com.xiaomi.tv.gallery.download.GalleryDownloadManager: no server ip
08-12 13:31:46.327  2961  3044 D com.xiaomi.tv.gallery.download.GalleryDownloadManager: no server ip
08-12 13:31:46.331  2961  3044 D com.xiaomi.tv.gallery.download.GalleryDownloadManager: no server ip
08-12 13:31:46.334  2961  3044 D com.xiaomi.tv.gallery.download.GalleryDownloadManager: no server ip
08-12 13:31:46.338  2961  3044 D com.xiaomi.tv.gallery.download.GalleryDownloadManager: no server ip
08-12 13:31:46.342  2961  3044 D com.xiaomi.tv.gallery.download.GalleryDownloadManager: no server ip
08-12 13:31:46.346  2961  3044 D com.xiaomi.tv.gallery.download.GalleryDownloadManager: no server ip
08-12 13:31:46.349  2961  3044 D com.xiaomi.tv.gallery.download.GalleryDownloadManager: no server ip
08-12 13:31:46.353  2961  3044 D com.xiaomi.tv.gallery.download.GalleryDownloadManager: no server ip
08-12 13:31:46.357  2961  3044 D com.xiaomi.tv.gallery.download.GalleryDownloadManager: no server ip
08-12 13:31:46.361  2961  3044 D com.xiaomi.tv.gallery.download.GalleryDownloadManager: no server ip
08-12 13:31:46.364  2961  3044 D com.xiaomi.tv.gallery.download.GalleryDownloadManager: no server ip
08-12 13:31:46.368  2961  3044 D com.xiaomi.tv.gallery.download.GalleryDownloadManager: no server ip
08-12 13:31:46.372  2961  3044 D com.xiaomi.tv.gallery.download.GalleryDownloadManager: no server ip
08-12 13:31:46.375  2961  3044 D com.xiaomi.tv.gallery.download.GalleryDownloadManager: no server ip
08-12 13:31:46.379  2961  3044 D com.xiaomi.tv.gallery.download.GalleryDownloadManager: no server ip
08-12 13:31:46.385  2961  3044 D com.xiaomi.tv.gallery.download.GalleryDownloadManager: no server ip
08-12 13:31:46.389  2961  3044 D com.xiaomi.tv.gallery.download.GalleryDownloadManager: no server ip
08-12 13:31:46.393  2961  3044 D com.xiaomi.tv.gallery.download.GalleryDownloadManager: no server ip
08-12 13:31:46.396  2961  3044 D com.xiaomi.tv.gallery.download.GalleryDownloadManager: no server ip
08-12 13:31:46.400  2961  3044 D com.xiaomi.tv.gallery.download.GalleryDownloadManager: no server ip
08-12 13:31:46.403  2961  3044 D com.xiaomi.tv.gallery.download.GalleryDownloadManager: no server ip
08-12 13:31:46.407  2961  3044 D com.xiaomi.tv.gallery.download.GalleryDownloadManager: no server ip
08-12 13:31:46.411  2961  3044 D com.xiaomi.tv.gallery.download.GalleryDownloadManager: no server ip
08-12 13:31:46.414  2961  3044 D com.xiaomi.tv.gallery.download.GalleryDownloadManager: no server ip
08-12 13:31:46.418  2961  3044 D com.xiaomi.tv.gallery.download.GalleryDownloadManager: no server ip
08-12 13:31:46.421  2961  3044 D com.xiaomi.tv.gallery.download.GalleryDownloadManager: no server ip
08-12 13:31:46.425  2961  3044 D com.xiaomi.tv.gallery.download.GalleryDownloadManager: no server ip
08-12 13:31:46.429  2961  3044 D com.xiaomi.tv.gallery.download.GalleryDownloadManager: no server ip
08-12 13:31:46.432  2961  3044 D com.xiaomi.tv.gallery.download.GalleryDownloadManager: no server ip
08-12 13:31:46.437  2961  3044 D com.xiaomi.tv.gallery.download.GalleryDownloadManager: no server ip
08-12 13:31:46.442  2961  3044 D com.xiaomi.tv.gallery.download.GalleryDownloadManager: no server ip
08-12 13:31:46.445  2961  3044 D com.xiaomi.tv.gallery.download.GalleryDownloadManager: no server ip
08-12 13:31:46.449  2961  3044 D com.xiaomi.tv.gallery.download.GalleryDownloadManager: no server ip
08-12 13:31:46.452  2961  3044 D com.xiaomi.tv.gallery.download.GalleryDownloadManager: no server ip
08-12 13:31:46.456  2961  3044 D com.xiaomi.tv.gallery.download.GalleryDownloadManager: no server ip
08-12 13:31:46.459  2961  3044 D com.xiaomi.tv.gallery.download.GalleryDownloadManager: no server ip
08-12 13:31:46.463  2961  3044 D com.xiaomi.tv.gallery.download.GalleryDownloadManager: no server ip
08-12 13:31:46.467  2961  3044 D com.xiaomi.tv.gallery.download.GalleryDownloadManager: no server ip
08-12 13:31:46.470  2961  3044 D com.xiaomi.tv.gallery.download.GalleryDownloadManager: no server ip
08-12 13:31:46.474  2961  3044 D com.xiaomi.tv.gallery.download.GalleryDownloadManager: no server ip
08-12 13:31:46.478  2961  3044 D com.xiaomi.tv.gallery.download.GalleryDownloadManager: no server ip
08-12 13:31:46.481  2961  3044 D com.xiaomi.tv.gallery.download.GalleryDownloadManager: no server ip
08-12 13:31:46.485  2961  3044 D com.xiaomi.tv.gallery.download.GalleryDownloadManager: no server ip
08-12 13:31:46.489  2961  3044 D com.xiaomi.tv.gallery.download.GalleryDownloadManager: no server ip
08-12 13:31:46.494  2961  3044 D com.xiaomi.tv.gallery.download.GalleryDownloadManager: no server ip
08-12 13:31:46.498  2961  3044 D com.xiaomi.tv.gallery.download.GalleryDownloadManager: no server ip
08-12 13:31:46.501   126   126 I tvos    : [37m[INFO] Change to Voltage: 125 mv (0x17)[m
08-12 13:31:46.502  2961  3044 D com.xiaomi.tv.gallery.download.GalleryDownloadManager: no server ip
08-12 13:31:46.506  2961  3044 D com.xiaomi.tv.gallery.download.GalleryDownloadManager: no server ip
08-12 13:31:46.509  2961  3044 D com.xiaomi.tv.gallery.download.GalleryDownloadManager: no server ip
08-12 13:31:46.512  2961  3044 D com.xiaomi.tv.gallery.download.GalleryDownloadManager: no server ip
08-12 13:31:46.515  2961  3044 D com.xiaomi.tv.gallery.download.GalleryDownloadManager: no server ip
08-12 13:31:46.518  2961  3044 D com.xiaomi.tv.gallery.download.GalleryDownloadManager: no server ip
08-12 13:31:46.521  2961  3044 D com.xiaomi.tv.gallery.download.GalleryDownloadManager: no server ip
08-12 13:31:46.525  2961  3044 D com.xiaomi.tv.gallery.download.GalleryDownloadManager: no server ip
08-12 13:31:46.528  2961  3044 D com.xiaomi.tv.gallery.download.GalleryDownloadManager: no server ip
08-12 13:31:46.531  2961  3044 D com.xiaomi.tv.gallery.download.GalleryDownloadManager: no server ip
08-12 13:31:46.534  2961  3044 D com.xiaomi.tv.gallery.download.GalleryDownloadManager: no server ip
08-12 13:31:46.537  2961  3044 D com.xiaomi.tv.gallery.download.GalleryDownloadManager: no server ip
08-12 13:31:46.543  2961  3044 D com.xiaomi.tv.gallery.download.GalleryDownloadManager: no server ip
08-12 13:31:46.547  2961  3044 D com.xiaomi.tv.gallery.download.GalleryDownloadManager: no server ip
08-12 13:31:46.550  2961  3044 D com.xiaomi.tv.gallery.download.GalleryDownloadManager: no server ip
08-12 13:31:46.553  2961  3044 D com.xiaomi.tv.gallery.download.GalleryDownloadManager: no server ip
08-12 13:31:46.556  2961  3044 D com.xiaomi.tv.gallery.download.GalleryDownloadManager: no server ip
08-12 13:31:46.559  2961  3044 D com.xiaomi.tv.gallery.download.GalleryDownloadManager: no server ip
08-12 13:31:46.562  2961  3044 D com.xiaomi.tv.gallery.download.GalleryDownloadManager: no server ip
08-12 13:31:46.566  2961  3044 D com.xiaomi.tv.gallery.download.GalleryDownloadManager: no server ip
08-12 13:31:46.569  2961  3044 D com.xiaomi.tv.gallery.download.GalleryDownloadManager: no server ip
08-12 13:31:46.572  2961  3044 D com.xiaomi.tv.gallery.download.GalleryDownloadManager: no server ip
08-12 13:31:46.575  2961  3044 D com.xiaomi.tv.gallery.download.GalleryDownloadManager: no server ip
08-12 13:31:46.578  2961  3044 D com.xiaomi.tv.gallery.download.GalleryDownloadManager: no server ip
08-12 13:31:46.581  2961  3044 D com.xiaomi.tv.gallery.download.GalleryDownloadManager: no server ip
08-12 13:31:46.585  2961  3044 D com.xiaomi.tv.gallery.download.GalleryDownloadManager: no server ip
08-12 13:31:46.591  2961  3044 D com.xiaomi.tv.gallery.download.GalleryDownloadManager: no server ip
08-12 13:31:46.594  2961  3044 D com.xiaomi.tv.gallery.download.GalleryDownloadManager: no server ip
08-12 13:31:46.597  2961  3044 D com.xiaomi.tv.gallery.download.GalleryDownloadManager: no server ip
08-12 13:31:46.601  2961  3044 D com.xiaomi.tv.gallery.download.GalleryDownloadManager: no server ip
08-12 13:31:46.603   126   126 I tvos    : [37m[INFO] Change to Voltage: 105 mv (0x8)[m
08-12 13:31:46.605  2961  3044 D com.xiaomi.tv.gallery.download.GalleryDownloadManager: no server ip
08-12 13:31:46.609  2961  3044 D com.xiaomi.tv.gallery.download.GalleryDownloadManager: no server ip
08-12 13:31:46.612  2961  3044 D com.xiaomi.tv.gallery.download.GalleryDownloadManager: no server ip
08-12 13:31:46.617  2961  3044 D com.xiaomi.tv.gallery.download.GalleryDownloadManager: no server ip
08-12 13:31:46.621  2961  3044 D com.xiaomi.tv.gallery.download.GalleryDownloadManager: no server ip
08-12 13:31:46.625  2961  3044 D com.xiaomi.tv.gallery.download.GalleryDownloadManager: no server ip
08-12 13:31:46.629  2961  3044 D com.xiaomi.tv.gallery.download.GalleryDownloadManager: no server ip
08-12 13:31:46.633  2961  3044 D com.xiaomi.tv.gallery.download.GalleryDownloadManager: no server ip
08-12 13:31:46.636  2961  3044 D com.xiaomi.tv.gallery.download.GalleryDownloadManager: no server ip
08-12 13:31:46.640  2961  3044 D com.xiaomi.tv.gallery.download.GalleryDownloadManager: no server ip
08-12 13:31:46.646  2961  3044 D com.xiaomi.tv.gallery.download.GalleryDownloadManager: no server ip
08-12 13:31:46.650  2961  3044 D com.xiaomi.tv.gallery.download.GalleryDownloadManager: no server ip
08-12 13:31:46.654  2961  3044 D com.xiaomi.tv.gallery.download.GalleryDownloadManager: no server ip
08-12 13:31:46.658  2961  3044 D com.xiaomi.tv.gallery.download.GalleryDownloadManager: no server ip
08-12 13:31:46.661  2961  3044 D com.xiaomi.tv.gallery.download.GalleryDownloadManager: no server ip
08-12 13:31:46.665  2961  3044 D com.xiaomi.tv.gallery.download.GalleryDownloadManager: no server ip
08-12 13:31:46.669  2961  3044 D com.xiaomi.tv.gallery.download.GalleryDownloadManager: no server ip
08-12 13:31:46.673  2961  3044 D com.xiaomi.tv.gallery.download.GalleryDownloadManager: no server ip
08-12 13:31:46.676  2961  3044 D com.xiaomi.tv.gallery.download.GalleryDownloadManager: no server ip
08-12 13:31:46.680  2961  3044 D com.xiaomi.tv.gallery.download.GalleryDownloadManager: no server ip
08-12 13:31:46.684  2961  3044 D com.xiaomi.tv.gallery.download.GalleryDownloadManager: no server ip
08-12 13:31:46.687  2961  3044 D com.xiaomi.tv.gallery.download.GalleryDownloadManager: no server ip
08-12 13:31:46.691  2961  3044 D com.xiaomi.tv.gallery.download.GalleryDownloadManager: no server ip
08-12 13:31:46.695  2961  3044 D com.xiaomi.tv.gallery.download.GalleryDownloadManager: no server ip
08-12 13:31:46.700  2961  3044 D com.xiaomi.tv.gallery.download.GalleryDownloadManager: no server ip
08-12 13:31:46.702   126   126 I tvos    : [37m[INFO] Change to Voltage: 105 mv (0x8)[m
08-12 13:31:46.704  2961  3044 D com.xiaomi.tv.gallery.download.GalleryDownloadManager: no server ip
08-12 13:31:46.708  2961  3044 D com.xiaomi.tv.gallery.download.GalleryDownloadManager: no server ip
08-12 13:31:46.712  2961  3044 D com.xiaomi.tv.gallery.download.GalleryDownloadManager: no server ip
08-12 13:31:46.715  2961  3044 D com.xiaomi.tv.gallery.download.GalleryDownloadManager: no server ip
08-12 13:31:46.720  2961  3044 D com.xiaomi.tv.gallery.download.GalleryDownloadManager: no server ip
08-12 13:31:46.724  2961  3044 D com.xiaomi.tv.gallery.download.GalleryDownloadManager: no server ip
08-12 13:31:46.728  2961  3044 D com.xiaomi.tv.gallery.download.GalleryDownloadManager: no server ip
08-12 13:31:46.731  2961  3044 D com.xiaomi.tv.gallery.download.GalleryDownloadManager: no server ip
08-12 13:31:46.735  2961  3044 D com.xiaomi.tv.gallery.download.GalleryDownloadManager: no server ip
08-12 13:31:46.738  2961  3044 D com.xiaomi.tv.gallery.download.GalleryDownloadManager: no server ip
08-12 13:31:46.742  2961  3044 D com.xiaomi.tv.gallery.download.GalleryDownloadManager: no server ip
08-12 13:31:46.746  2961  3044 D com.xiaomi.tv.gallery.download.GalleryDownloadManager: no server ip
08-12 13:31:46.750  2961  3044 D com.xiaomi.tv.gallery.download.GalleryDownloadManager: no server ip
08-12 13:31:46.756  2961  3044 D com.xiaomi.tv.gallery.download.GalleryDownloadManager: no server ip
08-12 13:31:46.759  2961  3044 D com.xiaomi.tv.gallery.download.GalleryDownloadManager: no server ip
08-12 13:31:46.763  2961  3044 D com.xiaomi.tv.gallery.download.GalleryDownloadManager: no server ip
08-12 13:31:46.767  2961  3044 D com.xiaomi.tv.gallery.download.GalleryDownloadManager: no server ip
08-12 13:31:46.770  2961  3044 D com.xiaomi.tv.gallery.download.GalleryDownloadManager: no server ip
08-12 13:31:46.775  2961  3044 D com.xiaomi.tv.gallery.download.GalleryDownloadManager: no server ip
08-12 13:31:46.779  2961  3044 D com.xiaomi.tv.gallery.download.GalleryDownloadManager: no server ip
08-12 13:31:46.784  2961  3044 D com.xiaomi.tv.gallery.download.GalleryDownloadManager: no server ip
08-12 13:31:46.787  2961  3044 D com.xiaomi.tv.gallery.download.GalleryDownloadManager: no server ip
08-12 13:31:46.792  2961  3044 D com.xiaomi.tv.gallery.download.GalleryDownloadManager: no server ip
08-12 13:31:46.795  2961  3044 D com.xiaomi.tv.gallery.download.GalleryDownloadManager: no server ip
08-12 13:31:46.798  2961  3044 D com.xiaomi.tv.gallery.download.GalleryDownloadManager: no server ip
08-12 13:31:46.802  2961  3044 D com.xiaomi.tv.gallery.download.GalleryDownloadManager: no server ip
08-12 13:31:46.810  2961  3044 D com.xiaomi.tv.gallery.download.GalleryDownloadManager: no server ip
08-12 13:31:46.815  2961  3044 D com.xiaomi.tv.gallery.download.GalleryDownloadManager: no server ip
08-12 13:31:46.819  2961  3044 D com.xiaomi.tv.gallery.download.GalleryDownloadManager: no server ip
08-12 13:31:46.823  2961  3044 D com.xiaomi.tv.gallery.download.GalleryDownloadManager: no server ip
08-12 13:31:46.827  2961  3044 D com.xiaomi.tv.gallery.download.GalleryDownloadManager: no server ip
08-12 13:31:46.831  2961  3044 D com.xiaomi.tv.gallery.download.GalleryDownloadManager: no server ip
08-12 13:31:46.835  2961  3044 D com.xiaomi.tv.gallery.download.GalleryDownloadManager: no server ip
08-12 13:31:46.838  2961  3044 D com.xiaomi.tv.gallery.download.GalleryDownloadManager: no server ip
08-12 13:31:46.843  2961  3044 D com.xiaomi.tv.gallery.download.GalleryDownloadManager: no server ip
08-12 13:31:46.846  2961  3044 D com.xiaomi.tv.gallery.download.GalleryDownloadManager: no server ip
08-12 13:31:46.850  2961  3044 D com.xiaomi.tv.gallery.download.GalleryDownloadManager: no server ip
08-12 13:31:46.854  2961  3044 D com.xiaomi.tv.gallery.download.GalleryDownloadManager: no server ip
08-12 13:31:46.862  2961  3044 D com.xiaomi.tv.gallery.download.GalleryDownloadManager: no server ip
08-12 13:31:46.866  2961  3044 D com.xiaomi.tv.gallery.download.GalleryDownloadManager: no server ip
08-12 13:31:46.870  2961  3044 D com.xiaomi.tv.gallery.download.GalleryDownloadManager: no server ip
08-12 13:31:46.874  2961  3044 D com.xiaomi.tv.gallery.download.GalleryDownloadManager: no server ip
08-12 13:31:46.878  2961  3044 D com.xiaomi.tv.gallery.download.GalleryDownloadManager: no server ip
08-12 13:31:46.882  2961  3044 D com.xiaomi.tv.gallery.download.GalleryDownloadManager: no server ip
08-12 13:31:46.886  2961  3044 D com.xiaomi.tv.gallery.download.GalleryDownloadManager: no server ip
08-12 13:31:46.890  2961  3044 D com.xiaomi.tv.gallery.download.GalleryDownloadManager: no server ip
08-12 13:31:46.894  2961  3044 D com.xiaomi.tv.gallery.download.GalleryDownloadManager: no server ip
08-12 13:31:46.897  2961  3044 D com.xiaomi.tv.gallery.download.GalleryDownloadManager: no server ip
