08-12 13:32:16.513  2192  2192 D BaseAppItemsViewManager: pos:(x:4, y:2), info:ApplicationInfo(id=15, title=ÂçÅÊª¥Ê∞¥, mPackageName=com.youjoy.shidishui, intent=Intent { act=android.intent.action.MAIN cat=[android.intent.category.LAUNCHER] flg=0x10200000 cmp=com.youjoy.shidishui/.MainActivity }, itemType=0, mFoderId=-1, mParentFolderId=-100, page=-1, cellX=4, cellY=2, available=1, mIconType=0, mIconPackage=null, mIconResource=null, mIcon=false, appItemLoader=com.xiaomi.tv.desktop.model.d@11145fcb)
08-12 13:32:16.514  2192  2192 D BaseAppItemsViewManager: pos:(x:5, y:0), info:ApplicationInfo(id=16, title=Â∞èÁ±≥ËøêÂä®Ê±á, mPackageName=com.jiajia.yundonghui.mitv, intent=Intent { act=android.intent.action.MAIN cat=[android.intent.category.LAUNCHER] flg=0x10200000 cmp=com.jiajia.yundonghui.mitv/.Start }, itemType=0, mFoderId=-1, mParentFolderId=-100, page=-1, cellX=5, cellY=0, available=1, mIconType=0, mIconPackage=null, mIconResource=null, mIcon=false, appItemLoader=com.xiaomi.tv.desktop.model.d@b4d7ec1)
08-12 13:32:16.514  2192  2192 D BaseAppItemsViewManager: pos:(x:5, y:1), info:ApplicationInfo(id=17, title=ÊÄ•ÈÄüÊºÇÁßª, mPackageName=com.meiriq.androidtv.drifting, intent=Intent { act=android.intent.action.MAIN cat=[android.intent.category.LAUNCHER] flg=0x10200000 cmp=com.meiriq.androidtv.drifting/.ui.DriftingActivity }, itemType=0, mFoderId=-1, mParentFolderId=-100, page=-1, cellX=5, cellY=1, available=1, mIconType=0, mIconPackage=null, mIconResource=null, mIcon=false, appItemLoader=com.xiaomi.tv.desktop.model.d@d072da7)
08-12 13:32:16.514  2192  2192 D BaseAppItemsViewManager: pos:(x:5, y:2), info:ApplicationInfo(id=18, title=Ê≤ôÂèëÁÆ°ÂÆ∂, mPackageName=com.shafa.market, intent=Intent { act=android.intent.action.MAIN cat=[android.intent.category.LAUNCHER] flg=0x10200000 cmp=com.shafa.market/.ShafaHomeAct }, itemType=0, mFoderId=-1, mParentFolderId=-100, page=-1, cellX=5, cellY=2, available=1, mIconType=0, mIconPackage=null, mIconResource=null, mIcon=false, appItemLoader=com.xiaomi.tv.desktop.model.d@2ef245fd)
08-12 13:32:16.514  2192  2192 D BaseAppItemsViewManager: pos:(x:6, y:0), info:ApplicationInfo(id=19, title=ËøêÂä®Âä†Âä†OL, mPackageName=com.jiajia.club_shafa, intent=Intent { act=android.intent.action.MAIN cat=[android.intent.category.LAUNCHER] flg=0x10200000 cmp=com.jiajia.club_shafa/.Start }, itemType=0, mFoderId=-1, mParentFolderId=-100, page=-1, cellX=6, cellY=0, available=1, mIconType=0, mIconPackage=null, mIconResource=null, mIcon=false, appItemLoader=com.xiaomi.tv.desktop.model.d@176efd43)
08-12 13:32:16.515  2192  2192 D BaseAppItemsViewManager: pos:(x:6, y:1), info:ApplicationInfo(id=20, title=Â∞èÁ±≥Ë∑ØÁî±Âô®, mPackageName=com.xiaomi.mitv.mediaexplorer, intent=Intent { act=android.intent.action.MAIN cat=[android.intent.category.LAUNCHER] cmp=com.xiaomi.mitv.mediaexplorer/.xq.XQMainEntryActivity }, itemType=1, mFoderId=-1, mParentFolderId=-100, page=-1, cellX=6, cellY=1, available=1, mIconType=0, mIconPackage=com.xiaomi.mitv.mediaexplorer, mIconResource=com.xiaomi.mitv.mediaexplorer:drawable/xiaomiluyou, mIcon=false, appItemLoader=com.xiaomi.tv.desktop.model.d@3f2244f9)
08-12 13:32:16.516  2192  2192 D BaseAppItemsViewManager: pos:(x:6, y:2), info:ApplicationInfo(id=-1, title=ËøÖÈõ∑ÁîµÂΩ±Èô¢, mPackageName=com.xiaomi.mitv.mediaexplorer, intent=Intent { act=android.intent.action.MAIN cat=[android.intent.category.LAUNCHER] cmp=com.xiaomi.mitv.mediaexplorer/.xunlei.XunleiCinemaActivty }, itemType=1, mFoderId=-1, mParentFolderId=-100, page=-1, cellX=6, cellY=2, available=1, mIconType=0, mIconPackage=com.xiaomi.mitv.mediaexplorer, mIconResource=com.xiaomi.mitv.mediaexplorer:drawable/xvx_icon, mIcon=false, appItemLoader=com.xiaomi.tv.desktop.model.d@4dcb7bd)
08-12 13:32:16.516  2192  2192 D BaseAppItemsViewManager: after onNewAppsInstalled FolderDataWrapper dumpData end...
08-12 13:32:16.516  2192  2192 D AppCategoryBottomView: updateLayoutParams() nColCnt = 23
08-12 13:32:16.553  2192  2192 D TVApiWrapper_TV2: onScrollChanged (-1181, 230)
08-12 13:32:16.559  2192  2192 D MainActivity: KeyEvent { action=ACTION_DOWN, keyCode=KEYCODE_BACK, scanCode=158, metaState=0, flags=0x8, repeatCount=0, eventTime=554072, downTime=554072, deviceId=6, source=0x101 }
08-12 13:32:16.559  2192  2192 D MainActivity: onKeyDown state:ENormal, KeyCode:4, showing:false
08-12 13:32:16.563  2192  2192 D ScrollView: requestChildFocus child:com.xiaomi.tv.desktop.ui.SandwichLayout{1914d8ce V.E..... .......D 0,0-10072,1080 #7f0a0033 app:id/sandwich}, focused:com.xiaomi.tv.desktop.ui.av{54343ef VFE...C. .F...... 0,0-480,280 #0}, isOpeningFolder:com.xiaomi.tv.desktop.ui.a{3630eefc V.E..... .......D 2600,0-9932,770 #186aa}
08-12 13:32:16.563  2192  2192 D ScrollView: computeScrollDeltaToGetChildRectOnScreen rect:Rect(100, 230 - 580, 510)
08-12 13:32:16.563  2192  2192 D ScrollView: , resultScrollX:0, scrollX:1282, scrollXDelta:-1282
08-12 13:32:16.563  2192  2192 D ScrollView: computeScrollDeltaToGetChildRectOnScreen Rect(100, 230 - 580, 510) -1282
08-12 13:32:16.563  2192  2192 V Cursor  : Triger animation now
08-12 13:32:16.563  2192  2192 D ChannelCategoryBottomViewV5: channel 0 got focus
08-12 13:32:16.563  2192  2192 D ChannelCategoryInfoLoader: setActiveChIdx 0
08-12 13:32:16.564  2192  2192 D SmartHomeMgrV2: content://com.xiaomi.smarthome.info/DesktopBannerMatrixhas changed
08-12 13:32:16.568  2418  2453 D InfoProvider: 1000 @ Binder_3 query for content://com.xiaomi.smarthome.info/DesktopBannerMatrix
08-12 13:32:16.568  2418  2453 D DesktopBannerMatrix: queryAll
08-12 13:32:16.570  2418  2453 D InfoProvider: 1000 @ Binder_3 query for content://com.xiaomi.smarthome.info/AqiTable
08-12 13:32:16.578  2192  2192 D MainActivity: KeyEvent { action=ACTION_UP, keyCode=KEYCODE_BACK, scanCode=158, metaState=0, flags=0x8, repeatCount=0, eventTime=554072, downTime=554072, deviceId=6, source=0x101 }
08-12 13:32:16.578  2192  2192 D ScrollView: executeKeyEvent drop event:1
08-12 13:32:16.578  2192  2192 D MiTVDesktopAdMgr: onAdvertiseResult size:1
08-12 13:32:16.623  2192  2192 E Cursor  :  doAnimation size : 1
08-12 13:32:16.623  2192  2192 D Cursor  : target pos : 100 230 size : 480 280
08-12 13:32:16.623  2192  2192 D Cursor  : cursor pos : 2568 177
08-12 13:32:16.623  2192  2192 V Cursor  : from rect Rect(0, 0 - 382, 266) to TargetRect Rect(0, 0 - 578, 386)
08-12 13:32:16.650   514  1893 I am_proc_start: [0,4073,1000,com.xiaomi.mitv.player,broadcast,com.xiaomi.mitv.player/com.xiaomi.push.service.receivers.NetworkStatusReceiver]
08-12 13:32:16.650   514  1893 I ActivityManager: Start proc com.xiaomi.mitv.player for broadcast com.xiaomi.mitv.player/com.xiaomi.push.service.receivers.NetworkStatusReceiver: pid=4073 uid=1000 gids={41000, 9997, 3003, 1028, 1015, 1007, 2001, 1023, 3006, 3002, 3001} abi=armeabi-v7a
08-12 13:32:16.660  2192  2192 D TVApiWrapper_TV2: onScrollChanged (-473, 230)
08-12 13:32:16.683   114   114 D hwcomposer: @@@@x=0, y=230, width=7, height=280
08-12 13:32:16.684   514  1844 I am_proc_bound: [0,4073,com.xiaomi.mitv.player]
08-12 13:32:16.698   114   114 D tvini   : projectID=0x3 
08-12 13:32:16.734   114   114 D hwcomposer: panel Width 3840, Height 2160
08-12 13:32:16.735   114   114 D hwcomposer: osd Width 1920, Height 1080
08-12 13:32:16.735   114   114 D hwcomposer: @@@@PANEL/OSD W ratio : 2.000000, H ratio : 2.000000
08-12 13:32:16.735   114   114 D hwcomposer: @@@@ apply ratio, x=0, y=460, width=14, height=560
08-12 13:32:16.739  2192  2192 D TVApiWrapper_TV2: onScrollChanged (2, 230)
08-12 13:32:16.740  2192  2216 D MiTv-Impl-tv2_48-mstar-AtvPlayerImpl: setCommonCommand come surface-shape-move
08-12 13:32:16.740  1377  1377 I PictureManager_JNI: selectWindow
08-12 13:32:16.741  1377  1377 I PictureManager_JNI: SetDisplayWindow
08-12 13:32:16.741   142  1520 W CROP    : Lock window enabled @ x,y,w,h=4,460,960,560
08-12 13:32:16.742   126   126 I tvos    : m_u32VFreqForLockWind = 6000
08-12 13:32:16.750   114   332 D hwcomposer: lastVideoPlanes is dirty
08-12 13:32:16.750   114   332 D hwcomposer: lastHWWindowInfo is dirty
08-12 13:32:16.753  1377  1377 I PictureManager_JNI: moveWindow
08-12 13:32:16.767   114   114 D hwcomposer: @@@@x=2, y=230, width=480, height=280
08-12 13:32:16.767  1377  1377 D MiTv-Service-TvService: moveWindow x=4 y=460 mWidth=960 mHeight=560 cost 27
08-12 13:32:16.767  1377  1377 D MiTv-Service-TvService: mCurSource=1 previous operation=4 mPendingOperation=0 mCurWindow=Rect(4, 460 - 960, 560) mDisplayWindowReadySource=1 mPendingMoveWindow=null
08-12 13:32:16.768   114   114 D tvini   : projectID=0x3 
08-12 13:32:16.790   114   114 D hwcomposer: panel Width 3840, Height 2160
08-12 13:32:16.790   114   114 D hwcomposer: osd Width 1920, Height 1080
08-12 13:32:16.791   114   114 D hwcomposer: @@@@PANEL/OSD W ratio : 2.000000, H ratio : 2.000000
08-12 13:32:16.791   114   114 D hwcomposer: @@@@ apply ratio, x=4, y=460, width=960, height=560
08-12 13:32:16.798  2192  2192 D TVApiWrapper_TV2: onScrollChanged (94, 230)
08-12 13:32:16.799  2192  2216 D MiTv-Impl-tv2_48-mstar-AtvPlayerImpl: setCommonCommand come surface-shape-move
08-12 13:32:16.802  1377  1377 I PictureManager_JNI: selectWindow
08-12 13:32:16.802  1377  1377 I PictureManager_JNI: SetDisplayWindow
08-12 13:32:16.802   142  1547 W CROP    : Lock window enabled @ x,y,w,h=188,460,960,560
08-12 13:32:16.803   126   126 I tvos    : m_u32VFreqForLockWind = 6000
08-12 13:32:16.803  1377  1377 I PictureManager_JNI: moveWindow
08-12 13:32:16.807  4073  4073 W ResourcesManager: Asset path '/system/framework/MitvAPIImpl.jar' does not exist or contains no resources.
08-12 13:32:16.816  1377  1377 D MiTv-Service-TvService: moveWindow x=188 y=460 mWidth=960 mHeight=560 cost 14
08-12 13:32:16.816  1377  1377 D MiTv-Service-TvService: mCurSource=1 previous operation=4 mPendingOperation=0 mCurWindow=Rect(188, 460 - 960, 560) mDisplayWindowReadySource=1 mPendingMoveWindow=null
08-12 13:32:16.817   114   114 D hwcomposer: @@@@x=94, y=230, width=480, height=280
08-12 13:32:16.818   114   114 D tvini   : projectID=0x3 
08-12 13:32:16.834  2192  2192 D Cursor  : mStopNotifier
08-12 13:32:16.841  2192  2192 D TVApiWrapper_TV2: onScrollChanged (100, 230)
08-12 13:32:16.842  2192  2216 D MiTv-Impl-tv2_48-mstar-AtvPlayerImpl: setCommonCommand come surface-shape-move
08-12 13:32:16.842   114   114 D hwcomposer: panel Width 3840, Height 2160
08-12 13:32:16.842  1377  1377 I PictureManager_JNI: selectWindow
08-12 13:32:16.842   114   114 D hwcomposer: osd Width 1920, Height 1080
08-12 13:32:16.842   114   114 D hwcomposer: @@@@PANEL/OSD W ratio : 2.000000, H ratio : 2.000000
08-12 13:32:16.842   114   114 D hwcomposer: @@@@ apply ratio, x=188, y=460, width=960, height=560
08-12 13:32:16.842  1377  1377 I PictureManager_JNI: SetDisplayWindow
08-12 13:32:16.842   142   501 W CROP    : Lock window enabled @ x,y,w,h=200,460,960,560
08-12 13:32:16.843   126   126 I tvos    : m_u32VFreqForLockWind = 6000
08-12 13:32:16.843  1377  1377 I PictureManager_JNI: moveWindow
08-12 13:32:16.851  1377  1377 D MiTv-Service-TvService: moveWindow x=200 y=460 mWidth=960 mHeight=560 cost 8
08-12 13:32:16.851  1377  1377 D MiTv-Service-TvService: mCurSource=1 previous operation=4 mPendingOperation=0 mCurWindow=Rect(200, 460 - 960, 560) mDisplayWindowReadySource=1 mPendingMoveWindow=null
08-12 13:32:16.864  3859  3879 D DeviceReport: finished job ConfigUpdateJob
08-12 13:32:16.867   114   114 D hwcomposer: @@@@x=100, y=230, width=480, height=280
08-12 13:32:16.868   114   114 D tvini   : projectID=0x3 
08-12 13:32:16.889   114   114 D hwcomposer: panel Width 3840, Height 2160
08-12 13:32:16.889   114   114 D hwcomposer: osd Width 1920, Height 1080
08-12 13:32:16.889   114   114 D hwcomposer: @@@@PANEL/OSD W ratio : 2.000000, H ratio : 2.000000
08-12 13:32:16.889   114   114 D hwcomposer: @@@@ apply ratio, x=200, y=460, width=960, height=560
08-12 13:32:16.977  2192  2192 D SmartHomeViewBuilderV2: onVisInParentChangefalse
08-12 13:32:16.977  2239  2256 E MIUIADSyncService: onAdFinished, adId = 2 extraInfo = null
08-12 13:32:16.977  2239  2256 D AbstractAdvertise: LogPlayEnd
08-12 13:32:16.977  2239  2256 D MIUIADProvider: query uri : content://com.xiaomi.mitv.advertise.common.provider.MIUIADProvider/recommended/2
08-12 13:32:16.978  2239  2256 E MIUIADProvider: query, cursor = android.database.sqlite.SQLiteCursor@283aa435
08-12 13:32:16.978  2239  2256 E AbstractAdvertise: queryContent, advertiseID = 2
08-12 13:32:16.979  2239  2256 E AbstractAdvertise: cursor.getColumnCount() = 10
08-12 13:32:16.980  2239  2256 E AbstractAdvertise: adId = 6502
08-12 13:32:16.980  2239  2256 E AbstractAdvertise: adTS = 1439356933149
08-12 13:32:16.980  2239  2256 D AbstractAdvertise: getCurrentProductUrl, productUrl : null
08-12 13:32:16.981  2239  2256 D AbstractAdvertise: current version 100
08-12 13:32:16.981  2239  2256 D Ad SDK  : operation: onAdFinished
08-12 13:32:16.986  2192  2192 D MiTVDesktopAdMgr: onViewStart true
08-12 13:32:16.986  2239  2255 E MIUIADSyncService: onAdView, adId = 1 extraInfo = onAdView
08-12 13:32:16.986  2239  2255 D AbstractAdvertise: LogPlayBegin
08-12 13:32:16.987  2239  2255 D MIUIADProvider: query uri : content://com.xiaomi.mitv.advertise.common.provider.MIUIADProvider/recommended/1
08-12 13:32:16.987  2239  2255 E MIUIADProvider: query, cursor = android.database.sqlite.SQLiteCursor@34fe40ca
08-12 13:32:16.987  2239  2310 D Ad SDK  : Tracker ClientInfo : deviceInfo {
08-12 13:32:16.987  2239  2310 D Ad SDK  :   device: "gladiator"
08-12 13:32:16.987  2239  2310 D Ad SDK  :   model: "MiTV2S-48"
08-12 13:32:16.987  2239  2310 D Ad SDK  :   displayDensity: "320"
08-12 13:32:16.987  2239  2310 D Ad SDK  :   displayResolution: "1080*1920"
08-12 13:32:16.987  2239  2310 D Ad SDK  :   androidVersion: "5.0.1"
08-12 13:32:16.987  2239  2310 D Ad SDK  :   miuiVersion: "1213"
08-12 13:32:16.987  2239  2310 D Ad SDK  : }
08-12 13:32:16.987  2239  2310 D Ad SDK  : userInfo {
08-12 13:32:16.987  2239  2310 D Ad SDK  :   mac: "00:00:00:00:00:00"
08-12 13:32:16.987  2239  2310 D Ad SDK  :   androidId: "974714fcb5cb4e9f"
08-12 13:32:16.987  2239  2310 D Ad SDK  :   language: "zh"
08-12 13:32:16.987  2239  2310 D Ad SDK  :   country: "CN"
08-12 13:32:16.987  2239  2310 D Ad SDK  :   wiremac: "5b11bace3b21548f71a273121cfa15a6"
08-12 13:32:16.987  2239  2310 D Ad SDK  : }
08-12 13:32:16.987  2239  2310 D Ad SDK  : packageName: "com.xiaomi.mitv.advertise"
08-12 13:32:16.987  2239  2255 E AbstractAdvertise: queryContent, advertiseID = 1
08-12 13:32:16.988  2239  2310 D Ad SDK  : Tracker Event : FINISHED
08-12 13:32:16.988  2239  2310 D Ad SDK  : Tracker Ad ID : 6502
08-12 13:32:16.988  2239  2310 D TRACK_LOG: Start Track Event
08-12 13:32:16.990  2239  2255 E AbstractAdvertise: cursor.getColumnCount() = 10
08-12 13:32:16.990  2239  2255 E AbstractAdvertise: adId = 6306
08-12 13:32:16.990  2239  2255 E AbstractAdvertise: adTS = 1439356938080
08-12 13:32:16.990  2239  2255 D AbstractAdvertise: getCurrentProductUrl, productUrl : null
08-12 13:32:16.991  2239  2255 D AbstractAdvertise: current version 100
08-12 13:32:16.991  2239  2255 D Ad SDK  : operation: onAdView
08-12 13:32:16.992  2239  2255 D Ad SDK  : In monitor manager, parameters are , adId : 6306 adGetTime : 1439356938080 eventTargetType : ADassetId :  pubEvent : VIEW
08-12 13:32:16.992  2239  2255 D Ad SDK  : This is impossible!
08-12 13:32:16.993  2239  2315 D Ad SDK  : Tracker ClientInfo : deviceInfo {
08-12 13:32:16.993  2239  2315 D Ad SDK  :   device: "gladiator"
08-12 13:32:16.993  2239  2315 D Ad SDK  :   model: "MiTV2S-48"
08-12 13:32:16.993  2239  2315 D Ad SDK  :   displayDensity: "320"
08-12 13:32:16.993  2239  2315 D Ad SDK  :   displayResolution: "1080*1920"
08-12 13:32:16.993  2239  2315 D Ad SDK  :   androidVersion: "5.0.1"
08-12 13:32:16.993  2239  2315 D Ad SDK  :   miuiVersion: "1213"
08-12 13:32:16.993  2239  2315 D Ad SDK  : }
08-12 13:32:16.993  2239  2315 D Ad SDK  : userInfo {
08-12 13:32:16.993  2239  2315 D Ad SDK  :   mac: "00:00:00:00:00:00"
08-12 13:32:16.993  2239  2315 D Ad SDK  :   androidId: "974714fcb5cb4e9f"
08-12 13:32:16.993  2239  2315 D Ad SDK  :   language: "zh"
08-12 13:32:16.993  2239  2315 D Ad SDK  :   country: "CN"
08-12 13:32:16.993  2239  2315 D Ad SDK  :   wiremac: "5b11bace3b21548f71a273121cfa15a6"
08-12 13:32:16.993  2239  2315 D Ad SDK  : }
08-12 13:32:16.993  2239  2315 D Ad SDK  : packageName: "com.xiaomi.mitv.advertise"
08-12 13:32:16.994  2239  2315 D Ad SDK  : Tracker Event : VIEW
08-12 13:32:16.994  2239  2315 D Ad SDK  : Tracker Ad ID : 6306
08-12 13:32:16.994  2239  2315 D TRACK_LOG: Start Track Event
08-12 13:32:17.018  2239  2310 D Http Post: Http Post Success
08-12 13:32:17.018  2239  2310 D TRACK_LOG: Track Event Success
08-12 13:32:17.024  2239  2315 D Http Post: Http Post Success
08-12 13:32:17.024  2239  2315 D TRACK_LOG: Track Event Success
08-12 13:32:17.054  4060  4075 W dex2oat : Verification of void com.kuyun.smarttv.resource.jar.common.c.d.<clinit>() took 152.680ms
08-12 13:32:17.055  4060  4076 W dex2oat : Verification of boolean com.kuyun.smarttv.resource.jar.common.c.d$b.a(com.kuyun.smarttv.resource.jar.common.c.d$a) took 153.047ms
08-12 13:32:17.055  4060  4060 W dex2oat : Verification of void com.kuyun.smarttv.resource.jar.api.KYNativeApiCard.openPluginForResult(android.content.Context, java.lang.String, java.util.HashMap, int) took 154.619ms
08-12 13:32:17.106  4073  4073 I LoadedApk: No resource references to update in package com.xiaomi.mitv.res
08-12 13:32:17.111  3859  4094 D Retrofit: ---> HTTP GET http://jellyfish.pandora.xiaomi.com/api/config/get?did=10%3A48%3Ab1%3Aaf%3A69%3A76&product=Xiaomi%2Fgladiator%2Fgladiator%2FMiTV2S-48&revision=5.8.12.1213%2F1213
08-12 13:32:17.111  3859  4094 D Retrofit: Accept: application/json
08-12 13:32:17.111  3859  4094 D Retrofit: User-Agent: android-app
08-12 13:32:17.111  3859  4094 D Retrofit: ---> END HTTP (no body)
08-12 13:32:17.147  4073  4073 I com.xiaomi.mitv.player.common.DuoKanProvider: onCreate
08-12 13:32:17.206  4073  4073 W ContextImpl: Calling a method in the system process without a qualified user: android.app.ContextImpl.bindService:1750 android.content.ContextWrapper.bindService:538 com.xiaomi.mitv.player.common.PlayService.bind:-1 com.xiaomi.mitv.player.DKApp.onCreate:-1 android.app.Instrumentation.callApplicationOnCreate:1011 
08-12 13:32:17.208  4073  4073 I com.xiaomi.mitv.player.common.DKPlayerServiceProxy: bind
08-12 13:32:17.208  4073  4073 W ContextImpl: Calling a method in the system process without a qualified user: android.app.ContextImpl.bindService:1750 android.content.ContextWrapper.bindService:538 com.xiaomi.mitv.player.common.DKPlayerServiceProxy.bind:-1 com.xiaomi.mitv.player.DKApp.onCreate:-1 android.app.Instrumentation.callApplicationOnCreate:1011 
08-12 13:32:17.209  4073  4073 W ContextImpl: Implicit intents with startService are not safe: Intent { act=com.xiaomi.tv.DKPlayerService } android.content.ContextWrapper.bindService:538 com.xiaomi.mitv.player.common.DKPlayerServiceProxy.bind:-1 com.xiaomi.mitv.player.DKApp.onCreate:-1 
08-12 13:32:17.217  4073  4073 V Player_DKApp: onCreate
08-12 13:32:17.217  4073  4073 D DKTVServiceAPI: DKTVServiceAPI create
08-12 13:32:17.221  4073  4073 E ActivityThread: Failed to find provider info for com.xiaomi.tv.nameservice
08-12 13:32:17.222  4073  4073 W System.err: java.lang.IllegalArgumentException: Unknown URL content://com.xiaomi.tv.nameservice/Mapping/
08-12 13:32:17.222  4073  4073 W System.err: 	at android.content.ContentResolver.insert(ContentResolver.java:1203)
08-12 13:32:17.222  4073  4073 W System.err: 	at mitv.net.AddressResolver.registerNameMapping(AddressResolver.java:46)
08-12 13:32:17.222  4073  4073 W System.err: 	at com.xiaomi.mitv.player.DKApp.onCreate(Unknown Source)
08-12 13:32:17.222  4073  4073 W System.err: 	at android.app.Instrumentation.callApplicationOnCreate(Instrumentation.java:1011)
08-12 13:32:17.223  4073  4073 W System.err: 	at android.app.ActivityThread.handleBindApplication(ActivityThread.java:4518)
08-12 13:32:17.223  4073  4073 W System.err: 	at android.app.ActivityThread.access$1500(ActivityThread.java:144)
08-12 13:32:17.223  4073  4073 W System.err: 	at android.app.ActivityThread$H.handleMessage(ActivityThread.java:1339)
08-12 13:32:17.223  4073  4073 W System.err: 	at android.os.Handler.dispatchMessage(Handler.java:102)
08-12 13:32:17.223  4073  4073 W System.err: 	at android.os.Looper.loop(Looper.java:135)
08-12 13:32:17.223  4073  4073 W System.err: 	at android.app.ActivityThread.main(ActivityThread.java:5221)
08-12 13:32:17.223  4073  4073 W System.err: 	at java.lang.reflect.Method.invoke(Native Method)
08-12 13:32:17.224  4073  4073 W System.err: 	at java.lang.reflect.Method.invoke(Method.java:372)
08-12 13:32:17.224  4073  4073 W System.err: 	at com.android.internal.os.ZygoteInit$MethodAndArgsCaller.run(ZygoteInit.java:902)
08-12 13:32:17.224  4073  4073 W System.err: 	at com.android.internal.os.ZygoteInit.main(ZygoteInit.java:697)
08-12 13:32:17.226  4073  4073 E ActivityThread: Failed to find provider info for com.xiaomi.tv.nameservice
08-12 13:32:17.227  4073  4073 W System.err: java.lang.IllegalArgumentException: Unknown URL content://com.xiaomi.tv.nameservice/Mapping/
08-12 13:32:17.227  4073  4073 W System.err: 	at android.content.ContentResolver.insert(ContentResolver.java:1203)
08-12 13:32:17.227  4073  4073 W System.err: 	at mitv.net.AddressResolver.registerNameMapping(AddressResolver.java:46)
08-12 13:32:17.227  4073  4073 W System.err: 	at com.xiaomi.mitv.player.DKApp.onCreate(Unknown Source)
08-12 13:32:17.227  4073  4073 W System.err: 	at android.app.Instrumentation.callApplicationOnCreate(Instrumentation.java:1011)
08-12 13:32:17.227  4073  4073 W System.err: 	at android.app.ActivityThread.handleBindApplication(ActivityThread.java:4518)
08-12 13:32:17.227  4073  4073 W System.err: 	at android.app.ActivityThread.access$1500(ActivityThread.java:144)
08-12 13:32:17.227  4073  4073 W System.err: 	at android.app.ActivityThread$H.handleMessage(ActivityThread.java:1339)
08-12 13:32:17.227  4073  4073 W System.err: 	at android.os.Handler.dispatchMessage(Handler.java:102)
08-12 13:32:17.227  4073  4073 W System.err: 	at android.os.Looper.loop(Looper.java:135)
08-12 13:32:17.228  4073  4073 W System.err: 	at android.app.ActivityThread.main(ActivityThread.java:5221)
08-12 13:32:17.228  4073  4073 W System.err: 	at java.lang.reflect.Method.invoke(Native Method)
08-12 13:32:17.228  4073  4073 W System.err: 	at java.lang.reflect.Method.invoke(Method.java:372)
08-12 13:32:17.228  4073  4073 W System.err: 	at com.android.internal.os.ZygoteInit$MethodAndArgsCaller.run(ZygoteInit.java:902)
08-12 13:32:17.228  4073  4073 W System.err: 	at com.android.internal.os.ZygoteInit.main(ZygoteInit.java:697)
08-12 13:32:17.360  4060  4076 W dex2oat : Verification of void com.kuyun.smarttv.resource.jar.common.f.l.<init>(com.kuyun.smarttv.resource.jar.common.f.f, com.kuyun.smarttv.sdk.resource.api.card.data.CardData, java.lang.String) took 240.958ms
08-12 13:32:17.360  4060  4077 W dex2oat : Verification of void com.kuyun.smarttv.resource.jar.common.f.a.a.loadServer() took 241.534ms
08-12 13:32:17.360  4060  4060 W dex2oat : Verification of void com.kuyun.smarttv.resource.jar.common.f.k.run() took 243.601ms
08-12 13:32:17.361  4060  4075 W dex2oat : Verification of void com.kuyun.smarttv.resource.jar.common.f.f.a(com.kuyun.smarttv.sdk.resource.api.data.Vote, java.lang.String) took 241.330ms
08-12 13:32:17.369   514  1248 D WifiService: New client listening to asynchronous messages
08-12 13:32:17.430   126   126 I tvos    : [37m[INFO] Change to Voltage: 120 mv (0x13)[m
08-12 13:32:17.450  3859  4094 D Retrofit: <--- HTTP 200 http://jellyfish.pandora.xiaomi.com/api/config/get?did=10%3A48%3Ab1%3Aaf%3A69%3A76&product=Xiaomi%2Fgladiator%2Fgladiator%2FMiTV2S-48&revision=5.8.12.1213%2F1213 (339ms)
08-12 13:32:17.450  3859  4094 D Retrofit: : HTTP/1.1 200 OK
08-12 13:32:17.450  3859  4094 D Retrofit: Connection: keep-alive
08-12 13:32:17.450  3859  4094 D Retrofit: Content-Type: application/json
08-12 13:32:17.451  3859  4094 D Retrofit: Date: Wed, 12 Aug 2015 05:32:17 GMT
08-12 13:32:17.451  3859  4094 D Retrofit: OkHttp-Received-Millis: 1439357537355
08-12 13:32:17.451  3859  4094 D Retrofit: OkHttp-Response-Source: NETWORK 200
08-12 13:32:17.451  3859  4094 D Retrofit: OkHttp-Selected-Protocol: http/1.1
08-12 13:32:17.451  3859  4094 D Retrofit: OkHttp-Sent-Millis: 1439357537247
08-12 13:32:17.451  3859  4094 D Retrofit: Server: gunicorn/19.0.0
08-12 13:32:17.451  3859  4094 D Retrofit: Transfer-Encoding: chunked
08-12 13:32:17.496  3859  4094 D Retrofit: {
08-12 13:32:17.496  3859  4094 D Retrofit:   "data": {
08-12 13:32:17.496  3859  4094 D Retrofit:     "msg": "no config data available",
08-12 13:32:17.496  3859  4094 D Retrofit:     "version": -1
08-12 13:32:17.496  3859  4094 D Retrofit:   },
08-12 13:32:17.496  3859  4094 D Retrofit:   "status": 1
08-12 13:32:17.496  3859  4094 D Retrofit: }
08-12 13:32:17.496  3859  4094 D Retrofit: <--- END HTTP (91-byte body)
08-12 13:32:17.512  4073  4073 D Ad SDK  : operation: onAdCacheDownload, context: {"adPositionId":"102"}
08-12 13:32:17.528   126   126 I tvos    : [37m[INFO] Change to Voltage: 125 mv (0x17)[m
08-12 13:32:17.583   514  1246 E WifiStateMachine: handleMessage: E msg.what=131155
08-12 13:32:17.583   514  1246 E WifiStateMachine: processMsg: ConnectedState
08-12 13:32:17.584   514  1246 E WifiStateMachine:  ConnectedState !CMD_RSSI_POLL 1 0 "DKTest_B18_5G" 8c:be:be:20:a6:9d rssi=-36 f=5765 sc=60 link=780 tx=44.8, 0.0, 0.0  rx=42.5 bcn=0 [on:0 tx:0 rx:0 period:13727] from screen [on:0 period:543493424] gl rssi=-36 ag=0 hr ticks 0,0,0 ls-=0 [56,56,60,60,65] brc=0 lrc=0
08-12 13:32:17.584   514  1246 E WifiStateMachine: processMsg: L2ConnectedState
08-12 13:32:17.585   514  1246 E WifiStateMachine:  L2ConnectedState !CMD_RSSI_POLL 1 0 "DKTest_B18_5G" 8c:be:be:20:a6:9d rssi=-36 f=5765 sc=60 link=780 tx=44.8, 0.0, 0.0  rx=42.5 bcn=0 [on:0 tx:0 rx:0 period:1] from screen [on:0 period:543493425] gl rssi=-36 ag=0 hr ticks 0,0,0 ls-=0 [56,56,60,60,65] brc=0 lrc=0
08-12 13:32:17.585   514  1246 E WifiStateMachine:  get link layer stats 0
08-12 13:32:17.585   514  1246 D wifi    : doCommand: IFNAME=wlan0 SIGNAL_POLL
08-12 13:32:17.585  3807  3807 I wpa_supplicant: [CTRL_IFACE]wlan0: SIGNAL_POLL
08-12 13:32:17.587  3807  3807 D wpa_supplicant: nl80211: survey data missing!
08-12 13:32:17.587   514  1246 D wifi    : cmd = IFNAME=wlan0 SIGNAL_POLL, reply: RSSI=-34
08-12 13:32:17.587   514  1246 D wifi    : LINKSPEED=702
08-12 13:32:17.587   514  1246 D wifi    : NOISE=9999
08-12 13:32:17.587   514  1246 D wifi    : FREQUENCY=5765
08-12 13:32:17.588   514  1246 E WifiStateMachine: fetchRssiLinkSpeedAndFrequencyNative rssi=-34 linkspeed=702
08-12 13:32:17.589   514  1246 E WifiStateMachine: calculateWifiScore freq=5765 speed=702 score=60 highRSSI  -> txbadrate=0.00 txgoodrate=108.38 txretriesrate=0.00 rxrate=73.75 userTriggerdPenalty0
08-12 13:32:17.589   514  1246 E WifiStateMachine:  good link -> stuck count =0
08-12 13:32:17.589   514  1246 E WifiStateMachine:  badRSSI count0 lowRSSI count0 --> score 60
08-12 13:32:17.589   514  1246 E WifiStateMachine:  isHighRSSI       ---> score=65
08-12 13:32:17.590  2285  2285 D MiTVNetworkController: action onReceive is : android.net.wifi.RSSI_CHANGED, mitv.network.ethernet.action.ETHERNET_STATE_CHANGED
08-12 13:32:17.591  2285  2285 D MiTVNetworkController: updateWifiIcons mWifiConnected:true, mWifiLevel:4
08-12 13:32:17.591  2285  2285 D NetworkStateManager: changeNetworkState, type:2, flag:0, level:4, lable:DKTest_B18_5G
08-12 13:32:17.591  2285  2285 D NetworkStateView: changeNetworkState type:2, flag:1, level:4, label:DKTest_B18_5G, last_lable:null
08-12 13:32:17.590  3859  3859 D DeviceReport: config server response: {"data":{"msg":"no config data available","version":-1},"status":1}
08-12 13:32:17.591   514  1246 E WifiStateMachine: handleMessage: X
08-12 13:32:17.591  3859  3859 D DeviceReport: server return status: 1
08-12 13:32:17.809  1801  4019 I Bonjour : HandleEvents end: _raop._tcp. 
08-12 13:32:17.809  1801  2438 I Bonjour : Reset-> Unregister _airkan._tcp.local.
08-12 13:32:17.809  1801  2438 I Bonjour : Reset-> restart Bonjour 
08-12 13:32:17.830   126   126 I tvos    : [37m[INFO] Change to Voltage: 105 mv (0x8)[m
08-12 13:32:17.882   514   955 D PowerManagerService: checkScreenSaverTimeoutLocked come 120000 reason=userActivity
08-12 13:32:17.882   514   955 I MitvPhoneWindowManager: prepare dispatch key 22 down=true to Window{fd914b2 u0 com.xiaomi.tv.desktop/com.xiaomi.tv.desktop.ui.MainActivity} win attr=WM.LayoutParams{(0,0)(fillxfill) sim=#120 ty=1 fl=#1810500 pfl=0x8 fmt=-3 wanim=0x1030001 surfaceInsets=Rect(0, 0 - 0, 0)}
08-12 13:32:17.882   514   956 V MitvPhoneWindowManager: ################## preset and sequence keys #####################
08-12 13:32:17.882   514   956 V MitvPhoneWindowManager:   Preset: 4	21	
08-12 13:32:17.882   514   956 V MitvPhoneWindowManager: Sequence: 4	4	
08-12 13:32:17.882   514   956 V MitvPhoneWindowManager: #################################################################
08-12 13:32:17.884   514   955 I MitvPhoneWindowManager: prepare dispatch key 22 down=false to Window{fd914b2 u0 com.xiaomi.tv.desktop/com.xiaomi.tv.desktop.ui.MainActivity} win attr=WM.LayoutParams{(0,0)(fillxfill) sim=#120 ty=1 fl=#1810500 pfl=0x8 fmt=-3 wanim=0x1030001 surfaceInsets=Rect(0, 0 - 0, 0)}
08-12 13:32:17.886  3942  3973 I Smb.SmbSearch: startSearch!
08-12 13:32:17.886  3942  3973 I Smb.SmbSearch: start
08-12 13:32:17.886  3942  3973 I Util    : get ip
08-12 13:32:17.888  2192  2215 D AppItemsDB: doDBOperations add:ApplicationInfo(id=21, title=ËøÖÈõ∑ÁîµÂΩ±Èô¢, mPackageName=com.xiaomi.mitv.mediaexplorer, intent=Intent { act=android.intent.action.MAIN cat=[android.intent.category.LAUNCHER] cmp=com.xiaomi.mitv.mediaexplorer/.xunlei.XunleiCinemaActivty }, itemType=1, mFoderId=-1, mParentFolderId=-100, page=-1, cellX=6, cellY=2, available=1, mIconType=0, mIconPackage=com.xiaomi.mitv.mediaexplorer, mIconResource=com.xiaomi.mitv.mediaexplorer:drawable/xvx_icon, mIcon=false, appItemLoader=com.xiaomi.tv.desktop.model.d@4dcb7bd)
08-12 13:32:17.890  2192  2192 D MainActivity: KeyEvent { action=ACTION_DOWN, keyCode=KEYCODE_DPAD_RIGHT, scanCode=106, metaState=0, flags=0x8, repeatCount=0, eventTime=555548, downTime=555548, deviceId=6, source=0x101 }
08-12 13:32:17.890  2192  2192 D MainActivity: onKeyDown state:ENormal, KeyCode:22, showing:false
08-12 13:32:17.890  2192  2192 D ChannelCategoryBottomViewV5: focusSearch com.xiaomi.tv.desktop.ui.av{54343ef VFE...C. .F...... 0,0-480,280 #0}
08-12 13:32:17.890  2192  2192 D AppCategoryBottomView: addFocusables direction:66, focusableMode:1
08-12 13:32:17.890  2192  2192 D AppCategoryBottomView: addFocusables lastView:AppItemBottomView{title:Â∞èÁ±≥ÁîµËßÜËÆæÁΩÆ, orig string:com.xiaomi.tv.desktop.ui.d{215a9402 VFE...CL ........ 17,30-302,190}}, lastView parent:com.xiaomi.tv.desktop.appeditor.v2.f{2b2401b2 V.E..... ........ 0,40-7332,770}
08-12 13:32:17.891  1801  4023 D SDPRegisterDevice: Profile changed, try to publish
08-12 13:32:17.891  2192  2192 D ScrollView: requestChildFocus child:com.xiaomi.tv.desktop.ui.SandwichLayout{1914d8ce V.E..... ......ID 0,0-10072,1080 #7f0a0033 app:id/sandwich}, focused:com.xiaomi.tv.desktop.ui.ag{3e348676 VFE...C. .F...... 640,70-1070,770 #186a3}, isOpeningFolder:com.xiaomi.tv.desktop.ui.a{3630eefc V.E..... ........ 2600,0-9932,770 #186aa}
08-12 13:32:17.891  2192  2192 V Cursor  : Triger animation now
08-12 13:32:17.893   514   955 I MitvPhoneWindowManager: prepare dispatch key 22 down=true to Window{fd914b2 u0 com.xiaomi.tv.desktop/com.xiaomi.tv.desktop.ui.MainActivity} win attr=WM.LayoutParams{(0,0)(fillxfill) sim=#120 ty=1 fl=#1810500 pfl=0x8 fmt=-3 wanim=0x1030001 surfaceInsets=Rect(0, 0 - 0, 0)}
08-12 13:32:17.894   119   119 V AudioPolicyManager: getDeviceForStrategy() strategy 0, device 2
08-12 13:32:17.894   119   119 V AudioPolicyManager: getOutput() device 2, stream 1, samplingRate 0, format 0, channelMask 3, flags 0
08-12 13:32:17.894  2192  2192 D MainActivity: KeyEvent { action=ACTION_UP, keyCode=KEYCODE_DPAD_RIGHT, scanCode=106, metaState=0, flags=0x8, repeatCount=0, eventTime=555549, downTime=555548, deviceId=6, source=0x101 }
08-12 13:32:17.895  2192  2192 D ScrollView: executeKeyEvent drop event:1
08-12 13:32:17.895   119   119 V AudioPolicyManager: getOutputsForDevice() device 0002
08-12 13:32:17.895   119   119 V AudioPolicyManager: output 0 isDuplicated=0 device=0002
08-12 13:32:17.895   119   119 V AudioPolicyManager: getOutputsForDevice() found output 2
08-12 13:32:17.895   119   119 V AudioPolicyManager: getOutput() returns output 2
08-12 13:32:17.895   119  1260 V AudioPolicyManager: getDeviceForStrategy() strategy 0, device 2
08-12 13:32:17.895   119  1260 V AudioPolicyManager: getOutput() device 2, stream 1, samplingRate 0, format 0, channelMask 3, flags 0
08-12 13:32:17.895   119  1260 V AudioPolicyManager: getOutputsForDevice() device 0002
08-12 13:32:17.895   119  1260 V AudioPolicyManager: output 0 isDuplicated=0 device=0002
08-12 13:32:17.895   119  1260 V AudioPolicyManager: getOutputsForDevice() found output 2
08-12 13:32:17.895   119  1260 V AudioPolicyManager: getOutput() returns output 2
08-12 13:32:17.895   514   955 I MitvPhoneWindowManager: prepare dispatch key 22 down=false to Window{fd914b2 u0 com.xiaomi.tv.desktop/com.xiaomi.tv.desktop.ui.MainActivity} win attr=WM.LayoutParams{(0,0)(fillxfill) sim=#120 ty=1 fl=#1810500 pfl=0x8 fmt=-3 wanim=0x1030001 surfaceInsets=Rect(0, 0 - 0, 0)}
08-12 13:32:17.899   119  1259 V AudioPolicyManager: getOutputForAttr() usage=13, content=4, tag= flags=00000000
08-12 13:32:17.899   119  1259 V AudioPolicyManager: getDeviceForStrategy() strategy 0, device 2
08-12 13:32:17.899   119  1259 V AudioPolicyManager: getOutputForAttr() device 2, samplingRate 44100, format 1, channelMask 3, flags 4
08-12 13:32:17.899   119  1259 V AudioPolicyManager: getOutputsForDevice() device 0002
08-12 13:32:17.899   119  1259 V AudioPolicyManager: output 0 isDuplicated=0 device=0002
08-12 13:32:17.899   119  1259 V AudioPolicyManager: getOutputsForDevice() found output 2
08-12 13:32:17.899   119  1259 V AudioPolicyManager: getOutput() returns output 2
08-12 13:32:17.899   514  1258 W AudioTrack: AUDIO_OUTPUT_FLAG_FAST denied by client
08-12 13:32:17.901  2344  4059 W ContextImpl: Calling a method in the system process without a qualified user: android.app.ContextImpl.sendBroadcast:1321 android.content.ContextWrapper.sendBroadcast:376 org.eclipse.paho.android.service.MqttService.callbackToActivity:-1 org.eclipse.paho.android.service.MqttConnection.messageArrived:-1 org.eclipse.paho.client.mqttv3.internal.CommsCallback.handleMessage:-1 
08-12 13:32:17.904  2344  4059 E CommsCallback: 5b11bace3b21548f71a273121cfa15a6:7ab11843c8a84f08a91dca4787a1f362: notify spaceAvailable
08-12 13:32:17.904  2344  4059 E CommsCallback: 5b11bace3b21548f71a273121cfa15a6:7ab11843c8a84f08a91dca4787a1f362: wait for workAvailable
08-12 13:32:17.905  3942  3973 I Util    : find ip: wlan0
08-12 13:32:17.905  3942  3973 I Util    : wifi connect, get ip for wifi
08-12 13:32:17.906  3942  3973 I Smb.SmbSearch: localIP: 192.168.31.132
08-12 13:32:17.906  3942  3973 I Smb.SmbSearch: begin to search!
08-12 13:32:17.913  3942  3973 I Util    : get ip
08-12 13:32:17.916  3942  3973 I Util    : find ip: wlan0
08-12 13:32:17.917  3942  3973 I Util    : wifi connect, get ip for wifi
08-12 13:32:17.917  3942  3973 I Smb.SmbSearch: test ip: 192.168.31.1
08-12 13:32:17.928   126   126 I tvos    : [37m[INFO] Change to Voltage: 125 mv (0x17)[m
08-12 13:32:17.934  3942  3973 I Smb.SmbSearch: p.waitFor(): 0
08-12 13:32:17.935  3942  3973 I Smb.SmbSearch: try to list all domains: 192.168.31.1
08-12 13:32:17.955   119   119 V AudioPolicyManager: startOutput() output 2, stream 1, session 27
08-12 13:32:17.956   119   119 V AudioPolicyManager: changeRefCount() stream 1, count 1
08-12 13:32:17.956   119   119 V AudioPolicyManager: getDeviceForStrategy() strategy 0, device 2
08-12 13:32:17.956   119   119 V AudioPolicyManager: getNewOutputDevice() selected device 2
08-12 13:32:17.956   119   119 V AudioPolicyManager: setStreamVolumeIndex() stream 10, device 0002, index 15
08-12 13:32:17.956   119   119 V AudioPolicyManager: VOLUME vol index=[60 100 100], dB=[-11.0 0.0 0.0] ampl=1.00000
08-12 13:32:17.956   119   119 V AudioPolicyManager: setOutputDevice() output 2 device 0002 delayMs 0
08-12 13:32:17.956   119   119 V AudioPolicyManager: setOutputDevice() prevDevice 0002
08-12 13:32:17.956   119   119 V AudioPolicyManager: getDeviceForStrategy() strategy 0, device 2
08-12 13:32:17.956   119   119 V AudioPolicyManager: getDeviceForStrategy() strategy 1, device 2
08-12 13:32:17.956   119   119 V AudioPolicyManager: getDeviceForStrategy() strategy 2, device 2
08-12 13:32:17.956   119   119 V AudioPolicyManager: getDeviceForStrategy() strategy 2, device 2
08-12 13:32:17.956   119   119 V AudioPolicyManager: getDeviceForStrategy() strategy 3, device 2
08-12 13:32:17.956   119   119 V AudioPolicyManager: getDeviceForStrategy() strategy 0, device 2
08-12 13:32:17.956   119   119 V AudioPolicyManager: getDeviceForStrategy() strategy 4, device 2
08-12 13:32:17.956   119   119 V AudioPolicyManager: getDeviceForStrategy() strategy 5, device 2
08-12 13:32:17.956   119   119 V AudioPolicyManager: getDeviceForStrategy() strategy 6, device 2
08-12 13:32:17.956   119   119 V AudioPolicyManager: setOutputDevice() setting same device 0002 or null device for output 2
08-12 13:32:17.956   119   119 V AudioPolicyManager: VOLUME vol index=[20 20 60], dB=[-34.0 -34.0 -11.0] ampl=0.01995
08-12 13:32:17.956  2192  2192 D ScrollView: computeScrollDeltaToGetChildRectOnScreen rect:Rect(640, 230 - 1070, 930)
08-12 13:32:17.957  2192  2192 D ScrollView: , resultScrollX:0, scrollX:0, scrollXDelta:0
08-12 13:32:17.957  2192  2192 D ScrollView: computeScrollDeltaToGetChildRectOnScreen Rect(640, 230 - 1070, 930) 0
08-12 13:32:17.957   119   496 V AudioPolicyManager: releaseOutput() 2
08-12 13:32:17.962  2192  2192 D MainActivity: KeyEvent { action=ACTION_DOWN, keyCode=KEYCODE_DPAD_RIGHT, scanCode=106, metaState=0, flags=0x8, repeatCount=0, eventTime=555549, downTime=555549, deviceId=6, source=0x101 }
08-12 13:32:17.962  2192  2192 D MainActivity: onKeyDown state:ENormal, KeyCode:22, showing:false
08-12 13:32:17.962  2192  2192 V CategoryTopView: onCursorChanged false
08-12 13:32:17.963  2192  2192 V CategoryTopView: ignore invalid onCursorChanged
08-12 13:32:17.963  2192  2192 D ScrollView: requestChildFocus child:com.xiaomi.tv.desktop.ui.SandwichLayout{1914d8ce V.E..... .......D 0,0-10072,1080 #7f0a0033 app:id/sandwich}, focused:com.xiaomi.tv.desktop.ui.ag{32996477 VFE...C. .F...... 1130,70-1560,770 #186a5}, isOpeningFolder:com.xiaomi.tv.desktop.ui.a{3630eefc V.E..... ........ 2600,0-9932,770 #186aa}
08-12 13:32:17.963  2192  2192 D ScrollView: computeScrollDeltaToGetChildRectOnScreen rect:Rect(1130, 230 - 1560, 930)
08-12 13:32:17.963  2192  2192 D ScrollView: , resultScrollX:0, scrollX:0, scrollXDelta:0
08-12 13:32:17.963  2192  2192 D ScrollView: computeScrollDeltaToGetChildRectOnScreen Rect(1130, 230 - 1560, 930) 0
08-12 13:32:17.963  2192  2192 D Cursor  : trigerMov
08-12 13:32:17.963  2192  2192 V Cursor  : Animation on going just save to target Queue size:1
08-12 13:32:17.964   119   505 V AudioPolicyManager: getDeviceForStrategy() strategy 0, device 2
08-12 13:32:17.964   119   505 V AudioPolicyManager: getOutput() device 2, stream 1, samplingRate 0, format 0, channelMask 3, flags 0
08-12 13:32:17.964   119   505 V AudioPolicyManager: getOutputsForDevice() device 0002
08-12 13:32:17.964   119   505 V AudioPolicyManager: output 0 isDuplicated=0 device=0002
08-12 13:32:17.964   119   505 V AudioPolicyManager: getOutputsForDevice() found output 2
08-12 13:32:17.964   119   505 V AudioPolicyManager: getOutput() returns output 2
08-12 13:32:17.965   119  1259 V AudioPolicyManager: getDeviceForStrategy() strategy 0, device 2
08-12 13:32:17.965   119  1259 V AudioPolicyManager: getOutput() device 2, stream 1, samplingRate 0, format 0, channelMask 3, flags 0
08-12 13:32:17.965   119  1259 V AudioPolicyManager: getOutputsForDevice() device 0002
08-12 13:32:17.965   119  1259 V AudioPolicyManager: output 0 isDuplicated=0 device=0002
08-12 13:32:17.965   119  1259 V AudioPolicyManager: getOutputsForDevice() found output 2
08-12 13:32:17.965   119  1259 V AudioPolicyManager: getOutput() returns output 2
08-12 13:32:17.966   119  1260 V AudioPolicyManager: getOutputForAttr() usage=13, content=4, tag= flags=00000000
08-12 13:32:17.966   119  1260 V AudioPolicyManager: getDeviceForStrategy() strategy 0, device 2
08-12 13:32:17.966   119  1260 V AudioPolicyManager: getOutputForAttr() device 2, samplingRate 44100, format 1, channelMask 3, flags 4
08-12 13:32:17.966   119  1260 V AudioPolicyManager: getOutputsForDevice() device 0002
08-12 13:32:17.966   119  1260 V AudioPolicyManager: output 0 isDuplicated=0 device=0002
08-12 13:32:17.966   119  1260 V AudioPolicyManager: getOutputsForDevice() found output 2
08-12 13:32:17.966   119  1260 V AudioPolicyManager: getOutput() returns output 2
08-12 13:32:17.966   514  1258 W AudioTrack: AUDIO_OUTPUT_FLAG_FAST denied by client
08-12 13:32:17.968   119   505 V AudioPolicyManager: startOutput() output 2, stream 1, session 28
08-12 13:32:17.968   119   505 V AudioPolicyManager: changeRefCount() stream 1, count 2
08-12 13:32:17.969   119   496 V AudioPolicyManager: releaseOutput() 2
08-12 13:32:17.974  2344  2344 D TVMQTTPushMessageReceiver: TVMQTTPushMessageReceiver received topic: $SYS/challenge/req, message: {"c":"HsGYFtOFyoQvq3siMM5A0H6ZOrmEiYX3","ts":"1439357536265"}, length:61
08-12 13:32:17.978  4073  4073 D Ad SDK  : we check the uplimit of disk
08-12 13:32:17.980  4073  4073 D Ad SDK  : operation: onAdCacheDownload, context: {"adPositionId":"108"}
08-12 13:32:17.981  4073  4109 D Ad SDK  : Get Ad Schedule From Server, context: {"adPositionId":"102","preCache":true}
08-12 13:32:17.983  4073  4110 D Ad SDK  : Get Ad Schedule From Server, context: {"adPositionId":"108","preCache":true}
08-12 13:32:17.987  4073  4111 D AdManager: get policy
08-12 13:32:17.989  3942  4112 I System.out: localAddr: /192.168.31.132
08-12 13:32:17.989  2192  2192 D MainActivity: KeyEvent { action=ACTION_UP, keyCode=KEYCODE_DPAD_RIGHT, scanCode=106, metaState=0, flags=0x8, repeatCount=0, eventTime=555550, downTime=555549, deviceId=6, source=0x101 }
08-12 13:32:17.989  2192  2192 D ScrollView: executeKeyEvent drop event:1
08-12 13:32:17.989  2192  2192 E Cursor  :  doAnimation size : 1
08-12 13:32:17.989  2192  2192 D Cursor  : target pos : 1130 230 size : 430 600
08-12 13:32:17.989  2192  2192 D Cursor  : cursor pos : 51 177
08-12 13:32:17.989  2192  2192 V Cursor  : from rect Rect(0, 0 - 578, 386) to TargetRect Rect(0, 0 - 528, 706)
08-12 13:32:18.008   119   500 E AudioResamplerXHQ: !!!!!!!!Aud resample not enough data!!!!
08-12 13:32:18.008   119   500 E AudioResamplerXHQ: !!!!!!!!Aud resample not enough data!!!!
08-12 13:32:18.048   119   500 E AudioResamplerXHQ: !!!!!!!!Aud resample not enough data!!!!
08-12 13:32:18.048   119   500 E AudioResamplerXHQ: !!!!!!!!Aud resample not enough data!!!!
08-12 13:32:18.068   119   496 V AudioPolicyManager: stopOutput() output 2, stream 1, session 27
08-12 13:32:18.068   119   496 V AudioPolicyManager: changeRefCount() stream 1, count 1
08-12 13:32:18.092  3942  4112 I Util    : get ip
08-12 13:32:18.096  3942  4112 I Util    : find ip: wlan0
08-12 13:32:18.097  3942  4112 I Util    : wifi connect, get ip for wifi
08-12 13:32:18.099  3942  4112 I System.out: localAddr by mAndroidHelper: /192.168.31.132
08-12 13:32:18.104  4073  4111 D AdManager: get policy result:{dur={0=[1200000]}, swait={0=[10000]}, paid={0=[0]}, seri={0=[1]}, videoType={102=[0], 104=[0], 109=[0], 108=[0]}, licences={0=[icntv, gitv]}, swit={0=[1]}, inter={0=[180000]}}
08-12 13:32:18.109   119   496 V AudioPolicyManager: stopOutput() output 2, stream 1, session 28
08-12 13:32:18.109   119   496 V AudioPolicyManager: changeRefCount() stream 1, count 0
08-12 13:32:18.109   119   496 V AudioPolicyManager: getNewOutputDevice() selected device 0
08-12 13:32:18.109   119   496 V AudioPolicyManager: setOutputDevice() output 2 device 0000 delayMs 20
08-12 13:32:18.109   119   496 V AudioPolicyManager: setOutputDevice() prevDevice 0002
08-12 13:32:18.109   119   496 V AudioPolicyManager: getDeviceForStrategy() strategy 0, device 2
08-12 13:32:18.109   119   496 V AudioPolicyManager: getDeviceForStrategy() strategy 1, device 2
08-12 13:32:18.109   119   496 V AudioPolicyManager: getDeviceForStrategy() strategy 2, device 2
08-12 13:32:18.109   119   496 V AudioPolicyManager: getDeviceForStrategy() strategy 2, device 2
08-12 13:32:18.109   119   496 V AudioPolicyManager: getDeviceForStrategy() strategy 3, device 2
08-12 13:32:18.109   119   496 V AudioPolicyManager: getDeviceForStrategy() strategy 0, device 2
08-12 13:32:18.109   119   496 V AudioPolicyManager: getDeviceForStrategy() strategy 4, device 2
08-12 13:32:18.109   119   496 V AudioPolicyManager: getDeviceForStrategy() strategy 5, device 2
08-12 13:32:18.109   119   496 V AudioPolicyManager: getDeviceForStrategy() strategy 6, device 2
08-12 13:32:18.109   119   496 V AudioPolicyManager: setOutputDevice() setting same device 0000 or null device for output 2
08-12 13:32:18.175  2192  2192 D Cursor  : mStopNotifier
08-12 13:32:18.203  4073  4111 D AdManager: updatePolicy:mIsOperatorPlayAd:true,mIsPaidMoviePlayAd:false,mMovieDurationPlayAd:1200000,mMovieIntervalPlayAd:180000,mMoviePauseDelayPlayAd:10000,mIsMovieContinuePlayAd:true,mIsMovieSwitchPlayAd:true,mPlayBeforeVideoType:[0],mPlayPauseVideoType:[0]
08-12 13:32:18.204  2192  2192 V CategoryTopView: onCursorChanged true
08-12 13:32:18.276  4073  4073 I com.xiaomi.mitv.player.common.PlayService: onServiceConnected
08-12 13:32:18.285  3942  3973 I Smb.SmbSearch: find domain: WORKGROUP/
08-12 13:32:18.290  4073  4073 I com.xiaomi.mitv.player.common.DKPlayerServiceProxy: onServiceConnected
08-12 13:32:18.292  3942  3973 I Util    : get ip
08-12 13:32:18.296  3942  3973 I Util    : find ip: wlan0
08-12 13:32:18.297  3942  3973 I Util    : wifi connect, get ip for wifi
08-12 13:32:18.297  3942  3973 I Smb.SmbSearch: test ip: 192.168.31.1
08-12 13:32:18.304  3765  3765 D NetworkBroadcastReceiver: has no noConnectivity extra, isConnected = true
08-12 13:32:18.305  3765  3765 D NetworkBroadcastReceiver: CapitviePortalClient receive SUPPLICANT_STATE_CHANGED_ACTION intent!!!
08-12 13:32:18.330  3942  3973 I Smb.SmbSearch: p.waitFor(): 0
08-12 13:32:18.332  3942  3973 I Smb.SmbSearch: try to list domain: name(WORKGROUP/) ip(192.168.31.1)
08-12 13:32:18.338  3942  3973 I Smb.SmbSearch: get ip for DKTEST_B18_2.4G/
08-12 13:32:18.347   514  1953 I am_proc_start: [0,4118,1000,com.xiaomi.tv.appupgrade,broadcast,com.xiaomi.tv.appupgrade/.BroadcastRecv]
08-12 13:32:18.347   514  1953 I ActivityManager: Start proc com.xiaomi.tv.appupgrade for broadcast com.xiaomi.tv.appupgrade/.BroadcastRecv: pid=4118 uid=1000 gids={41000, 9997, 3003, 1028, 1015, 1007, 2001, 1023, 3006, 3002, 3001} abi=armeabi-v7a
08-12 13:32:18.349   514  1376 I notification_cancel_all: [10004,2061,com.android.providers.downloads,0,0,64,9,NULL]
08-12 13:32:18.355  3942  3973 I Util    : get ip
08-12 13:32:18.361  1377  1377 I MiTv-Impl-tv2_48-mstar-SourceManagerImpl: getCurrentSource return 1
08-12 13:32:18.362  3942  3973 I Util    : find ip: wlan0
08-12 13:32:18.368  3942  3973 I Util    : wifi connect, get ip for wifi
08-12 13:32:18.371  3942  3973 I Smb.SmbSearch: test ip: 192.168.31.1
08-12 13:32:18.412  3942  3973 I Smb.SmbSearch: p.waitFor(): 0
08-12 13:32:18.412  3942  3973 I DeviceManager: onSearched:(192.168.31.1)(DKTEST_B18_2.4G)
08-12 13:32:18.412  3942  3973 I DiskDevice: DiskDevice init. context: com.xiaomi.mitv.mediaexplorer.App@29184062
08-12 13:32:18.412  3942  3973 I Smb.SmbDevice: new smb device, url(//192.168.31.1/), hostName(DKTEST_B18_2.4G)
08-12 13:32:18.412  3942  3973 I Smb.SmbDeviceInfoManager: queryAuthInfoByHostName: DKTEST_B18_2.4G
08-12 13:32:18.412  3942  3973 I DeviceManager: addSmbDevice name(DKTEST_B18_2.4G) murl(//192.168.31.1/)
08-12 13:32:18.413  3942  3973 I DeviceManager: addedDevice name(TESTSERVER) murl(//192.168.31.219/)
08-12 13:32:18.413  3942  3973 I DeviceManager: addedDevice name(DKTEST_B18_2.4G) murl(//192.168.31.1/)
08-12 13:32:18.413  3942  3973 I Smb.SmbSearch: get ip for TESTSERVER/
08-12 13:32:18.421  3942  3973 I Util    : get ip
08-12 13:32:18.421   514   545 I am_proc_bound: [0,4118,com.xiaomi.tv.appupgrade]
08-12 13:32:18.429  3942  3973 I Util    : find ip: wlan0
08-12 13:32:18.520  3942  3973 I Util    : wifi connect, get ip for wifi
08-12 13:32:18.520  3942  3973 I Smb.SmbSearch: test ip: 192.168.31.219
08-12 13:32:18.525  4118  4118 W ResourcesManager: Asset path '/system/framework/MitvAPIImpl.jar' does not exist or contains no resources.
08-12 13:32:18.529  4073  4109 W ActivityThread: ClassLoader.loadClass: The class loader returned by Thread.getContextClassLoader() may fail for processes that host multiple applications. You should explicitly specify a context class loader. For example: Thread.setContextClassLoader(getClass().getClassLoader());
08-12 13:32:18.538  3765  4117 E ActivityThread: Failed to find provider info for com.xiaomi.tv.nameservice
08-12 13:32:18.539  4118  4118 I LoadedApk: No resource references to update in package com.xiaomi.mitv.res
08-12 13:32:18.541  3765  4117 E ActivityThread: Failed to find provider info for com.xiaomi.tv.nameservice
