08-12 13:32:22.426  2344  4058 E ClientState: 5b11bace3b21548f71a273121cfa15a6:7ab11843c8a84f08a91dca4787a1f362: wait for new work or for space in the inflight window
08-12 13:32:22.426  3000  3015 I art     : Background sticky concurrent mark sweep GC freed 13939(1618KB) AllocSpace objects, 2(32KB) LOS objects, 13% free, 3MB/4MB, paused 65.937ms total 256.779ms
08-12 13:32:22.426  4118  4164 D AppUpgradeService: checkNewerAppFromServer serverRet -1 latestVerCode -1 aCurVer 100 apkUrl can not find package
08-12 13:32:22.426  3000  3051 D genSignature tmpUrlStr: : /app/desktop/5b11bace3b21548f71a273121cfa15a6/605/15/zh/CN?key=d668d3a268b64c41b3d91c6ab48ba5f9&res=hd1080&token=efa9ee751f4d454297a2ec7c488b4ceb
08-12 13:32:22.429  2192  2192 D TVApiWrapper_TV2: onScrollChanged (-2895, 230)
08-12 13:32:22.430  3000  3051 D Connection: connection url: http://appstore.ptmi.gitv.tv/app/desktop/5b11bace3b21548f71a273121cfa15a6/605/15/zh/CN?key=d668d3a268b64c41b3d91c6ab48ba5f9&res=hd1080&opaque=b0f143e31bfd2f1d5a3e3768d1c6dd229fc9de26
08-12 13:32:22.430  3000  3051 D Connection: hosted connection url: http://appstore.ptmi.gitv.tv/app/desktop/5b11bace3b21548f71a273121cfa15a6/605/15/zh/CN?key=d668d3a268b64c41b3d91c6ab48ba5f9&res=hd1080&opaque=b0f143e31bfd2f1d5a3e3768d1c6dd229fc9de26
08-12 13:32:22.431  4118  4164 W System.err: java.lang.RuntimeException: server err
08-12 13:32:22.434   119   496 V AudioPolicyManager: stopOutput() output 2, stream 1, session 68
08-12 13:32:22.434   119   496 V AudioPolicyManager: changeRefCount() stream 1, count 0
08-12 13:32:22.434  3000  3040 D LocalAppManager: all installed appscom.android.contacts
08-12 13:32:22.434   119   496 V AudioPolicyManager: getNewOutputDevice() selected device 0
08-12 13:32:22.434   119   496 V AudioPolicyManager: setOutputDevice() output 2 device 0000 delayMs 20
08-12 13:32:22.434   119   496 V AudioPolicyManager: setOutputDevice() prevDevice 0002
08-12 13:32:22.434   119   496 V AudioPolicyManager: getDeviceForStrategy() strategy 0, device 2
08-12 13:32:22.434   119   496 V AudioPolicyManager: getDeviceForStrategy() strategy 1, device 2
08-12 13:32:22.434   119   496 V AudioPolicyManager: getDeviceForStrategy() strategy 2, device 2
08-12 13:32:22.434   119   496 V AudioPolicyManager: getDeviceForStrategy() strategy 2, device 2
08-12 13:32:22.434   119   496 V AudioPolicyManager: getDeviceForStrategy() strategy 3, device 2
08-12 13:32:22.434   119   496 V AudioPolicyManager: getDeviceForStrategy() strategy 0, device 2
08-12 13:32:22.434   119   496 V AudioPolicyManager: getDeviceForStrategy() strategy 4, device 2
08-12 13:32:22.434   119   496 V AudioPolicyManager: getDeviceForStrategy() strategy 5, device 2
08-12 13:32:22.434   119   496 V AudioPolicyManager: getDeviceForStrategy() strategy 6, device 2
08-12 13:32:22.434   119   496 V AudioPolicyManager: setOutputDevice() setting same device 0000 or null device for output 2
08-12 13:32:22.436  4118  4164 W System.err: 	at com.xiaomi.tv.appupgrade.AppUpgradeService.checkNewerAppFromServer(AppUpgradeService.java:313)
08-12 13:32:22.436  4118  4164 W System.err: 	at com.xiaomi.tv.appupgrade.AppUpgradeService.checkAppVer(AppUpgradeService.java:154)
08-12 13:32:22.436  4118  4164 W System.err: 	at com.xiaomi.tv.appupgrade.AppUpgradeService.onHandleIntent(AppUpgradeService.java:122)
08-12 13:32:22.436  4118  4164 W System.err: 	at android.app.IntentService$ServiceHandler.handleMessage(IntentService.java:65)
08-12 13:32:22.436  4118  4164 W System.err: 	at android.os.Handler.dispatchMessage(Handler.java:102)
08-12 13:32:22.436  4118  4164 W System.err: 	at android.os.Looper.loop(Looper.java:135)
08-12 13:32:22.436  4118  4164 W System.err: 	at android.os.HandlerThread.run(HandlerThread.java:61)
08-12 13:32:22.439  3000  3051 E ActivityThread: Failed to find provider info for com.xiaomi.tv.nameservice
08-12 13:32:22.439  3000  3040 D LocalAppManager: all installed appscom.android.providers.telephony
08-12 13:32:22.440  3000  3051 E ActivityThread: Failed to find provider info for com.xiaomi.tv.nameservice
08-12 13:32:22.442  2344  4057 E ClientState: 5b11bace3b21548f71a273121cfa15a6:7ab11843c8a84f08a91dca4787a1f362: received bytes count=1
08-12 13:32:22.442  3000  3040 D LocalAppManager: all installed appscom.android.deskclock
08-12 13:32:22.442  2344  4057 E ClientState: 5b11bace3b21548f71a273121cfa15a6:7ab11843c8a84f08a91dca4787a1f362: received bytes count=3
08-12 13:32:22.443  2344  4057 E MqttInputStream: null: 501
08-12 13:32:22.444  2344  4057 E ClientState: 5b11bace3b21548f71a273121cfa15a6:7ab11843c8a84f08a91dca4787a1f362: received key=4 message=SUBACK msgId 4 granted Qos 0
08-12 13:32:22.444  2344  4057 E Token   : 5b11bace3b21548f71a273121cfa15a6:7ab11843c8a84f08a91dca4787a1f362: >key=4 response=SUBACK msgId 4 granted Qos 0 excep=null
08-12 13:32:22.444  2344  4057 E ClientState: 5b11bace3b21548f71a273121cfa15a6:7ab11843c8a84f08a91dca4787a1f362: key4, msg=SUBACK msgId 4 granted Qos 0, excep=null
08-12 13:32:22.444  2344  4057 E CommsCallback: 5b11bace3b21548f71a273121cfa15a6:7ab11843c8a84f08a91dca4787a1f362: new workAvailable. key=4
08-12 13:32:22.444  2344  4057 E CommsTokenStore: 5b11bace3b21548f71a273121cfa15a6:7ab11843c8a84f08a91dca4787a1f362: key=4
08-12 13:32:22.444  2344  4057 E CommsReceiver: 5b11bace3b21548f71a273121cfa15a6:7ab11843c8a84f08a91dca4787a1f362: network read message
08-12 13:32:22.445  2344  4059 E CommsCallback: 5b11bace3b21548f71a273121cfa15a6:7ab11843c8a84f08a91dca4787a1f362: callback and notify for key=4
08-12 13:32:22.445  2344  4059 E Token   : 5b11bace3b21548f71a273121cfa15a6:7ab11843c8a84f08a91dca4787a1f362: >key=4 response=SUBACK msgId 4 granted Qos 0 excep=null
08-12 13:32:22.445  2344  4059 E CommsCallback: 5b11bace3b21548f71a273121cfa15a6:7ab11843c8a84f08a91dca4787a1f362: call onSuccess key=4
08-12 13:32:22.445  3000  3040 D LocalAppManager: all installed appscom.xiaomi.mitv.upgrade
08-12 13:32:22.446  2344  4059 W ContextImpl: Calling a method in the system process without a qualified user: android.app.ContextImpl.sendBroadcast:1321 android.content.ContextWrapper.sendBroadcast:376 org.eclipse.paho.android.service.MqttService.callbackToActivity:-1 org.eclipse.paho.android.service.MqttConnection$MqttConnectionListener.onSuccess:-1 org.eclipse.paho.client.mqttv3.internal.CommsCallback.fireActionEvent:-1 
08-12 13:32:22.447  3000  3040 D LocalAppManager: all installed appscom.xiaomi.tv.appupgrade
08-12 13:32:22.448  2344  4059 E ClientState: 5b11bace3b21548f71a273121cfa15a6:7ab11843c8a84f08a91dca4787a1f362: received key=4 token=org.eclipse.paho.client.mqttv3.MqttToken@3af0f2d7 message=SUBACK msgId 4 granted Qos 0
08-12 13:32:22.448  2344  4059 E CommsCallback: 5b11bace3b21548f71a273121cfa15a6:7ab11843c8a84f08a91dca4787a1f362: notify spaceAvailable
08-12 13:32:22.448  2344  4059 E CommsCallback: 5b11bace3b21548f71a273121cfa15a6:7ab11843c8a84f08a91dca4787a1f362: wait for workAvailable
08-12 13:32:22.453  3000  3040 D LocalAppManager: all installed appscom.duokan.airkan.tvbox
08-12 13:32:22.455  3000  3040 D LocalAppManager: all installed appscom.xiaomi.mitv.advertise
08-12 13:32:22.457  3000  3040 D LocalAppManager: all installed appscn.kuwo.sing.tv
08-12 13:32:22.460  3000  3040 D LocalAppManager: no system appscn.kuwo.sing.tv
08-12 13:32:22.460  3000  3040 D LocalAppManager: all installed appscom.mstar.android.providers.tv
08-12 13:32:22.465  2344  2344 W TVMQTTPushManager: onCommandResult
08-12 13:32:22.465  2344  4057 E ClientState: 5b11bace3b21548f71a273121cfa15a6:7ab11843c8a84f08a91dca4787a1f362: received bytes count=1
08-12 13:32:22.465  2344  4057 E ClientState: 5b11bace3b21548f71a273121cfa15a6:7ab11843c8a84f08a91dca4787a1f362: received bytes count=3
08-12 13:32:22.466  2344  4057 E MqttInputStream: null: 501
08-12 13:32:22.466  2344  2344 W TVMQTTPushManager: onSuccess: subscribe action, id = 0
08-12 13:32:22.467  2344  2344 I TVMQTTPushManager: buildCommandMsg action:subscribe-topic resultCode:0
08-12 13:32:22.467  2344  4057 E ClientState: 5b11bace3b21548f71a273121cfa15a6:7ab11843c8a84f08a91dca4787a1f362: received key=5 message=SUBACK msgId 5 granted Qos 0
08-12 13:32:22.467  2344  4057 E Token   : 5b11bace3b21548f71a273121cfa15a6:7ab11843c8a84f08a91dca4787a1f362: >key=5 response=SUBACK msgId 5 granted Qos 0 excep=null
08-12 13:32:22.467  2344  4057 E ClientState: 5b11bace3b21548f71a273121cfa15a6:7ab11843c8a84f08a91dca4787a1f362: key5, msg=SUBACK msgId 5 granted Qos 0, excep=null
08-12 13:32:22.467  2344  4057 E CommsCallback: 5b11bace3b21548f71a273121cfa15a6:7ab11843c8a84f08a91dca4787a1f362: new workAvailable. key=5
08-12 13:32:22.468  2344  4057 E CommsTokenStore: 5b11bace3b21548f71a273121cfa15a6:7ab11843c8a84f08a91dca4787a1f362: key=5
08-12 13:32:22.468  2344  4057 E CommsReceiver: 5b11bace3b21548f71a273121cfa15a6:7ab11843c8a84f08a91dca4787a1f362: network read message
08-12 13:32:22.468  2344  4059 E CommsCallback: 5b11bace3b21548f71a273121cfa15a6:7ab11843c8a84f08a91dca4787a1f362: callback and notify for key=5
08-12 13:32:22.468  2344  4059 E Token   : 5b11bace3b21548f71a273121cfa15a6:7ab11843c8a84f08a91dca4787a1f362: >key=5 response=SUBACK msgId 5 granted Qos 0 excep=null
08-12 13:32:22.468  2344  4059 E CommsCallback: 5b11bace3b21548f71a273121cfa15a6:7ab11843c8a84f08a91dca4787a1f362: call onSuccess key=5
08-12 13:32:22.469  2344  4059 W ContextImpl: Calling a method in the system process without a qualified user: android.app.ContextImpl.sendBroadcast:1321 android.content.ContextWrapper.sendBroadcast:376 org.eclipse.paho.android.service.MqttService.callbackToActivity:-1 org.eclipse.paho.android.service.MqttConnection$MqttConnectionListener.onSuccess:-1 org.eclipse.paho.client.mqttv3.internal.CommsCallback.fireActionEvent:-1 
08-12 13:32:22.472  2344  4059 E ClientState: 5b11bace3b21548f71a273121cfa15a6:7ab11843c8a84f08a91dca4787a1f362: received key=5 token=org.eclipse.paho.client.mqttv3.MqttToken@cd306ad message=SUBACK msgId 5 granted Qos 0
08-12 13:32:22.472  2344  4059 E CommsCallback: 5b11bace3b21548f71a273121cfa15a6:7ab11843c8a84f08a91dca4787a1f362: notify spaceAvailable
08-12 13:32:22.472  2344  4059 E CommsCallback: 5b11bace3b21548f71a273121cfa15a6:7ab11843c8a84f08a91dca4787a1f362: wait for workAvailable
08-12 13:32:22.473  1687  2882 E RCOnTVPushListener: onCommandResult: {"command":"subscribe-topic","resultcode":0,"topic":"$SYS\/mihome\/req\/"}
08-12 13:32:22.476  2192  2192 D TVApiWrapper_TV2: onScrollChanged (-2860, 230)
08-12 13:32:22.477   514   955 I MitvPhoneWindowManager: prepare dispatch key 21 down=false to Window{fd914b2 u0 com.xiaomi.tv.desktop/com.xiaomi.tv.desktop.ui.MainActivity} win attr=WM.LayoutParams{(0,0)(fillxfill) sim=#120 ty=1 fl=#1810500 pfl=0x8 fmt=-3 wanim=0x1030001 surfaceInsets=Rect(0, 0 - 0, 0)}
08-12 13:32:22.487  3000  3040 D LocalAppManager: all installed appscom.duokan.application.photoviewer
08-12 13:32:22.490  3000  3040 D LocalAppManager: all installed appscom.xiaomi.devicereport
08-12 13:32:22.492  2344  2344 W TVMQTTPushManager: call onCommandResult
08-12 13:32:22.495  2344  2344 W TVMQTTPushManager: onSuccess: publish action, id = 3
08-12 13:32:22.497  2344  2344 W TVMQTTPushManager: onCommandResult for app: com.duokan.airkan.tvbox
08-12 13:32:22.498  2344  2344 I TVMQTTPushManager: buildCommandMsg action:publish-topic resultCode:0
08-12 13:32:22.499  1801  2883 I SDPPublishManager: Result: {"command":"publish-topic","resultcode":0,"topic":"$SYS\/report\/profile"}
08-12 13:32:22.500  2192  2192 D Cursor  : mStopNotifier
08-12 13:32:22.503  3000  3051 D getUpdatePosterInfoFromDeskTopURL jsonObject: : {"status":0,"data":{"column":{"recent":{"content":"‰∫≤ÂÆùÂÆù","count":3,"title":"Â∫îÁî®Êñ∞Â¢û"},"recommendation":{"count":7,"content":"Âí™ÂíïÁà±Âî±","title":"Á≤æÈÄâÊé®Ëçê"}},"poster":{"banner":[{"zIndex":0,"cdn":"http:\/\/image.box.xiaomi.com\/mfsv2\/download\/s010\/p01FZZrHlWe6\/lj5OrUipy0h30m.png","animator":{"type":0},"md5":"665484F2D2C374F5AB58F71EBC41B464"}],"back":[{"zIndex":0,"cdn":"http:\/\/image.box.xiaomi.com\/mfsv2\/download\/s010\/p0138dJwPYGK\/8xsg9YOGkKhfmP.png","animator":{"type":0},"md5":"F66F5371238097F416E22744CE70822E"}],"fore":[{"zIndex":0,"cdn":"http:\/\/image.box.xiaomi.com\/mfsv2\/download\/s010\/p01hmZXvc5d5\/WW3j0Max7U446V.png","animator":{"type":1},"md5":"0E0DD0295A497ECAD654183BB047E71A"}]}},"encoding":"UTF-8"}
08-12 13:32:22.508  3000  3040 D LocalAppManager: all installed appscom.android.providers.contacts
08-12 13:32:22.508  2192  2192 D TVApiWrapper_TV2: onScrollChanged (-2855, 230)
08-12 13:32:22.528  3000  3040 D LocalAppManager: all installed appscom.android.documentsui
08-12 13:32:22.536  2192  2192 D MainActivity: KeyEvent { action=ACTION_UP, keyCode=KEYCODE_DPAD_LEFT, scanCode=105, metaState=0, flags=0x8, repeatCount=0, eventTime=560143, downTime=559962, deviceId=6, source=0x101 }
08-12 13:32:22.536  2192  2192 D ScrollView: executeKeyEvent drop event:1
08-12 13:32:22.542  2192  2192 D TVApiWrapper_TV2: onScrollChanged (-2854, 230)
08-12 13:32:22.543  3000  3040 D LocalAppManager: all installed appscom.xiaomi.mitv.media
08-12 13:32:22.545  3000  3040 D LocalAppManager: all installed appscom.android.inputmethod.latin
08-12 13:32:22.546  3000  3040 D LocalAppManager: all installed appscom.svox.pico
08-12 13:32:22.547  3000  3040 D LocalAppManager: all installed appscom.android.vpndialogs
08-12 13:32:22.548  3000  3040 D LocalAppManager: all installed appscom.xiaomi.tv.desktop
08-12 13:32:22.549  3000  3040 D LocalAppManager: all installed appscom.miui.cloudservice
08-12 13:32:22.552  3000  3040 D LocalAppManager: all installed appstv.talkweb.dadwheregoing
08-12 13:32:22.558  3000  3040 D LocalAppManager: no system appstv.talkweb.dadwheregoing
08-12 13:32:22.574     0     0 I Kernel  : <7>[  560.688647] current logd.writer(139) kill task mi.mitv.upgrade(1741) signal 0
08-12 13:32:22.574     0     0 I Kernel  : <7>[  560.688699] current logd.writer(139) kill task aomi.tv.gallery(2961) signal 0
08-12 13:32:22.574     0     0 I Kernel  : <7>[  560.688948] current logd.writer(139) kill task i.dlnatvservice(1906) signal 0
08-12 13:32:22.558  3000  3040 D LocalAppManager: all installed appscom.xiaomi.mitv.services
08-12 13:32:22.560  1550  1550 V DuokanBroadcastReceiver: onReceive, intent = Intent { act=android.net.conn.CONNECTIVITY_CHANGE flg=0x4000010 cmp=com.duokan.duokantv/.DuokanBroadcastReceiver (has extras) }
08-12 13:32:22.561  1687  1749 I art     : Background sticky concurrent mark sweep GC freed 10062(637KB) AllocSpace objects, 0(0B) LOS objects, 20% free, 2MB/3MB, paused 2.429ms total 140.320ms
08-12 13:32:22.566  3000  3051 I getRecentChannelInfoFromDeskTopURL jsonObject: : {"status":0,"data":{"column":{"recent":{"content":"‰∫≤ÂÆùÂÆù","count":3,"title":"Â∫îÁî®Êñ∞Â¢û"},"recommendation":{"count":7,"content":"Âí™ÂíïÁà±Âî±","title":"Á≤æÈÄâÊé®Ëçê"}},"poster":{"banner":[{"zIndex":0,"cdn":"http:\/\/image.box.xiaomi.com\/mfsv2\/download\/s010\/p01FZZrHlWe6\/lj5OrUipy0h30m.png","animator":{"type":0},"md5":"665484F2D2C374F5AB58F71EBC41B464"}],"back":[{"zIndex":0,"cdn":"http:\/\/image.box.xiaomi.com\/mfsv2\/download\/s010\/p0138dJwPYGK\/8xsg9YOGkKhfmP.png","animator":{"type":0},"md5":"F66F5371238097F416E22744CE70822E"}],"fore":[{"zIndex":0,"cdn":"http:\/\/image.box.xiaomi.com\/mfsv2\/download\/s010\/p01hmZXvc5d5\/WW3j0Max7U446V.png","animator":{"type":1},"md5":"0E0DD0295A497ECAD654183BB047E71A"}]}},"encoding":"UTF-8"}
08-12 13:32:22.567  3000  3051 I getRecommendChannelInfoFromDeskTopURL jsonObject: : {"status":0,"data":{"column":{"recent":{"content":"‰∫≤ÂÆùÂÆù","count":3,"title":"Â∫îÁî®Êñ∞Â¢û"},"recommendation":{"count":7,"content":"Âí™ÂíïÁà±Âî±","title":"Á≤æÈÄâÊé®Ëçê"}},"poster":{"banner":[{"zIndex":0,"cdn":"http:\/\/image.box.xiaomi.com\/mfsv2\/download\/s010\/p01FZZrHlWe6\/lj5OrUipy0h30m.png","animator":{"type":0},"md5":"665484F2D2C374F5AB58F71EBC41B464"}],"back":[{"zIndex":0,"cdn":"http:\/\/image.box.xiaomi.com\/mfsv2\/download\/s010\/p0138dJwPYGK\/8xsg9YOGkKhfmP.png","animator":{"type":0},"md5":"F66F5371238097F416E22744CE70822E"}],"fore":[{"zIndex":0,"cdn":"http:\/\/image.box.xiaomi.com\/mfsv2\/download\/s010\/p01hmZXvc5d5\/WW3j0Max7U446V.png","animator":{"type":1},"md5":"0E0DD0295A497ECAD654183BB047E71A"}]}},"encoding":"UTF-8"}
08-12 13:32:22.569  4073  4073 V DuokanBroadcastReceiver: onReceive, intent = Intent { act=android.net.conn.CONNECTIVITY_CHANGE flg=0x4000010 cmp=com.xiaomi.mitv.player/.DuokanBroadcastReceiver (has extras) }
08-12 13:32:22.573  1687  4261 D SocialTVAccount: getName called
08-12 13:32:22.573  1687  4261 D SocialTVAccount: getAccount called
08-12 13:32:22.574  3000  3040 D LocalAppManager: all installed appscom.baidu.tv.download
08-12 13:32:22.576  4073  4073 D DuokanBroadcastReceiver: has no noConnectivity extra, isConnected = true, sPrevConnectivity = false
08-12 13:32:22.586  3000  3000 D UpdateServiceManager: mErrorCode == STATUS_SUCCESS
08-12 13:32:22.587  3000  3040 D LocalAppManager: all installed appscom.duokan.factorytest
08-12 13:32:22.604   514  1844 I am_proc_start: [0,4262,10012,com.android.calendar,broadcast,com.android.calendar/.widget.CalendarAppWidgetService$CalendarFactory]
08-12 13:32:22.604   514  1844 I ActivityManager: Start proc com.android.calendar for broadcast com.android.calendar/.widget.CalendarAppWidgetService$CalendarFactory: pid=4262 uid=10012 gids={50012, 9997, 3003} abi=armeabi-v7a
08-12 13:32:22.626  1854  1854 W PushService: 2015-08-12 13:32:22,571 - [WARN::PushService] - [Thread:1] network changed, [type: WIFI[], state: CONNECTED/CONNECTED, reason: (unspecified), extra: "DKTest_B18_5G", roaming: false, failover: false, isAvailable: true, isConnectedToProvisioningNetwork: false]
08-12 13:32:22.629  1687  4261 D SocialTVAccount: isValidAccount called ,valid : true
08-12 13:32:22.632  1854  2153 W PushService: 2015-08-12 13:32:22,632 - [WARN::PushService] - [Thread:126] JOB: do reconnect..
08-12 13:32:22.636  1687  4261 D SocialTVAccount: no account
08-12 13:32:22.639  3000  3040 D LocalAppManager: all installed appscom.xiaomi.mitv.mediaexplorer
08-12 13:32:22.642  3000  3374 D xxx     : hasHadSameResponseDelivered=false
08-12 13:32:22.646  3000  3040 D LocalAppManager: all installed appscn.wap3.game.runkid.mitv
08-12 13:32:22.649  3000  3040 D LocalAppManager: no system appscn.wap3.game.runkid.mitv
08-12 13:32:22.649  3000  3040 D LocalAppManager: all installed appscom.android.location.fused
08-12 13:32:22.654  1755  4278 W System.err: java.io.FileNotFoundException: default_zip.zip
08-12 13:32:22.654  1755  4278 W System.err: 	at android.content.res.AssetManager.openAsset(Native Method)
08-12 13:32:22.654  1755  4278 W System.err: 	at android.content.res.AssetManager.open(AssetManager.java:313)
08-12 13:32:22.654  1755  4278 W System.err: 	at android.content.res.AssetManager.open(AssetManager.java:287)
08-12 13:32:22.654  1755  4278 W System.err: 	at com.kuyun.smarttv.resource.jar.common.l.i.a(Unknown Source)
08-12 13:32:22.654  1755  4278 W System.err: 	at com.kuyun.smarttv.resource.jar.api.KYNativeApiMain.initDefaultSysMsgZip(Unknown Source)
08-12 13:32:22.655  1755  4278 W System.err: 	at com.kuyun.smarttv.resource.jar.api.KYNativeApiMain.access$1(Unknown Source)
08-12 13:32:22.655  1755  4278 W System.err: 	at com.kuyun.smarttv.resource.jar.api.f.run(Unknown Source)
08-12 13:32:22.655  1755  4278 W System.err: 	at java.util.concurrent.ThreadPoolExecutor.runWorker(ThreadPoolExecutor.java:1112)
08-12 13:32:22.655  1755  4278 W System.err: 	at java.util.concurrent.ThreadPoolExecutor$Worker.run(ThreadPoolExecutor.java:587)
08-12 13:32:22.655  1755  4278 W System.err: 	at java.lang.Thread.run(Thread.java:818)
08-12 13:32:22.661  3000  3040 D LocalAppManager: all installed appscom.xiaomi.mitv.settings
08-12 13:32:22.665   514  1893 I am_proc_bound: [0,4262,com.android.calendar]
08-12 13:32:22.668  3000  3040 D LocalAppManager: all installed appscom.android.providers.settings
08-12 13:32:22.672  3000  3040 D LocalAppManager: all installed appscom.android.systemui
08-12 13:32:22.674  3000  3040 D LocalAppManager: all installed appscom.xiaomi.milink.udt
08-12 13:32:22.674  3839  3857 I mediaexplorerdaemon.net.XQDetectorService: mXQdetector run!! count: 1
08-12 13:32:22.674  3839  3857 I mediaexplorerdaemon.net.XQDetectorService: getXQIp
08-12 13:32:22.674  3839  3857 I mediaexplorerdaemon.net.XQDetectorService: getGatewayAddress
08-12 13:32:22.678  3000  3040 D LocalAppManager: all installed appscom.xiaomi.account
08-12 13:32:22.681   514  1248 D WifiService: New client listening to asynchronous messages
08-12 13:32:22.682  3000  3040 D LocalAppManager: all installed appscom.shafa.market
08-12 13:32:22.685  3839  3857 I mediaexplorerdaemon.net.XQDetectorService: getXQIp, return gateway ip: 192.168.31.1
08-12 13:32:22.685  3839  3857 I mediaexplorerdaemon.net.XQDetectorService: getStringFromUrl: http://192.168.31.1:8300/change_info
08-12 13:32:22.686  3000  3040 D LocalAppManager: no system appscom.shafa.market
08-12 13:32:22.686  3000  3040 D LocalAppManager: all installed appscom.android.quicksearchbox
08-12 13:32:22.687  3000  3040 D LocalAppManager: all installed appscom.xiaomi.mitv.searchcenter
08-12 13:32:22.689  3000  3040 D LocalAppManager: all installed appscom.xiaomi.smarthome
08-12 13:32:22.691  3000  3040 D LocalAppManager: all installed appscom.xiaomi.mitv.remotecontroller.service
08-12 13:32:22.694  3000  3040 D LocalAppManager: all installed appscom.xiaomi.mibox.gamecenter
08-12 13:32:22.696  3000  3040 D LocalAppManager: all installed appscom.android.shell
08-12 13:32:22.699  3000  3040 D LocalAppManager: all installed appscom.xiaomi.mitv.systemui
08-12 13:32:22.705  3000  3040 D LocalAppManager: all installed appscom.xiaomi.tv.mitvuser
08-12 13:32:22.708  3000  3040 D LocalAppManager: all installed appscom.android.backupconfirm
08-12 13:32:22.711  3000  3040 D LocalAppManager: all installed appscom.android.calendar
08-12 13:32:22.713  3000  3040 D LocalAppManager: all installed appscom.android.settings
08-12 13:32:22.715  3000  3040 D LocalAppManager: all installed appscom.szyp.goldfishsTV
08-12 13:32:22.716  3000  3040 D LocalAppManager: no system appscom.szyp.goldfishsTV
08-12 13:32:22.716  3000  3040 D LocalAppManager: all installed appscom.android.providers.userdictionary
08-12 13:32:22.718  3000  3040 D LocalAppManager: all installed appscom.android.soundrecorder
08-12 13:32:22.720  3000  3040 D LocalAppManager: all installed appscom.xiaomi.mitv.providers.settings
08-12 13:32:22.721  3000  3040 D LocalAppManager: all installed appscom.cleanmaster.sdk
08-12 13:32:22.723  3000  3040 D LocalAppManager: all installed appscom.android.providers.tv
08-12 13:32:22.724  3000  3040 D LocalAppManager: all installed appscom.xiaomi.gamecenter.sdk.service.mibox
08-12 13:32:22.725  3000  3040 D LocalAppManager: all installed appscom.xiaomi.mitv.player
08-12 13:32:22.726  3000  3040 D LocalAppManager: all installed appscom.android.phone
08-12 13:32:22.728  3000  3040 D LocalAppManager: all installed appscom.mstar.tv.service
08-12 13:32:22.729  3000  3040 D LocalAppManager: all installed appscom.android.captiveportallogin
08-12 13:32:22.730  3000  3040 D LocalAppManager: all installed appscom.jiajia.yundonghui.mitv
08-12 13:32:22.731  3000  3040 D LocalAppManager: no system appscom.jiajia.yundonghui.mitv
08-12 13:32:22.731  3000  3040 D LocalAppManager: all installed appscom.android.inputdevices
08-12 13:32:22.732  3000  3040 D LocalAppManager: all installed appscom.meiriq.androidtv.drifting
08-12 13:32:22.736  3000  3040 D LocalAppManager: no system appscom.meiriq.androidtv.drifting
08-12 13:32:22.736  3000  3040 D LocalAppManager: all installed appscom.android.providers.calendar
08-12 13:32:22.737  3000  3040 D LocalAppManager: all installed appscom.android.launcher
08-12 13:32:22.738  3000  3040 D LocalAppManager: all installed appscom.baidu.input
08-12 13:32:22.739  3000  3040 D LocalAppManager: all installed appscom.xiaomi.voicecontrol
08-12 13:32:22.740  3000  3040 D LocalAppManager: all installed appscom.android.externalstorage
08-12 13:32:22.741  3000  3040 D LocalAppManager: all installed appscom.kuyun.common.androidtv
08-12 13:32:22.742  3000  3040 D LocalAppManager: all installed appsair.pinyin.tv.android.A123qibu.com
08-12 13:32:22.743  3000  3040 D LocalAppManager: no system appsair.pinyin.tv.android.A123qibu.com
08-12 13:32:22.743  3000  3040 D LocalAppManager: all installed appscom.android.keychain
08-12 13:32:22.745  3839  3857 I mediaexplorerdaemon.net.XQDetectorService: get jsonString: {	"mac":	"8c:be:be:20:a6:9b",	"rom_version":	"2.6.9",	"api_version":	5,	"router":	"xq",	"remind_usr":	1,	"media_timestamp":	"1439348811",	"picture_timestamp":	"1439348811"}
08-12 13:32:22.745  3839  3857 I mediaexplorerdaemon.net.XQDetectorService: jsonString not null
08-12 13:32:22.745  3839  3857 I mediaexplorerdaemon.net.XQDetectorService: get xq type: xq
08-12 13:32:22.746  3839  3857 I mediaexplorerdaemon.net.XQDetectorService: start xq service!!
08-12 13:32:22.746  3839  3857 W ContextImpl: Calling a method in the system process without a qualified user: android.app.ContextImpl.startService:1686 android.content.ContextWrapper.startService:515 com.xiaomi.mitv.media.XQDetectorService$1.run:80 android.os.Handler.handleCallback:739 android.os.Handler.dispatchMessage:95 
08-12 13:32:22.748  3000  3040 D LocalAppManager: all installed appscom.android.gallery3d
08-12 13:32:22.749  3942  3942 I XQMainService: onStartCommand???!!!
08-12 13:32:22.749  3942  3942 I XQMainService: get xq ip: null
08-12 13:32:22.749  3942  3942 I XQMainService: already start!!
08-12 13:32:22.751   514   514 I notification_cancel: [1000,514,com.xiaomi.mitv.media,99,NULL,0,0,0,8,NULL]
08-12 13:32:22.751  3000  3040 D LocalAppManager: all installed appscom.youjoy.shidishui
08-12 13:32:22.755  3839  3839 I mediaexplorerdaemon.net.XQDetectorService: onDestroy!!!
08-12 13:32:22.755  3839  3839 I mediaexplorerdaemon.net.ThreadManager: clear
08-12 13:32:22.761  3000  3040 D LocalAppManager: no system appscom.youjoy.shidishui
08-12 13:32:22.762  3000  3040 D LocalAppManager: all installed appscom.android.managedprovisioning
08-12 13:32:22.770  3000  3040 D LocalAppManager: all installed appscom.xiaomi.mitv.handbook
08-12 13:32:22.772  1687  4261 E ActivityThread: Failed to find provider info for com.xiaomi.tv.nameservice
08-12 13:32:22.772  1687  4261 E ActivityThread: Failed to find provider info for com.xiaomi.tv.nameservice
08-12 13:32:22.774  3000  3040 D LocalAppManager: all installed appscom.android.providers.media
08-12 13:32:22.777  3000  3040 D LocalAppManager: all installed appscom.leleketang.crmb
08-12 13:32:22.779  3000  3040 D LocalAppManager: no system appscom.leleketang.crmb
08-12 13:32:22.779  3000  3040 D LocalAppManager: all installed appscom.xiaomi.mitv.soundbar
08-12 13:32:22.780  3000  3040 D LocalAppManager: all installed appscom.xiaomi.mitvnews
08-12 13:32:22.781  3000  3040 D LocalAppManager: all installed appscom.xiaomi.mitv.handbook.zh.cn
08-12 13:32:22.782  3000  3040 D LocalAppManager: all installed appscom.xiaomi.mitv.wfd
08-12 13:32:22.783  3000  3040 D LocalAppManager: all installed appscom.xiaomi.mitv.appstore
08-12 13:32:22.785  3000  3040 D LocalAppManager: all installed appscom.xiaomi.mibox.lockscreen
08-12 13:32:22.786  3000  3040 D LocalAppManager: all installed appsandroid
08-12 13:32:22.787  3000  3040 D LocalAppManager: all installed appscom.android.webview
08-12 13:32:22.788  3000  3040 D LocalAppManager: all installed appscom.duokan.cloudalbum
08-12 13:32:22.790  3000  3040 D LocalAppManager: all installed appscom.android.certinstaller
08-12 13:32:22.791  3000  3040 D LocalAppManager: all installed appscom.android.provision
08-12 13:32:22.792  3000  3040 D LocalAppManager: all installed appscom.android.proxyhandler
08-12 13:32:22.793  3000  3040 D LocalAppManager: all installed appscom.cmcm.cleanmaster.tv
08-12 13:32:22.794  3000  3040 D LocalAppManager: no system appscom.cmcm.cleanmaster.tv
08-12 13:32:22.794  3000  3040 D LocalAppManager: all installed appscom.android.browser
08-12 13:32:22.795  3000  3040 D LocalAppManager: all installed appscom.hunantv.market
08-12 13:32:22.796  3000  3040 D LocalAppManager: all installed appscom.android.music
08-12 13:32:22.798  3000  3040 D LocalAppManager: all installed appscom.xiaomi.mitv.tvpush.tvpushservice
08-12 13:32:22.799  3000  3040 D LocalAppManager: all installed appscom.android.providers.downloads
08-12 13:32:22.801  3000  3040 D LocalAppManager: all installed appscom.xiaomi.tv.gallery
08-12 13:32:22.802  3000  3040 D LocalAppManager: all installed appscom.android.packageinstaller
08-12 13:32:22.803  3000  3040 D LocalAppManager: all installed appscom.android.bluetooth
08-12 13:32:22.803  3000  3040 D LocalAppManager: all installed appscom.xiaomi.mitv.commentservice
08-12 13:32:22.804  3000  3040 D LocalAppManager: all installed appscom.xiaomi.mitv.payment
08-12 13:32:22.805  3000  3040 D LocalAppManager: all installed appscom.android.providers.downloads.ui
08-12 13:32:22.806  3000  3040 D LocalAppManager: all installed appscom.xiaomi.mitv.tvplayer
08-12 13:32:22.807  3000  3040 D LocalAppManager: all installed appscom.xiaomi.mitv.pay
08-12 13:32:22.808  3000  3040 D LocalAppManager: all installed appscom.xiaomi.xmsf
08-12 13:32:22.809  3000  3040 D LocalAppManager: all installed appscom.android.htmlviewer
08-12 13:32:22.810  3000  3040 D LocalAppManager: all installed appscom.duokan.duokantv
08-12 13:32:22.811  3000  3040 D LocalAppManager: all installed appscom.xiaomi.mitv.shop
08-12 13:32:22.812  3000  3040 D LocalAppManager: non system installed pkg end**************************
08-12 13:32:22.812  3000  3040 D LocalAppManager: update url: http://appstore.ptmi.gitv.tv/app/upgrade/5b11bace3b21548f71a273121cfa15a6/605/15/zh/CN
08-12 13:32:22.813  1687  4261 I UploadService: address:114.54.23.26
08-12 13:32:22.814  3000  3040 D only for test: /app/upgrade/5b11bace3b21548f71a273121cfa15a6/605/15/zh/CN
08-12 13:32:22.815  3000  3040 D genSignature tmpUrlStr: : /app/upgrade/5b11bace3b21548f71a273121cfa15a6/605/15/zh/CN?key=d668d3a268b64c41b3d91c6ab48ba5f9&packages=com.jiajia.club_shafa,cn.kuwo.sing.tv,tv.talkweb.dadwheregoing,cn.wap3.game.runkid.mitv,com.shafa.market,com.szyp.goldfishsTV,com.jiajia.yundonghui.mitv,com.meiriq.androidtv.drifting,air.pinyin.tv.android.A123qibu.com,com.youjoy.shidishui,com.leleketang.crmb,com.cmcm.cleanmaster.tv&res=hd1080&vers=1,2430,1006,1,200,19,25,1,1000002,2,126,50503002&token=efa9ee751f4d454297a2ec7c488b4ceb
08-12 13:32:22.815  3000  3040 D Connection: connection url: http://appstore.ptmi.gitv.tv/app/upgrade/5b11bace3b21548f71a273121cfa15a6/605/15/zh/CN?opaque=8fb215e9d32558ded34a2d1b50fcff82309423d5
08-12 13:32:22.816  3000  3040 D Connection: hosted connection url: http://appstore.ptmi.gitv.tv/app/upgrade/5b11bace3b21548f71a273121cfa15a6/605/15/zh/CN?opaque=8fb215e9d32558ded34a2d1b50fcff82309423d5
08-12 13:32:22.817  3000  3040 E ActivityThread: Failed to find provider info for com.xiaomi.tv.nameservice
08-12 13:32:22.818  3000  3040 E ActivityThread: Failed to find provider info for com.xiaomi.tv.nameservice
08-12 13:32:22.823  3000  3040 D Connection: [post]key=d668d3a268b64c41b3d91c6ab48ba5f9&packages=com.jiajia.club_shafa%2Ccn.kuwo.sing.tv%2Ctv.talkweb.dadwheregoing%2Ccn.wap3.game.runkid.mitv%2Ccom.shafa.market%2Ccom.szyp.goldfishsTV%2Ccom.jiajia.yundonghui.mitv%2Ccom.meiriq.androidtv.drifting%2Cair.pinyin.tv.android.A123qibu.com%2Ccom.youjoy.shidishui%2Ccom.leleketang.crmb%2Ccom.cmcm.cleanmaster.tv&res=hd1080&vers=1%2C2430%2C1006%2C1%2C200%2C19%2C25%2C1%2C1000002%2C2%2C126%2C50503002
08-12 13:32:22.874  3000  3040 I getAppListFromLocalAppsUpdateURL jsonObject: : {"status":0,"status_msg":"OK¬ä¬ü","encoding":"UTF-8","data":[{"id":1300,"package":"tv.talkweb.dadwheregoing","ver_code":"1006","ver_name":"1.0.5.1","upgrade":0},{"id":1495,"package":"com.leleketang.crmb","ver_code":126,"ver_name":"1.2.6","upgrade":1},{"id":250,"package":"cn.kuwo.sing.tv","ver_code":"2430","ver_name":"2.4.3.0","upgrade":0},{"id":322,"package":"air.pinyin.tv.android.A123qibu.com","ver_code":"1000002","ver_name":"1.1.1","upgrade":0}],"invalidPackage":["com.jiajia.yundonghui.mitv","com.meiriq.androidtv.drifting","com.shafa.market","com.cmcm.cleanmaster.tv","cn.wap3.game.runkid.mitv","com.youjoy.shidishui","com.szyp.goldfishsTV","com.jiajia.club_shafa"],"shelvedPackage":[]}
08-12 13:32:22.874  3000  3040 I getAppFromLocalAppsUpdateURL jsonObject: : {"id":1300,"package":"tv.talkweb.dadwheregoing","ver_code":"1006","ver_name":"1.0.5.1","upgrade":0}
08-12 13:32:22.875  3000  3040 D AppInfo : update database for app tv.talkweb.dadwheregoing
08-12 13:32:22.877  3000  3040 D AppInfo : update database for screenshot or video 1300
08-12 13:32:22.877  3000  3040 I getAppFromLocalAppsUpdateURL jsonObject: : {"id":1495,"package":"com.leleketang.crmb","ver_code":126,"ver_name":"1.2.6","upgrade":1}
08-12 13:32:22.877  3000  3040 D AppInfo : update database for app com.leleketang.crmb
08-12 13:32:22.878  3000  3040 D AppInfo : update database for screenshot or video 1495
08-12 13:32:22.878  3000  3040 I getAppFromLocalAppsUpdateURL jsonObject: : {"id":250,"package":"cn.kuwo.sing.tv","ver_code":"2430","ver_name":"2.4.3.0","upgrade":0}
08-12 13:32:22.878  3000  3040 D AppInfo : update database for app cn.kuwo.sing.tv
08-12 13:32:22.879  3000  3040 D AppInfo : update database for screenshot or video 250
08-12 13:32:22.879  3000  3040 I getAppFromLocalAppsUpdateURL jsonObject: : {"id":322,"package":"air.pinyin.tv.android.A123qibu.com","ver_code":"1000002","ver_name":"1.1.1","upgrade":0}
08-12 13:32:22.879  3000  3040 D AppInfo : update database for app air.pinyin.tv.android.A123qibu.com
08-12 13:32:22.879  3000  3040 D AppInfo : update database for screenshot or video 322
08-12 13:32:22.879  3000  3040 I getShelvedPackageList jsonObject: : {"status":0,"status_msg":"OK¬ä¬ü","encoding":"UTF-8","data":[{"id":1300,"package":"tv.talkweb.dadwheregoing","ver_code":"1006","ver_name":"1.0.5.1","upgrade":0},{"id":1495,"package":"com.leleketang.crmb","ver_code":126,"ver_name":"1.2.6","upgrade":1},{"id":250,"package":"cn.kuwo.sing.tv","ver_code":"2430","ver_name":"2.4.3.0","upgrade":0},{"id":322,"package":"air.pinyin.tv.android.A123qibu.com","ver_code":"1000002","ver_name":"1.1.1","upgrade":0}],"invalidPackage":["com.jiajia.yundonghui.mitv","com.meiriq.androidtv.drifting","com.shafa.market","com.cmcm.cleanmaster.tv","cn.wap3.game.runkid.mitv","com.youjoy.shidishui","com.szyp.goldfishsTV","com.jiajia.club_shafa"],"shelvedPackage":[]}
08-12 13:32:22.880  3000  3040 D LocalAppManager: mShelvedPackageList: []
08-12 13:32:22.882  3000  3040 I getInvalidPackageList jsonObject: : {"status":0,"status_msg":"OK¬ä¬ü","encoding":"UTF-8","data":[{"id":1300,"package":"tv.talkweb.dadwheregoing","ver_code":"1006","ver_name":"1.0.5.1","upgrade":0},{"id":1495,"package":"com.leleketang.crmb","ver_code":126,"ver_name":"1.2.6","upgrade":1},{"id":250,"package":"cn.kuwo.sing.tv","ver_code":"2430","ver_name":"2.4.3.0","upgrade":0},{"id":322,"package":"air.pinyin.tv.android.A123qibu.com","ver_code":"1000002","ver_name":"1.1.1","upgrade":0}],"invalidPackage":["com.jiajia.yundonghui.mitv","com.meiriq.androidtv.drifting","com.shafa.market","com.cmcm.cleanmaster.tv","cn.wap3.game.runkid.mitv","com.youjoy.shidishui","com.szyp.goldfishsTV","com.jiajia.club_shafa"],"shelvedPackage":[]}
08-12 13:32:22.883  3000  3040 D LocalAppManager: mInvalidPackageList: [com.jiajia.yundonghui.mitv, com.meiriq.androidtv.drifting, com.shafa.market, com.cmcm.cleanmaster.tv, cn.wap3.game.runkid.mitv, com.youjoy.shidishui, com.szyp.goldfishsTV, com.jiajia.club_shafa]
08-12 13:32:22.886  3000  3040 D packageIdMap: packageName: tv.talkweb.dadwheregoing
08-12 13:32:22.888  3000  3040 D packageIdMap: appId: 1300
08-12 13:32:22.888  3000  3040 D packageIdMap: packageName: com.leleketang.crmb
08-12 13:32:22.888  3000  3040 D packageIdMap: appId: 1495
08-12 13:32:22.888  3000  3040 D packageIdMap: packageName: cn.kuwo.sing.tv
08-12 13:32:22.888  3000  3040 D packageIdMap: appId: 250
08-12 13:32:22.888  3000  3040 D packageIdMap: packageName: air.pinyin.tv.android.A123qibu.com
08-12 13:32:22.888  3000  3040 D packageIdMap: appId: 322
08-12 13:32:22.888  3000  3040 D appList: : [com.xiaomi.mitv.appstore.model.g@170ba2, com.xiaomi.mitv.appstore.model.g@17107f, com.xiaomi.mitv.appstore.model.g@c24d, com.xiaomi.mitv.appstore.model.g@c5b3]
08-12 13:32:22.889  3000  3040 D LocalAppManager: start = 0, end = 3
08-12 13:32:22.890  3000  3040 D only for test: /app/batch/5b11bace3b21548f71a273121cfa15a6/605/15/zh/CN?ids=1300%2C1495%2C250%2C322&key=d668d3a268b64c41b3d91c6ab48ba5f9&res=hd1080
08-12 13:32:22.890  3000  3040 D genSignature tmpUrlStr: : /app/batch/5b11bace3b21548f71a273121cfa15a6/605/15/zh/CN?ids=1300%2C1495%2C250%2C322&key=d668d3a268b64c41b3d91c6ab48ba5f9&res=hd1080&token=efa9ee751f4d454297a2ec7c488b4ceb
08-12 13:32:22.890  3000  3040 D Connection: connection url: http://appstore.ptmi.gitv.tv/app/batch/5b11bace3b21548f71a273121cfa15a6/605/15/zh/CN?ids=1300%2C1495%2C250%2C322&key=d668d3a268b64c41b3d91c6ab48ba5f9&res=hd1080&opaque=411c78d5547af773147d4dcb4e0340404b065065
08-12 13:32:22.890  3000  3040 D Connection: hosted connection url: http://appstore.ptmi.gitv.tv/app/batch/5b11bace3b21548f71a273121cfa15a6/605/15/zh/CN?ids=1300%2C1495%2C250%2C322&key=d668d3a268b64c41b3d91c6ab48ba5f9&res=hd1080&opaque=411c78d5547af773147d4dcb4e0340404b065065
08-12 13:32:22.891  3000  3040 E ActivityThread: Failed to find provider info for com.xiaomi.tv.nameservice
08-12 13:32:22.891  3000  3040 E ActivityThread: Failed to find provider info for com.xiaomi.tv.nameservice
08-12 13:32:22.911  3000  3040 I getBatchAppListFromLocalAppsBatchURL jsonObject: : {"status":0,"status_msg":"OK¬ä¬ü","data":[{"download_count":376189,"updatetime":1436766806,"package":"tv.talkweb.dadwheregoing","lottery_desc":"","icon":"http:\/\/image.box.xiaomi.com\/mfsv2\/download\/s010\/p01Bc0IIuOWt\/uabbZnv24xCZEB.png","score":74,"name":"Áà∏Áà∏ÂéªÂì™ÂÑø‰∫≤Â≠êÂÆùÂÖ∏","ver_code":"1006","size":7146355,"space":6981,"phrase":"‰∏ÄËµ∑ÂÜô‰∏ãÂø´‰πêÁ´•Âπ¥","attrs":{"edit":0},"vendor":"ÊãìÁª¥‰ø°ÊÅØÁ≥ªÁªüËÇ°‰ªΩÊúâÈôêÂÖ¨Âè∏","score_count":0,"id":1300,"ver_name":"1.0.5.1","category":[{"id":22,"name":"ÊïôËÇ≤Â≠¶‰π†"}]},{"download_count":54730,"updatetime":0,"package":"com.leleketang.crmb","lottery_desc":"","icon":"http:\/\/file.market.xiaomi.com\/download\/AppStore\/094075d284e8ca4bad5c5c2d5e6d4849c3440dab1\/crmb.png","score":83,"name":"Â∞èÂ≠¶Â••Êï∞","ver_code":126,"size":3470023,"space":3389,"phrase":"3ÂàÜÈíüÁßíÊáÇÁü•ËØÜÁÇπÔºåÂøÖÂ§áÂ≠¶‰π†Á•ûÂô®","attrs":{"edit":0},"vendor":"‰πê‰πêÂêØËà™ÔºàÂåó‰∫¨ÔºâÊïôËÇ≤ÁßëÊäÄÊúâÈôêÂÖ¨Âè∏","score_count":0,"id":1495,"ver_name":"1.2.6","category":[{"id":22,"name":"ÊïôËÇ≤Â≠¶‰π†"}]},{"download_count":1661170,"updatetime":1420593476,"package":"cn.kuwo.sing.tv","lottery_desc":"","icon":"http:\/\/file.market.xiaomi.com\/download\/AppStore\/98c960b9-4e46-4db7-9a01-e44a212c51a5\/tv.png","score":81,"name":"ÈÖ∑ÊàëKÊ≠å","ver_code":"2430","size":14983924,"space":14633,"phrase":"ÊÉ≥KÊ≠åÔºåÁî®ÈÖ∑ÊàëÔºÅ","attrs":{"edit":0},"vendor":"Âåó‰∫¨ÈÖ∑ÊàëÁßëÊäÄÊúâÈôêÂÖ¨Âè∏","score_count":1,"id":250,"ver_name":"2.4.3.0","category":[{"id":1,"name":"Â®±‰πê‰ºëÈó≤"},{"id":19,"name":"ÂΩ±Èü≥ËßÜÂê¨"}]},{"download_count":217319,"updatetime":1413358374,"package":"air.pinyin.tv.android.A123qibu.com","lottery_desc":"","icon":"http:\/\/file.market.xiaomi.com\/download\/AppStore\/6b877e71-115d-4ea9-842e-dab16a1797bf\/com.png","score":71,"name":"ÁÜäÁå´ÊãºÈü≥","ver_code":"1000002","size":15169546,"space":14815,"phrase":"ÁúãÂä®Áîª„ÄÅÁé©Ê∏∏ÊàèÁöÑËøáÁ®ã‰∏≠Â≠¶‰ºöÊãºÈü≥","attrs":null,"vendor":"ÁÜäÁå´‰πêÂõ≠","score_count":0,"id":322,"ver_name":"1.1.1","category":[{"id":22,"name":"ÊïôËÇ≤Â≠¶‰π†"}]}]}
08-12 13:32:22.911  3000  3040 I getAppInfo jsonObject: : {"download_count":376189,"updatetime":1436766806,"package":"tv.talkweb.dadwheregoing","lottery_desc":"","icon":"http:\/\/image.box.xiaomi.com\/mfsv2\/download\/s010\/p01Bc0IIuOWt\/uabbZnv24xCZEB.png","score":74,"name":"Áà∏Áà∏ÂéªÂì™ÂÑø‰∫≤Â≠êÂÆùÂÖ∏","ver_code":"1006","size":7146355,"space":6981,"phrase":"‰∏ÄËµ∑ÂÜô‰∏ãÂø´‰πêÁ´•Âπ¥","attrs":{"edit":0},"vendor":"ÊãìÁª¥‰ø°ÊÅØÁ≥ªÁªüËÇ°‰ªΩÊúâÈôêÂÖ¨Âè∏","score_count":0,"id":1300,"ver_name":"1.0.5.1","category":[{"id":22,"name":"ÊïôËÇ≤Â≠¶‰π†"}]}
08-12 13:32:22.911  3000  3040 D AppInfo : update database for app tv.talkweb.dadwheregoing
08-12 13:32:22.912  3000  3040 D AppInfo : update database for category 1300
08-12 13:32:22.913  3000  3040 I getAppInfo jsonObject: : {"download_count":54730,"updatetime":0,"package":"com.leleketang.crmb","lottery_desc":"","icon":"http:\/\/file.market.xiaomi.com\/download\/AppStore\/094075d284e8ca4bad5c5c2d5e6d4849c3440dab1\/crmb.png","score":83,"name":"Â∞èÂ≠¶Â••Êï∞","ver_code":126,"size":3470023,"space":3389,"phrase":"3ÂàÜÈíüÁßíÊáÇÁü•ËØÜÁÇπÔºåÂøÖÂ§áÂ≠¶‰π†Á•ûÂô®","attrs":{"edit":0},"vendor":"‰πê‰πêÂêØËà™ÔºàÂåó‰∫¨ÔºâÊïôËÇ≤ÁßëÊäÄÊúâÈôêÂÖ¨Âè∏","score_count":0,"id":1495,"ver_name":"1.2.6","category":[{"id":22,"name":"ÊïôËÇ≤Â≠¶‰π†"}]}
08-12 13:32:22.913  3000  3040 D AppInfo : update database for app com.leleketang.crmb
08-12 13:32:22.913  3000  3040 D AppInfo : update database for category 1495
08-12 13:32:22.915  3000  3040 I getAppInfo jsonObject: : {"download_count":1661170,"updatetime":1420593476,"package":"cn.kuwo.sing.tv","lottery_desc":"","icon":"http:\/\/file.market.xiaomi.com\/download\/AppStore\/98c960b9-4e46-4db7-9a01-e44a212c51a5\/tv.png","score":81,"name":"ÈÖ∑ÊàëKÊ≠å","ver_code":"2430","size":14983924,"space":14633,"phrase":"ÊÉ≥KÊ≠åÔºåÁî®ÈÖ∑ÊàëÔºÅ","attrs":{"edit":0},"vendor":"Âåó‰∫¨ÈÖ∑ÊàëÁßëÊäÄÊúâÈôêÂÖ¨Âè∏","score_count":1,"id":250,"ver_name":"2.4.3.0","category":[{"id":1,"name":"Â®±‰πê‰ºëÈó≤"},{"id":19,"name":"ÂΩ±Èü≥ËßÜÂê¨"}]}
08-12 13:32:22.915  3000  3040 D AppInfo : update database for app cn.kuwo.sing.tv
08-12 13:32:22.915  3000  3040 D AppInfo : update database for category 250
08-12 13:32:22.917  3000  3040 D AppInfo : update database for category 250
08-12 13:32:22.917  3000  3040 I getAppInfo jsonObject: : {"download_count":217319,"updatetime":1413358374,"package":"air.pinyin.tv.android.A123qibu.com","lottery_desc":"","icon":"http:\/\/file.market.xiaomi.com\/download\/AppStore\/6b877e71-115d-4ea9-842e-dab16a1797bf\/com.png","score":71,"name":"ÁÜäÁå´ÊãºÈü≥","ver_code":"1000002","size":15169546,"space":14815,"phrase":"ÁúãÂä®Áîª„ÄÅÁé©Ê∏∏ÊàèÁöÑËøáÁ®ã‰∏≠Â≠¶‰ºöÊãºÈü≥","attrs":null,"vendor":"ÁÜäÁå´‰πêÂõ≠","score_count":0,"id":322,"ver_name":"1.1.1","category":[{"id":22,"name":"ÊïôËÇ≤Â≠¶‰π†"}]}
08-12 13:32:22.917  3000  3040 D AppInfo : update database for app air.pinyin.tv.android.A123qibu.com
08-12 13:32:22.917  3000  3040 D AppInfo : update database for category 322
08-12 13:32:22.918  3000  3040 D LocalAppManager: mShelvedPackageList = [], mInvalidPackageList = [com.jiajia.yundonghui.mitv, com.meiriq.androidtv.drifting, com.shafa.market, com.cmcm.cleanmaster.tv, cn.wap3.game.runkid.mitv, com.youjoy.shidishui, com.szyp.goldfishsTV, com.jiajia.club_shafa]
08-12 13:32:22.936  4118  4164 D AppUpgradeService: tryIp upgrade.mishop.pandora.xiaomi.com
08-12 13:32:22.953  4118  4164 D AppUpgradeService: checkNewerAppFromServer serverRet -1 latestVerCode -1 aCurVer 100 apkUrl can not find package
08-12 13:32:22.954  4118  4164 W System.err: java.lang.RuntimeException: server err
08-12 13:32:22.954  4118  4164 W System.err: 	at com.xiaomi.tv.appupgrade.AppUpgradeService.checkNewerAppFromServer(AppUpgradeService.java:313)
08-12 13:32:22.954  4118  4164 W System.err: 	at com.xiaomi.tv.appupgrade.AppUpgradeService.checkAppVer(AppUpgradeService.java:154)
08-12 13:32:22.954  4118  4164 W System.err: 	at com.xiaomi.tv.appupgrade.AppUpgradeService.onHandleIntent(AppUpgradeService.java:122)
08-12 13:32:22.954  4118  4164 W System.err: 	at android.app.IntentService$ServiceHandler.handleMessage(IntentService.java:65)
08-12 13:32:22.954  4118  4164 W System.err: 	at android.os.Handler.dispatchMessage(Handler.java:102)
08-12 13:32:22.955  4118  4164 W System.err: 	at android.os.Looper.loop(Looper.java:135)
08-12 13:32:22.955  4118  4164 W System.err: 	at android.os.HandlerThread.run(HandlerThread.java:61)
08-12 13:32:22.970  1687  4261 I Geography: no need to update.
08-12 13:32:23.003  2961  3804 D MiGallery: AsynTimer call
08-12 13:32:23.030  4262  4262 D ExtensionsFactory: No custom extensions.
08-12 13:32:23.096   514  1296 I am_proc_start: [0,4307,10016,com.android.deskclock,broadcast,com.android.deskclock/.AlarmInitReceiver]
08-12 13:32:23.096   514  1296 I ActivityManager: Start proc com.android.deskclock for broadcast com.android.deskclock/.AlarmInitReceiver: pid=4307 uid=10016 gids={50016, 9997, 1028} abi=armeabi-v7a
08-12 13:32:23.133   514  1953 I am_proc_start: [0,4325,10001,com.android.providers.calendar,content provider,com.android.providers.calendar/.CalendarProvider2]
08-12 13:32:23.133   514  1953 I ActivityManager: Start proc com.android.providers.calendar for content provider com.android.providers.calendar/.CalendarProvider2: pid=4325 uid=10001 gids={50001, 9997, 3003, 1028, 1015} abi=armeabi-v7a
08-12 13:32:23.141   514  1848 I am_proc_bound: [0,4307,com.android.deskclock]
08-12 13:32:23.161   514  1296 I am_proc_bound: [0,4325,com.android.providers.calendar]
08-12 13:32:23.253  4307  4307 V AlarmClock: AlarmInitReceiver android.intent.action.TIME_SET
08-12 13:32:23.318  4325  4325 W ResourcesManager: Asset path '/system/framework/android.test.runner.jar' does not exist or contains no resources.
08-12 13:32:23.330   126   126 I tvos    : [37m[INFO] Change to Voltage: 105 mv (0x8)[m
08-12 13:32:23.520  1801  2405 D UDTJmDNSThread: REGISTER DONE: ÂÆ¢ÂéÖÁöÑÂ∞èÁ±≥ÁîµËßÜ._rc._tcp.local. port:6091 text:protver=16777498prottext=RC Ver 1.0.1.26platform_id=605
08-12 13:32:23.520  1801  2405 D UDTJmDNSThread: scrnw=1920
08-12 13:32:23.520  1801  2405 D UDTJmDNSThread: scrnh=1080mac=10:48:b1:af:69:76serverport=6088photoport=6089$rid=7ab11843c8a84f08a91dca4787a1f362apmac=
08-12 13:32:23.520  1801  2405 D UDTJmDNSThread: operator=1miversion=1.1.84wol=0amac=bc:30:7e:17:05:12
08-12 13:32:23.520  1801  2405 D UDTJmDNSThread: local ip: 192.168.31.132
08-12 13:32:23.528  4118  4164 D AppUpgradeService: tryIp upgrade.mishop.pandora.xiaomi.com
08-12 13:32:23.539  4118  4164 D AppUpgradeService: checkNewerAppFromServer serverRet -1 latestVerCode -1 aCurVer 100 apkUrl can not find package
08-12 13:32:23.540  4118  4164 W System.err: java.lang.RuntimeException: server err
08-12 13:32:23.540  4118  4164 W System.err: 	at com.xiaomi.tv.appupgrade.AppUpgradeService.checkNewerAppFromServer(AppUpgradeService.java:313)
08-12 13:32:23.540  4118  4164 W System.err: 	at com.xiaomi.tv.appupgrade.AppUpgradeService.checkAppVer(AppUpgradeService.java:154)
08-12 13:32:23.540  4118  4164 W System.err: 	at com.xiaomi.tv.appupgrade.AppUpgradeService.onHandleIntent(AppUpgradeService.java:122)
08-12 13:32:23.540  4118  4164 W System.err: 	at android.app.IntentService$ServiceHandler.handleMessage(IntentService.java:65)
08-12 13:32:23.540  4118  4164 W System.err: 	at android.os.Handler.dispatchMessage(Handler.java:102)
08-12 13:32:23.540  4118  4164 W System.err: 	at android.os.Looper.loop(Looper.java:135)
08-12 13:32:23.540  4118  4164 W System.err: 	at android.os.HandlerThread.run(HandlerThread.java:61)
08-12 13:32:23.540  4118  4164 D AppUpgradeService: to much more exception abort
08-12 13:32:23.598   514  1246 E WifiStateMachine: handleMessage: E msg.what=131155
08-12 13:32:23.598   514  1246 E WifiStateMachine: processMsg: ConnectedState
08-12 13:32:23.599   514  1246 E WifiStateMachine:  ConnectedState !CMD_RSSI_POLL 1 0 "DKTest_B18_5G" 8c:be:be:20:a6:9d rssi=-33 f=5765 sc=60 link=780 tx=112.7, 0.0, 0.0  rx=79.9 bcn=0 [on:0 tx:0 rx:0 period:2999] from screen [on:0 period:543499439] gl rssi=-33 ag=0 hr ticks 0,0,0 ls-=0 [56,56,60,60,65] brc=0 lrc=0
08-12 13:32:23.599   514  1246 E WifiStateMachine: processMsg: L2ConnectedState
08-12 13:32:23.600   514  1246 E WifiStateMachine:  L2ConnectedState !CMD_RSSI_POLL 1 0 "DKTest_B18_5G" 8c:be:be:20:a6:9d rssi=-33 f=5765 sc=60 link=780 tx=112.7, 0.0, 0.0  rx=79.9 bcn=0 [on:0 tx:0 rx:0 period:1] from screen [on:0 period:543499440] gl rssi=-33 ag=0 hr ticks 0,0,0 ls-=0 [56,56,60,60,65] brc=0 lrc=0
08-12 13:32:23.600   514  1246 E WifiStateMachine:  get link layer stats 0
08-12 13:32:23.600   514  1246 D wifi    : doCommand: IFNAME=wlan0 SIGNAL_POLL
08-12 13:32:23.600  3807  3807 I wpa_supplicant: [CTRL_IFACE]wlan0: SIGNAL_POLL
08-12 13:32:23.602  3807  3807 D wpa_supplicant: nl80211: survey data missing!
08-12 13:32:23.602   514  1246 D wifi    : cmd = IFNAME=wlan0 SIGNAL_POLL, reply: RSSI=-34
08-12 13:32:23.602   514  1246 D wifi    : LINKSPEED=702
08-12 13:32:23.602   514  1246 D wifi    : NOISE=9999
08-12 13:32:23.602   514  1246 D wifi    : FREQUENCY=5765
08-12 13:32:23.602   514  1246 E WifiStateMachine: fetchRssiLinkSpeedAndFrequencyNative rssi=-34 linkspeed=702
08-12 13:32:23.604   514  1246 E WifiStateMachine: calculateWifiScore freq=5765 speed=702 score=60 highRSSI  -> txbadrate=0.00 txgoodrate=137.84 txretriesrate=0.00 rxrate=106.44 userTriggerdPenalty0
08-12 13:32:23.604   514  1246 E WifiStateMachine:  good link -> stuck count =0
08-12 13:32:23.604   514  1246 E WifiStateMachine:  badRSSI count0 lowRSSI count0 --> score 60
08-12 13:32:23.604   514  1246 E WifiStateMachine:  isHighRSSI       ---> score=65
08-12 13:32:23.605  2285  2285 D MiTVNetworkController: action onReceive is : android.net.wifi.RSSI_CHANGED, mitv.network.ethernet.action.ETHERNET_STATE_CHANGED
08-12 13:32:23.605   514  1246 E WifiStateMachine: handleMessage: X
08-12 13:32:23.605  2285  2285 D MiTVNetworkController: updateWifiIcons mWifiConnected:true, mWifiLevel:4
08-12 13:32:23.605  2285  2285 D NetworkStateManager: changeNetworkState, type:2, flag:0, level:4, lable:DKTest_B18_5G
