08-12 13:30:06.994  2961  3044 D com.xiaomi.tv.gallery.download.GalleryDownloadManager: no server ip
08-12 13:30:06.998  2961  3044 D com.xiaomi.tv.gallery.download.GalleryDownloadManager: no server ip
08-12 13:30:07.001  2961  3044 D com.xiaomi.tv.gallery.download.GalleryDownloadManager: no server ip
08-12 13:30:07.005  2961  3044 D com.xiaomi.tv.gallery.download.GalleryDownloadManager: no server ip
08-12 13:30:07.009  2961  3044 D com.xiaomi.tv.gallery.download.GalleryDownloadManager: no server ip
08-12 13:30:07.014  2961  3044 D com.xiaomi.tv.gallery.download.GalleryDownloadManager: no server ip
08-12 13:30:07.018  2961  3044 D com.xiaomi.tv.gallery.download.GalleryDownloadManager: no server ip
08-12 13:30:07.021  2961  3044 D com.xiaomi.tv.gallery.download.GalleryDownloadManager: no server ip
08-12 13:30:07.025  2961  3044 D com.xiaomi.tv.gallery.download.GalleryDownloadManager: no server ip
08-12 13:30:07.029  2961  3044 D com.xiaomi.tv.gallery.download.GalleryDownloadManager: no server ip
08-12 13:30:07.033  2961  3044 D com.xiaomi.tv.gallery.download.GalleryDownloadManager: no server ip
08-12 13:30:07.036  2961  3044 D com.xiaomi.tv.gallery.download.GalleryDownloadManager: no server ip
08-12 13:30:07.040  2961  3044 D com.xiaomi.tv.gallery.download.GalleryDownloadManager: no server ip
08-12 13:30:07.043  2961  3044 D com.xiaomi.tv.gallery.download.GalleryDownloadManager: no server ip
08-12 13:30:07.047  2961  3044 D com.xiaomi.tv.gallery.download.GalleryDownloadManager: no server ip
08-12 13:30:07.050  2961  3044 D com.xiaomi.tv.gallery.download.GalleryDownloadManager: no server ip
08-12 13:30:07.054  2961  3044 D com.xiaomi.tv.gallery.download.GalleryDownloadManager: no server ip
08-12 13:30:07.058  2961  3044 D com.xiaomi.tv.gallery.download.GalleryDownloadManager: no server ip
08-12 13:30:07.063  2961  3044 D com.xiaomi.tv.gallery.download.GalleryDownloadManager: no server ip
08-12 13:30:07.067  2961  3044 D com.xiaomi.tv.gallery.download.GalleryDownloadManager: no server ip
08-12 13:30:07.070  2961  3044 D com.xiaomi.tv.gallery.download.GalleryDownloadManager: no server ip
08-12 13:30:07.074  2961  3044 D com.xiaomi.tv.gallery.download.GalleryDownloadManager: no server ip
08-12 13:30:07.078  2961  3044 D com.xiaomi.tv.gallery.download.GalleryDownloadManager: no server ip
08-12 13:30:07.081  2961  3044 D com.xiaomi.tv.gallery.download.GalleryDownloadManager: no server ip
08-12 13:30:07.084  2961  3044 D com.xiaomi.tv.gallery.download.GalleryDownloadManager: no server ip
08-12 13:30:07.088  2961  3044 D com.xiaomi.tv.gallery.download.GalleryDownloadManager: no server ip
08-12 13:30:07.092  2961  3044 D com.xiaomi.tv.gallery.download.GalleryDownloadManager: no server ip
08-12 13:30:07.095     0     0 I Kernel  : <7>[  435.939413] current logd.writer(139) kill task .mitv.advertise(2239) signal 0
08-12 13:30:07.096  2961  3044 D com.xiaomi.tv.gallery.download.GalleryDownloadManager: no server ip
08-12 13:30:07.099  2961  3044 D com.xiaomi.tv.gallery.download.GalleryDownloadManager: no server ip
08-12 13:30:07.103  2961  3044 D com.xiaomi.tv.gallery.download.GalleryDownloadManager: no server ip
08-12 13:30:07.108  2961  3044 D com.xiaomi.tv.gallery.download.GalleryDownloadManager: no server ip
08-12 13:30:07.112  2961  3044 D com.xiaomi.tv.gallery.download.GalleryDownloadManager: no server ip
08-12 13:30:07.116  2961  3044 D com.xiaomi.tv.gallery.download.GalleryDownloadManager: no server ip
08-12 13:30:07.119  2961  3044 D com.xiaomi.tv.gallery.download.GalleryDownloadManager: no server ip
08-12 13:30:07.123  2961  3044 D com.xiaomi.tv.gallery.download.GalleryDownloadManager: no server ip
08-12 13:30:07.127  2961  3044 D com.xiaomi.tv.gallery.download.GalleryDownloadManager: no server ip
08-12 13:30:07.130  2961  3044 D com.xiaomi.tv.gallery.download.GalleryDownloadManager: no server ip
08-12 13:30:07.134  2961  3044 D com.xiaomi.tv.gallery.download.GalleryDownloadManager: no server ip
08-12 13:30:07.137  2961  3044 D com.xiaomi.tv.gallery.download.GalleryDownloadManager: no server ip
08-12 13:30:07.141  2961  3044 D com.xiaomi.tv.gallery.download.GalleryDownloadManager: no server ip
08-12 13:30:07.145  2961  3044 D com.xiaomi.tv.gallery.download.GalleryDownloadManager: no server ip
08-12 13:30:07.148  2961  3044 D com.xiaomi.tv.gallery.download.GalleryDownloadManager: no server ip
08-12 13:30:07.152  2961  3044 D com.xiaomi.tv.gallery.download.GalleryDownloadManager: no server ip
08-12 13:30:07.157  2961  3044 D com.xiaomi.tv.gallery.download.GalleryDownloadManager: no server ip
08-12 13:30:07.160  2961  3044 D com.xiaomi.tv.gallery.download.GalleryDownloadManager: no server ip
08-12 13:30:07.163  2961  3044 D com.xiaomi.tv.gallery.download.GalleryDownloadManager: no server ip
08-12 13:30:07.167  2961  3044 D com.xiaomi.tv.gallery.download.GalleryDownloadManager: no server ip
08-12 13:30:07.170  2961  3044 D com.xiaomi.tv.gallery.download.GalleryDownloadManager: no server ip
08-12 13:30:07.174  2961  3044 D com.xiaomi.tv.gallery.download.GalleryDownloadManager: no server ip
08-12 13:30:07.178  2961  3044 D com.xiaomi.tv.gallery.download.GalleryDownloadManager: no server ip
08-12 13:30:07.181  2961  3044 D com.xiaomi.tv.gallery.download.GalleryDownloadManager: no server ip
08-12 13:30:07.185  2961  3044 D com.xiaomi.tv.gallery.download.GalleryDownloadManager: no server ip
08-12 13:30:07.188  2961  3044 D com.xiaomi.tv.gallery.download.GalleryDownloadManager: no server ip
08-12 13:30:07.192  2961  3044 D com.xiaomi.tv.gallery.download.GalleryDownloadManager: no server ip
08-12 13:30:07.196  2961  3044 D com.xiaomi.tv.gallery.download.GalleryDownloadManager: no server ip
08-12 13:30:07.200  2961  3044 D com.xiaomi.tv.gallery.download.GalleryDownloadManager: no server ip
08-12 13:30:07.204  2961  3044 D com.xiaomi.tv.gallery.download.GalleryDownloadManager: no server ip
08-12 13:30:07.208  2961  3044 D com.xiaomi.tv.gallery.download.GalleryDownloadManager: no server ip
08-12 13:30:07.212  2961  3044 D com.xiaomi.tv.gallery.download.GalleryDownloadManager: no server ip
08-12 13:30:07.215  2961  3044 D com.xiaomi.tv.gallery.download.GalleryDownloadManager: no server ip
08-12 13:30:07.219  2961  3044 D com.xiaomi.tv.gallery.download.GalleryDownloadManager: no server ip
08-12 13:30:07.222  2961  3044 D com.xiaomi.tv.gallery.download.GalleryDownloadManager: no server ip
08-12 13:30:07.226  2961  3044 D com.xiaomi.tv.gallery.download.GalleryDownloadManager: no server ip
08-12 13:30:07.229  2961  3044 D com.xiaomi.tv.gallery.download.GalleryDownloadManager: no server ip
08-12 13:30:07.233  2961  3044 D com.xiaomi.tv.gallery.download.GalleryDownloadManager: no server ip
08-12 13:30:07.236  2961  3044 D com.xiaomi.tv.gallery.download.GalleryDownloadManager: no server ip
08-12 13:30:07.240  2961  3044 D com.xiaomi.tv.gallery.download.GalleryDownloadManager: no server ip
08-12 13:30:07.244  2961  3044 D com.xiaomi.tv.gallery.download.GalleryDownloadManager: no server ip
08-12 13:30:07.249  2961  3044 D com.xiaomi.tv.gallery.download.GalleryDownloadManager: no server ip
08-12 13:30:07.253  2961  3044 D com.xiaomi.tv.gallery.download.GalleryDownloadManager: no server ip
08-12 13:30:07.257  2961  3044 D com.xiaomi.tv.gallery.download.GalleryDownloadManager: no server ip
08-12 13:30:07.261  2961  3044 D com.xiaomi.tv.gallery.download.GalleryDownloadManager: no server ip
08-12 13:30:07.264  2961  3044 D com.xiaomi.tv.gallery.download.GalleryDownloadManager: no server ip
08-12 13:30:07.267  2961  3044 D com.xiaomi.tv.gallery.download.GalleryDownloadManager: no server ip
08-12 13:30:07.271  2961  3044 D com.xiaomi.tv.gallery.download.GalleryDownloadManager: no server ip
08-12 13:30:07.274  2961  3044 D com.xiaomi.tv.gallery.download.GalleryDownloadManager: no server ip
08-12 13:30:07.278  2961  3044 D com.xiaomi.tv.gallery.download.GalleryDownloadManager: no server ip
08-12 13:30:07.282  2961  3044 D com.xiaomi.tv.gallery.download.GalleryDownloadManager: no server ip
08-12 13:30:07.285  2961  3044 D com.xiaomi.tv.gallery.download.GalleryDownloadManager: no server ip
08-12 13:30:07.288  2961  3044 D com.xiaomi.tv.gallery.download.GalleryDownloadManager: no server ip
08-12 13:30:07.293  2961  3044 D com.xiaomi.tv.gallery.download.GalleryDownloadManager: no server ip
08-12 13:30:07.298  2961  3044 D com.xiaomi.tv.gallery.download.GalleryDownloadManager: no server ip
08-12 13:30:07.302  2961  3044 D com.xiaomi.tv.gallery.download.GalleryDownloadManager: no server ip
08-12 13:30:07.305  2961  3044 D com.xiaomi.tv.gallery.download.GalleryDownloadManager: no server ip
08-12 13:30:07.309  2961  3044 D com.xiaomi.tv.gallery.download.GalleryDownloadManager: no server ip
08-12 13:30:07.312  2961  3044 D com.xiaomi.tv.gallery.download.GalleryDownloadManager: no server ip
08-12 13:30:07.316  2961  3044 D com.xiaomi.tv.gallery.download.GalleryDownloadManager: no server ip
08-12 13:30:07.319  2961  3044 D com.xiaomi.tv.gallery.download.GalleryDownloadManager: no server ip
08-12 13:30:07.323  2961  3044 D com.xiaomi.tv.gallery.download.GalleryDownloadManager: no server ip
08-12 13:30:07.326  2961  3044 D com.xiaomi.tv.gallery.download.GalleryDownloadManager: no server ip
08-12 13:30:07.330  2961  3044 D com.xiaomi.tv.gallery.download.GalleryDownloadManager: no server ip
08-12 13:30:07.333  2961  3044 D com.xiaomi.tv.gallery.download.GalleryDownloadManager: no server ip
08-12 13:30:07.337  2961  3044 D com.xiaomi.tv.gallery.download.GalleryDownloadManager: no server ip
08-12 13:30:07.344  2961  3044 D com.xiaomi.tv.gallery.download.GalleryDownloadManager: no server ip
08-12 13:30:07.347  2961  3044 D com.xiaomi.tv.gallery.download.GalleryDownloadManager: no server ip
08-12 13:30:07.351  2961  3044 D com.xiaomi.tv.gallery.download.GalleryDownloadManager: no server ip
08-12 13:30:07.354  2961  3044 D com.xiaomi.tv.gallery.download.GalleryDownloadManager: no server ip
08-12 13:30:07.358  2961  3044 D com.xiaomi.tv.gallery.download.GalleryDownloadManager: no server ip
08-12 13:30:07.362  2961  3044 D com.xiaomi.tv.gallery.download.GalleryDownloadManager: no server ip
08-12 13:30:07.365  2961  3044 D com.xiaomi.tv.gallery.download.GalleryDownloadManager: no server ip
08-12 13:30:07.369  2961  3044 D com.xiaomi.tv.gallery.download.GalleryDownloadManager: no server ip
08-12 13:30:07.374  2961  3044 D com.xiaomi.tv.gallery.download.GalleryDownloadManager: no server ip
08-12 13:30:07.377  2961  3044 D com.xiaomi.tv.gallery.download.GalleryDownloadManager: no server ip
08-12 13:30:07.381  2961  3044 D com.xiaomi.tv.gallery.download.GalleryDownloadManager: no server ip
08-12 13:30:07.386  2961  3044 D com.xiaomi.tv.gallery.download.GalleryDownloadManager: no server ip
08-12 13:30:07.388  1550  1689 I clientsdk: tid 1689, httpget http://www.baidu.com:80
08-12 13:30:07.389  1689  1689 I auditd  : type=1400 audit(0.0:2433): avc: granted { write } for comm="Thread-87" name="CookiesFile" dev="mmcblk0p22" ino=873 scontext=u:r:system_app:s0 tcontext=u:object_r:system_data_file:s0 tclass=file
08-12 13:30:07.394     0     0 I Kernel  : <12>[  436.237768] type=1400 audit(1439357407.389:2433): avc: granted { write } for pid=1689 comm="Thread-87" name="CookiesFile" dev="mmcblk0p22" ino=873 scontext=u:r:system_app:s0 tcontext=u:object_r:system_data_file:s0 tclass=file
08-12 13:30:07.394     0     0 I Kernel  : <12>[  436.239092] type=1400 audit(1439357407.389:2434): avc: granted { write } for pid=1689 comm="Thread-87" path="/data/duokancache/CookiesFile" dev="mmcblk0p22" ino=873 scontext=u:r:system_app:s0 tcontext=u:object_r:system_data_file:s0 tclass=file
08-12 13:30:07.389  1689  1689 W Thread-87: type=1400 audit(0.0:2433): avc: granted { write } for name="CookiesFile" dev="mmcblk0p22" ino=873 scontext=u:r:system_app:s0 tcontext=u:object_r:system_data_file:s0 tclass=file
08-12 13:30:07.389  1689  1689 I auditd  : type=1400 audit(0.0:2434): avc: granted { write } for comm="Thread-87" path="/data/duokancache/CookiesFile" dev="mmcblk0p22" ino=873 scontext=u:r:system_app:s0 tcontext=u:object_r:system_data_file:s0 tclass=file
08-12 13:30:07.389  1689  1689 W Thread-87: type=1400 audit(0.0:2434): avc: granted { write } for path="/data/duokancache/CookiesFile" dev="mmcblk0p22" ino=873 scontext=u:r:system_app:s0 tcontext=u:object_r:system_data_file:s0 tclass=file
08-12 13:30:07.395     0     0 I Kernel  : <12>[  436.240358] type=1400 audit(1439357407.389:2435): avc: granted { write } for pid=1689 comm="Thread-87" name="CookiesFile" dev="mmcblk0p22" ino=873 scontext=u:r:system_app:s0 tcontext=u:object_r:system_data_file:s0 tclass=file
08-12 13:30:07.389  1689  1689 I auditd  : type=1400 audit(0.0:2435): avc: granted { write } for comm="Thread-87" name="CookiesFile" dev="mmcblk0p22" ino=873 scontext=u:r:system_app:s0 tcontext=u:object_r:system_data_file:s0 tclass=file
08-12 13:30:07.389  1689  1689 W Thread-87: type=1400 audit(0.0:2435): avc: granted { write } for name="CookiesFile" dev="mmcblk0p22" ino=873 scontext=u:r:system_app:s0 tcontext=u:object_r:system_data_file:s0 tclass=file
08-12 13:30:07.396  1550  1689 I clientsdk: tid 1689, HttpGet, status code = 0
08-12 13:30:07.399     0     0 I Kernel  : <12>[  436.243174] type=1400 audit(1439357407.394:2436): avc: granted { write } for pid=1689 comm="Thread-87" name="CookiesFile" dev="mmcblk0p22" ino=873 scontext=u:r:system_app:s0 tcontext=u:object_r:system_data_file:s0 tclass=file
08-12 13:30:07.396  1550  1689 I clientsdk: tid 1689, HttpGet curl_easy_perform result 6
08-12 13:30:07.396  1550  1689 I duokantv: tid 1689, DuoKanUtility::checkHostReachability -- ret of HttpGet = -1006
08-12 13:30:07.396  1550  1689 I duokantv: tid 1689, DuoKanUtility::checkHostReachability -- HttpGet: not reachable
08-12 13:30:07.396  1550  1689 I duokantv: tid 1689, DKAppDelegate::setupServerConnection, no userID
08-12 13:30:07.396  1550  1689 I duokantv: tid 1689, DataStore: Token, Enter loadToken2
08-12 13:30:07.396  1550  1689 I duokantv: tid 1689, DataStore: Token, key 5fcb31f300324bcbb8c3cac60d6d4184
08-12 13:30:07.396  1550  1689 I duokantv: tid 1689, DataStore: Token, token cc5bf5545b674d1e9e2bd0add857ccc0
08-12 13:30:07.396  1550  1689 I duokantv: tid 1689, DKAppDelegate:setupServerConnection -- about to login to server
08-12 13:30:07.397  1550  1689 I clientsdk: tid 1689, httppost http://122.49.38.6/tvservice/login?vc=0&ac=0&ic=0&deviceid=5b11bace3b21548f71a273121cfa15a6&apiver=1.8&ver=5.0.1.1213&codever=15&ptf=605&ts=1439357407&nonce=389431399&language=zh_CN&feature=15&opaque=2a95ed6560cd19f05002a4bf8bbc987e1a3e838a
08-12 13:30:07.394  1689  1689 I auditd  : type=1400 audit(0.0:2436): avc: granted { write } for comm="Thread-87" name="CookiesFile" dev="mmcblk0p22" ino=873 scontext=u:r:system_app:s0 tcontext=u:object_r:system_data_file:s0 tclass=file
08-12 13:30:07.401     0     0 I Kernel  : <12>[  436.244877] type=1400 audit(1439357407.394:2437): avc: granted { write } for pid=1689 comm="Thread-87" path="/data/duokancache/CookiesFile" dev="mmcblk0p22" ino=873 scontext=u:r:system_app:s0 tcontext=u:object_r:system_data_file:s0 tclass=file
08-12 13:30:07.401     0     0 I Kernel  : <12>[  436.245054] type=1400 audit(1439357407.394:2438): avc: granted { write } for pid=1689 comm="Thread-87" name="CookiesFile" dev="mmcblk0p22" ino=873 scontext=u:r:system_app:s0 tcontext=u:object_r:system_data_file:s0 tclass=file
08-12 13:30:07.394  1689  1689 W Thread-87: type=1400 audit(0.0:2436): avc: granted { write } for name="CookiesFile" dev="mmcblk0p22" ino=873 scontext=u:r:system_app:s0 tcontext=u:object_r:system_data_file:s0 tclass=file
08-12 13:30:07.394  1689  1689 I auditd  : type=1400 audit(0.0:2437): avc: granted { write } for comm="Thread-87" path="/data/duokancache/CookiesFile" dev="mmcblk0p22" ino=873 scontext=u:r:system_app:s0 tcontext=u:object_r:system_data_file:s0 tclass=file
08-12 13:30:07.394  1689  1689 W Thread-87: type=1400 audit(0.0:2437): avc: granted { write } for path="/data/duokancache/CookiesFile" dev="mmcblk0p22" ino=873 scontext=u:r:system_app:s0 tcontext=u:object_r:system_data_file:s0 tclass=file
08-12 13:30:07.394  1689  1689 I auditd  : type=1400 audit(0.0:2438): avc: granted { write } for comm="Thread-87" name="CookiesFile" dev="mmcblk0p22" ino=873 scontext=u:r:system_app:s0 tcontext=u:object_r:system_data_file:s0 tclass=file
08-12 13:30:07.394  1689  1689 W Thread-87: type=1400 audit(0.0:2438): avc: granted { write } for name="CookiesFile" dev="mmcblk0p22" ino=873 scontext=u:r:system_app:s0 tcontext=u:object_r:system_data_file:s0 tclass=file
08-12 13:30:07.398  2961  3044 D com.xiaomi.tv.gallery.download.GalleryDownloadManager: no server ip
08-12 13:30:07.400  1550  1689 I clientsdk: tid 1689, HttpPost, status code = 0
08-12 13:30:07.400  1550  1689 I clientsdk: tid 1689, HttpGet curl_easy_perform result 7
08-12 13:30:07.400  1550  1689 I clientsdk: tid 1689, httppost http://122.49.38.6/tvservice/login?vc=0&ac=0&ic=0&deviceid=5b11bace3b21548f71a273121cfa15a6&apiver=1.8&ver=5.0.1.1213&codever=15&ptf=605&ts=1439357407&nonce=389431399&language=zh_CN&feature=15&opaque=2a95ed6560cd19f05002a4bf8bbc987e1a3e838a
08-12 13:30:07.403     0     0 I Kernel  : <12>[  436.247310] type=1400 audit(1439357407.399:2439): avc: granted { write } for pid=1689 comm="Thread-87" name="CookiesFile" dev="mmcblk0p22" ino=873 scontext=u:r:system_app:s0 tcontext=u:object_r:system_data_file:s0 tclass=file
08-12 13:30:07.404     0     0 I Kernel  : <12>[  436.247488] type=1400 audit(1439357407.399:2440): avc: granted { write } for pid=1689 comm="Thread-87" path="/data/duokancache/CookiesFile" dev="mmcblk0p22" ino=873 scontext=u:r:system_app:s0 tcontext=u:object_r:system_data_file:s0 tclass=file
08-12 13:30:07.404     0     0 I Kernel  : <12>[  436.247621] type=1400 audit(1439357407.399:2441): avc: granted { write } for pid=1689 comm="Thread-87" name="CookiesFile" dev="mmcblk0p22" ino=873 scontext=u:r:system_app:s0 tcontext=u:object_r:system_data_file:s0 tclass=file
08-12 13:30:07.399  1689  1689 I auditd  : type=1400 audit(0.0:2439): avc: granted { write } for comm="Thread-87" name="CookiesFile" dev="mmcblk0p22" ino=873 scontext=u:r:system_app:s0 tcontext=u:object_r:system_data_file:s0 tclass=file
08-12 13:30:07.399  1689  1689 W Thread-87: type=1400 audit(0.0:2439): avc: granted { write } for name="CookiesFile" dev="mmcblk0p22" ino=873 scontext=u:r:system_app:s0 tcontext=u:object_r:system_data_file:s0 tclass=file
08-12 13:30:07.399  1689  1689 I auditd  : type=1400 audit(0.0:2440): avc: granted { write } for comm="Thread-87" path="/data/duokancache/CookiesFile" dev="mmcblk0p22" ino=873 scontext=u:r:system_app:s0 tcontext=u:object_r:system_data_file:s0 tclass=file
08-12 13:30:07.399  1689  1689 W Thread-87: type=1400 audit(0.0:2440): avc: granted { write } for path="/data/duokancache/CookiesFile" dev="mmcblk0p22" ino=873 scontext=u:r:system_app:s0 tcontext=u:object_r:system_data_file:s0 tclass=file
08-12 13:30:07.399  1689  1689 I auditd  : type=1400 audit(0.0:2441): avc: granted { write } for comm="Thread-87" name="CookiesFile" dev="mmcblk0p22" ino=873 scontext=u:r:system_app:s0 tcontext=u:object_r:system_data_file:s0 tclass=file
08-12 13:30:07.399  1689  1689 W Thread-87: type=1400 audit(0.0:2441): avc: granted { write } for name="CookiesFile" dev="mmcblk0p22" ino=873 scontext=u:r:system_app:s0 tcontext=u:object_r:system_data_file:s0 tclass=file
08-12 13:30:07.403  1550  1689 I clientsdk: tid 1689, HttpPost, status code = 0
08-12 13:30:07.405     0     0 I Kernel  : <12>[  436.249987] type=1400 audit(1439357407.399:2442): avc: granted { write } for pid=1689 comm="Thread-87" name="CookiesFile" dev="mmcblk0p22" ino=873 scontext=u:r:system_app:s0 tcontext=u:object_r:system_data_file:s0 tclass=file
08-12 13:30:07.403  1550  1689 I clientsdk: tid 1689, HttpGet curl_easy_perform result 7
08-12 13:30:07.406     0     0 I Kernel  : <12>[  436.251003] type=1400 audit(1439357407.399:2443): avc: granted { write } for pid=1689 comm="Thread-87" path="/data/duokancache/CookiesFile" dev="mmcblk0p22" ino=873 scontext=u:r:system_app:s0 tcontext=u:object_r:system_data_file:s0 tclass=file
08-12 13:30:07.403  1550  1689 I clientsdk: tid 1689, httppost http://122.49.38.6/tvservice/login?vc=0&ac=0&ic=0&deviceid=5b11bace3b21548f71a273121cfa15a6&apiver=1.8&ver=5.0.1.1213&codever=15&ptf=605&ts=1439357407&nonce=389431399&language=zh_CN&feature=15&opaque=2a95ed6560cd19f05002a4bf8bbc987e1a3e838a
08-12 13:30:07.403  2961  3044 D com.xiaomi.tv.gallery.download.GalleryDownloadManager: no server ip
08-12 13:30:07.406     0     0 I Kernel  : <12>[  436.251164] type=1400 audit(1439357407.399:2444): avc: granted { write } for pid=1689 comm="Thread-87" name="CookiesFile" dev="mmcblk0p22" ino=873 scontext=u:r:system_app:s0 tcontext=u:object_r:system_data_file:s0 tclass=file
08-12 13:30:07.399  1689  1689 I auditd  : type=1400 audit(0.0:2442): avc: granted { write } for comm="Thread-87" name="CookiesFile" dev="mmcblk0p22" ino=873 scontext=u:r:system_app:s0 tcontext=u:object_r:system_data_file:s0 tclass=file
08-12 13:30:07.399  1689  1689 W Thread-87: type=1400 audit(0.0:2442): avc: granted { write } for name="CookiesFile" dev="mmcblk0p22" ino=873 scontext=u:r:system_app:s0 tcontext=u:object_r:system_data_file:s0 tclass=file
08-12 13:30:07.399  1689  1689 I auditd  : type=1400 audit(0.0:2443): avc: granted { write } for comm="Thread-87" path="/data/duokancache/CookiesFile" dev="mmcblk0p22" ino=873 scontext=u:r:system_app:s0 tcontext=u:object_r:system_data_file:s0 tclass=file
08-12 13:30:07.399  1689  1689 W Thread-87: type=1400 audit(0.0:2443): avc: granted { write } for path="/data/duokancache/CookiesFile" dev="mmcblk0p22" ino=873 scontext=u:r:system_app:s0 tcontext=u:object_r:system_data_file:s0 tclass=file
08-12 13:30:07.399  1689  1689 I auditd  : type=1400 audit(0.0:2444): avc: granted { write } for comm="Thread-87" name="CookiesFile" dev="mmcblk0p22" ino=873 scontext=u:r:system_app:s0 tcontext=u:object_r:system_data_file:s0 tclass=file
08-12 13:30:07.399  1689  1689 W Thread-87: type=1400 audit(0.0:2444): avc: granted { write } for name="CookiesFile" dev="mmcblk0p22" ino=873 scontext=u:r:system_app:s0 tcontext=u:object_r:system_data_file:s0 tclass=file
08-12 13:30:07.407  1550  1689 I clientsdk: tid 1689, HttpPost, status code = 0
08-12 13:30:07.407  1550  1689 I clientsdk: tid 1689, HttpGet curl_easy_perform result 7
08-12 13:30:07.407  1550  1689 I duokantv: tid 1689, DKAppDelegate:DK_UserLogin, result: -1
08-12 13:30:07.407  1550  1689 I duokantv: tid 1689, +++DKAppDelegate::hideAuthFailView: ../Classes/DKAppDelegate.cpp line: 3269
08-12 13:30:07.407  1550  1689 I duokantv: tid 1689, DKAppDelegate:setupServerConnection -- failed to login (-1)
08-12 13:30:07.409  2961  3044 D com.xiaomi.tv.gallery.download.GalleryDownloadManager: no server ip
08-12 13:30:07.413  2961  3044 D com.xiaomi.tv.gallery.download.GalleryDownloadManager: no server ip
08-12 13:30:07.417  2961  3044 D com.xiaomi.tv.gallery.download.GalleryDownloadManager: no server ip
08-12 13:30:07.421  2961  3044 D com.xiaomi.tv.gallery.download.GalleryDownloadManager: no server ip
08-12 13:30:07.426  2961  3044 D com.xiaomi.tv.gallery.download.GalleryDownloadManager: no server ip
08-12 13:30:07.429  2961  3044 D com.xiaomi.tv.gallery.download.GalleryDownloadManager: no server ip
08-12 13:30:07.433  2961  3044 D com.xiaomi.tv.gallery.download.GalleryDownloadManager: no server ip
08-12 13:30:07.437  2961  3044 D com.xiaomi.tv.gallery.download.GalleryDownloadManager: no server ip
08-12 13:30:07.443  2961  3044 D com.xiaomi.tv.gallery.download.GalleryDownloadManager: no server ip
08-12 13:30:07.447  2961  3044 D com.xiaomi.tv.gallery.download.GalleryDownloadManager: no server ip
08-12 13:30:07.450  2961  3044 D com.xiaomi.tv.gallery.download.GalleryDownloadManager: no server ip
08-12 13:30:07.454  2961  3044 D com.xiaomi.tv.gallery.download.GalleryDownloadManager: no server ip
08-12 13:30:07.458  2961  3044 D com.xiaomi.tv.gallery.download.GalleryDownloadManager: no server ip
08-12 13:30:07.462  2961  3044 D com.xiaomi.tv.gallery.download.GalleryDownloadManager: no server ip
08-12 13:30:07.465  2961  3044 D com.xiaomi.tv.gallery.download.GalleryDownloadManager: no server ip
08-12 13:30:07.469  2961  3044 D com.xiaomi.tv.gallery.download.GalleryDownloadManager: no server ip
08-12 13:30:07.473  2961  3044 D com.xiaomi.tv.gallery.download.GalleryDownloadManager: no server ip
08-12 13:30:07.476  2961  3044 D com.xiaomi.tv.gallery.download.GalleryDownloadManager: no server ip
08-12 13:30:07.485  2961  3044 D com.xiaomi.tv.gallery.download.GalleryDownloadManager: no server ip
08-12 13:30:07.488  2961  3044 D com.xiaomi.tv.gallery.download.GalleryDownloadManager: no server ip
08-12 13:30:07.493  2961  3044 D com.xiaomi.tv.gallery.download.GalleryDownloadManager: no server ip
08-12 13:30:07.497  2961  3044 D com.xiaomi.tv.gallery.download.GalleryDownloadManager: no server ip
08-12 13:30:07.501  2961  3044 D com.xiaomi.tv.gallery.download.GalleryDownloadManager: no server ip
08-12 13:30:07.504  2961  3044 D com.xiaomi.tv.gallery.download.GalleryDownloadManager: no server ip
08-12 13:30:07.509  2961  3044 D com.xiaomi.tv.gallery.download.GalleryDownloadManager: no server ip
08-12 13:30:07.512  2961  3044 D com.xiaomi.tv.gallery.download.GalleryDownloadManager: no server ip
08-12 13:30:07.516  2961  3044 D com.xiaomi.tv.gallery.download.GalleryDownloadManager: no server ip
08-12 13:30:07.520  2961  3044 D com.xiaomi.tv.gallery.download.GalleryDownloadManager: no server ip
08-12 13:30:07.525  2961  3044 D com.xiaomi.tv.gallery.download.GalleryDownloadManager: no server ip
08-12 13:30:07.530  2961  3044 D com.xiaomi.tv.gallery.download.GalleryDownloadManager: no server ip
08-12 13:30:07.534  2961  3044 D com.xiaomi.tv.gallery.download.GalleryDownloadManager: no server ip
08-12 13:30:07.537  2961  3044 D com.xiaomi.tv.gallery.download.GalleryDownloadManager: no server ip
08-12 13:30:07.541  2961  3044 D com.xiaomi.tv.gallery.download.GalleryDownloadManager: no server ip
08-12 13:30:07.545  2961  3044 D com.xiaomi.tv.gallery.download.GalleryDownloadManager: no server ip
08-12 13:30:07.548  2961  3044 D com.xiaomi.tv.gallery.download.GalleryDownloadManager: no server ip
08-12 13:30:07.552  2961  3044 D com.xiaomi.tv.gallery.download.GalleryDownloadManager: no server ip
08-12 13:30:07.555  2961  3044 D com.xiaomi.tv.gallery.download.GalleryDownloadManager: no server ip
08-12 13:30:07.559  2961  3044 D com.xiaomi.tv.gallery.download.GalleryDownloadManager: no server ip
08-12 13:30:07.563  2961  3044 D com.xiaomi.tv.gallery.download.GalleryDownloadManager: no server ip
08-12 13:30:07.566  2961  3044 D com.xiaomi.tv.gallery.download.GalleryDownloadManager: no server ip
08-12 13:30:07.570  2961  3044 D com.xiaomi.tv.gallery.download.GalleryDownloadManager: no server ip
08-12 13:30:07.574  2961  3044 D com.xiaomi.tv.gallery.download.GalleryDownloadManager: no server ip
08-12 13:30:07.577  2961  3044 D com.xiaomi.tv.gallery.download.GalleryDownloadManager: no server ip
08-12 13:30:07.581  2961  3044 D com.xiaomi.tv.gallery.download.GalleryDownloadManager: no server ip
08-12 13:30:07.584  2961  3044 D com.xiaomi.tv.gallery.download.GalleryDownloadManager: no server ip
08-12 13:30:07.589  2961  3044 D com.xiaomi.tv.gallery.download.GalleryDownloadManager: no server ip
08-12 13:30:07.593  2961  3044 D com.xiaomi.tv.gallery.download.GalleryDownloadManager: no server ip
08-12 13:30:07.596  2961  3044 D com.xiaomi.tv.gallery.download.GalleryDownloadManager: no server ip
08-12 13:30:07.600  2961  3044 D com.xiaomi.tv.gallery.download.GalleryDownloadManager: no server ip
08-12 13:30:07.603  2961  3044 D com.xiaomi.tv.gallery.download.GalleryDownloadManager: no server ip
08-12 13:30:07.607  2961  3044 D com.xiaomi.tv.gallery.download.GalleryDownloadManager: no server ip
08-12 13:30:07.611  2961  3044 D com.xiaomi.tv.gallery.download.GalleryDownloadManager: no server ip
08-12 13:30:07.614  2961  3044 D com.xiaomi.tv.gallery.download.GalleryDownloadManager: no server ip
08-12 13:30:07.618  2961  3044 D com.xiaomi.tv.gallery.download.GalleryDownloadManager: no server ip
08-12 13:30:07.621  2961  3044 D com.xiaomi.tv.gallery.download.GalleryDownloadManager: no server ip
08-12 13:30:07.625  2961  3044 D com.xiaomi.tv.gallery.download.GalleryDownloadManager: no server ip
08-12 13:30:07.629  2961  3044 D com.xiaomi.tv.gallery.download.GalleryDownloadManager: no server ip
08-12 13:30:07.632  2961  3044 D com.xiaomi.tv.gallery.download.GalleryDownloadManager: no server ip
08-12 13:30:07.633  1377  1377 I MiTv-Impl-tv2_48-mstar-SourceManagerImpl: getCurrentSource return 1
08-12 13:30:07.636  2961  3044 D com.xiaomi.tv.gallery.download.GalleryDownloadManager: no server ip
08-12 13:30:07.640  2961  3044 D com.xiaomi.tv.gallery.download.GalleryDownloadManager: no server ip
08-12 13:30:07.644  2961  3044 D com.xiaomi.tv.gallery.download.GalleryDownloadManager: no server ip
08-12 13:30:07.648  2961  3044 D com.xiaomi.tv.gallery.download.GalleryDownloadManager: no server ip
08-12 13:30:07.652  2961  3044 D com.xiaomi.tv.gallery.download.GalleryDownloadManager: no server ip
08-12 13:30:07.656  2961  3044 D com.xiaomi.tv.gallery.download.GalleryDownloadManager: no server ip
08-12 13:30:07.659  2961  3044 D com.xiaomi.tv.gallery.download.GalleryDownloadManager: no server ip
08-12 13:30:07.663  2961  3044 D com.xiaomi.tv.gallery.download.GalleryDownloadManager: no server ip
08-12 13:30:07.666  2961  3044 D com.xiaomi.tv.gallery.download.GalleryDownloadManager: no server ip
08-12 13:30:07.669  2961  3044 D com.xiaomi.tv.gallery.download.GalleryDownloadManager: no server ip
08-12 13:30:07.673  2961  3044 D com.xiaomi.tv.gallery.download.GalleryDownloadManager: no server ip
08-12 13:30:07.677  2961  3044 D com.xiaomi.tv.gallery.download.GalleryDownloadManager: no server ip
08-12 13:30:07.680  2961  3044 D com.xiaomi.tv.gallery.download.GalleryDownloadManager: no server ip
08-12 13:30:07.683  2961  3044 D com.xiaomi.tv.gallery.download.GalleryDownloadManager: no server ip
08-12 13:30:07.687  2961  3044 D com.xiaomi.tv.gallery.download.GalleryDownloadManager: no server ip
08-12 13:30:07.691  2961  3044 D com.xiaomi.tv.gallery.download.GalleryDownloadManager: no server ip
08-12 13:30:07.694  2961  3044 D com.xiaomi.tv.gallery.download.GalleryDownloadManager: no server ip
08-12 13:30:07.698  2961  3044 D com.xiaomi.tv.gallery.download.GalleryDownloadManager: no server ip
08-12 13:30:07.702  2961  3044 D com.xiaomi.tv.gallery.download.GalleryDownloadManager: no server ip
08-12 13:30:07.706  2961  3044 D com.xiaomi.tv.gallery.download.GalleryDownloadManager: no server ip
08-12 13:30:07.711  2961  3044 D com.xiaomi.tv.gallery.download.GalleryDownloadManager: no server ip
08-12 13:30:07.714  2961  3044 D com.xiaomi.tv.gallery.download.GalleryDownloadManager: no server ip
08-12 13:30:07.718  2961  3044 D com.xiaomi.tv.gallery.download.GalleryDownloadManager: no server ip
08-12 13:30:07.721  2961  3044 D com.xiaomi.tv.gallery.download.GalleryDownloadManager: no server ip
08-12 13:30:07.725  2961  3044 D com.xiaomi.tv.gallery.download.GalleryDownloadManager: no server ip
08-12 13:30:07.730  2961  3044 D com.xiaomi.tv.gallery.download.GalleryDownloadManager: no server ip
08-12 13:30:07.733  2961  3044 D com.xiaomi.tv.gallery.download.GalleryDownloadManager: no server ip
08-12 13:30:07.737  2961  3044 D com.xiaomi.tv.gallery.download.GalleryDownloadManager: no server ip
08-12 13:30:07.741  2961  3044 D com.xiaomi.tv.gallery.download.GalleryDownloadManager: no server ip
08-12 13:30:07.745  2961  3044 D com.xiaomi.tv.gallery.download.GalleryDownloadManager: no server ip
08-12 13:30:07.749  2961  3044 D com.xiaomi.tv.gallery.download.GalleryDownloadManager: no server ip
08-12 13:30:07.752  2961  3044 D com.xiaomi.tv.gallery.download.GalleryDownloadManager: no server ip
08-12 13:30:07.756  2961  3044 D com.xiaomi.tv.gallery.download.GalleryDownloadManager: no server ip
08-12 13:30:07.759  2961  3044 D com.xiaomi.tv.gallery.download.GalleryDownloadManager: no server ip
08-12 13:30:07.764  2961  3044 D com.xiaomi.tv.gallery.download.GalleryDownloadManager: no server ip
08-12 13:30:07.770  2961  3044 D com.xiaomi.tv.gallery.download.GalleryDownloadManager: no server ip
08-12 13:30:07.774  2961  3044 D com.xiaomi.tv.gallery.download.GalleryDownloadManager: no server ip
08-12 13:30:07.777  2961  3044 D com.xiaomi.tv.gallery.download.GalleryDownloadManager: no server ip
08-12 13:30:07.781  2961  3044 D com.xiaomi.tv.gallery.download.GalleryDownloadManager: no server ip
08-12 13:30:07.784  2961  3044 D com.xiaomi.tv.gallery.download.GalleryDownloadManager: no server ip
08-12 13:30:07.788  2961  3044 D com.xiaomi.tv.gallery.download.GalleryDownloadManager: no server ip
08-12 13:30:07.792  2961  3044 D com.xiaomi.tv.gallery.download.GalleryDownloadManager: no server ip
08-12 13:30:07.796  2961  3044 D com.xiaomi.tv.gallery.download.GalleryDownloadManager: no server ip
08-12 13:30:07.799  2961  3044 D com.xiaomi.tv.gallery.download.GalleryDownloadManager: no server ip
08-12 13:30:07.803  2961  3044 D com.xiaomi.tv.gallery.download.GalleryDownloadManager: no server ip
08-12 13:30:07.807  2961  3044 D com.xiaomi.tv.gallery.download.GalleryDownloadManager: no server ip
08-12 13:30:07.811  2961  3044 D com.xiaomi.tv.gallery.download.GalleryDownloadManager: no server ip
08-12 13:30:07.815  2961  3044 D com.xiaomi.tv.gallery.download.GalleryDownloadManager: no server ip
08-12 13:30:07.818  2961  3044 D com.xiaomi.tv.gallery.download.GalleryDownloadManager: no server ip
08-12 13:30:07.822  2961  3044 D com.xiaomi.tv.gallery.download.GalleryDownloadManager: no server ip
08-12 13:30:07.828  2961  3044 D com.xiaomi.tv.gallery.download.GalleryDownloadManager: no server ip
08-12 13:30:07.832  2961  3044 D com.xiaomi.tv.gallery.download.GalleryDownloadManager: no server ip
08-12 13:30:07.836  2961  3044 D com.xiaomi.tv.gallery.download.GalleryDownloadManager: no server ip
08-12 13:30:07.839  2961  3044 D com.xiaomi.tv.gallery.download.GalleryDownloadManager: no server ip
08-12 13:30:07.843  2961  3044 D com.xiaomi.tv.gallery.download.GalleryDownloadManager: no server ip
08-12 13:30:07.847  2961  3044 D com.xiaomi.tv.gallery.download.GalleryDownloadManager: no server ip
08-12 13:30:07.850  2961  3044 D com.xiaomi.tv.gallery.download.GalleryDownloadManager: no server ip
08-12 13:30:07.854  2961  3044 D com.xiaomi.tv.gallery.download.GalleryDownloadManager: no server ip
08-12 13:30:07.858  2961  3044 D com.xiaomi.tv.gallery.download.GalleryDownloadManager: no server ip
08-12 13:30:07.862  2961  3044 D com.xiaomi.tv.gallery.download.GalleryDownloadManager: no server ip
08-12 13:30:07.866  2961  3044 D com.xiaomi.tv.gallery.download.GalleryDownloadManager: no server ip
08-12 13:30:07.869  2961  3044 D com.xiaomi.tv.gallery.download.GalleryDownloadManager: no server ip
08-12 13:30:07.873  2961  3044 D com.xiaomi.tv.gallery.download.GalleryDownloadManager: no server ip
08-12 13:30:07.877  2961  3044 D com.xiaomi.tv.gallery.download.GalleryDownloadManager: no server ip
08-12 13:30:07.882  2961  3044 D com.xiaomi.tv.gallery.download.GalleryDownloadManager: no server ip
08-12 13:30:07.886  2961  3044 D com.xiaomi.tv.gallery.download.GalleryDownloadManager: no server ip
08-12 13:30:07.890  2961  3044 D com.xiaomi.tv.gallery.download.GalleryDownloadManager: no server ip
08-12 13:30:07.893  2961  3044 D com.xiaomi.tv.gallery.download.GalleryDownloadManager: no server ip
08-12 13:30:07.897  2961  3044 D com.xiaomi.tv.gallery.download.GalleryDownloadManager: no server ip
08-12 13:30:07.900  2961  3044 D com.xiaomi.tv.gallery.download.GalleryDownloadManager: no server ip
08-12 13:30:07.904  2961  3044 D com.xiaomi.tv.gallery.download.GalleryDownloadManager: no server ip
08-12 13:30:07.908  2961  3044 D com.xiaomi.tv.gallery.download.GalleryDownloadManager: no server ip
08-12 13:30:07.911  2961  3044 D com.xiaomi.tv.gallery.download.GalleryDownloadManager: no server ip
08-12 13:30:07.915  2961  3044 D com.xiaomi.tv.gallery.download.GalleryDownloadManager: no server ip
08-12 13:30:07.918  2961  3044 D com.xiaomi.tv.gallery.download.GalleryDownloadManager: no server ip
08-12 13:30:07.922  2961  3044 D com.xiaomi.tv.gallery.download.GalleryDownloadManager: no server ip
08-12 13:30:07.926  2961  3044 D com.xiaomi.tv.gallery.download.GalleryDownloadManager: no server ip
08-12 13:30:07.930  2961  3044 D com.xiaomi.tv.gallery.download.GalleryDownloadManager: no server ip
08-12 13:30:07.935  2961  3044 D com.xiaomi.tv.gallery.download.GalleryDownloadManager: no server ip
08-12 13:30:07.941  2961  3044 D com.xiaomi.tv.gallery.download.GalleryDownloadManager: no server ip
08-12 13:30:07.945  2961  3044 D com.xiaomi.tv.gallery.download.GalleryDownloadManager: no server ip
08-12 13:30:07.949  2961  3044 D com.xiaomi.tv.gallery.download.GalleryDownloadManager: no server ip
08-12 13:30:07.953  2961  3044 D com.xiaomi.tv.gallery.download.GalleryDownloadManager: no server ip
08-12 13:30:07.957  2961  3044 D com.xiaomi.tv.gallery.download.GalleryDownloadManager: no server ip
08-12 13:30:07.961  2961  3044 D com.xiaomi.tv.gallery.download.GalleryDownloadManager: no server ip
08-12 13:30:07.965  2961  3044 D com.xiaomi.tv.gallery.download.GalleryDownloadManager: no server ip
08-12 13:30:07.970  2961  3044 D com.xiaomi.tv.gallery.download.GalleryDownloadManager: no server ip
08-12 13:30:07.975  2961  3044 D com.xiaomi.tv.gallery.download.GalleryDownloadManager: no server ip
08-12 13:30:07.980  2961  3044 D com.xiaomi.tv.gallery.download.GalleryDownloadManager: no server ip
08-12 13:30:07.984  2961  3044 D com.xiaomi.tv.gallery.download.GalleryDownloadManager: no server ip
08-12 13:30:07.988  2961  3044 D com.xiaomi.tv.gallery.download.GalleryDownloadManager: no server ip
08-12 13:30:07.992  2961  3044 D com.xiaomi.tv.gallery.download.GalleryDownloadManager: no server ip
08-12 13:30:07.997  2961  3044 D com.xiaomi.tv.gallery.download.GalleryDownloadManager: no server ip
08-12 13:30:08.001  2961  3044 D com.xiaomi.tv.gallery.download.GalleryDownloadManager: no server ip
08-12 13:30:08.004  2961  3044 D com.xiaomi.tv.gallery.download.GalleryDownloadManager: no server ip
08-12 13:30:08.011  2961  3044 D com.xiaomi.tv.gallery.download.GalleryDownloadManager: no server ip
08-12 13:30:08.015  2961  3044 D com.xiaomi.tv.gallery.download.GalleryDownloadManager: no server ip
08-12 13:30:08.019  2961  3044 D com.xiaomi.tv.gallery.download.GalleryDownloadManager: no server ip
08-12 13:30:08.023  2961  3044 D com.xiaomi.tv.gallery.download.GalleryDownloadManager: no server ip
08-12 13:30:08.027  2961  3044 D com.xiaomi.tv.gallery.download.GalleryDownloadManager: no server ip
08-12 13:30:08.031  2961  3044 D com.xiaomi.tv.gallery.download.GalleryDownloadManager: no server ip
08-12 13:30:08.035  2961  3044 D com.xiaomi.tv.gallery.download.GalleryDownloadManager: no server ip
08-12 13:30:08.038  2961  3044 D com.xiaomi.tv.gallery.download.GalleryDownloadManager: no server ip
08-12 13:30:08.043  2961  3044 D com.xiaomi.tv.gallery.download.GalleryDownloadManager: no server ip
08-12 13:30:08.046  2961  3044 D com.xiaomi.tv.gallery.download.GalleryDownloadManager: no server ip
08-12 13:30:08.050  2961  3044 D com.xiaomi.tv.gallery.download.GalleryDownloadManager: no server ip
08-12 13:30:08.055  2961  3044 D com.xiaomi.tv.gallery.download.GalleryDownloadManager: no server ip
08-12 13:30:08.060  2961  3044 D com.xiaomi.tv.gallery.download.GalleryDownloadManager: no server ip
08-12 13:30:08.063  2961  3044 D com.xiaomi.tv.gallery.download.GalleryDownloadManager: no server ip
08-12 13:30:08.067  2961  3044 D com.xiaomi.tv.gallery.download.GalleryDownloadManager: no server ip
08-12 13:30:08.070  2961  3044 D com.xiaomi.tv.gallery.download.GalleryDownloadManager: no server ip
08-12 13:30:08.074  2961  3044 D com.xiaomi.tv.gallery.download.GalleryDownloadManager: no server ip
08-12 13:30:08.077  2961  3044 D com.xiaomi.tv.gallery.download.GalleryDownloadManager: no server ip
08-12 13:30:08.081  2961  3044 D com.xiaomi.tv.gallery.download.GalleryDownloadManager: no server ip
08-12 13:30:08.084  2961  3044 D com.xiaomi.tv.gallery.download.GalleryDownloadManager: no server ip
08-12 13:30:08.088  2961  3044 D com.xiaomi.tv.gallery.download.GalleryDownloadManager: no server ip
08-12 13:30:08.092  2961  3044 D com.xiaomi.tv.gallery.download.GalleryDownloadManager: no server ip
08-12 13:30:08.095  2961  3044 D com.xiaomi.tv.gallery.download.GalleryDownloadManager: no server ip
08-12 13:30:08.098  2961  3044 D com.xiaomi.tv.gallery.download.GalleryDownloadManager: no server ip
08-12 13:30:08.103  2961  3044 D com.xiaomi.tv.gallery.download.GalleryDownloadManager: no server ip
08-12 13:30:08.108  2961  3044 D com.xiaomi.tv.gallery.download.GalleryDownloadManager: no server ip
08-12 13:30:08.112  2961  3044 D com.xiaomi.tv.gallery.download.GalleryDownloadManager: no server ip
08-12 13:30:08.115  2961  3044 D com.xiaomi.tv.gallery.download.GalleryDownloadManager: no server ip
08-12 13:30:08.119  2961  3044 D com.xiaomi.tv.gallery.download.GalleryDownloadManager: no server ip
08-12 13:30:08.123  2961  3044 D com.xiaomi.tv.gallery.download.GalleryDownloadManager: no server ip
08-12 13:30:08.126  2961  3044 D com.xiaomi.tv.gallery.download.GalleryDownloadManager: no server ip
08-12 13:30:08.130  2961  3044 D com.xiaomi.tv.gallery.download.GalleryDownloadManager: no server ip
08-12 13:30:08.134  2961  3044 D com.xiaomi.tv.gallery.download.GalleryDownloadManager: no server ip
08-12 13:30:08.137  2961  3044 D com.xiaomi.tv.gallery.download.GalleryDownloadManager: no server ip
08-12 13:30:08.141  2961  3044 D com.xiaomi.tv.gallery.download.GalleryDownloadManager: no server ip
08-12 13:30:08.145  2961  3044 D com.xiaomi.tv.gallery.download.GalleryDownloadManager: no server ip
08-12 13:30:08.148  2961  3044 D com.xiaomi.tv.gallery.download.GalleryDownloadManager: no server ip
08-12 13:30:08.152  2961  3044 D com.xiaomi.tv.gallery.download.GalleryDownloadManager: no server ip
08-12 13:30:08.158  2961  3044 D com.xiaomi.tv.gallery.download.GalleryDownloadManager: no server ip
08-12 13:30:08.161  2961  3044 D com.xiaomi.tv.gallery.download.GalleryDownloadManager: no server ip
08-12 13:30:08.165  2961  3044 D com.xiaomi.tv.gallery.download.GalleryDownloadManager: no server ip
08-12 13:30:08.168  2961  3044 D com.xiaomi.tv.gallery.download.GalleryDownloadManager: no server ip
08-12 13:30:08.172  2961  3044 D com.xiaomi.tv.gallery.download.GalleryDownloadManager: no server ip
08-12 13:30:08.176  2961  3044 D com.xiaomi.tv.gallery.download.GalleryDownloadManager: no server ip
08-12 13:30:08.180  2961  3044 D com.xiaomi.tv.gallery.download.GalleryDownloadManager: no server ip
08-12 13:30:08.183  2961  3044 D com.xiaomi.tv.gallery.download.GalleryDownloadManager: no server ip
08-12 13:30:08.187  2961  3044 D com.xiaomi.tv.gallery.download.GalleryDownloadManager: no server ip
08-12 13:30:08.191  2961  3044 D com.xiaomi.tv.gallery.download.GalleryDownloadManager: no server ip
08-12 13:30:08.194  2961  3044 D com.xiaomi.tv.gallery.download.GalleryDownloadManager: no server ip
08-12 13:30:08.198  2961  3044 D com.xiaomi.tv.gallery.download.GalleryDownloadManager: no server ip
08-12 13:30:08.202  2961  3044 D com.xiaomi.tv.gallery.download.GalleryDownloadManager: no server ip
08-12 13:30:08.207  2961  3044 D com.xiaomi.tv.gallery.download.GalleryDownloadManager: no server ip
08-12 13:30:08.210  2961  3044 D com.xiaomi.tv.gallery.download.GalleryDownloadManager: no server ip
08-12 13:30:08.214  2961  3044 D com.xiaomi.tv.gallery.download.GalleryDownloadManager: no server ip
08-12 13:30:08.217  2961  3044 D com.xiaomi.tv.gallery.download.GalleryDownloadManager: no server ip
08-12 13:30:08.221  2961  3044 D com.xiaomi.tv.gallery.download.GalleryDownloadManager: no server ip
08-12 13:30:08.225  2961  3044 D com.xiaomi.tv.gallery.download.GalleryDownloadManager: no server ip
08-12 13:30:08.228  2961  3044 D com.xiaomi.tv.gallery.download.GalleryDownloadManager: no server ip
08-12 13:30:08.232  2961  3044 D com.xiaomi.tv.gallery.download.GalleryDownloadManager: no server ip
08-12 13:30:08.235  2961  3044 D com.xiaomi.tv.gallery.download.GalleryDownloadManager: no server ip
08-12 13:30:08.239  2961  3044 D com.xiaomi.tv.gallery.download.GalleryDownloadManager: no server ip
08-12 13:30:08.243  2961  3044 D com.xiaomi.tv.gallery.download.GalleryDownloadManager: no server ip
08-12 13:30:08.247  2961  3044 D com.xiaomi.tv.gallery.download.GalleryDownloadManager: no server ip
08-12 13:30:08.252  2961  3044 D com.xiaomi.tv.gallery.download.GalleryDownloadManager: no server ip
08-12 13:30:08.256  2961  3044 D com.xiaomi.tv.gallery.download.GalleryDownloadManager: no server ip
08-12 13:30:08.259  2961  3044 D com.xiaomi.tv.gallery.download.GalleryDownloadManager: no server ip
08-12 13:30:08.263  2961  3044 D com.xiaomi.tv.gallery.download.GalleryDownloadManager: no server ip
08-12 13:30:08.266  2961  3044 D com.xiaomi.tv.gallery.download.GalleryDownloadManager: no server ip
08-12 13:30:08.270  2961  3044 D com.xiaomi.tv.gallery.download.GalleryDownloadManager: no server ip
08-12 13:30:08.274  2961  3044 D com.xiaomi.tv.gallery.download.GalleryDownloadManager: no server ip
08-12 13:30:08.277  2961  3044 D com.xiaomi.tv.gallery.download.GalleryDownloadManager: no server ip
08-12 13:30:08.281  2961  3044 D com.xiaomi.tv.gallery.download.GalleryDownloadManager: no server ip
08-12 13:30:08.284  2961  3044 D com.xiaomi.tv.gallery.download.GalleryDownloadManager: no server ip
08-12 13:30:08.288  2961  3044 D com.xiaomi.tv.gallery.download.GalleryDownloadManager: no server ip
08-12 13:30:08.292  2961  3044 D com.xiaomi.tv.gallery.download.GalleryDownloadManager: no server ip
08-12 13:30:08.296  2961  3044 D com.xiaomi.tv.gallery.download.GalleryDownloadManager: no server ip
08-12 13:30:08.301  2961  3044 D com.xiaomi.tv.gallery.download.GalleryDownloadManager: no server ip
08-12 13:30:08.304  2961  3044 D com.xiaomi.tv.gallery.download.GalleryDownloadManager: no server ip
08-12 13:30:08.308  2961  3044 D com.xiaomi.tv.gallery.download.GalleryDownloadManager: no server ip
08-12 13:30:08.311  2961  3044 D com.xiaomi.tv.gallery.download.GalleryDownloadManager: no server ip
08-12 13:30:08.315  2961  3044 D com.xiaomi.tv.gallery.download.GalleryDownloadManager: no server ip
08-12 13:30:08.318  2961  3044 D com.xiaomi.tv.gallery.download.GalleryDownloadManager: no server ip
08-12 13:30:08.322  2961  3044 D com.xiaomi.tv.gallery.download.GalleryDownloadManager: no server ip
08-12 13:30:08.326  2961  3044 D com.xiaomi.tv.gallery.download.GalleryDownloadManager: no server ip
08-12 13:30:08.329  2961  3044 D com.xiaomi.tv.gallery.download.GalleryDownloadManager: no server ip
08-12 13:30:08.333  2961  3044 D com.xiaomi.tv.gallery.download.GalleryDownloadManager: no server ip
08-12 13:30:08.336  2961  3044 D com.xiaomi.tv.gallery.download.GalleryDownloadManager: no server ip
08-12 13:30:08.342  2961  3044 D com.xiaomi.tv.gallery.download.GalleryDownloadManager: no server ip
08-12 13:30:08.346  2961  3044 D com.xiaomi.tv.gallery.download.GalleryDownloadManager: no server ip
08-12 13:30:08.349  2961  3044 D com.xiaomi.tv.gallery.download.GalleryDownloadManager: no server ip
08-12 13:30:08.353  2961  3044 D com.xiaomi.tv.gallery.download.GalleryDownloadManager: no server ip
08-12 13:30:08.357  2961  3044 D com.xiaomi.tv.gallery.download.GalleryDownloadManager: no server ip
08-12 13:30:08.361  2961  3044 D com.xiaomi.tv.gallery.download.GalleryDownloadManager: no server ip
08-12 13:30:08.364  2961  3044 D com.xiaomi.tv.gallery.download.GalleryDownloadManager: no server ip
08-12 13:30:08.367  2961  3044 D com.xiaomi.tv.gallery.download.GalleryDownloadManager: no server ip
08-12 13:30:08.371  2961  3044 D com.xiaomi.tv.gallery.download.GalleryDownloadManager: no server ip
08-12 13:30:08.375  2961  3044 D com.xiaomi.tv.gallery.download.GalleryDownloadManager: no server ip
08-12 13:30:08.378  2961  3044 D com.xiaomi.tv.gallery.download.GalleryDownloadManager: no server ip
08-12 13:30:08.382  2961  3044 D com.xiaomi.tv.gallery.download.GalleryDownloadManager: no server ip
08-12 13:30:08.387  2961  3044 D com.xiaomi.tv.gallery.download.GalleryDownloadManager: no server ip
08-12 13:30:08.391  2961  3044 D com.xiaomi.tv.gallery.download.GalleryDownloadManager: no server ip
08-12 13:30:08.395  2961  3044 D com.xiaomi.tv.gallery.download.GalleryDownloadManager: no server ip
08-12 13:30:08.399  2961  3044 D com.xiaomi.tv.gallery.download.GalleryDownloadManager: no server ip
08-12 13:30:08.401  2192  2216 I MiTv-Impl-tv2_48-mstar-SourceManagerImpl: getCurrentSource return 1
08-12 13:30:08.403  2961  3044 D com.xiaomi.tv.gallery.download.GalleryDownloadManager: no server ip
08-12 13:30:08.407  2961  3044 D com.xiaomi.tv.gallery.download.GalleryDownloadManager: no server ip
08-12 13:30:08.410     0     0 I Kernel  : <7>[  437.254161] current logd.writer(139) kill task ndroid.settings(3408) signal 0
08-12 13:30:08.407  1550  1689 I clientsdk: tid 1689, httpget http://www.baidu.com:80
08-12 13:30:08.409  1689  1689 I auditd  : type=1400 audit(0.0:2445): avc: granted { write } for comm="Thread-87" name="CookiesFile" dev="mmcblk0p22" ino=873 scontext=u:r:system_app:s0 tcontext=u:object_r:system_data_file:s0 tclass=file
08-12 13:30:08.413     0     0 I Kernel  : <12>[  437.256649] type=1400 audit(1439357408.409:2445): avc: granted { write } for pid=1689 comm="Thread-87" name="CookiesFile" dev="mmcblk0p22" ino=873 scontext=u:r:system_app:s0 tcontext=u:object_r:system_data_file:s0 tclass=file
