08-12 13:32:15.855  1906  1906 I MulticastReceiver: Creating wildcard socket (for receiving multicast datagrams) on port: 1900
08-12 13:32:15.857  1755  1755 D NetworkUtils: read mac from /sys/class/net/eth0/address-10:48:b1:af:69:76
08-12 13:32:15.857  1906  1906 I MulticastReceiver: Joining multicast group: /239.255.255.250:1900 on network interface: wlan0
08-12 13:32:15.858  1906  1906 I DatagramIO: Creating bound socket (for datagram input/output) on: /192.168.31.132
08-12 13:32:15.862   514  1246 E WifiStateMachine: handleMessage: E msg.what=131157
08-12 13:32:15.863   514  1246 E WifiStateMachine: processMsg: ConnectedState
08-12 13:32:15.863   514  1246 E WifiStateMachine:  ConnectedState !CMD_STOP_PACKET_FILTERING 0 0
08-12 13:32:15.863   514  1246 E WifiStateMachine: processMsg: L2ConnectedState
08-12 13:32:15.868   514  1246 E WifiStateMachine:  L2ConnectedState !CMD_STOP_PACKET_FILTERING 0 0
08-12 13:32:15.868   514  1246 E WifiStateMachine: processMsg: ConnectModeState
08-12 13:32:15.868   514  1246 E WifiStateMachine:  ConnectModeState !CMD_STOP_PACKET_FILTERING 0 0
08-12 13:32:15.868   514  1246 E WifiStateMachine: processMsg: DriverStartedState
08-12 13:32:15.869   514  1246 E WifiStateMachine:  DriverStartedState !CMD_STOP_PACKET_FILTERING 0 0
08-12 13:32:15.869   514  1246 D wifi    : doCommand: IFNAME=wlan0 DRIVER RXFILTER-STOP
08-12 13:32:15.869  3807  3807 I wpa_supplicant: [CTRL_IFACE]wlan0: DRIVER RXFILTER-STOP
08-12 13:32:15.869  3807  3807 D wpa_supplicant: wpa_driver_nl80211_driver_cmd  len = 0, 0
08-12 13:32:15.870   514  1246 D wifi    : doCommand: IFNAME=wlan0 DRIVER RXFILTER-ADD 2
08-12 13:32:15.870  3807  3807 I wpa_supplicant: [CTRL_IFACE]wlan0: DRIVER RXFILTER-ADD 2
08-12 13:32:15.870  3807  3807 D wpa_supplicant: wpa_driver_nl80211_driver_cmd  len = 0, 0
08-12 13:32:15.870   514  1246 D wifi    : doCommand: IFNAME=wlan0 DRIVER RXFILTER-START
08-12 13:32:15.870  3807  3807 I wpa_supplicant: [CTRL_IFACE]wlan0: DRIVER RXFILTER-START
08-12 13:32:15.870  3807  3807 D wpa_supplicant: wpa_driver_nl80211_driver_cmd  len = 0, 0
08-12 13:32:15.871   514  1246 E WifiStateMachine: handleMessage: X
08-12 13:32:15.935  2344  2367 W art     : Suspending all threads took: 33.953ms
08-12 13:32:15.940  2344  2367 I art     : Background partial concurrent mark sweep GC freed 9539(691KB) AllocSpace objects, 4(64KB) LOS objects, 39% free, 2MB/4MB, paused 35.033ms total 54.356ms
08-12 13:32:15.943  3281  4036 E AppUpdateServiceImpl: NetworkError OK
08-12 13:32:15.946  2192  2570 D MiTVDesktopAdMgr: processResult get Component:ComponentInfo{com.moretv.android/com.moretv.android.SingleActivity}
08-12 13:32:15.946  2192  2570 D MiTVDesktopAdMgr: processResult get Component:ComponentInfo{com.moretv.android/com.moretv.android.StartActivity}
08-12 13:32:15.946  2192  2570 D MiTVDesktopAdMgr: processResult get Component:ComponentInfo{com.togic.livevideo/com.togic.launcher.MainActivity}
08-12 13:32:15.946  2192  2570 D MiTVDesktopAdMgr: processResult get Component:ComponentInfo{com.togic.livevideo/com.togic.launcher.SplashActivity}
08-12 13:32:15.946  2192  2570 D MiTVDesktopAdMgr: processResult get Component:ComponentInfo{net.myvst.v2/com.vst.itv52.v1.LancherActivity}
08-12 13:32:15.963  2192  2389 D GameCenterMgr: onResultReturn 200
08-12 13:32:15.964  2192  2389 D GameCenterMgr: addedAppInfo 3 updatePosterInfo [com.xiaomi.mibox.gamecenter.service.PosterInfo@11f65967]
08-12 13:32:15.964  2192  2215 D GameCenterMgr: mDataUpdater launchBackupDataLoad
08-12 13:32:15.964  2192  2215 D CategoryMgr: Backup data is same as Present data no need to update
08-12 13:32:15.964   514   555 E GpsLocationProvider: No APN found to select.
08-12 13:32:15.964  2192  2215 D GameCenterMgr: no pending info for further processing
08-12 13:32:15.976   514  4049 D GpsLocationProvider: NTP server returned: 1439357535710 (Wed Aug 12 13:32:15 GMT+08:00 2015) reference: 553376 certainty: 22 system time offset: -265
08-12 13:32:16.011   514   529 I art     : Background sticky concurrent mark sweep GC freed 52776(3MB) AllocSpace objects, 27(1149KB) LOS objects, 29% free, 11MB/15MB, paused 1.751ms total 141.170ms
08-12 13:32:16.057  1801  4018 I Bonjour : Got a reply for service ÂÆ¢ÂéÖÁöÑÂ∞èÁ±≥ÁîµËßÜ (2)._airplay._tcp.local.: 
08-12 13:32:16.057  1801  4018 I Bonjour : Name now registered and active
08-12 13:32:16.057  1801  4018 I Bonjour : HandleEvents end: _airplay._tcp. 
08-12 13:32:16.058  1801  2438 I Bonjour : Reset-> Unregister _raop._tcp.
08-12 13:32:16.058  1801  2438 I Bonjour : find Entry at 1 for _raop._tcp.
08-12 13:32:16.058  1801  2438 I Bonjour : Try to stop _raop._tcp.
08-12 13:32:16.211  2344  2344 E MqttAsyncClient: 5b11bace3b21548f71a273121cfa15a6:7ab11843c8a84f08a91dca4787a1f362: <init> ClientID=5b11bace3b21548f71a273121cfa15a6:7ab11843c8a84f08a91dca4787a1f362 ServerURI=tcp://42.62.94.57:80 PersistenceType=org.eclipse.paho.client.mqttv3.persist.MemoryPersistence@3129b3da
08-12 13:32:16.213  2239  4033 D Ad SDK  : TimeoutException during get ad creative info.
08-12 13:32:16.213  2344  2344 E CommsTokenStore: 5b11bace3b21548f71a273121cfa15a6:7ab11843c8a84f08a91dca4787a1f362: <>
08-12 13:32:16.213  2239  4033 W System.err: java.util.concurrent.TimeoutException
08-12 13:32:16.214  2239  4033 W System.err: 	at java.util.concurrent.FutureTask.get(FutureTask.java:176)
08-12 13:32:16.214  2239  4033 W System.err: 	at com.xiaomi.miui.ad.service.AdCreativeManager.getAdCreativeInfo(Unknown Source)
08-12 13:32:16.214  2239  4033 W System.err: 	at com.xiaomi.miui.ad.listeners.impl.AdEventListenerImpl.onAdRequest(Unknown Source)
08-12 13:32:16.214  2239  4033 W System.err: 	at com.xiaomi.mitv.advertise.common.miuiads.a.a(Unknown Source)
08-12 13:32:16.214  2239  4033 W System.err: 	at com.xiaomi.mitv.advertise.common.miuiads.g.run(Unknown Source)
08-12 13:32:16.215  2239  4033 E AbstractAdvertise: getAd: null
08-12 13:32:16.215  2239  4033 D MIUIADSyncService: fetch advertise, duration = 504
08-12 13:32:16.215  2239  4033 E MIUIADSyncService: fetch advertise WITH timer, result info = null
08-12 13:32:16.215  2239  4033 E MIUIADSyncService: updateContent, advertiseID = 1 info = null
08-12 13:32:16.216  2239  4033 E MIUIADSyncService: info == null, updateNull = false
08-12 13:32:16.216  2344  2344 E ClientState: 5b11bace3b21548f71a273121cfa15a6:7ab11843c8a84f08a91dca4787a1f362: 
08-12 13:32:16.216  2239  4033 E MIUIADProvider: update, uri = content://com.xiaomi.mitv.advertise.common.provider.MIUIADProvider/recommended/1
08-12 13:32:16.216  2239  4033 E MIUIADProvider: 4
08-12 13:32:16.218  2239  2315 D Ad SDK  : Tracker ClientInfo : deviceInfo {
08-12 13:32:16.218  2239  2315 D Ad SDK  :   device: "gladiator"
08-12 13:32:16.218  2239  2315 D Ad SDK  :   model: "MiTV2S-48"
08-12 13:32:16.218  2239  2315 D Ad SDK  :   displayDensity: "320"
08-12 13:32:16.218  2239  2315 D Ad SDK  :   displayResolution: "1080*1920"
08-12 13:32:16.218  2239  2315 D Ad SDK  :   androidVersion: "5.0.1"
08-12 13:32:16.218  2239  2315 D Ad SDK  :   miuiVersion: "1213"
08-12 13:32:16.218  2239  2315 D Ad SDK  : }
08-12 13:32:16.218  2239  2315 D Ad SDK  : userInfo {
08-12 13:32:16.218  2239  2315 D Ad SDK  :   mac: "00:00:00:00:00:00"
08-12 13:32:16.218  2239  2315 D Ad SDK  :   androidId: "974714fcb5cb4e9f"
08-12 13:32:16.218  2239  2315 D Ad SDK  :   language: "zh"
08-12 13:32:16.218  2239  2315 D Ad SDK  :   country: "CN"
08-12 13:32:16.218  2239  2315 D Ad SDK  :   wiremac: "5b11bace3b21548f71a273121cfa15a6"
08-12 13:32:16.218  2239  2315 D Ad SDK  : }
08-12 13:32:16.218  2239  2315 D Ad SDK  : packageName: "com.xiaomi.mitv.advertise"
08-12 13:32:16.218  2239  2315 D Ad SDK  : Tracker Event : REQUEST_TIMEOUT
08-12 13:32:16.218  2239  2315 D Ad SDK  : Tracker Ad ID : 
08-12 13:32:16.219  2239  2315 D TRACK_LOG: Start Track Event
08-12 13:32:16.221  2344  2344 E ClientState: 5b11bace3b21548f71a273121cfa15a6:7ab11843c8a84f08a91dca4787a1f362: >
08-12 13:32:16.234  2344  2344 E MqttAsyncClient: 5b11bace3b21548f71a273121cfa15a6:7ab11843c8a84f08a91dca4787a1f362: cleanSession=false connectionTimeout=30 TimekeepAlive=120 userName=5b11bace3b21548f71a273121cfa15a6:7ab11843c8a84f08a91dca4787a1f362 password=[notnull] will=[null] userContext=null callback=org.eclipse.paho.android.service.MqttConnection$1@182a300b
08-12 13:32:16.234  2344  2344 E MqttAsyncClient: 5b11bace3b21548f71a273121cfa15a6:7ab11843c8a84f08a91dca4787a1f362: URI=tcp://42.62.94.57:80
08-12 13:32:16.234  2344  2344 E MqttAsyncClient: 5b11bace3b21548f71a273121cfa15a6:7ab11843c8a84f08a91dca4787a1f362: URI=tcp://42.62.94.57:80
08-12 13:32:16.236  2344  2344 E MqttAsyncClient: 5b11bace3b21548f71a273121cfa15a6:7ab11843c8a84f08a91dca4787a1f362: <
08-12 13:32:16.239  2344  2344 E ClientComms: 5b11bace3b21548f71a273121cfa15a6:7ab11843c8a84f08a91dca4787a1f362: state=CONNECTING
08-12 13:32:16.240  2344  2344 E CommsTokenStore: 5b11bace3b21548f71a273121cfa15a6:7ab11843c8a84f08a91dca4787a1f362: >
08-12 13:32:16.242  2344  4052 E ClientComms: 5b11bace3b21548f71a273121cfa15a6:7ab11843c8a84f08a91dca4787a1f362: >
08-12 13:32:16.243  2344  4052 E CommsTokenStore: 5b11bace3b21548f71a273121cfa15a6:7ab11843c8a84f08a91dca4787a1f362: >
08-12 13:32:16.244  2344  4052 E CommsTokenStore: 5b11bace3b21548f71a273121cfa15a6:7ab11843c8a84f08a91dca4787a1f362: key=Con message=CONNECT clientId 5b11bace3b21548f71a273121cfa15a6:7ab11843c8a84f08a91dca4787a1f362 keepAliveInterval 120
08-12 13:32:16.245  2344  4052 E CommsTokenStore: 5b11bace3b21548f71a273121cfa15a6:7ab11843c8a84f08a91dca4787a1f362: key=Con token=org.eclipse.paho.client.mqttv3.MqttToken@181bfee8
08-12 13:32:16.246  2344  4052 E TCPNetworkModule: 5b11bace3b21548f71a273121cfa15a6:7ab11843c8a84f08a91dca4787a1f362: connect to host 42.62.94.57 port 80 timeout 30,000
08-12 13:32:16.248  2239  2315 D Http Post: Http Post Success
08-12 13:32:16.248  2239  2315 D TRACK_LOG: Track Event Success
08-12 13:32:16.265  2344  4052 E CommsReceiver: 5b11bace3b21548f71a273121cfa15a6:7ab11843c8a84f08a91dca4787a1f362: starting
08-12 13:32:16.267  2344  4057 E CommsReceiver: 5b11bace3b21548f71a273121cfa15a6:7ab11843c8a84f08a91dca4787a1f362: network read message
08-12 13:32:16.269  2344  4052 E ClientComms: 5b11bace3b21548f71a273121cfa15a6:7ab11843c8a84f08a91dca4787a1f362: internalSend key=Con message=CONNECT clientId 5b11bace3b21548f71a273121cfa15a6:7ab11843c8a84f08a91dca4787a1f362 keepAliveInterval 120 token=org.eclipse.paho.client.mqttv3.MqttToken@181bfee8
08-12 13:32:16.270  2344  4059 E CommsCallback: 5b11bace3b21548f71a273121cfa15a6:7ab11843c8a84f08a91dca4787a1f362: wait for workAvailable
08-12 13:32:16.271  2344  4058 E ClientState: 5b11bace3b21548f71a273121cfa15a6:7ab11843c8a84f08a91dca4787a1f362: wait for new work or for space in the inflight window
08-12 13:32:16.271  2344  4052 E ClientState: 5b11bace3b21548f71a273121cfa15a6:7ab11843c8a84f08a91dca4787a1f362: pending send key=0 message CONNECT clientId 5b11bace3b21548f71a273121cfa15a6:7ab11843c8a84f08a91dca4787a1f362 keepAliveInterval 120
08-12 13:32:16.271  2344  4052 E CommsTokenStore: 5b11bace3b21548f71a273121cfa15a6:7ab11843c8a84f08a91dca4787a1f362: key=Con message=CONNECT clientId 5b11bace3b21548f71a273121cfa15a6:7ab11843c8a84f08a91dca4787a1f362 keepAliveInterval 120
08-12 13:32:16.271  2344  4052 E CommsTokenStore: 5b11bace3b21548f71a273121cfa15a6:7ab11843c8a84f08a91dca4787a1f362: key=Con token=org.eclipse.paho.client.mqttv3.MqttToken@181bfee8
08-12 13:32:16.271  2344  4058 E ClientState: 5b11bace3b21548f71a273121cfa15a6:7ab11843c8a84f08a91dca4787a1f362: new work or ping arrived 
08-12 13:32:16.272  2344  4058 E CommsSender: 5b11bace3b21548f71a273121cfa15a6:7ab11843c8a84f08a91dca4787a1f362: network send key=Con msg=CONNECT clientId 5b11bace3b21548f71a273121cfa15a6:7ab11843c8a84f08a91dca4787a1f362 keepAliveInterval 120
08-12 13:32:16.273  2344  4058 E ClientState: 5b11bace3b21548f71a273121cfa15a6:7ab11843c8a84f08a91dca4787a1f362: connected
08-12 13:32:16.273  2344  4058 E ClientState: 5b11bace3b21548f71a273121cfa15a6:7ab11843c8a84f08a91dca4787a1f362: connected
08-12 13:32:16.274  2344  4058 E MqttOutputStream: null: 500
08-12 13:32:16.274  2344  4058 E ClientState: 5b11bace3b21548f71a273121cfa15a6:7ab11843c8a84f08a91dca4787a1f362: key=Con
08-12 13:32:16.274  2344  4058 E Token   : 5b11bace3b21548f71a273121cfa15a6:7ab11843c8a84f08a91dca4787a1f362: > key=Con
08-12 13:32:16.275  2344  4058 E ClientState: 5b11bace3b21548f71a273121cfa15a6:7ab11843c8a84f08a91dca4787a1f362: wait for new work or for space in the inflight window
08-12 13:32:16.286  2344  4057 E ClientState: 5b11bace3b21548f71a273121cfa15a6:7ab11843c8a84f08a91dca4787a1f362: received bytes count=1
08-12 13:32:16.295  2344  4057 E ClientState: 5b11bace3b21548f71a273121cfa15a6:7ab11843c8a84f08a91dca4787a1f362: received bytes count=2
08-12 13:32:16.296  2344  4057 E MqttInputStream: null: 501
08-12 13:32:16.296  2344  4057 E ClientState: 5b11bace3b21548f71a273121cfa15a6:7ab11843c8a84f08a91dca4787a1f362: received key=0 message=CONNACK msgId 0 session present:false return code: 0
08-12 13:32:16.297  2344  4057 E ClientState: 5b11bace3b21548f71a273121cfa15a6:7ab11843c8a84f08a91dca4787a1f362: connected
08-12 13:32:16.297  2344  4057 D AlarmPingSender: Register alarmreceiver to MqttServiceMqttService.pingSender.5b11bace3b21548f71a273121cfa15a6:7ab11843c8a84f08a91dca4787a1f362
08-12 13:32:16.300  2344  4057 D AlarmPingSender: Schedule next alarm at 1439357656299
08-12 13:32:16.302  2344  4057 E ClientComms: 5b11bace3b21548f71a273121cfa15a6:7ab11843c8a84f08a91dca4787a1f362: state=CONNECTED
08-12 13:32:16.302  2344  4057 E Token   : 5b11bace3b21548f71a273121cfa15a6:7ab11843c8a84f08a91dca4787a1f362: >key=Con response=CONNACK msgId 0 session present:false return code: 0 excep=null
08-12 13:32:16.302  2344  4057 E ClientState: 5b11bace3b21548f71a273121cfa15a6:7ab11843c8a84f08a91dca4787a1f362: keyCon, msg=CONNACK msgId 0 session present:false return code: 0, excep=null
08-12 13:32:16.303  2344  4057 E CommsCallback: 5b11bace3b21548f71a273121cfa15a6:7ab11843c8a84f08a91dca4787a1f362: new workAvailable. key=Con
08-12 13:32:16.303  2344  4057 E CommsTokenStore: 5b11bace3b21548f71a273121cfa15a6:7ab11843c8a84f08a91dca4787a1f362: key=Con
08-12 13:32:16.303  2344  4058 E ClientState: 5b11bace3b21548f71a273121cfa15a6:7ab11843c8a84f08a91dca4787a1f362: new work or ping arrived 
08-12 13:32:16.303  2344  4059 E CommsCallback: 5b11bace3b21548f71a273121cfa15a6:7ab11843c8a84f08a91dca4787a1f362: callback and notify for key=Con
08-12 13:32:16.303  2344  4058 E ClientState: 5b11bace3b21548f71a273121cfa15a6:7ab11843c8a84f08a91dca4787a1f362: wait for new work or for space in the inflight window
08-12 13:32:16.304  2344  4059 E Token   : 5b11bace3b21548f71a273121cfa15a6:7ab11843c8a84f08a91dca4787a1f362: >key=Con response=CONNACK msgId 0 session present:false return code: 0 excep=null
08-12 13:32:16.304  2344  4057 E CommsReceiver: 5b11bace3b21548f71a273121cfa15a6:7ab11843c8a84f08a91dca4787a1f362: network read message
08-12 13:32:16.304  2344  4057 E ClientState: 5b11bace3b21548f71a273121cfa15a6:7ab11843c8a84f08a91dca4787a1f362: received bytes count=1
08-12 13:32:16.305  2344  4057 E ClientState: 5b11bace3b21548f71a273121cfa15a6:7ab11843c8a84f08a91dca4787a1f362: received bytes count=81
08-12 13:32:16.306  2344  4057 E MqttInputStream: null: 501
08-12 13:32:16.307  2344  4057 E ClientState: 5b11bace3b21548f71a273121cfa15a6:7ab11843c8a84f08a91dca4787a1f362: received key=0 message=PUBLISH qos:0 retained:false dup:false topic:"$SYS/challenge/req" payload:[hex:7b2263223a224873475946744f46796f51767133 utf8:"{"c":"HsGYFtOFyoQvq3" length:61]
08-12 13:32:16.307  2344  4057 E CommsCallback: 5b11bace3b21548f71a273121cfa15a6:7ab11843c8a84f08a91dca4787a1f362: new msg avail, notify workAvailable
08-12 13:32:16.307  2344  4057 E CommsReceiver: 5b11bace3b21548f71a273121cfa15a6:7ab11843c8a84f08a91dca4787a1f362: network read message
08-12 13:32:16.324  2344  4059 E CommsCallback: 5b11bace3b21548f71a273121cfa15a6:7ab11843c8a84f08a91dca4787a1f362: call onSuccess key=Con
08-12 13:32:16.324  2344  4059 E Token   : 5b11bace3b21548f71a273121cfa15a6:7ab11843c8a84f08a91dca4787a1f362: >key=null response=CONNACK msgId 0 session present:false return code: 0 excep=null
08-12 13:32:16.324  2344  4059 E Token   : 5b11bace3b21548f71a273121cfa15a6:7ab11843c8a84f08a91dca4787a1f362: >key=null response=CONNACK msgId 0 session present:false return code: 0 excep=null
08-12 13:32:16.324  2344  4059 D MqttConnection: MqttConnection.acquireWakeLock lock(org.eclipse.paho.android.service.MqttConnection 5b11bace3b21548f71a273121cfa15a6:7ab11843c8a84f08a91dca4787a1f362 on host tcp://42.62.94.57:80):1439357536324
08-12 13:32:16.327  2344  4059 W ContextImpl: Calling a method in the system process without a qualified user: android.app.ContextImpl.sendBroadcast:1321 android.content.ContextWrapper.sendBroadcast:376 org.eclipse.paho.android.service.MqttService.callbackToActivity:-1 org.eclipse.paho.android.service.MqttConnection.doAfterConnectSuccess:-1 org.eclipse.paho.android.service.MqttConnection.access$2:-1 
08-12 13:32:16.333  2344  2344 I TVMQTTPushManager: onSuccess: connect action, id = 0
08-12 13:32:16.386  3942  3977 I XQDataLoader: addXVXShortCut: true
08-12 13:32:16.386  3942  3977 I XQDataLoader: addXVXShortcutForTV: true
08-12 13:32:16.387  3942  3973 I DeviceManager: preloadSmbDevices, url(//192.168.31.1/), hostname(DKTEST_B18_2.4G), ip(192.168.31.1)
08-12 13:32:16.387  3942  3973 I DeviceManager: get info: DKTEST_B18_2.4G
08-12 13:32:16.387  3942  3973 I Smb.SmbSearch: getIpByHostName: DKTEST_B18_2.4G
08-12 13:32:16.388  1550  2217 I clientsdk: tid 2217, HttpBinaryPost, status code = 200
08-12 13:32:16.388  1550  2217 I clientsdk: tid 2217, {"status":0, "interval":900, "encoding":"UTF-8", "language":"zh_CN"}
08-12 13:32:16.388  1550  2217 I clientsdk: tid 2217, HttpGet curl_easy_perform result 0
08-12 13:32:16.388  1550  2217 I clientsdk: tid 2217, httpget http://114.54.23.26/tvservice/allowlist?logver=1.3&deviceid=5b11bace3b21548f71a273121cfa15a6&apiver=1.8&ver=5.0.1.1213&codever=15&ptf=605&ts=1439357511&nonce=1105612510&language=zh_CN&feature=15&opaque=aaa1dd03313df642bb190ee1f9449d16b67c190b
08-12 13:32:16.389  3942  3973 I Util    : get ip
08-12 13:32:16.391  3942  3977 W ContextImpl: Calling a method in the system process without a qualified user: android.app.ContextImpl.sendStickyBroadcast:1488 android.content.ContextWrapper.sendStickyBroadcast:448 com.xiaomi.mitv.mediaexplorer.xq.XQDataLoader.addXVXShortcutForTV:1108 com.xiaomi.mitv.mediaexplorer.xq.XQDataLoader.addXVXShortCut:1061 com.xiaomi.mitv.mediaexplorer.xq.XQDataLoader.checkXVX:1040 
08-12 13:32:16.392  2192  2192 D AppStatusMonitor: Receive com.android.launcher.action.INSTALL_SHORTCUT
08-12 13:32:16.393  3942  3977 I XQDataLoader: loadXQDiskUsage, isMini: false
08-12 13:32:16.393  3942  3977 I XQMiTVAppParser: getXQDiskUsage by mitvapp: 
08-12 13:32:16.393  3942  3977 I XQDataLoader: getXQIp
08-12 13:32:16.393  3942  3977 I XQDataLoader: getGatewayAddress
08-12 13:32:16.393  2192  2192 D AppStatusMonitor: ACTION_INSTALL_SHORTCUT Intent { act=android.intent.action.MAIN cat=[android.intent.category.LAUNCHER] cmp=com.xiaomi.mitv.mediaexplorer/.xunlei.XunleiCinemaActivty }
08-12 13:32:16.394  3942  3977 I XQDataLoader: getXQIp, return gateway ip: 192.168.31.1
08-12 13:32:16.394  3942  3977 I XQMiTVAppParser: getStringFromUrl: http://192.168.31.1:8300/get_disk_used_size
08-12 13:32:16.395  3942  3973 I Util    : find ip: wlan0
08-12 13:32:16.396  2192  2192 W ResourcesManager: Asset path '/system/framework/MitvAPIImpl.jar' does not exist or contains no resources.
08-12 13:32:16.396  3942  3973 I Util    : wifi connect, get ip for wifi
08-12 13:32:16.397  3942  3973 I Smb.SmbSearch: test ip: 192.168.31.1
08-12 13:32:16.406   514   955 D PowerManagerService: checkScreenSaverTimeoutLocked come 120000 reason=userActivity
08-12 13:32:16.406   514   955 I MitvPhoneWindowManager: prepare dispatch key 4 down=true to Window{fd914b2 u0 com.xiaomi.tv.desktop/com.xiaomi.tv.desktop.ui.MainActivity} win attr=WM.LayoutParams{(0,0)(fillxfill) sim=#120 ty=1 fl=#1810500 pfl=0x8 fmt=-3 wanim=0x1030001 surfaceInsets=Rect(0, 0 - 0, 0)}
08-12 13:32:16.407   514   955 I MitvPhoneWindowManager: prepare dispatch key 4 down=false to Window{fd914b2 u0 com.xiaomi.tv.desktop/com.xiaomi.tv.desktop.ui.MainActivity} win attr=WM.LayoutParams{(0,0)(fillxfill) sim=#120 ty=1 fl=#1810500 pfl=0x8 fmt=-3 wanim=0x1030001 surfaceInsets=Rect(0, 0 - 0, 0)}
08-12 13:32:16.404  2217  2217 I auditd  : type=1400 audit(0.0:3818): avc: granted { write } for comm="Thread-87" name="CookiesFile" dev="mmcblk0p22" ino=873 scontext=u:r:system_app:s0 tcontext=u:object_r:system_data_file:s0 tclass=file
08-12 13:32:16.404  2217  2217 W Thread-87: type=1400 audit(0.0:3818): avc: granted { write } for name="CookiesFile" dev="mmcblk0p22" ino=873 scontext=u:r:system_app:s0 tcontext=u:object_r:system_data_file:s0 tclass=file
08-12 13:32:16.404  2217  2217 I auditd  : type=1400 audit(0.0:3819): avc: granted { write } for comm="Thread-87" path="/data/duokancache/CookiesFile" dev="mmcblk0p22" ino=873 scontext=u:r:system_app:s0 tcontext=u:object_r:system_data_file:s0 tclass=file
08-12 13:32:16.404  2217  2217 W Thread-87: type=1400 audit(0.0:3819): avc: granted { write } for path="/data/duokancache/CookiesFile" dev="mmcblk0p22" ino=873 scontext=u:r:system_app:s0 tcontext=u:object_r:system_data_file:s0 tclass=file
08-12 13:32:16.404  2217  2217 I auditd  : type=1400 audit(0.0:3820): avc: granted { write } for comm="Thread-87" name="CookiesFile" dev="mmcblk0p22" ino=873 scontext=u:r:system_app:s0 tcontext=u:object_r:system_data_file:s0 tclass=file
08-12 13:32:16.404  2217  2217 W Thread-87: type=1400 audit(0.0:3820): avc: granted { write } for name="CookiesFile" dev="mmcblk0p22" ino=873 scontext=u:r:system_app:s0 tcontext=u:object_r:system_data_file:s0 tclass=file
08-12 13:32:16.421  3942  3973 I Smb.SmbSearch: p.waitFor(): 0
08-12 13:32:16.421  3942  3973 I DeviceManager: get ip(192.168.31.1) for (DKTEST_B18_2.4G)
08-12 13:32:16.421  3942  3973 I DiskDevice: DiskDevice init. context: com.xiaomi.mitv.mediaexplorer.App@29184062
08-12 13:32:16.421  3942  3973 I Smb.SmbDevice: new smb device, url(//192.168.31.1/), hostName(DKTEST_B18_2.4G)
08-12 13:32:16.421  3942  3973 I Smb.SmbDeviceInfoManager: queryAuthInfoByHostName: DKTEST_B18_2.4G
08-12 13:32:16.421  3942  3973 I DeviceManager: addSmbDevice name(DKTEST_B18_2.4G) murl(//192.168.31.1/)
08-12 13:32:16.421  3942  3973 I DeviceManager: addedDevice name(TESTSERVER) murl(//192.168.31.219/)
08-12 13:32:16.422  3942  3973 I DeviceManager: tryAddDeviceLocked1: DKTEST_B18_2.4G ,count: 1
08-12 13:32:16.422  3942  3973 I DeviceManager: ScanDeviceObserver onDeviceAdded: DKTEST_B18_2.4G
08-12 13:32:16.422  3942  3973 I ScannerManager: addSmbScanner: /mnt/smb/ , //192.168.31.1/ , DKTEST_B18_2.4G
08-12 13:32:16.422  3942  3973 I XQDataLoader: getXQIp
08-12 13:32:16.422  3942  3973 I XQDataLoader: getGatewayAddress
08-12 13:32:16.423  3942  3973 I XQDataLoader: getXQIp, return gateway ip: 192.168.31.1
08-12 13:32:16.423  3942  3973 I Smb.SmbDevice: xqurl: //192.168.31.1/ my: //192.168.31.1/
08-12 13:32:16.423  3942  3977 I XQMiTVAppParser: getXQDiskUsage2 result: {	"mac":	"8c:be:be:20:a6:9b",	"rom_version":	"2.6.9",	"available":	"715.1G",	"totalSize":	"930.7G"}
08-12 13:32:16.424  3942  3973 I ScannerManager: do not add xq smb
08-12 13:32:16.424  3942  3973 I DeviceManager: tryAddDeviceLocked2: DKTEST_B18_2.4G ,count: 2
08-12 13:32:16.424  3942  3977 I XQDataLoader: loadXQDiskUsage, usage: 715.1G
08-12 13:32:16.424  3942  3973 I Smb.SmbDeviceInfoManager: add device2, url(//192.168.31.1/) hostName(DKTEST_B18_2.4G)
08-12 13:32:16.424  3942  3973 I Smb.SmbDeviceInfoManager: saveSmbDeviceInfo
08-12 13:32:16.424  3942  3977 I XQDataLoader: getShortCutIntent name: Â∞èÁ±≥Ë∑ØÁî±
08-12 13:32:16.424  3942  3977 I XQDataLoader: loadImages, ismini: false
08-12 13:32:16.424  3942  3977 I XQDataLoader: sendShortcutBroadcast: com.xiaomi.tv.desktop.action.UPDATE_CATEGORY
08-12 13:32:16.425  3942  3977 W ContextImpl: Calling a method in the system process without a qualified user: android.app.ContextImpl.sendStickyBroadcast:1488 android.content.ContextWrapper.sendStickyBroadcast:448 com.xiaomi.mitv.mediaexplorer.xq.XQDataLoader.sendShortcutBroadcast:799 com.xiaomi.mitv.mediaexplorer.xq.XQDataLoader.loadXQDiskUsage:745 com.xiaomi.mitv.mediaexplorer.xq.XQDataLoader.addXQEntry:846 
08-12 13:32:16.426  3942  3977 I XQMainService: find xq, mFirstStart
08-12 13:32:16.426  3942  3977 I com.xiaomi.mitv.mediaexplorer.App: startRouterInfoXfer
08-12 13:32:16.426  2418  2418 D DesktopBannerMatrix: onReceive Intent { act=com.xiaomi.tv.desktop.action.UPDATE_CATEGORY flg=0x10 (has extras) }
08-12 13:32:16.427  3942  3977 I RouterInfoTransfer: start mRunning false
08-12 13:32:16.428  3942  4064 I RouterInfoTransfer: xfer thread start
08-12 13:32:16.428   126   126 I tvos    : [37m[INFO] Change to Voltage: 125 mv (0x17)[m
08-12 13:32:16.428  3942  4064 I RouterInfoTransfer: thread run mConectIntv = 1000
08-12 13:32:16.429  3942  4064 I RouterInfoTransfer: connect mConnected = false
08-12 13:32:16.429  3942  4064 I XQDataLoader: getXQIp
08-12 13:32:16.429  3942  4064 I XQDataLoader: getGatewayAddress
08-12 13:32:16.430  3942  4064 I XQDataLoader: getXQIp, return gateway ip: 192.168.31.1
08-12 13:32:16.437  3942  4064 I RouterInfoTransfer: connect mSocketFd Socket[address=/192.168.31.1,port=8301,localPort=47680]
08-12 13:32:16.437  3942  4064 I RouterInfoTransfer: connect mInput java.net.PlainSocketImpl$PlainSocketInputStream@2372c1e
08-12 13:32:16.437  3942  4064 I RouterInfoTransfer: connect mOutput java.net.PlainSocketImpl$PlainSocketOutputStream@3e231cff
08-12 13:32:16.437  3942  4064 I RouterInfoTransfer: checkRomUpdate
08-12 13:32:16.451  4060  4060 E cutils-trace: Error opening trace file: Permission denied (13)
08-12 13:32:16.451  4060  4060 I dex2oat : /system/bin/dex2oat --runtime-arg -classpath --runtime-arg  --instruction-set=arm --instruction-set-features=div --runtime-arg -Xrelocate --boot-image=/system/framework/boot.art --dex-file=/data/data/com.kuyun.common.androidtv/files/framework/resource.jar --oat-fd=27 --oat-location=/data/data/com.kuyun.common.androidtv/app_dex/resource.dex --runtime-arg -Xms64m --runtime-arg -Xmx512m
08-12 13:32:16.451  3942  4064 I RouterInfoTransfer: sendInfoToServer: mOutputjava.net.PlainSocketImpl$PlainSocketOutputStream@3e231cff
08-12 13:32:16.452  3942  4064 I RouterInfoTransfer: checkRomUpdate send check rom update command suc
08-12 13:32:16.452  3942  4064 I RouterInfoTransfer: connected
08-12 13:32:16.452  3942  4064 I RouterInfoTransfer: recInfoFrmServer try to read info head
08-12 13:32:16.452  3942  4064 I RouterInfoTransfer: recInfoFrmServer server closed
08-12 13:32:16.452  3942  4064 I RouterInfoTransfer: Server closed and try to re-connect in next loops 
08-12 13:32:16.453  3942  4064 I RouterInfoTransfer: disconnect mConnected = true
08-12 13:32:16.453  3942  4064 I RouterInfoTransfer: closeInput
08-12 13:32:16.454  3942  4064 I RouterInfoTransfer: closeOutput
08-12 13:32:16.455   514  4054 W art     : Long monitor contention event with owner method=long com.android.server.DropBoxManagerService.trimToFit() from DropBoxManagerService.java:697 waiters=0 for 203ms
08-12 13:32:16.455   514  4054 I dvm_lock_sample: [system_server,0,Error dump: system_app_strictmod,203,DropBoxManagerService.java,697,-,697,40]
08-12 13:32:16.455  3942  4064 I RouterInfoTransfer: closeSocket
08-12 13:32:16.455  3942  4064 I RouterInfoTransfer: disconnected
08-12 13:32:16.464  2344  4059 E ClientState: 5b11bace3b21548f71a273121cfa15a6:7ab11843c8a84f08a91dca4787a1f362: received key=0 token=org.eclipse.paho.client.mqttv3.MqttToken@181bfee8 message=CONNACK msgId 0 session present:false return code: 0
08-12 13:32:16.465  2344  4059 E CommsCallback: 5b11bace3b21548f71a273121cfa15a6:7ab11843c8a84f08a91dca4787a1f362: call messageArrived key=0 topic=$SYS/challenge/req
08-12 13:32:16.493  1550  2217 I clientsdk: tid 2217, HttpGet, status code = 200
08-12 13:32:16.494  1550  2217 I clientsdk: tid 2217, {"status":0,"data":[]}
08-12 13:32:16.494  1550  2217 I clientsdk: tid 2217, HttpGet curl_easy_perform result 0
08-12 13:32:16.494  2192  2570 E MiTVDesktopAdMgr: write cache done
08-12 13:32:16.495  2192  2192 D AppStatusMonitor: Loaded shortcut info:ApplicationInfo(id=-1, title=ËøÖÈõ∑ÁîµÂΩ±Èô¢, mPackageName=com.xiaomi.mitv.mediaexplorer, intent=Intent { act=android.intent.action.MAIN cat=[android.intent.category.LAUNCHER] cmp=com.xiaomi.mitv.mediaexplorer/.xunlei.XunleiCinemaActivty }, itemType=1, mFoderId=-1, mParentFolderId=-100, page=-1, cellX=-1, cellY=-1, available=1, mIconType=0, mIconPackage=com.xiaomi.mitv.mediaexplorer, mIconResource=com.xiaomi.mitv.mediaexplorer:drawable/xvx_icon, mIcon=false, appItemLoader=com.xiaomi.tv.desktop.model.d@4dcb7bd)
08-12 13:32:16.495  2192  2192 D BaseAppItemsViewManager: before onNewAppsInstalled FolderDataWrapper dumpData start...
08-12 13:32:16.495  2192  2192 D BaseAppItemsViewManager: pos:(x:0, y:0), info:ApplicationInfo(id=1, title=Â∞èÁ±≥ÁîµËßÜËÆæÁΩÆ, mPackageName=com.xiaomi.mitv.settings, intent=Intent { act=android.intent.action.MAIN cat=[android.intent.category.LAUNCHER] flg=0x10200000 cmp=com.xiaomi.mitv.settings/.entry.MainActivity }, itemType=0, mFoderId=-1, mParentFolderId=-100, page=-1, cellX=0, cellY=0, available=1, mIconType=0, mIconPackage=null, mIconResource=null, mIcon=false, appItemLoader=com.xiaomi.tv.desktop.model.d@3af0f2d7)
08-12 13:32:16.495  2192  2192 D BaseAppItemsViewManager: pos:(x:0, y:1), info:ApplicationInfo(id=2, title=È´òÊ∏ÖÊí≠ÊîæÂô®, mPackageName=com.xiaomi.mitv.mediaexplorer, intent=Intent { act=android.intent.action.MAIN cat=[android.intent.category.LAUNCHER] flg=0x10200000 cmp=com.xiaomi.mitv.mediaexplorer/.ScraperMainEntryActivity }, itemType=0, mFoderId=-1, mParentFolderId=-100, page=-1, cellX=0, cellY=1, available=1, mIconType=0, mIconPackage=null, mIconResource=null, mIcon=false, appItemLoader=com.xiaomi.tv.desktop.model.d@cd306ad)
08-12 13:32:16.495  2192  2192 D BaseAppItemsViewManager: pos:(x:0, y:2), info:ApplicationInfo(id=3, title=ÁîµËßÜÁõ∏ÂÜå, mPackageName=com.duokan.cloudalbum, intent=Intent { act=android.intent.action.MAIN cat=[android.intent.category.LAUNCHER] flg=0x10200000 cmp=com.duokan.cloudalbum/.MainActivity }, itemType=0, mFoderId=-1, mParentFolderId=-100, page=-1, cellX=0, cellY=2, available=1, mIconType=0, mIconPackage=null, mIconResource=null, mIcon=false, appItemLoader=com.xiaomi.tv.desktop.model.d@2d7b5e65)
08-12 13:32:16.496  2192  2192 D BaseAppItemsViewManager: pos:(x:1, y:0), info:ApplicationInfo(id=4, title=ÁΩëÁªúÁîµÂè∞, mPackageName=com.xiaomi.mimusic, intent=Intent { act=android.intent.action.MAIN cat=[android.intent.category.LAUNCHER] flg=0x10200000 cmp=com.xiaomi.mimusic/.PlayerActivity }, itemType=0, mFoderId=-1, mParentFolderId=-100, page=-1, cellX=1, cellY=0, available=1, mIconType=0, mIconPackage=null, mIconResource=null, mIcon=false, appItemLoader=com.xiaomi.tv.desktop.model.d@1399f9f4)
08-12 13:32:16.496  2192  2192 D BaseAppItemsViewManager: pos:(x:1, y:1), info:ApplicationInfo(id=5, title=ÈÄöÁü•‰∏≠ÂøÉ, mPackageName=com.xiaomi.mitv.systemui, intent=Intent { act=android.intent.action.MAIN cat=[android.intent.category.LAUNCHER] flg=0x10200000 cmp=com.xiaomi.mitv.systemui/.notification.notificationcenter.NotificationCenterActivityAlias }, itemType=0, mFoderId=-1, mParentFolderId=-100, page=-1, cellX=1, cellY=1, available=1, mIconType=0, mIconPackage=null, mIconResource=null, mIcon=false, appItemLoader=com.xiaomi.tv.desktop.model.d@3a56c160)
08-12 13:32:16.496  2192  2192 D BaseAppItemsViewManager: pos:(x:1, y:2), info:ApplicationInfo(id=6, title=Êó†Á∫øÊòæÁ§∫, mPackageName=com.xiaomi.mitv.wfd, intent=Intent { act=android.intent.action.MAIN cat=[android.intent.category.LAUNCHER] flg=0x10200000 cmp=com.xiaomi.mitv.wfd/.WfdActivity }, itemType=0, mFoderId=-1, mParentFolderId=-100, page=-1, cellX=1, cellY=2, available=1, mIconType=0, mIconPackage=null, mIconResource=null, mIcon=false, appItemLoader=com.xiaomi.tv.desktop.model.d@108526de)
08-12 13:32:16.496  2192  2192 D BaseAppItemsViewManager: pos:(x:2, y:0), info:ApplicationInfo(id=7, title=Â∞èÁ±≥ÁîµËßÜÊâãÂÜå, mPackageName=com.xiaomi.mitv.handbook, intent=Intent { act=android.intent.action.MAIN cat=[android.intent.category.LAUNCHER] flg=0x10200000 cmp=com.xiaomi.mitv.handbook/.MainActivity }, itemType=0, mFoderId=-1, mParentFolderId=-100, page=-1, cellX=2, cellY=0, available=1, mIconType=0, mIconPackage=null, mIconResource=null, mIcon=false, appItemLoader=com.xiaomi.tv.desktop.model.d@856938c)
08-12 13:32:16.496  2192  2192 D BaseAppItemsViewManager: pos:(x:2, y:1), info:ApplicationInfo(id=8, title=ÁåéË±πÊ∏ÖÁêÜÂ§ßÂ∏à, mPackageName=com.cmcm.cleanmaster.tv, intent=Intent { act=android.intent.action.MAIN cat=[android.intent.category.LAUNCHER] flg=0x10200000 cmp=com.cmcm.cleanmaster.tv/.activity.MainActivity }, itemType=0, mFoderId=-1, mParentFolderId=-100, page=-1, cellX=2, cellY=1, available=1, mIconType=0, mIconPackage=null, mIconResource=null, mIcon=false, appItemLoader=com.xiaomi.tv.desktop.model.d@2bf149db)
08-12 13:32:16.496  2192  2192 D BaseAppItemsViewManager: pos:(x:2, y:2), info:ApplicationInfo(id=9, title=Áà∏Áà∏ÂéªÂì™ÂÑø‰∫≤Â≠êÂÆùÂÖ∏, mPackageName=tv.talkweb.dadwheregoing, intent=Intent { act=android.intent.action.MAIN cat=[android.intent.category.LAUNCHER] flg=0x10200000 cmp=tv.talkweb.dadwheregoing/tv.talkweb.daddygowhere.ui.ActivitySplash }, itemType=0, mFoderId=-1, mParentFolderId=-100, page=-1, cellX=2, cellY=2, available=1, mIconType=0, mIconPackage=null, mIconResource=null, mIcon=false, appItemLoader=com.xiaomi.tv.desktop.model.d@32d71f51)
08-12 13:32:16.496  2192  2192 D BaseAppItemsViewManager: pos:(x:3, y:0), info:ApplicationInfo(id=10, title=Â∞èÂ≠¶Â••Êï∞, mPackageName=com.leleketang.crmb, intent=Intent { act=android.intent.action.MAIN cat=[android.intent.category.LAUNCHER] flg=0x10200000 cmp=com.leleketang.crmb/.activity.MainActivity }, itemType=0, mFoderId=-1, mParentFolderId=-100, page=-1, cellX=3, cellY=0, available=1, mIconType=0, mIconPackage=null, mIconResource=null, mIcon=false, appItemLoader=com.xiaomi.tv.desktop.model.d@a30a8b7)
08-12 13:32:16.496  2192  2192 D BaseAppItemsViewManager: pos:(x:3, y:1), info:ApplicationInfo(id=11, title=ÈÖ∑ÊàëKÊ≠å, mPackageName=cn.kuwo.sing.tv, intent=Intent { act=android.intent.action.MAIN cat=[android.intent.category.LAUNCHER] flg=0x10200000 cmp=cn.kuwo.sing.tv/.view.activity.EntryActivity }, itemType=0, mFoderId=-1, mParentFolderId=-100, page=-1, cellX=3, cellY=1, available=1, mIconType=0, mIconPackage=null, mIconResource=null, mIcon=false, appItemLoader=com.xiaomi.tv.desktop.model.d@3d9d1953)
08-12 13:32:16.496  2192  2192 D BaseAppItemsViewManager: pos:(x:3, y:2), info:ApplicationInfo(id=12, title=ÁÜäÁå´ÊãºÈü≥, mPackageName=air.pinyin.tv.android.A123qibu.com, intent=Intent { act=android.intent.action.MAIN cat=[android.intent.category.LAUNCHER] flg=0x10200000 cmp=air.pinyin.tv.android.A123qibu.com/.AppEntry }, itemType=0, mFoderId=-1, mParentFolderId=-100, page=-1, cellX=3, cellY=2, available=1, mIconType=0, mIconPackage=null, mIconResource=null, mIcon=false, appItemLoader=com.xiaomi.tv.desktop.model.d@70d6789)
08-12 13:32:16.496  2192  2192 D BaseAppItemsViewManager: pos:(x:4, y:0), info:ApplicationInfo(id=13, title=ÈáëËüæÊçïÈ±º2, mPackageName=com.szyp.goldfishsTV, intent=Intent { act=android.intent.action.MAIN cat=[android.intent.category.LAUNCHER] flg=0x10200000 cmp=com.szyp.goldfishsTV/.goldfishs }, itemType=0, mFoderId=-1, mParentFolderId=-100, page=-1, cellX=4, cellY=0, available=1, mIconType=0, mIconPackage=null, mIconResource=null, mIcon=false, appItemLoader=com.xiaomi.tv.desktop.model.d@1f55f7af)
08-12 13:32:16.496  2192  2192 D BaseAppItemsViewManager: pos:(x:4, y:1), info:ApplicationInfo(id=14, title=Â¶πÂ¶πÂø´Ë∑ë, mPackageName=cn.wap3.game.runkid.mitv, intent=Intent { act=android.intent.action.MAIN cat=[android.intent.category.LAUNCHER] flg=0x10200000 cmp=cn.wap3.game.runkid.mitv/com.inject.InjectActivity }, itemType=0, mFoderId=-1, mParentFolderId=-100, page=-1, cellX=4, cellY=1, available=1, mIconType=0, mIconPackage=null, mIconResource=null, mIcon=false, appItemLoader=com.xiaomi.tv.desktop.model.d@3fdbf345)
08-12 13:32:16.496  2192  2192 D BaseAppItemsViewManager: pos:(x:4, y:2), info:ApplicationInfo(id=15, title=ÂçÅÊª¥Ê∞¥, mPackageName=com.youjoy.shidishui, intent=Intent { act=android.intent.action.MAIN cat=[android.intent.category.LAUNCHER] flg=0x10200000 cmp=com.youjoy.shidishui/.MainActivity }, itemType=0, mFoderId=-1, mParentFolderId=-100, page=-1, cellX=4, cellY=2, available=1, mIconType=0, mIconPackage=null, mIconResource=null, mIcon=false, appItemLoader=com.xiaomi.tv.desktop.model.d@11145fcb)
08-12 13:32:16.496  2192  2192 D BaseAppItemsViewManager: pos:(x:5, y:0), info:ApplicationInfo(id=16, title=Â∞èÁ±≥ËøêÂä®Ê±á, mPackageName=com.jiajia.yundonghui.mitv, intent=Intent { act=android.intent.action.MAIN cat=[android.intent.category.LAUNCHER] flg=0x10200000 cmp=com.jiajia.yundonghui.mitv/.Start }, itemType=0, mFoderId=-1, mParentFolderId=-100, page=-1, cellX=5, cellY=0, available=1, mIconType=0, mIconPackage=null, mIconResource=null, mIcon=false, appItemLoader=com.xiaomi.tv.desktop.model.d@b4d7ec1)
08-12 13:32:16.497  2192  2192 D BaseAppItemsViewManager: pos:(x:5, y:1), info:ApplicationInfo(id=17, title=ÊÄ•ÈÄüÊºÇÁßª, mPackageName=com.meiriq.androidtv.drifting, intent=Intent { act=android.intent.action.MAIN cat=[android.intent.category.LAUNCHER] flg=0x10200000 cmp=com.meiriq.androidtv.drifting/.ui.DriftingActivity }, itemType=0, mFoderId=-1, mParentFolderId=-100, page=-1, cellX=5, cellY=1, available=1, mIconType=0, mIconPackage=null, mIconResource=null, mIcon=false, appItemLoader=com.xiaomi.tv.desktop.model.d@d072da7)
08-12 13:32:16.497  2192  2192 D BaseAppItemsViewManager: pos:(x:5, y:2), info:ApplicationInfo(id=18, title=Ê≤ôÂèëÁÆ°ÂÆ∂, mPackageName=com.shafa.market, intent=Intent { act=android.intent.action.MAIN cat=[android.intent.category.LAUNCHER] flg=0x10200000 cmp=com.shafa.market/.ShafaHomeAct }, itemType=0, mFoderId=-1, mParentFolderId=-100, page=-1, cellX=5, cellY=2, available=1, mIconType=0, mIconPackage=null, mIconResource=null, mIcon=false, appItemLoader=com.xiaomi.tv.desktop.model.d@2ef245fd)
08-12 13:32:16.497  2192  2192 D BaseAppItemsViewManager: pos:(x:6, y:0), info:ApplicationInfo(id=19, title=ËøêÂä®Âä†Âä†OL, mPackageName=com.jiajia.club_shafa, intent=Intent { act=android.intent.action.MAIN cat=[android.intent.category.LAUNCHER] flg=0x10200000 cmp=com.jiajia.club_shafa/.Start }, itemType=0, mFoderId=-1, mParentFolderId=-100, page=-1, cellX=6, cellY=0, available=1, mIconType=0, mIconPackage=null, mIconResource=null, mIcon=false, appItemLoader=com.xiaomi.tv.desktop.model.d@176efd43)
08-12 13:32:16.497  2192  2192 D BaseAppItemsViewManager: pos:(x:6, y:1), info:ApplicationInfo(id=20, title=Â∞èÁ±≥Ë∑ØÁî±Âô®, mPackageName=com.xiaomi.mitv.mediaexplorer, intent=Intent { act=android.intent.action.MAIN cat=[android.intent.category.LAUNCHER] cmp=com.xiaomi.mitv.mediaexplorer/.xq.XQMainEntryActivity }, itemType=1, mFoderId=-1, mParentFolderId=-100, page=-1, cellX=6, cellY=1, available=1, mIconType=0, mIconPackage=com.xiaomi.mitv.mediaexplorer, mIconResource=com.xiaomi.mitv.mediaexplorer:drawable/xiaomiluyou, mIcon=false, appItemLoader=com.xiaomi.tv.desktop.model.d@3f2244f9)
08-12 13:32:16.497  2192  2192 D BaseAppItemsViewManager: before onNewAppsInstalled FolderDataWrapper dumpData end...
08-12 13:32:16.498  2192  2192 D BaseAppItemsViewManager: addViewToHomeFolderView info:ApplicationInfo(id=-1, title=ËøÖÈõ∑ÁîµÂΩ±Èô¢, mPackageName=com.xiaomi.mitv.mediaexplorer, intent=Intent { act=android.intent.action.MAIN cat=[android.intent.category.LAUNCHER] cmp=com.xiaomi.mitv.mediaexplorer/.xunlei.XunleiCinemaActivty }, itemType=1, mFoderId=-1, mParentFolderId=-100, page=-1, cellX=6, cellY=2, available=1, mIconType=0, mIconPackage=com.xiaomi.mitv.mediaexplorer, mIconResource=com.xiaomi.mitv.mediaexplorer:drawable/xvx_icon, mIcon=false, appItemLoader=com.xiaomi.tv.desktop.model.d@4dcb7bd)
08-12 13:32:16.497  3942  3973 I Smb.SmbDeviceInfoManager: 2 number of history saved
08-12 13:32:16.498  2239  4033 E MIUIADProvider: 6
08-12 13:32:16.498  2239  4033 E MIUIADSyncService: updateContent count=1
08-12 13:32:16.499  2192  2394 E MiTVAdvertiseClientCallback: buildAdvertiseResult, advertiseID = 1
08-12 13:32:16.499  2192  2192 D AppCategoryInfoLoader: getBottomDrawable mAppTilte:ËøÖÈõ∑ÁîµÂΩ±Èô¢
08-12 13:32:16.500  2239  4033 D MIUIADProvider: query uri : content://com.xiaomi.mitv.advertise.common.provider.MIUIADProvider/recommended/1
08-12 13:32:16.500  2192  2192 D AppCategoryInfoLoader: getBottomDrawable mAppTilte:ËøÖÈõ∑ÁîµÂΩ±Èô¢, isOfficialApp
08-12 13:32:16.500  2239  4033 E MIUIADProvider: query, cursor = android.database.sqlite.SQLiteCursor@20a4166c
08-12 13:32:16.502  2192  2394 E MiTVAdvertiseClientCallback: queryContent, advertiseID = 1
08-12 13:32:16.503  2192  2394 E MiTVAdvertiseClientCallback: cursor.getColumnCount() = 10
08-12 13:32:16.504  2192  2394 E MiTVAdvertiseClientCallback: buildAdvertiseResult, resluts.size() = 0
08-12 13:32:16.504  2192  2192 D AppCategoryBottomView: updateLayoutParams() nColCnt = 23
08-12 13:32:16.506  2192  2192 D HomeAppItemsViewManager: onNewAppsInstalled load from MISSING db and set to pos x:6, y:2, ËøÖÈõ∑ÁîµÂΩ±Èô¢
08-12 13:32:16.507  2192  2192 D BaseAppItemsViewManager: after onNewAppsInstalled FolderDataWrapper dumpData start...
08-12 13:32:16.507  2192  2215 D AppItemsDB: doDBOperations start
08-12 13:32:16.507  2192  2192 D BaseAppItemsViewManager: pos:(x:0, y:0), info:ApplicationInfo(id=1, title=Â∞èÁ±≥ÁîµËßÜËÆæÁΩÆ, mPackageName=com.xiaomi.mitv.settings, intent=Intent { act=android.intent.action.MAIN cat=[android.intent.category.LAUNCHER] flg=0x10200000 cmp=com.xiaomi.mitv.settings/.entry.MainActivity }, itemType=0, mFoderId=-1, mParentFolderId=-100, page=-1, cellX=0, cellY=0, available=1, mIconType=0, mIconPackage=null, mIconResource=null, mIcon=false, appItemLoader=com.xiaomi.tv.desktop.model.d@3af0f2d7)
08-12 13:32:16.508  2192  2192 D BaseAppItemsViewManager: pos:(x:0, y:1), info:ApplicationInfo(id=2, title=È´òÊ∏ÖÊí≠ÊîæÂô®, mPackageName=com.xiaomi.mitv.mediaexplorer, intent=Intent { act=android.intent.action.MAIN cat=[android.intent.category.LAUNCHER] flg=0x10200000 cmp=com.xiaomi.mitv.mediaexplorer/.ScraperMainEntryActivity }, itemType=0, mFoderId=-1, mParentFolderId=-100, page=-1, cellX=0, cellY=1, available=1, mIconType=0, mIconPackage=null, mIconResource=null, mIcon=false, appItemLoader=com.xiaomi.tv.desktop.model.d@cd306ad)
08-12 13:32:16.508  3859  3879 D DeviceReport: running job ConfigUpdateJob
08-12 13:32:16.508  2192  2192 D BaseAppItemsViewManager: pos:(x:0, y:2), info:ApplicationInfo(id=3, title=ÁîµËßÜÁõ∏ÂÜå, mPackageName=com.duokan.cloudalbum, intent=Intent { act=android.intent.action.MAIN cat=[android.intent.category.LAUNCHER] flg=0x10200000 cmp=com.duokan.cloudalbum/.MainActivity }, itemType=0, mFoderId=-1, mParentFolderId=-100, page=-1, cellX=0, cellY=2, available=1, mIconType=0, mIconPackage=null, mIconResource=null, mIcon=false, appItemLoader=com.xiaomi.tv.desktop.model.d@2d7b5e65)
08-12 13:32:16.509  2192  2192 D BaseAppItemsViewManager: pos:(x:1, y:0), info:ApplicationInfo(id=4, title=ÁΩëÁªúÁîµÂè∞, mPackageName=com.xiaomi.mimusic, intent=Intent { act=android.intent.action.MAIN cat=[android.intent.category.LAUNCHER] flg=0x10200000 cmp=com.xiaomi.mimusic/.PlayerActivity }, itemType=0, mFoderId=-1, mParentFolderId=-100, page=-1, cellX=1, cellY=0, available=1, mIconType=0, mIconPackage=null, mIconResource=null, mIcon=false, appItemLoader=com.xiaomi.tv.desktop.model.d@1399f9f4)
08-12 13:32:16.510  2192  2192 D BaseAppItemsViewManager: pos:(x:1, y:1), info:ApplicationInfo(id=5, title=ÈÄöÁü•‰∏≠ÂøÉ, mPackageName=com.xiaomi.mitv.systemui, intent=Intent { act=android.intent.action.MAIN cat=[android.intent.category.LAUNCHER] flg=0x10200000 cmp=com.xiaomi.mitv.systemui/.notification.notificationcenter.NotificationCenterActivityAlias }, itemType=0, mFoderId=-1, mParentFolderId=-100, page=-1, cellX=1, cellY=1, available=1, mIconType=0, mIconPackage=null, mIconResource=null, mIcon=false, appItemLoader=com.xiaomi.tv.desktop.model.d@3a56c160)
08-12 13:32:16.510  2192  2192 D BaseAppItemsViewManager: pos:(x:1, y:2), info:ApplicationInfo(id=6, title=Êó†Á∫øÊòæÁ§∫, mPackageName=com.xiaomi.mitv.wfd, intent=Intent { act=android.intent.action.MAIN cat=[android.intent.category.LAUNCHER] flg=0x10200000 cmp=com.xiaomi.mitv.wfd/.WfdActivity }, itemType=0, mFoderId=-1, mParentFolderId=-100, page=-1, cellX=1, cellY=2, available=1, mIconType=0, mIconPackage=null, mIconResource=null, mIcon=false, appItemLoader=com.xiaomi.tv.desktop.model.d@108526de)
08-12 13:32:16.510  2192  2192 D BaseAppItemsViewManager: pos:(x:2, y:0), info:ApplicationInfo(id=7, title=Â∞èÁ±≥ÁîµËßÜÊâãÂÜå, mPackageName=com.xiaomi.mitv.handbook, intent=Intent { act=android.intent.action.MAIN cat=[android.intent.category.LAUNCHER] flg=0x10200000 cmp=com.xiaomi.mitv.handbook/.MainActivity }, itemType=0, mFoderId=-1, mParentFolderId=-100, page=-1, cellX=2, cellY=0, available=1, mIconType=0, mIconPackage=null, mIconResource=null, mIcon=false, appItemLoader=com.xiaomi.tv.desktop.model.d@856938c)
08-12 13:32:16.510  2192  2215 D AppItemsDB: doDBOperations this info:ApplicationInfo(id=-1, title=ËøÖÈõ∑ÁîµÂΩ±Èô¢, mPackageName=com.xiaomi.mitv.mediaexplorer, intent=Intent { act=android.intent.action.MAIN cat=[android.intent.category.LAUNCHER] cmp=com.xiaomi.mitv.mediaexplorer/.xunlei.XunleiCinemaActivty }, itemType=1, mFoderId=-1, mParentFolderId=-100, page=-1, cellX=6, cellY=2, available=1, mIconType=0, mIconPackage=com.xiaomi.mitv.mediaexplorer, mIconResource=com.xiaomi.mitv.mediaexplorer:drawable/xvx_icon, mIcon=false, appItemLoader=com.xiaomi.tv.desktop.model.d@4dcb7bd)
08-12 13:32:16.510  2192  2192 D BaseAppItemsViewManager: pos:(x:2, y:1), info:ApplicationInfo(id=8, title=ÁåéË±πÊ∏ÖÁêÜÂ§ßÂ∏à, mPackageName=com.cmcm.cleanmaster.tv, intent=Intent { act=android.intent.action.MAIN cat=[android.intent.category.LAUNCHER] flg=0x10200000 cmp=com.cmcm.cleanmaster.tv/.activity.MainActivity }, itemType=0, mFoderId=-1, mParentFolderId=-100, page=-1, cellX=2, cellY=1, available=1, mIconType=0, mIconPackage=null, mIconResource=null, mIcon=false, appItemLoader=com.xiaomi.tv.desktop.model.d@2bf149db)
08-12 13:32:16.511  2192  2192 D BaseAppItemsViewManager: pos:(x:2, y:2), info:ApplicationInfo(id=9, title=Áà∏Áà∏ÂéªÂì™ÂÑø‰∫≤Â≠êÂÆùÂÖ∏, mPackageName=tv.talkweb.dadwheregoing, intent=Intent { act=android.intent.action.MAIN cat=[android.intent.category.LAUNCHER] flg=0x10200000 cmp=tv.talkweb.dadwheregoing/tv.talkweb.daddygowhere.ui.ActivitySplash }, itemType=0, mFoderId=-1, mParentFolderId=-100, page=-1, cellX=2, cellY=2, available=1, mIconType=0, mIconPackage=null, mIconResource=null, mIcon=false, appItemLoader=com.xiaomi.tv.desktop.model.d@32d71f51)
08-12 13:32:16.511  2192  2192 D BaseAppItemsViewManager: pos:(x:3, y:0), info:ApplicationInfo(id=10, title=Â∞èÂ≠¶Â••Êï∞, mPackageName=com.leleketang.crmb, intent=Intent { act=android.intent.action.MAIN cat=[android.intent.category.LAUNCHER] flg=0x10200000 cmp=com.leleketang.crmb/.activity.MainActivity }, itemType=0, mFoderId=-1, mParentFolderId=-100, page=-1, cellX=3, cellY=0, available=1, mIconType=0, mIconPackage=null, mIconResource=null, mIcon=false, appItemLoader=com.xiaomi.tv.desktop.model.d@a30a8b7)
08-12 13:32:16.511  2192  2192 D BaseAppItemsViewManager: pos:(x:3, y:1), info:ApplicationInfo(id=11, title=ÈÖ∑ÊàëKÊ≠å, mPackageName=cn.kuwo.sing.tv, intent=Intent { act=android.intent.action.MAIN cat=[android.intent.category.LAUNCHER] flg=0x10200000 cmp=cn.kuwo.sing.tv/.view.activity.EntryActivity }, itemType=0, mFoderId=-1, mParentFolderId=-100, page=-1, cellX=3, cellY=1, available=1, mIconType=0, mIconPackage=null, mIconResource=null, mIcon=false, appItemLoader=com.xiaomi.tv.desktop.model.d@3d9d1953)
08-12 13:32:16.512  2192  2192 D BaseAppItemsViewManager: pos:(x:3, y:2), info:ApplicationInfo(id=12, title=ÁÜäÁå´ÊãºÈü≥, mPackageName=air.pinyin.tv.android.A123qibu.com, intent=Intent { act=android.intent.action.MAIN cat=[android.intent.category.LAUNCHER] flg=0x10200000 cmp=air.pinyin.tv.android.A123qibu.com/.AppEntry }, itemType=0, mFoderId=-1, mParentFolderId=-100, page=-1, cellX=3, cellY=2, available=1, mIconType=0, mIconPackage=null, mIconResource=null, mIcon=false, appItemLoader=com.xiaomi.tv.desktop.model.d@70d6789)
08-12 13:32:16.512  2192  2192 D BaseAppItemsViewManager: pos:(x:4, y:0), info:ApplicationInfo(id=13, title=ÈáëËüæÊçïÈ±º2, mPackageName=com.szyp.goldfishsTV, intent=Intent { act=android.intent.action.MAIN cat=[android.intent.category.LAUNCHER] flg=0x10200000 cmp=com.szyp.goldfishsTV/.goldfishs }, itemType=0, mFoderId=-1, mParentFolderId=-100, page=-1, cellX=4, cellY=0, available=1, mIconType=0, mIconPackage=null, mIconResource=null, mIcon=false, appItemLoader=com.xiaomi.tv.desktop.model.d@1f55f7af)
08-12 13:32:16.513  2192  2192 D BaseAppItemsViewManager: pos:(x:4, y:1), info:ApplicationInfo(id=14, title=Â¶πÂ¶πÂø´Ë∑ë, mPackageName=cn.wap3.game.runkid.mitv, intent=Intent { act=android.intent.action.MAIN cat=[android.intent.category.LAUNCHER] flg=0x10200000 cmp=cn.wap3.game.runkid.mitv/com.inject.InjectActivity }, itemType=0, mFoderId=-1, mParentFolderId=-100, page=-1, cellX=4, cellY=1, available=1, mIconType=0, mIconPackage=null, mIconResource=null, mIcon=false, appItemLoader=com.xiaomi.tv.desktop.model.d@3fdbf345)
