08-12 13:31:01.494  1550  1689 I clientsdk: tid 1689, HttpGet curl_easy_perform result 6
08-12 13:31:01.494  1550  1689 I duokantv: tid 1689, DuoKanUtility::checkHostReachability -- ret of HttpGet = -1006
08-12 13:31:01.494  1550  1689 I duokantv: tid 1689, DuoKanUtility::checkHostReachability -- HttpGet: not reachable
08-12 13:31:01.494  1550  1689 I duokantv: tid 1689, DKAppDelegate::setupServerConnection, no userID
08-12 13:31:01.494  1550  1689 I duokantv: tid 1689, DataStore: Token, Enter loadToken2
08-12 13:31:01.494  1550  1689 I duokantv: tid 1689, DataStore: Token, key 5fcb31f300324bcbb8c3cac60d6d4184
08-12 13:31:01.494  1550  1689 I duokantv: tid 1689, DataStore: Token, token cc5bf5545b674d1e9e2bd0add857ccc0
08-12 13:31:01.495  1550  1689 I duokantv: tid 1689, DKAppDelegate:setupServerConnection -- about to login to server
08-12 13:31:01.495  1550  1689 I clientsdk: tid 1689, httppost http://122.49.38.6/tvservice/login?vc=0&ac=0&ic=0&deviceid=5b11bace3b21548f71a273121cfa15a6&apiver=1.8&ver=5.0.1.1213&codever=15&ptf=605&ts=1439357461&nonce=439520742&language=zh_CN&feature=15&opaque=f89cdfa537018079be1af75c278890039f57613c
08-12 13:31:01.499     0     0 I Kernel  : <12>[  490.342527] type=1400 audit(1439357461.494:3078): avc: granted { write } for pid=1689 comm="Thread-87" name="CookiesFile" dev="mmcblk0p22" ino=873 scontext=u:r:system_app:s0 tcontext=u:object_r:system_data_file:s0 tclass=file
08-12 13:31:01.499     0     0 I Kernel  : <12>[  490.342721] type=1400 audit(1439357461.494:3079): avc: granted { write } for pid=1689 comm="Thread-87" path="/data/duokancache/CookiesFile" dev="mmcblk0p22" ino=873 scontext=u:r:system_app:s0 tcontext=u:object_r:system_data_file:s0 tclass=file
08-12 13:31:01.499     0     0 I Kernel  : <12>[  490.342914] type=1400 audit(1439357461.494:3080): avc: granted { write } for pid=1689 comm="Thread-87" name="CookiesFile" dev="mmcblk0p22" ino=873 scontext=u:r:system_app:s0 tcontext=u:object_r:system_data_file:s0 tclass=file
08-12 13:31:01.499     0     0 I Kernel  : <12>[  490.344032] type=1400 audit(1439357461.494:3081): avc: granted { write } for pid=1689 comm="Thread-87" name="CookiesFile" dev="mmcblk0p22" ino=873 scontext=u:r:system_app:s0 tcontext=u:object_r:system_data_file:s0 tclass=file
08-12 13:31:01.494  1689  1689 I auditd  : type=1400 audit(0.0:3078): avc: granted { write } for comm="Thread-87" name="CookiesFile" dev="mmcblk0p22" ino=873 scontext=u:r:system_app:s0 tcontext=u:object_r:system_data_file:s0 tclass=file
08-12 13:31:01.499     0     0 I Kernel  : <12>[  490.344381] type=1400 audit(1439357461.494:3082): avc: granted { write } for pid=1689 comm="Thread-87" path="/data/duokancache/CookiesFile" dev="mmcblk0p22" ino=873 scontext=u:r:system_app:s0 tcontext=u:object_r:system_data_file:s0 tclass=file
08-12 13:31:01.499     0     0 I Kernel  : <12>[  490.344602] type=1400 audit(1439357461.494:3083): avc: granted { write } for pid=1689 comm="Thread-87" name="CookiesFile" dev="mmcblk0p22" ino=873 scontext=u:r:system_app:s0 tcontext=u:object_r:system_data_file:s0 tclass=file
08-12 13:31:01.494  1689  1689 W Thread-87: type=1400 audit(0.0:3078): avc: granted { write } for name="CookiesFile" dev="mmcblk0p22" ino=873 scontext=u:r:system_app:s0 tcontext=u:object_r:system_data_file:s0 tclass=file
08-12 13:31:01.494  1689  1689 I auditd  : type=1400 audit(0.0:3079): avc: granted { write } for comm="Thread-87" path="/data/duokancache/CookiesFile" dev="mmcblk0p22" ino=873 scontext=u:r:system_app:s0 tcontext=u:object_r:system_data_file:s0 tclass=file
08-12 13:31:01.494  1689  1689 W Thread-87: type=1400 audit(0.0:3079): avc: granted { write } for path="/data/duokancache/CookiesFile" dev="mmcblk0p22" ino=873 scontext=u:r:system_app:s0 tcontext=u:object_r:system_data_file:s0 tclass=file
08-12 13:31:01.494  1689  1689 I auditd  : type=1400 audit(0.0:3080): avc: granted { write } for comm="Thread-87" name="CookiesFile" dev="mmcblk0p22" ino=873 scontext=u:r:system_app:s0 tcontext=u:object_r:system_data_file:s0 tclass=file
08-12 13:31:01.494  1689  1689 W Thread-87: type=1400 audit(0.0:3080): avc: granted { write } for name="CookiesFile" dev="mmcblk0p22" ino=873 scontext=u:r:system_app:s0 tcontext=u:object_r:system_data_file:s0 tclass=file
08-12 13:31:01.494  1689  1689 I auditd  : type=1400 audit(0.0:3081): avc: granted { write } for comm="Thread-87" name="CookiesFile" dev="mmcblk0p22" ino=873 scontext=u:r:system_app:s0 tcontext=u:object_r:system_data_file:s0 tclass=file
08-12 13:31:01.494  1689  1689 W Thread-87: type=1400 audit(0.0:3081): avc: granted { write } for name="CookiesFile" dev="mmcblk0p22" ino=873 scontext=u:r:system_app:s0 tcontext=u:object_r:system_data_file:s0 tclass=file
08-12 13:31:01.494  1689  1689 I auditd  : type=1400 audit(0.0:3082): avc: granted { write } for comm="Thread-87" path="/data/duokancache/CookiesFile" dev="mmcblk0p22" ino=873 scontext=u:r:system_app:s0 tcontext=u:object_r:system_data_file:s0 tclass=file
08-12 13:31:01.501     0     0 I Kernel  : <12>[  490.346719] type=1400 audit(1439357461.499:3084): avc: granted { write } for pid=1689 comm="Thread-87" name="CookiesFile" dev="mmcblk0p22" ino=873 scontext=u:r:system_app:s0 tcontext=u:object_r:system_data_file:s0 tclass=file
08-12 13:31:01.494  1689  1689 W Thread-87: type=1400 audit(0.0:3082): avc: granted { write } for path="/data/duokancache/CookiesFile" dev="mmcblk0p22" ino=873 scontext=u:r:system_app:s0 tcontext=u:object_r:system_data_file:s0 tclass=file
08-12 13:31:01.494  1689  1689 I auditd  : type=1400 audit(0.0:3083): avc: granted { write } for comm="Thread-87" name="CookiesFile" dev="mmcblk0p22" ino=873 scontext=u:r:system_app:s0 tcontext=u:object_r:system_data_file:s0 tclass=file
08-12 13:31:01.494  1689  1689 W Thread-87: type=1400 audit(0.0:3083): avc: granted { write } for name="CookiesFile" dev="mmcblk0p22" ino=873 scontext=u:r:system_app:s0 tcontext=u:object_r:system_data_file:s0 tclass=file
08-12 13:31:01.499  1689  1689 I auditd  : type=1400 audit(0.0:3084): avc: granted { write } for comm="Thread-87" name="CookiesFile" dev="mmcblk0p22" ino=873 scontext=u:r:system_app:s0 tcontext=u:object_r:system_data_file:s0 tclass=file
08-12 13:31:01.503     0     0 I Kernel  : <12>[  490.347180] type=1400 audit(1439357461.499:3085): avc: granted { write } for pid=1689 comm="Thread-87" path="/data/duokancache/CookiesFile" dev="mmcblk0p22" ino=873 scontext=u:r:system_app:s0 tcontext=u:object_r:system_data_file:s0 tclass=file
08-12 13:31:01.503     0     0 I Kernel  : <12>[  490.348394] type=1400 audit(1439357461.499:3086): avc: granted { write } for pid=1689 comm="Thread-87" name="CookiesFile" dev="mmcblk0p22" ino=873 scontext=u:r:system_app:s0 tcontext=u:object_r:system_data_file:s0 tclass=file
08-12 13:31:01.499  1689  1689 W Thread-87: type=1400 audit(0.0:3084): avc: granted { write } for name="CookiesFile" dev="mmcblk0p22" ino=873 scontext=u:r:system_app:s0 tcontext=u:object_r:system_data_file:s0 tclass=file
08-12 13:31:01.499  1689  1689 I auditd  : type=1400 audit(0.0:3085): avc: granted { write } for comm="Thread-87" path="/data/duokancache/CookiesFile" dev="mmcblk0p22" ino=873 scontext=u:r:system_app:s0 tcontext=u:object_r:system_data_file:s0 tclass=file
08-12 13:31:01.499  1689  1689 W Thread-87: type=1400 audit(0.0:3085): avc: granted { write } for path="/data/duokancache/CookiesFile" dev="mmcblk0p22" ino=873 scontext=u:r:system_app:s0 tcontext=u:object_r:system_data_file:s0 tclass=file
08-12 13:31:01.499  1689  1689 I auditd  : type=1400 audit(0.0:3086): avc: granted { write } for comm="Thread-87" name="CookiesFile" dev="mmcblk0p22" ino=873 scontext=u:r:system_app:s0 tcontext=u:object_r:system_data_file:s0 tclass=file
08-12 13:31:01.499  1689  1689 W Thread-87: type=1400 audit(0.0:3086): avc: granted { write } for name="CookiesFile" dev="mmcblk0p22" ino=873 scontext=u:r:system_app:s0 tcontext=u:object_r:system_data_file:s0 tclass=file
08-12 13:31:01.497  1550  1689 I clientsdk: tid 1689, HttpPost, status code = 0
08-12 13:31:01.497  1550  1689 I clientsdk: tid 1689, HttpGet curl_easy_perform result 7
08-12 13:31:01.497  1550  1689 I clientsdk: tid 1689, httppost http://122.49.38.6/tvservice/login?vc=0&ac=0&ic=0&deviceid=5b11bace3b21548f71a273121cfa15a6&apiver=1.8&ver=5.0.1.1213&codever=15&ptf=605&ts=1439357461&nonce=439520742&language=zh_CN&feature=15&opaque=f89cdfa537018079be1af75c278890039f57613c
08-12 13:31:01.500  1550  1689 I clientsdk: tid 1689, HttpPost, status code = 0
08-12 13:31:01.500  1550  1689 I clientsdk: tid 1689, HttpGet curl_easy_perform result 7
08-12 13:31:01.500  1550  1689 I clientsdk: tid 1689, httppost http://122.49.38.6/tvservice/login?vc=0&ac=0&ic=0&deviceid=5b11bace3b21548f71a273121cfa15a6&apiver=1.8&ver=5.0.1.1213&codever=15&ptf=605&ts=1439357461&nonce=439520742&language=zh_CN&feature=15&opaque=f89cdfa537018079be1af75c278890039f57613c
08-12 13:31:01.501  2961  3044 D com.xiaomi.tv.gallery.download.GalleryDownloadManager: no server ip
08-12 13:31:01.503  1550  1689 I clientsdk: tid 1689, HttpPost, status code = 0
08-12 13:31:01.503  1550  1689 I clientsdk: tid 1689, HttpGet curl_easy_perform result 7
08-12 13:31:01.503  1550  1689 I duokantv: tid 1689, DKAppDelegate:DK_UserLogin, result: -1
08-12 13:31:01.503  1550  1689 I duokantv: tid 1689, +++DKAppDelegate::hideAuthFailView: ../Classes/DKAppDelegate.cpp line: 3269
08-12 13:31:01.503  1550  1689 I duokantv: tid 1689, DKAppDelegate:setupServerConnection -- failed to login (-1)
08-12 13:31:01.505  2961  3044 D com.xiaomi.tv.gallery.download.GalleryDownloadManager: no server ip
08-12 13:31:01.512  2961  3044 D com.xiaomi.tv.gallery.download.GalleryDownloadManager: no server ip
08-12 13:31:01.516  2961  3044 D com.xiaomi.tv.gallery.download.GalleryDownloadManager: no server ip
08-12 13:31:01.519  2961  3044 D com.xiaomi.tv.gallery.download.GalleryDownloadManager: no server ip
08-12 13:31:01.523  2961  3044 D com.xiaomi.tv.gallery.download.GalleryDownloadManager: no server ip
08-12 13:31:01.524     0     0 I Kernel  : <4>[  490.367565] utmi on
08-12 13:31:01.526  2961  3044 D com.xiaomi.tv.gallery.download.GalleryDownloadManager: no server ip
08-12 13:31:01.530  2961  3044 D com.xiaomi.tv.gallery.download.GalleryDownloadManager: no server ip
08-12 13:31:01.533  2961  3044 D com.xiaomi.tv.gallery.download.GalleryDownloadManager: no server ip
08-12 13:31:01.537  2961  3044 D com.xiaomi.tv.gallery.download.GalleryDownloadManager: no server ip
08-12 13:31:01.540  2961  3044 D com.xiaomi.tv.gallery.download.GalleryDownloadManager: no server ip
08-12 13:31:01.544  2961  3044 D com.xiaomi.tv.gallery.download.GalleryDownloadManager: no server ip
08-12 13:31:01.547  2961  3044 D com.xiaomi.tv.gallery.download.GalleryDownloadManager: no server ip
08-12 13:31:01.551  2961  3044 D com.xiaomi.tv.gallery.download.GalleryDownloadManager: no server ip
08-12 13:31:01.554  2961  3044 D com.xiaomi.tv.gallery.download.GalleryDownloadManager: no server ip
08-12 13:31:01.558  2961  3044 D com.xiaomi.tv.gallery.download.GalleryDownloadManager: no server ip
08-12 13:31:01.562  2961  3044 D com.xiaomi.tv.gallery.download.GalleryDownloadManager: no server ip
08-12 13:31:01.565  2961  3044 D com.xiaomi.tv.gallery.download.GalleryDownloadManager: no server ip
08-12 13:31:01.570  2961  3044 D com.xiaomi.tv.gallery.download.GalleryDownloadManager: no server ip
08-12 13:31:01.574  2961  3044 D com.xiaomi.tv.gallery.download.GalleryDownloadManager: no server ip
08-12 13:31:01.578  2961  3044 D com.xiaomi.tv.gallery.download.GalleryDownloadManager: no server ip
08-12 13:31:01.581  2961  3044 D com.xiaomi.tv.gallery.download.GalleryDownloadManager: no server ip
08-12 13:31:01.585  2961  3044 D com.xiaomi.tv.gallery.download.GalleryDownloadManager: no server ip
08-12 13:31:01.588  2961  3044 D com.xiaomi.tv.gallery.download.GalleryDownloadManager: no server ip
08-12 13:31:01.592  2961  3044 D com.xiaomi.tv.gallery.download.GalleryDownloadManager: no server ip
08-12 13:31:01.596  2961  3044 D com.xiaomi.tv.gallery.download.GalleryDownloadManager: no server ip
08-12 13:31:01.599  2961  3044 D com.xiaomi.tv.gallery.download.GalleryDownloadManager: no server ip
08-12 13:31:01.603  2961  3044 D com.xiaomi.tv.gallery.download.GalleryDownloadManager: no server ip
08-12 13:31:01.604     0     0 I Kernel  : <4>[  490.446080] [USB fd2a6200], portstatus: 0x2, portchange: 0x12
08-12 13:31:01.604     0     0 I Kernel  : <4>[  490.446104] hub_port_disable: 1  hub->err: 0 
08-12 13:31:01.606  2961  3044 D com.xiaomi.tv.gallery.download.GalleryDownloadManager: no server ip
08-12 13:31:01.610  2961  3044 D com.xiaomi.tv.gallery.download.GalleryDownloadManager: no server ip
08-12 13:31:01.614  2961  3044 D com.xiaomi.tv.gallery.download.GalleryDownloadManager: no server ip
08-12 13:31:01.617  2961  3044 D com.xiaomi.tv.gallery.download.GalleryDownloadManager: no server ip
08-12 13:31:01.620  2961  3044 D com.xiaomi.tv.gallery.download.GalleryDownloadManager: no server ip
08-12 13:31:01.624  2961  3044 D com.xiaomi.tv.gallery.download.GalleryDownloadManager: no server ip
08-12 13:31:01.629  2961  3044 D com.xiaomi.tv.gallery.download.GalleryDownloadManager: no server ip
08-12 13:31:01.631     0     0 I Kernel  : <4>[  490.475872] Force Retry, current speed HIGH
08-12 13:31:01.631     0     0 I Kernel  : <4>[  490.475886] hub_port_disable: 1  hub->err: 0 
08-12 13:31:01.631     0     0 I Kernel  : <4>[  490.475911] ##[USB] bad dev High Speed retry (0) ##
08-12 13:31:01.633  2961  3044 D com.xiaomi.tv.gallery.download.GalleryDownloadManager: no server ip
08-12 13:31:01.636  2961  3044 D com.xiaomi.tv.gallery.download.GalleryDownloadManager: no server ip
08-12 13:31:01.640  2961  3044 D com.xiaomi.tv.gallery.download.GalleryDownloadManager: no server ip
08-12 13:31:01.643  2961  3044 D com.xiaomi.tv.gallery.download.GalleryDownloadManager: no server ip
08-12 13:31:01.647  2961  3044 D com.xiaomi.tv.gallery.download.GalleryDownloadManager: no server ip
08-12 13:31:01.650  2961  3044 D com.xiaomi.tv.gallery.download.GalleryDownloadManager: no server ip
08-12 13:31:01.654  2961  3044 D com.xiaomi.tv.gallery.download.GalleryDownloadManager: no server ip
08-12 13:31:01.657  2961  3044 D com.xiaomi.tv.gallery.download.GalleryDownloadManager: no server ip
08-12 13:31:01.661  2961  3044 D com.xiaomi.tv.gallery.download.GalleryDownloadManager: no server ip
08-12 13:31:01.665  2961  3044 D com.xiaomi.tv.gallery.download.GalleryDownloadManager: no server ip
08-12 13:31:01.668  2961  3044 D com.xiaomi.tv.gallery.download.GalleryDownloadManager: no server ip
08-12 13:31:01.672  2961  3044 D com.xiaomi.tv.gallery.download.GalleryDownloadManager: no server ip
08-12 13:31:01.676  2961  3044 D com.xiaomi.tv.gallery.download.GalleryDownloadManager: no server ip
08-12 13:31:01.679  2961  3044 D com.xiaomi.tv.gallery.download.GalleryDownloadManager: no server ip
08-12 13:31:01.683  2961  3044 D com.xiaomi.tv.gallery.download.GalleryDownloadManager: no server ip
08-12 13:31:01.688  2961  3044 D com.xiaomi.tv.gallery.download.GalleryDownloadManager: no server ip
08-12 13:31:01.692  2961  3044 D com.xiaomi.tv.gallery.download.GalleryDownloadManager: no server ip
08-12 13:31:01.695  2961  3044 D com.xiaomi.tv.gallery.download.GalleryDownloadManager: no server ip
08-12 13:31:01.699  2961  3044 D com.xiaomi.tv.gallery.download.GalleryDownloadManager: no server ip
08-12 13:31:01.702  2961  3044 D com.xiaomi.tv.gallery.download.GalleryDownloadManager: no server ip
08-12 13:31:01.706  2961  3044 D com.xiaomi.tv.gallery.download.GalleryDownloadManager: no server ip
08-12 13:31:01.709  2961  3044 D com.xiaomi.tv.gallery.download.GalleryDownloadManager: no server ip
08-12 13:31:01.713  2961  3044 D com.xiaomi.tv.gallery.download.GalleryDownloadManager: no server ip
08-12 13:31:01.717  2961  3044 D com.xiaomi.tv.gallery.download.GalleryDownloadManager: no server ip
08-12 13:31:01.720  2961  3044 D com.xiaomi.tv.gallery.download.GalleryDownloadManager: no server ip
08-12 13:31:01.724  2961  3044 D com.xiaomi.tv.gallery.download.GalleryDownloadManager: no server ip
08-12 13:31:01.728  2961  3044 D com.xiaomi.tv.gallery.download.GalleryDownloadManager: no server ip
08-12 13:31:01.731  2961  3044 D com.xiaomi.tv.gallery.download.GalleryDownloadManager: no server ip
08-12 13:31:01.734  2961  3044 D com.xiaomi.tv.gallery.download.GalleryDownloadManager: no server ip
08-12 13:31:01.737  2961  3044 D com.xiaomi.tv.gallery.download.GalleryDownloadManager: no server ip
08-12 13:31:01.742  2961  3044 D com.xiaomi.tv.gallery.download.GalleryDownloadManager: no server ip
08-12 13:31:01.747  2961  3044 D com.xiaomi.tv.gallery.download.GalleryDownloadManager: no server ip
08-12 13:31:01.751  2961  3044 D com.xiaomi.tv.gallery.download.GalleryDownloadManager: no server ip
08-12 13:31:01.754  2961  3044 D com.xiaomi.tv.gallery.download.GalleryDownloadManager: no server ip
08-12 13:31:01.758  2961  3044 D com.xiaomi.tv.gallery.download.GalleryDownloadManager: no server ip
08-12 13:31:01.762  2961  3044 D com.xiaomi.tv.gallery.download.GalleryDownloadManager: no server ip
08-12 13:31:01.766  2961  3044 D com.xiaomi.tv.gallery.download.GalleryDownloadManager: no server ip
08-12 13:31:01.769  2961  3044 D com.xiaomi.tv.gallery.download.GalleryDownloadManager: no server ip
08-12 13:31:01.773  2961  3044 D com.xiaomi.tv.gallery.download.GalleryDownloadManager: no server ip
08-12 13:31:01.776  2961  3044 D com.xiaomi.tv.gallery.download.GalleryDownloadManager: no server ip
08-12 13:31:01.780  2961  3044 D com.xiaomi.tv.gallery.download.GalleryDownloadManager: no server ip
08-12 13:31:01.783  2961  3044 D com.xiaomi.tv.gallery.download.GalleryDownloadManager: no server ip
08-12 13:31:01.787  2961  3044 D com.xiaomi.tv.gallery.download.GalleryDownloadManager: no server ip
08-12 13:31:01.790  2961  3044 D com.xiaomi.tv.gallery.download.GalleryDownloadManager: no server ip
08-12 13:31:01.794  2961  3044 D com.xiaomi.tv.gallery.download.GalleryDownloadManager: no server ip
08-12 13:31:01.798  2961  3044 D com.xiaomi.tv.gallery.download.GalleryDownloadManager: no server ip
08-12 13:31:01.804  2961  3044 D com.xiaomi.tv.gallery.download.GalleryDownloadManager: no server ip
08-12 13:31:01.808  2961  3044 D com.xiaomi.tv.gallery.download.GalleryDownloadManager: no server ip
08-12 13:31:01.813  2961  3044 D com.xiaomi.tv.gallery.download.GalleryDownloadManager: no server ip
08-12 13:31:01.817  2961  3044 D com.xiaomi.tv.gallery.download.GalleryDownloadManager: no server ip
08-12 13:31:01.820  2961  3044 D com.xiaomi.tv.gallery.download.GalleryDownloadManager: no server ip
08-12 13:31:01.825  2961  3044 D com.xiaomi.tv.gallery.download.GalleryDownloadManager: no server ip
08-12 13:31:01.828  2961  3044 D com.xiaomi.tv.gallery.download.GalleryDownloadManager: no server ip
08-12 13:31:01.832  2961  3044 D com.xiaomi.tv.gallery.download.GalleryDownloadManager: no server ip
08-12 13:31:01.836  2961  3044 D com.xiaomi.tv.gallery.download.GalleryDownloadManager: no server ip
08-12 13:31:01.841  2961  3044 D com.xiaomi.tv.gallery.download.GalleryDownloadManager: no server ip
08-12 13:31:01.844  2961  3044 D com.xiaomi.tv.gallery.download.GalleryDownloadManager: no server ip
08-12 13:31:01.848  2961  3044 D com.xiaomi.tv.gallery.download.GalleryDownloadManager: no server ip
08-12 13:31:01.852  2961  3044 D com.xiaomi.tv.gallery.download.GalleryDownloadManager: no server ip
08-12 13:31:01.856  2961  3044 D com.xiaomi.tv.gallery.download.GalleryDownloadManager: no server ip
08-12 13:31:01.861  2961  3044 D com.xiaomi.tv.gallery.download.GalleryDownloadManager: no server ip
08-12 13:31:01.866  2961  3044 D com.xiaomi.tv.gallery.download.GalleryDownloadManager: no server ip
08-12 13:31:01.870  2961  3044 D com.xiaomi.tv.gallery.download.GalleryDownloadManager: no server ip
08-12 13:31:01.874  2961  3044 D com.xiaomi.tv.gallery.download.GalleryDownloadManager: no server ip
08-12 13:31:01.877  2961  3044 D com.xiaomi.tv.gallery.download.GalleryDownloadManager: no server ip
08-12 13:31:01.881  2961  3044 D com.xiaomi.tv.gallery.download.GalleryDownloadManager: no server ip
08-12 13:31:01.884  2961  3044 D com.xiaomi.tv.gallery.download.GalleryDownloadManager: no server ip
08-12 13:31:01.888  2961  3044 D com.xiaomi.tv.gallery.download.GalleryDownloadManager: no server ip
08-12 13:31:01.892  2961  3044 D com.xiaomi.tv.gallery.download.GalleryDownloadManager: no server ip
08-12 13:31:01.896  2961  3044 D com.xiaomi.tv.gallery.download.GalleryDownloadManager: no server ip
08-12 13:31:01.899  2961  3044 D com.xiaomi.tv.gallery.download.GalleryDownloadManager: no server ip
08-12 13:31:01.903  2961  3044 D com.xiaomi.tv.gallery.download.GalleryDownloadManager: no server ip
08-12 13:31:01.907  2961  3044 D com.xiaomi.tv.gallery.download.GalleryDownloadManager: no server ip
08-12 13:31:01.910  2961  3044 D com.xiaomi.tv.gallery.download.GalleryDownloadManager: no server ip
08-12 13:31:01.914  2961  3044 D com.xiaomi.tv.gallery.download.GalleryDownloadManager: no server ip
08-12 13:31:01.919  2961  3044 D com.xiaomi.tv.gallery.download.GalleryDownloadManager: no server ip
08-12 13:31:01.923  2961  3044 D com.xiaomi.tv.gallery.download.GalleryDownloadManager: no server ip
08-12 13:31:01.927  2961  3044 D com.xiaomi.tv.gallery.download.GalleryDownloadManager: no server ip
08-12 13:31:01.931  2961  3044 D com.xiaomi.tv.gallery.download.GalleryDownloadManager: no server ip
08-12 13:31:01.934  2961  3044 D com.xiaomi.tv.gallery.download.GalleryDownloadManager: no server ip
08-12 13:31:01.938  2961  3044 D com.xiaomi.tv.gallery.download.GalleryDownloadManager: no server ip
08-12 13:31:01.942  2961  3044 D com.xiaomi.tv.gallery.download.GalleryDownloadManager: no server ip
08-12 13:31:01.946  2961  3044 D com.xiaomi.tv.gallery.download.GalleryDownloadManager: no server ip
08-12 13:31:01.950  2961  3044 D com.xiaomi.tv.gallery.download.GalleryDownloadManager: no server ip
08-12 13:31:01.964  2961  3044 D com.xiaomi.tv.gallery.download.GalleryDownloadManager: no server ip
08-12 13:31:01.967  2961  3044 D com.xiaomi.tv.gallery.download.GalleryDownloadManager: no server ip
08-12 13:31:01.971  2961  3044 D com.xiaomi.tv.gallery.download.GalleryDownloadManager: no server ip
08-12 13:31:01.975  2961  3044 D com.xiaomi.tv.gallery.download.GalleryDownloadManager: no server ip
08-12 13:31:01.979  2961  3044 D com.xiaomi.tv.gallery.download.GalleryDownloadManager: no server ip
08-12 13:31:01.983  2961  3044 D com.xiaomi.tv.gallery.download.GalleryDownloadManager: no server ip
08-12 13:31:01.988  2961  3044 D com.xiaomi.tv.gallery.download.GalleryDownloadManager: no server ip
08-12 13:31:01.991  2961  3044 D com.xiaomi.tv.gallery.download.GalleryDownloadManager: no server ip
08-12 13:31:01.995  2961  3044 D com.xiaomi.tv.gallery.download.GalleryDownloadManager: no server ip
08-12 13:31:01.999  2961  3044 D com.xiaomi.tv.gallery.download.GalleryDownloadManager: no server ip
08-12 13:31:02.003  2961  3044 D com.xiaomi.tv.gallery.download.GalleryDownloadManager: no server ip
08-12 13:31:02.006  2961  3044 D com.xiaomi.tv.gallery.download.GalleryDownloadManager: no server ip
08-12 13:31:02.010  2961  3044 D com.xiaomi.tv.gallery.download.GalleryDownloadManager: no server ip
08-12 13:31:02.014  2961  3044 D com.xiaomi.tv.gallery.download.GalleryDownloadManager: no server ip
08-12 13:31:02.017  2961  3044 D com.xiaomi.tv.gallery.download.GalleryDownloadManager: no server ip
08-12 13:31:02.021  2961  3044 D com.xiaomi.tv.gallery.download.GalleryDownloadManager: no server ip
08-12 13:31:02.024  2961  3044 D com.xiaomi.tv.gallery.download.GalleryDownloadManager: no server ip
08-12 13:31:02.028  2961  3044 D com.xiaomi.tv.gallery.download.GalleryDownloadManager: no server ip
08-12 13:31:02.033  2961  3044 D com.xiaomi.tv.gallery.download.GalleryDownloadManager: no server ip
08-12 13:31:02.037  2961  3044 D com.xiaomi.tv.gallery.download.GalleryDownloadManager: no server ip
08-12 13:31:02.042  2961  3044 D com.xiaomi.tv.gallery.download.GalleryDownloadManager: no server ip
08-12 13:31:02.046  2961  3044 D com.xiaomi.tv.gallery.download.GalleryDownloadManager: no server ip
08-12 13:31:02.050  2961  3044 D com.xiaomi.tv.gallery.download.GalleryDownloadManager: no server ip
08-12 13:31:02.054  2961  3044 D com.xiaomi.tv.gallery.download.GalleryDownloadManager: no server ip
08-12 13:31:02.058  2961  3044 D com.xiaomi.tv.gallery.download.GalleryDownloadManager: no server ip
08-12 13:31:02.062  2961  3044 D com.xiaomi.tv.gallery.download.GalleryDownloadManager: no server ip
08-12 13:31:02.065  2961  3044 D com.xiaomi.tv.gallery.download.GalleryDownloadManager: no server ip
08-12 13:31:02.069  2961  3044 D com.xiaomi.tv.gallery.download.GalleryDownloadManager: no server ip
08-12 13:31:02.074  2961  3044 D com.xiaomi.tv.gallery.download.GalleryDownloadManager: no server ip
08-12 13:31:02.077  2961  3044 D com.xiaomi.tv.gallery.download.GalleryDownloadManager: no server ip
08-12 13:31:02.081  2961  3044 D com.xiaomi.tv.gallery.download.GalleryDownloadManager: no server ip
08-12 13:31:02.084  2961  3044 D com.xiaomi.tv.gallery.download.GalleryDownloadManager: no server ip
08-12 13:31:02.088  2961  3044 D com.xiaomi.tv.gallery.download.GalleryDownloadManager: no server ip
08-12 13:31:02.094  2961  3044 D com.xiaomi.tv.gallery.download.GalleryDownloadManager: no server ip
08-12 13:31:02.098  2961  3044 D com.xiaomi.tv.gallery.download.GalleryDownloadManager: no server ip
08-12 13:31:02.102  2961  3044 D com.xiaomi.tv.gallery.download.GalleryDownloadManager: no server ip
08-12 13:31:02.106  2961  3044 D com.xiaomi.tv.gallery.download.GalleryDownloadManager: no server ip
08-12 13:31:02.109  2961  3044 D com.xiaomi.tv.gallery.download.GalleryDownloadManager: no server ip
08-12 13:31:02.113  2961  3044 D com.xiaomi.tv.gallery.download.GalleryDownloadManager: no server ip
08-12 13:31:02.117  2961  3044 D com.xiaomi.tv.gallery.download.GalleryDownloadManager: no server ip
08-12 13:31:02.121  2961  3044 D com.xiaomi.tv.gallery.download.GalleryDownloadManager: no server ip
08-12 13:31:02.124  2961  3044 D com.xiaomi.tv.gallery.download.GalleryDownloadManager: no server ip
08-12 13:31:02.128  2961  3044 D com.xiaomi.tv.gallery.download.GalleryDownloadManager: no server ip
08-12 13:31:02.131  2961  3044 D com.xiaomi.tv.gallery.download.GalleryDownloadManager: no server ip
08-12 13:31:02.136  2961  3044 D com.xiaomi.tv.gallery.download.GalleryDownloadManager: no server ip
08-12 13:31:02.137     0     0 I Kernel  : <4>[  490.980838] portstatus:0x1 portchange:0x1
08-12 13:31:02.144  2961  3044 D com.xiaomi.tv.gallery.download.GalleryDownloadManager: no server ip
08-12 13:31:02.148  2961  3044 D com.xiaomi.tv.gallery.download.GalleryDownloadManager: no server ip
08-12 13:31:02.153  2961  3044 D com.xiaomi.tv.gallery.download.GalleryDownloadManager: no server ip
08-12 13:31:02.157  2961  3044 D com.xiaomi.tv.gallery.download.GalleryDownloadManager: no server ip
08-12 13:31:02.161  2961  3044 D com.xiaomi.tv.gallery.download.GalleryDownloadManager: no server ip
08-12 13:31:02.165  2961  3044 D com.xiaomi.tv.gallery.download.GalleryDownloadManager: no server ip
08-12 13:31:02.169  2961  3044 D com.xiaomi.tv.gallery.download.GalleryDownloadManager: no server ip
08-12 13:31:02.173  2961  3044 D com.xiaomi.tv.gallery.download.GalleryDownloadManager: no server ip
08-12 13:31:02.176  2961  3044 D com.xiaomi.tv.gallery.download.GalleryDownloadManager: no server ip
08-12 13:31:02.180  2961  3044 D com.xiaomi.tv.gallery.download.GalleryDownloadManager: no server ip
08-12 13:31:02.183  2961  3044 D com.xiaomi.tv.gallery.download.GalleryDownloadManager: no server ip
08-12 13:31:02.186  2961  3044 D com.xiaomi.tv.gallery.download.GalleryDownloadManager: no server ip
08-12 13:31:02.190  2961  3044 D com.xiaomi.tv.gallery.download.GalleryDownloadManager: no server ip
08-12 13:31:02.194  2961  3044 D com.xiaomi.tv.gallery.download.GalleryDownloadManager: no server ip
08-12 13:31:02.198  2961  3044 D com.xiaomi.tv.gallery.download.GalleryDownloadManager: no server ip
08-12 13:31:02.203  2961  3044 D com.xiaomi.tv.gallery.download.GalleryDownloadManager: no server ip
08-12 13:31:02.207  2961  3044 D com.xiaomi.tv.gallery.download.GalleryDownloadManager: no server ip
08-12 13:31:02.210  2961  3044 D com.xiaomi.tv.gallery.download.GalleryDownloadManager: no server ip
08-12 13:31:02.214  2961  3044 D com.xiaomi.tv.gallery.download.GalleryDownloadManager: no server ip
08-12 13:31:02.218  2961  3044 D com.xiaomi.tv.gallery.download.GalleryDownloadManager: no server ip
08-12 13:31:02.221  2961  3044 D com.xiaomi.tv.gallery.download.GalleryDownloadManager: no server ip
08-12 13:31:02.225  2961  3044 D com.xiaomi.tv.gallery.download.GalleryDownloadManager: no server ip
08-12 13:31:02.229  2961  3044 D com.xiaomi.tv.gallery.download.GalleryDownloadManager: no server ip
08-12 13:31:02.232  2961  3044 D com.xiaomi.tv.gallery.download.GalleryDownloadManager: no server ip
08-12 13:31:02.236  2961  3044 D com.xiaomi.tv.gallery.download.GalleryDownloadManager: no server ip
08-12 13:31:02.240  2961  3044 D com.xiaomi.tv.gallery.download.GalleryDownloadManager: no server ip
08-12 13:31:02.243  2961  3044 D com.xiaomi.tv.gallery.download.GalleryDownloadManager: no server ip
08-12 13:31:02.247  2961  3044 D com.xiaomi.tv.gallery.download.GalleryDownloadManager: no server ip
08-12 13:31:02.252  2961  3044 D com.xiaomi.tv.gallery.download.GalleryDownloadManager: no server ip
08-12 13:31:02.256  2961  3044 D com.xiaomi.tv.gallery.download.GalleryDownloadManager: no server ip
08-12 13:31:02.257     0     0 I Kernel  : <4>[  491.100847] ==20150116==> hub_port_init 1 #0
08-12 13:31:02.257     0     0 I Kernel  : <4>[  491.100859] Plug in USB Port5
08-12 13:31:02.257     0     0 I Kernel  : <4>[  491.100864] utmi on
08-12 13:31:02.259  2961  3044 D com.xiaomi.tv.gallery.download.GalleryDownloadManager: no server ip
08-12 13:31:02.263  2961  3044 D com.xiaomi.tv.gallery.download.GalleryDownloadManager: no server ip
08-12 13:31:02.267  2961  3044 D com.xiaomi.tv.gallery.download.GalleryDownloadManager: no server ip
08-12 13:31:02.270  2961  3044 D com.xiaomi.tv.gallery.download.GalleryDownloadManager: no server ip
08-12 13:31:02.274  2961  3044 D com.xiaomi.tv.gallery.download.GalleryDownloadManager: no server ip
08-12 13:31:02.278  2961  3044 D com.xiaomi.tv.gallery.download.GalleryDownloadManager: no server ip
08-12 13:31:02.281  2961  3044 D com.xiaomi.tv.gallery.download.GalleryDownloadManager: no server ip
08-12 13:31:02.285  2961  3044 D com.xiaomi.tv.gallery.download.GalleryDownloadManager: no server ip
08-12 13:31:02.289  2961  3044 D com.xiaomi.tv.gallery.download.GalleryDownloadManager: no server ip
08-12 13:31:02.293  2961  3044 D com.xiaomi.tv.gallery.download.GalleryDownloadManager: no server ip
08-12 13:31:02.298  2961  3044 D com.xiaomi.tv.gallery.download.GalleryDownloadManager: no server ip
08-12 13:31:02.302  2961  3044 D com.xiaomi.tv.gallery.download.GalleryDownloadManager: no server ip
08-12 13:31:02.306  2961  3044 D com.xiaomi.tv.gallery.download.GalleryDownloadManager: no server ip
08-12 13:31:02.309  2961  3044 D com.xiaomi.tv.gallery.download.GalleryDownloadManager: no server ip
08-12 13:31:02.313  2961  3044 D com.xiaomi.tv.gallery.download.GalleryDownloadManager: no server ip
08-12 13:31:02.317  2961  3044 D com.xiaomi.tv.gallery.download.GalleryDownloadManager: no server ip
08-12 13:31:02.320  2961  3044 D com.xiaomi.tv.gallery.download.GalleryDownloadManager: no server ip
08-12 13:31:02.324  2961  3044 D com.xiaomi.tv.gallery.download.GalleryDownloadManager: no server ip
08-12 13:31:02.328  2961  3044 D com.xiaomi.tv.gallery.download.GalleryDownloadManager: no server ip
08-12 13:31:02.331  2961  3044 D com.xiaomi.tv.gallery.download.GalleryDownloadManager: no server ip
08-12 13:31:02.335  2961  3044 D com.xiaomi.tv.gallery.download.GalleryDownloadManager: no server ip
08-12 13:31:02.336     0     0 I Kernel  : <4>[  491.181085] [USB fd2a6200], portstatus: 0x403, portchange: 0x10
08-12 13:31:02.338  2961  3044 D com.xiaomi.tv.gallery.download.GalleryDownloadManager: no server ip
08-12 13:31:02.344  2961  3044 D com.xiaomi.tv.gallery.download.GalleryDownloadManager: no server ip
08-12 13:31:02.348  2961  3044 D com.xiaomi.tv.gallery.download.GalleryDownloadManager: no server ip
08-12 13:31:02.352  2961  3044 D com.xiaomi.tv.gallery.download.GalleryDownloadManager: no server ip
08-12 13:31:02.356  2961  3044 D com.xiaomi.tv.gallery.download.GalleryDownloadManager: no server ip
08-12 13:31:02.360  2961  3044 D com.xiaomi.tv.gallery.download.GalleryDownloadManager: no server ip
08-12 13:31:02.364  2961  3044 D com.xiaomi.tv.gallery.download.GalleryDownloadManager: no server ip
08-12 13:31:02.368  2961  3044 D com.xiaomi.tv.gallery.download.GalleryDownloadManager: no server ip
08-12 13:31:02.371  2961  3044 D com.xiaomi.tv.gallery.download.GalleryDownloadManager: no server ip
08-12 13:31:02.375  2961  3044 D com.xiaomi.tv.gallery.download.GalleryDownloadManager: no server ip
08-12 13:31:02.378  2961  3044 D com.xiaomi.tv.gallery.download.GalleryDownloadManager: no server ip
08-12 13:31:02.382  2961  3044 D com.xiaomi.tv.gallery.download.GalleryDownloadManager: no server ip
08-12 13:31:02.386  2961  3044 D com.xiaomi.tv.gallery.download.GalleryDownloadManager: no server ip
08-12 13:31:02.393  2961  3044 D com.xiaomi.tv.gallery.download.GalleryDownloadManager: no server ip
08-12 13:31:02.396  2961  3044 D com.xiaomi.tv.gallery.download.GalleryDownloadManager: no server ip
08-12 13:31:02.400  2961  3044 D com.xiaomi.tv.gallery.download.GalleryDownloadManager: no server ip
08-12 13:31:02.403     0     0 I Kernel  : <7>[  491.247324] current logd.writer(139) kill task Thread-87(2217) signal 0
08-12 13:31:02.404  2961  3044 D com.xiaomi.tv.gallery.download.GalleryDownloadManager: no server ip
08-12 13:31:02.408  2961  3044 D com.xiaomi.tv.gallery.download.GalleryDownloadManager: no server ip
08-12 13:31:02.412  2961  3044 D com.xiaomi.tv.gallery.download.GalleryDownloadManager: no server ip
08-12 13:31:02.416  2961  3044 D com.xiaomi.tv.gallery.download.GalleryDownloadManager: no server ip
08-12 13:31:02.417     0     0 I Kernel  : <6>[  491.260840] usb 5-1: new high-speed USB device number 27 using Mstar-ehci-5
08-12 13:31:02.419  2961  3044 D com.xiaomi.tv.gallery.download.GalleryDownloadManager: no server ip
08-12 13:31:02.424  2961  3044 D com.xiaomi.tv.gallery.download.GalleryDownloadManager: no server ip
08-12 13:31:02.427  2961  3044 D com.xiaomi.tv.gallery.download.GalleryDownloadManager: no server ip
08-12 13:31:02.431  2961  3044 D com.xiaomi.tv.gallery.download.GalleryDownloadManager: no server ip
08-12 13:31:02.435  2961  3044 D com.xiaomi.tv.gallery.download.GalleryDownloadManager: no server ip
08-12 13:31:02.441  2961  3044 D com.xiaomi.tv.gallery.download.GalleryDownloadManager: no server ip
08-12 13:31:02.445  2961  3044 D com.xiaomi.tv.gallery.download.GalleryDownloadManager: no server ip
08-12 13:31:02.448  2961  3044 D com.xiaomi.tv.gallery.download.GalleryDownloadManager: no server ip
08-12 13:31:02.452  2961  3044 D com.xiaomi.tv.gallery.download.GalleryDownloadManager: no server ip
08-12 13:31:02.456  2961  3044 D com.xiaomi.tv.gallery.download.GalleryDownloadManager: no server ip
08-12 13:31:02.460  2961  3044 D com.xiaomi.tv.gallery.download.GalleryDownloadManager: no server ip
08-12 13:31:02.464  2961  3044 D com.xiaomi.tv.gallery.download.GalleryDownloadManager: no server ip
08-12 13:31:02.467  2961  3044 D com.xiaomi.tv.gallery.download.GalleryDownloadManager: no server ip
08-12 13:31:02.471  2961  3044 D com.xiaomi.tv.gallery.download.GalleryDownloadManager: no server ip
08-12 13:31:02.476  2961  3044 D com.xiaomi.tv.gallery.download.GalleryDownloadManager: no server ip
08-12 13:31:02.480  2961  3044 D com.xiaomi.tv.gallery.download.GalleryDownloadManager: no server ip
08-12 13:31:02.485  2961  3044 D com.xiaomi.tv.gallery.download.GalleryDownloadManager: no server ip
08-12 13:31:02.488  2961  3044 D com.xiaomi.tv.gallery.download.GalleryDownloadManager: no server ip
08-12 13:31:02.492  2961  3044 D com.xiaomi.tv.gallery.download.GalleryDownloadManager: no server ip
08-12 13:31:02.497  2961  3044 D com.xiaomi.tv.gallery.download.GalleryDownloadManager: no server ip
08-12 13:31:02.500  2961  3044 D com.xiaomi.tv.gallery.download.GalleryDownloadManager: no server ip
08-12 13:31:02.501   126   126 I tvos    : [37m[INFO] Change to Voltage: 125 mv (0x17)[m
08-12 13:31:02.503  1550  1689 I clientsdk: tid 1689, httpget http://www.baidu.com:80
08-12 13:31:02.505  2961  3044 D com.xiaomi.tv.gallery.download.GalleryDownloadManager: no server ip
08-12 13:31:02.506     0     0 I Kernel  : <12>[  491.350991] type=1400 audit(1439357462.504:3087): avc: granted { write } for pid=1689 comm="Thread-87" name="CookiesFile" dev="mmcblk0p22" ino=873 scontext=u:r:system_app:s0 tcontext=u:object_r:system_data_file:s0 tclass=file
08-12 13:31:02.506  1550  1689 I clientsdk: tid 1689, HttpGet, status code = 0
08-12 13:31:02.508     0     0 I Kernel  : <12>[  491.353366] type=1400 audit(1439357462.504:3088): avc: granted { write } for pid=1689 comm="Thread-87" path="/data/duokancache/CookiesFile" dev="mmcblk0p22" ino=873 scontext=u:r:system_app:s0 tcontext=u:object_r:system_data_file:s0 tclass=file
08-12 13:31:02.506  1550  1689 I clientsdk: tid 1689, HttpGet curl_easy_perform result 6
08-12 13:31:02.509     0     0 I Kernel  : <12>[  491.353494] type=1400 audit(1439357462.504:3089): avc: granted { write } for pid=1689 comm="Thread-87" name="CookiesFile" dev="mmcblk0p22" ino=873 scontext=u:r:system_app:s0 tcontext=u:object_r:system_data_file:s0 tclass=file
08-12 13:31:02.509     0     0 I Kernel  : <12>[  491.353591] type=1400 audit(1439357462.504:3090): avc: granted { write } for pid=1689 comm="Thread-87" name="CookiesFile" dev="mmcblk0p22" ino=873 scontext=u:r:system_app:s0 tcontext=u:object_r:system_data_file:s0 tclass=file
08-12 13:31:02.506  1550  1689 I duokantv: tid 1689, DuoKanUtility::checkHostReachability -- ret of HttpGet = -1006
08-12 13:31:02.506  1550  1689 I duokantv: tid 1689, DuoKanUtility::checkHostReachability -- HttpGet: not reachable
08-12 13:31:02.506  1550  1689 I duokantv: tid 1689, DKAppDelegate::setupServerConnection, no userID
08-12 13:31:02.506  1550  1689 I duokantv: tid 1689, DataStore: Token, Enter loadToken2
08-12 13:31:02.504  1689  1689 W Thread-87: type=1400 audit(0.0:3087): avc: granted { write } for name="CookiesFile" dev="mmcblk0p22" ino=873 scontext=u:r:system_app:s0 tcontext=u:object_r:system_data_file:s0 tclass=file
08-12 13:31:02.504  1689  1689 I auditd  : type=1400 audit(0.0:3088): avc: granted { write } for comm="Thread-87" path="/data/duokancache/CookiesFile" dev="mmcblk0p22" ino=873 scontext=u:r:system_app:s0 tcontext=u:object_r:system_data_file:s0 tclass=file
08-12 13:31:02.510     0     0 I Kernel  : <12>[  491.355272] type=1400 audit(1439357462.504:3091): avc: granted { write } for pid=1689 comm="Thread-87" path="/data/duokancache/CookiesFile" dev="mmcblk0p22" ino=873 scontext=u:r:system_app:s0 tcontext=u:object_r:system_data_file:s0 tclass=file
08-12 13:31:02.504  1689  1689 W Thread-87: type=1400 audit(0.0:3088): avc: granted { write } for path="/data/duokancache/CookiesFile" dev="mmcblk0p22" ino=873 scontext=u:r:system_app:s0 tcontext=u:object_r:system_data_file:s0 tclass=file
08-12 13:31:02.507  1550  1689 I duokantv: tid 1689, DataStore: Token, key 5fcb31f300324bcbb8c3cac60d6d4184
08-12 13:31:02.510     0     0 I Kernel  : <12>[  491.355423] type=1400 audit(1439357462.504:3092): avc: granted { write } for pid=1689 comm="Thread-87" name="CookiesFile" dev="mmcblk0p22" ino=873 scontext=u:r:system_app:s0 tcontext=u:object_r:system_data_file:s0 tclass=file
08-12 13:31:02.507  1550  1689 I duokantv: tid 1689, DataStore: Token, token cc5bf5545b674d1e9e2bd0add857ccc0
08-12 13:31:02.504  1689  1689 I auditd  : type=1400 audit(0.0:3089): avc: granted { write } for comm="Thread-87" name="CookiesFile" dev="mmcblk0p22" ino=873 scontext=u:r:system_app:s0 tcontext=u:object_r:system_data_file:s0 tclass=file
08-12 13:31:02.507  1550  1689 I duokantv: tid 1689, DKAppDelegate:setupServerConnection -- about to login to server
08-12 13:31:02.504  1689  1689 W Thread-87: type=1400 audit(0.0:3089): avc: granted { write } for name="CookiesFile" dev="mmcblk0p22" ino=873 scontext=u:r:system_app:s0 tcontext=u:object_r:system_data_file:s0 tclass=file
08-12 13:31:02.507  1550  1689 I clientsdk: tid 1689, httppost http://122.49.38.6/tvservice/login?vc=0&ac=0&ic=0&deviceid=5b11bace3b21548f71a273121cfa15a6&apiver=1.8&ver=5.0.1.1213&codever=15&ptf=605&ts=1439357462&nonce=162070813&language=zh_CN&feature=15&opaque=2a5cc2fba096b49a13022d744ba7f8ff8d3f783e
08-12 13:31:02.509  1550  1689 I clientsdk: tid 1689, HttpPost, status code = 0
08-12 13:31:02.512     0     0 I Kernel  : <12>[  491.356260] type=1400 audit(1439357462.509:3093): avc: granted { write } for pid=1689 comm="Thread-87" name="CookiesFile" dev="mmcblk0p22" ino=873 scontext=u:r:system_app:s0 tcontext=u:object_r:system_data_file:s0 tclass=file
08-12 13:31:02.509  1550  1689 I clientsdk: tid 1689, HttpGet curl_easy_perform result 7
08-12 13:31:02.512     0     0 I Kernel  : <12>[  491.357046] type=1400 audit(1439357462.509:3094): avc: granted { write } for pid=1689 comm="Thread-87" path="/data/duokancache/CookiesFile" dev="mmcblk0p22" ino=873 scontext=u:r:system_app:s0 tcontext=u:object_r:system_data_file:s0 tclass=file
08-12 13:31:02.509  1550  1689 I clientsdk: tid 1689, httppost http://122.49.38.6/tvservice/login?vc=0&ac=0&ic=0&deviceid=5b11bace3b21548f71a273121cfa15a6&apiver=1.8&ver=5.0.1.1213&codever=15&ptf=605&ts=1439357462&nonce=162070813&language=zh_CN&feature=15&opaque=2a5cc2fba096b49a13022d744ba7f8ff8d3f783e
08-12 13:31:02.512     0     0 I Kernel  : <12>[  491.357166] type=1400 audit(1439357462.509:3095): avc: granted { write } for pid=1689 comm="Thread-87" name="CookiesFile" dev="mmcblk0p22" ino=873 scontext=u:r:system_app:s0 tcontext=u:object_r:system_data_file:s0 tclass=file
08-12 13:31:02.504  1689  1689 I auditd  : type=1400 audit(0.0:3090): avc: granted { write } for comm="Thread-87" name="CookiesFile" dev="mmcblk0p22" ino=873 scontext=u:r:system_app:s0 tcontext=u:object_r:system_data_file:s0 tclass=file
08-12 13:31:02.504  1689  1689 W Thread-87: type=1400 audit(0.0:3090): avc: granted { write } for name="CookiesFile" dev="mmcblk0p22" ino=873 scontext=u:r:system_app:s0 tcontext=u:object_r:system_data_file:s0 tclass=file
08-12 13:31:02.504  1689  1689 I auditd  : type=1400 audit(0.0:3091): avc: granted { write } for comm="Thread-87" path="/data/duokancache/CookiesFile" dev="mmcblk0p22" ino=873 scontext=u:r:system_app:s0 tcontext=u:object_r:system_data_file:s0 tclass=file
08-12 13:31:02.504  1689  1689 W Thread-87: type=1400 audit(0.0:3091): avc: granted { write } for path="/data/duokancache/CookiesFile" dev="mmcblk0p22" ino=873 scontext=u:r:system_app:s0 tcontext=u:object_r:system_data_file:s0 tclass=file
08-12 13:31:02.504  1689  1689 I auditd  : type=1400 audit(0.0:3092): avc: granted { write } for comm="Thread-87" name="CookiesFile" dev="mmcblk0p22" ino=873 scontext=u:r:system_app:s0 tcontext=u:object_r:system_data_file:s0 tclass=file
08-12 13:31:02.504  1689  1689 W Thread-87: type=1400 audit(0.0:3092): avc: granted { write } for name="CookiesFile" dev="mmcblk0p22" ino=873 scontext=u:r:system_app:s0 tcontext=u:object_r:system_data_file:s0 tclass=file
08-12 13:31:02.509  1689  1689 I auditd  : type=1400 audit(0.0:3093): avc: granted { write } for comm="Thread-87" name="CookiesFile" dev="mmcblk0p22" ino=873 scontext=u:r:system_app:s0 tcontext=u:object_r:system_data_file:s0 tclass=file
08-12 13:31:02.513     0     0 I Kernel  : <12>[  491.358227] type=1400 audit(1439357462.509:3096): avc: granted { write } for pid=1689 comm="Thread-87" name="CookiesFile" dev="mmcblk0p22" ino=873 scontext=u:r:system_app:s0 tcontext=u:object_r:system_data_file:s0 tclass=file
08-12 13:31:02.509  1689  1689 W Thread-87: type=1400 audit(0.0:3093): avc: granted { write } for name="CookiesFile" dev="mmcblk0p22" ino=873 scontext=u:r:system_app:s0 tcontext=u:object_r:system_data_file:s0 tclass=file
08-12 13:31:02.513     0     0 I Kernel  : <12>[  491.358801] type=1400 audit(1439357462.509:3097): avc: granted { write } for pid=1689 comm="Thread-87" path="/data/duokancache/CookiesFile" dev="mmcblk0p22" ino=873 scontext=u:r:system_app:s0 tcontext=u:object_r:system_data_file:s0 tclass=file
08-12 13:31:02.510  2961  3044 D com.xiaomi.tv.gallery.download.GalleryDownloadManager: no server ip
08-12 13:31:02.511  1550  1689 I clientsdk: tid 1689, HttpPost, status code = 0
08-12 13:31:02.513     0     0 I Kernel  : <12>[  491.358930] type=1400 audit(1439357462.509:3098): avc: granted { write } for pid=1689 comm="Thread-87" name="CookiesFile" dev="mmcblk0p22" ino=873 scontext=u:r:system_app:s0 tcontext=u:object_r:system_data_file:s0 tclass=file
08-12 13:31:02.511  1550  1689 I clientsdk: tid 1689, HttpGet curl_easy_perform result 7
08-12 13:31:02.512  1550  1689 I clientsdk: tid 1689, httppost http://122.49.38.6/tvservice/login?vc=0&ac=0&ic=0&deviceid=5b11bace3b21548f71a273121cfa15a6&apiver=1.8&ver=5.0.1.1213&codever=15&ptf=605&ts=1439357462&nonce=162070813&language=zh_CN&feature=15&opaque=2a5cc2fba096b49a13022d744ba7f8ff8d3f783e
08-12 13:31:02.509  1689  1689 I auditd  : type=1400 audit(0.0:3094): avc: granted { write } for comm="Thread-87" path="/data/duokancache/CookiesFile" dev="mmcblk0p22" ino=873 scontext=u:r:system_app:s0 tcontext=u:object_r:system_data_file:s0 tclass=file
08-12 13:31:02.509  1689  1689 W Thread-87: type=1400 audit(0.0:3094): avc: granted { write } for path="/data/duokancache/CookiesFile" dev="mmcblk0p22" ino=873 scontext=u:r:system_app:s0 tcontext=u:object_r:system_data_file:s0 tclass=file
08-12 13:31:02.509  1689  1689 I auditd  : type=1400 audit(0.0:3095): avc: granted { write } for comm="Thread-87" name="CookiesFile" dev="mmcblk0p22" ino=873 scontext=u:r:system_app:s0 tcontext=u:object_r:system_data_file:s0 tclass=file
08-12 13:31:02.509  1689  1689 W Thread-87: type=1400 audit(0.0:3095): avc: granted { write } for name="CookiesFile" dev="mmcblk0p22" ino=873 scontext=u:r:system_app:s0 tcontext=u:object_r:system_data_file:s0 tclass=file
08-12 13:31:02.509  1689  1689 I auditd  : type=1400 audit(0.0:3096): avc: granted { write } for comm="Thread-87" name="CookiesFile" dev="mmcblk0p22" ino=873 scontext=u:r:system_app:s0 tcontext=u:object_r:system_data_file:s0 tclass=file
08-12 13:31:02.509  1689  1689 W Thread-87: type=1400 audit(0.0:3096): avc: granted { write } for name="CookiesFile" dev="mmcblk0p22" ino=873 scontext=u:r:system_app:s0 tcontext=u:object_r:system_data_file:s0 tclass=file
08-12 13:31:02.509  1689  1689 I auditd  : type=1400 audit(0.0:3097): avc: granted { write } for comm="Thread-87" path="/data/duokancache/CookiesFile" dev="mmcblk0p22" ino=873 scontext=u:r:system_app:s0 tcontext=u:object_r:system_data_file:s0 tclass=file
08-12 13:31:02.509  1689  1689 W Thread-87: type=1400 audit(0.0:3097): avc: granted { write } for path="/data/duokancache/CookiesFile" dev="mmcblk0p22" ino=873 scontext=u:r:system_app:s0 tcontext=u:object_r:system_data_file:s0 tclass=file
08-12 13:31:02.509  1689  1689 I auditd  : type=1400 audit(0.0:3098): avc: granted { write } for comm="Thread-87" name="CookiesFile" dev="mmcblk0p22" ino=873 scontext=u:r:system_app:s0 tcontext=u:object_r:system_data_file:s0 tclass=file
08-12 13:31:02.509  1689  1689 W Thread-87: type=1400 audit(0.0:3098): avc: granted { write } for name="CookiesFile" dev="mmcblk0p22" ino=873 scontext=u:r:system_app:s0 tcontext=u:object_r:system_data_file:s0 tclass=file
08-12 13:31:02.513  1550  1689 I clientsdk: tid 1689, HttpPost, status code = 0
08-12 13:31:02.513  1550  1689 I clientsdk: tid 1689, HttpGet curl_easy_perform result 7
08-12 13:31:02.513  1550  1689 I duokantv: tid 1689, DKAppDelegate:DK_UserLogin, result: -1
08-12 13:31:02.513  1550  1689 I duokantv: tid 1689, +++DKAppDelegate::hideAuthFailView: ../Classes/DKAppDelegate.cpp line: 3269
08-12 13:31:02.514  1550  1689 I duokantv: tid 1689, DKAppDelegate:setupServerConnection -- failed to login (-1)
08-12 13:31:02.516  2961  3044 D com.xiaomi.tv.gallery.download.GalleryDownloadManager: no server ip
08-12 13:31:02.519  2961  3044 D com.xiaomi.tv.gallery.download.GalleryDownloadManager: no server ip
08-12 13:31:02.522  2961  3044 D com.xiaomi.tv.gallery.download.GalleryDownloadManager: no server ip
08-12 13:31:02.527  2961  3044 D com.xiaomi.tv.gallery.download.GalleryDownloadManager: no server ip
08-12 13:31:02.530  2961  3044 D com.xiaomi.tv.gallery.download.GalleryDownloadManager: no server ip
08-12 13:31:02.533  2961  3044 D com.xiaomi.tv.gallery.download.GalleryDownloadManager: no server ip
08-12 13:31:02.537  2961  3044 D com.xiaomi.tv.gallery.download.GalleryDownloadManager: no server ip
08-12 13:31:02.541  2961  3044 D com.xiaomi.tv.gallery.download.GalleryDownloadManager: no server ip
08-12 13:31:02.544  2961  3044 D com.xiaomi.tv.gallery.download.GalleryDownloadManager: no server ip
08-12 13:31:02.547  2961  3044 D com.xiaomi.tv.gallery.download.GalleryDownloadManager: no server ip
08-12 13:31:02.550  2961  3044 D com.xiaomi.tv.gallery.download.GalleryDownloadManager: no server ip
08-12 13:31:02.553  2961  3044 D com.xiaomi.tv.gallery.download.GalleryDownloadManager: no server ip
08-12 13:31:02.556  2961  3044 D com.xiaomi.tv.gallery.download.GalleryDownloadManager: no server ip
08-12 13:31:02.560  2961  3044 D com.xiaomi.tv.gallery.download.GalleryDownloadManager: no server ip
08-12 13:31:02.564  2961  3044 D com.xiaomi.tv.gallery.download.GalleryDownloadManager: no server ip
08-12 13:31:02.567  2961  3044 D com.xiaomi.tv.gallery.download.GalleryDownloadManager: no server ip
