08-12 13:30:05.638  2961  3044 D com.xiaomi.tv.gallery.download.GalleryDownloadManager: no server ip
08-12 13:30:05.641  2961  3044 D com.xiaomi.tv.gallery.download.GalleryDownloadManager: no server ip
08-12 13:30:05.644  2961  3044 D com.xiaomi.tv.gallery.download.GalleryDownloadManager: no server ip
08-12 13:30:05.647  2961  3044 D com.xiaomi.tv.gallery.download.GalleryDownloadManager: no server ip
08-12 13:30:05.650  2961  3044 D com.xiaomi.tv.gallery.download.GalleryDownloadManager: no server ip
08-12 13:30:05.655  2961  3044 D com.xiaomi.tv.gallery.download.GalleryDownloadManager: no server ip
08-12 13:30:05.659  2961  3044 D com.xiaomi.tv.gallery.download.GalleryDownloadManager: no server ip
08-12 13:30:05.662  2961  3044 D com.xiaomi.tv.gallery.download.GalleryDownloadManager: no server ip
08-12 13:30:05.665  2961  3044 D com.xiaomi.tv.gallery.download.GalleryDownloadManager: no server ip
08-12 13:30:05.668  2961  3044 D com.xiaomi.tv.gallery.download.GalleryDownloadManager: no server ip
08-12 13:30:05.671  2961  3044 D com.xiaomi.tv.gallery.download.GalleryDownloadManager: no server ip
08-12 13:30:05.674  2961  3044 D com.xiaomi.tv.gallery.download.GalleryDownloadManager: no server ip
08-12 13:30:05.677  2961  3044 D com.xiaomi.tv.gallery.download.GalleryDownloadManager: no server ip
08-12 13:30:05.680  2961  3044 D com.xiaomi.tv.gallery.download.GalleryDownloadManager: no server ip
08-12 13:30:05.683  2961  3044 D com.xiaomi.tv.gallery.download.GalleryDownloadManager: no server ip
08-12 13:30:05.686  2961  3044 D com.xiaomi.tv.gallery.download.GalleryDownloadManager: no server ip
08-12 13:30:05.690  2961  3044 D com.xiaomi.tv.gallery.download.GalleryDownloadManager: no server ip
08-12 13:30:05.693  2961  3044 D com.xiaomi.tv.gallery.download.GalleryDownloadManager: no server ip
08-12 13:30:05.697  2961  3044 D com.xiaomi.tv.gallery.download.GalleryDownloadManager: no server ip
08-12 13:30:05.700  2961  3044 D com.xiaomi.tv.gallery.download.GalleryDownloadManager: no server ip
08-12 13:30:05.703  2961  3044 D com.xiaomi.tv.gallery.download.GalleryDownloadManager: no server ip
08-12 13:30:05.706  2961  3044 D com.xiaomi.tv.gallery.download.GalleryDownloadManager: no server ip
08-12 13:30:05.709  2961  3044 D com.xiaomi.tv.gallery.download.GalleryDownloadManager: no server ip
08-12 13:30:05.713  2961  3044 D com.xiaomi.tv.gallery.download.GalleryDownloadManager: no server ip
08-12 13:30:05.715  2961  3044 D com.xiaomi.tv.gallery.download.GalleryDownloadManager: no server ip
08-12 13:30:05.719  2961  3044 D com.xiaomi.tv.gallery.download.GalleryDownloadManager: no server ip
08-12 13:30:05.723  2961  3044 D com.xiaomi.tv.gallery.download.GalleryDownloadManager: no server ip
08-12 13:30:05.726  2961  3044 D com.xiaomi.tv.gallery.download.GalleryDownloadManager: no server ip
08-12 13:30:05.729  2961  3044 D com.xiaomi.tv.gallery.download.GalleryDownloadManager: no server ip
08-12 13:30:05.732  2961  3044 D com.xiaomi.tv.gallery.download.GalleryDownloadManager: no server ip
08-12 13:30:05.736  2961  3044 D com.xiaomi.tv.gallery.download.GalleryDownloadManager: no server ip
08-12 13:30:05.740  2961  3044 D com.xiaomi.tv.gallery.download.GalleryDownloadManager: no server ip
08-12 13:30:05.743  2961  3044 D com.xiaomi.tv.gallery.download.GalleryDownloadManager: no server ip
08-12 13:30:05.746  2961  3044 D com.xiaomi.tv.gallery.download.GalleryDownloadManager: no server ip
08-12 13:30:05.749  2961  3044 D com.xiaomi.tv.gallery.download.GalleryDownloadManager: no server ip
08-12 13:30:05.752  2961  3044 D com.xiaomi.tv.gallery.download.GalleryDownloadManager: no server ip
08-12 13:30:05.754  2961  3044 D com.xiaomi.tv.gallery.download.GalleryDownloadManager: no server ip
08-12 13:30:05.758  2961  3044 D com.xiaomi.tv.gallery.download.GalleryDownloadManager: no server ip
08-12 13:30:05.761  2961  3044 D com.xiaomi.tv.gallery.download.GalleryDownloadManager: no server ip
08-12 13:30:05.764  2961  3044 D com.xiaomi.tv.gallery.download.GalleryDownloadManager: no server ip
08-12 13:30:05.767  2961  3044 D com.xiaomi.tv.gallery.download.GalleryDownloadManager: no server ip
08-12 13:30:05.770  2961  3044 D com.xiaomi.tv.gallery.download.GalleryDownloadManager: no server ip
08-12 13:30:05.778  2961  3044 D com.xiaomi.tv.gallery.download.GalleryDownloadManager: no server ip
08-12 13:30:05.781  2961  3044 D com.xiaomi.tv.gallery.download.GalleryDownloadManager: no server ip
08-12 13:30:05.784  2961  3044 D com.xiaomi.tv.gallery.download.GalleryDownloadManager: no server ip
08-12 13:30:05.787  2961  3044 D com.xiaomi.tv.gallery.download.GalleryDownloadManager: no server ip
08-12 13:30:05.791  2961  3044 D com.xiaomi.tv.gallery.download.GalleryDownloadManager: no server ip
08-12 13:30:05.794  2961  3044 D com.xiaomi.tv.gallery.download.GalleryDownloadManager: no server ip
08-12 13:30:05.797  2961  3044 D com.xiaomi.tv.gallery.download.GalleryDownloadManager: no server ip
08-12 13:30:05.800  2961  3044 D com.xiaomi.tv.gallery.download.GalleryDownloadManager: no server ip
08-12 13:30:05.802  2961  3044 D com.xiaomi.tv.gallery.download.GalleryDownloadManager: no server ip
08-12 13:30:05.806  2961  3044 D com.xiaomi.tv.gallery.download.GalleryDownloadManager: no server ip
08-12 13:30:05.809  2961  3044 D com.xiaomi.tv.gallery.download.GalleryDownloadManager: no server ip
08-12 13:30:05.812  2961  3044 D com.xiaomi.tv.gallery.download.GalleryDownloadManager: no server ip
08-12 13:30:05.816  2961  3044 D com.xiaomi.tv.gallery.download.GalleryDownloadManager: no server ip
08-12 13:30:05.820  2961  3044 D com.xiaomi.tv.gallery.download.GalleryDownloadManager: no server ip
08-12 13:30:05.823  2961  3044 D com.xiaomi.tv.gallery.download.GalleryDownloadManager: no server ip
08-12 13:30:05.826  2961  3044 D com.xiaomi.tv.gallery.download.GalleryDownloadManager: no server ip
08-12 13:30:05.829  2961  3044 D com.xiaomi.tv.gallery.download.GalleryDownloadManager: no server ip
08-12 13:30:05.832  2961  3044 D com.xiaomi.tv.gallery.download.GalleryDownloadManager: no server ip
08-12 13:30:05.835  2961  3044 D com.xiaomi.tv.gallery.download.GalleryDownloadManager: no server ip
08-12 13:30:05.838  2961  3044 D com.xiaomi.tv.gallery.download.GalleryDownloadManager: no server ip
08-12 13:30:05.842  2961  3044 D com.xiaomi.tv.gallery.download.GalleryDownloadManager: no server ip
08-12 13:30:05.845  2961  3044 D com.xiaomi.tv.gallery.download.GalleryDownloadManager: no server ip
08-12 13:30:05.847  2961  3044 D com.xiaomi.tv.gallery.download.GalleryDownloadManager: no server ip
08-12 13:30:05.851  2961  3044 D com.xiaomi.tv.gallery.download.GalleryDownloadManager: no server ip
08-12 13:30:05.855  2961  3044 D com.xiaomi.tv.gallery.download.GalleryDownloadManager: no server ip
08-12 13:30:05.858  2961  3044 D com.xiaomi.tv.gallery.download.GalleryDownloadManager: no server ip
08-12 13:30:05.861  2961  3044 D com.xiaomi.tv.gallery.download.GalleryDownloadManager: no server ip
08-12 13:30:05.864  2961  3044 D com.xiaomi.tv.gallery.download.GalleryDownloadManager: no server ip
08-12 13:30:05.867  2961  3044 D com.xiaomi.tv.gallery.download.GalleryDownloadManager: no server ip
08-12 13:30:05.870  2961  3044 D com.xiaomi.tv.gallery.download.GalleryDownloadManager: no server ip
08-12 13:30:05.874  2961  3044 D com.xiaomi.tv.gallery.download.GalleryDownloadManager: no server ip
08-12 13:30:05.877  2961  3044 D com.xiaomi.tv.gallery.download.GalleryDownloadManager: no server ip
08-12 13:30:05.880  2961  3044 D com.xiaomi.tv.gallery.download.GalleryDownloadManager: no server ip
08-12 13:30:05.883  2961  3044 D com.xiaomi.tv.gallery.download.GalleryDownloadManager: no server ip
08-12 13:30:05.886  2961  3044 D com.xiaomi.tv.gallery.download.GalleryDownloadManager: no server ip
08-12 13:30:05.890  2961  3044 D com.xiaomi.tv.gallery.download.GalleryDownloadManager: no server ip
08-12 13:30:05.894  2961  3044 D com.xiaomi.tv.gallery.download.GalleryDownloadManager: no server ip
08-12 13:30:05.897  2961  3044 D com.xiaomi.tv.gallery.download.GalleryDownloadManager: no server ip
08-12 13:30:05.900  2961  3044 D com.xiaomi.tv.gallery.download.GalleryDownloadManager: no server ip
08-12 13:30:05.903  2961  3044 D com.xiaomi.tv.gallery.download.GalleryDownloadManager: no server ip
08-12 13:30:05.907  2961  3044 D com.xiaomi.tv.gallery.download.GalleryDownloadManager: no server ip
08-12 13:30:05.910  2961  3044 D com.xiaomi.tv.gallery.download.GalleryDownloadManager: no server ip
08-12 13:30:05.913  2961  3044 D com.xiaomi.tv.gallery.download.GalleryDownloadManager: no server ip
08-12 13:30:05.916  2961  3044 D com.xiaomi.tv.gallery.download.GalleryDownloadManager: no server ip
08-12 13:30:05.919  2961  3044 D com.xiaomi.tv.gallery.download.GalleryDownloadManager: no server ip
08-12 13:30:05.923  2961  3044 D com.xiaomi.tv.gallery.download.GalleryDownloadManager: no server ip
08-12 13:30:05.926  2961  3044 D com.xiaomi.tv.gallery.download.GalleryDownloadManager: no server ip
08-12 13:30:05.929  2961  3044 D com.xiaomi.tv.gallery.download.GalleryDownloadManager: no server ip
08-12 13:30:05.933  2961  3044 D com.xiaomi.tv.gallery.download.GalleryDownloadManager: no server ip
08-12 13:30:05.937  2961  3044 D com.xiaomi.tv.gallery.download.GalleryDownloadManager: no server ip
08-12 13:30:05.940  2961  3044 D com.xiaomi.tv.gallery.download.GalleryDownloadManager: no server ip
08-12 13:30:05.943  2961  3044 D com.xiaomi.tv.gallery.download.GalleryDownloadManager: no server ip
08-12 13:30:05.946  2961  3044 D com.xiaomi.tv.gallery.download.GalleryDownloadManager: no server ip
08-12 13:30:05.950  2961  3044 D com.xiaomi.tv.gallery.download.GalleryDownloadManager: no server ip
08-12 13:30:05.953  2961  3044 D com.xiaomi.tv.gallery.download.GalleryDownloadManager: no server ip
08-12 13:30:05.956  2961  3044 D com.xiaomi.tv.gallery.download.GalleryDownloadManager: no server ip
08-12 13:30:05.959  2961  3044 D com.xiaomi.tv.gallery.download.GalleryDownloadManager: no server ip
08-12 13:30:05.962  2961  3044 D com.xiaomi.tv.gallery.download.GalleryDownloadManager: no server ip
08-12 13:30:05.966  2961  3044 D com.xiaomi.tv.gallery.download.GalleryDownloadManager: no server ip
08-12 13:30:05.970  2961  3044 D com.xiaomi.tv.gallery.download.GalleryDownloadManager: no server ip
08-12 13:30:05.974  2961  3044 D com.xiaomi.tv.gallery.download.GalleryDownloadManager: no server ip
08-12 13:30:05.977  2961  3044 D com.xiaomi.tv.gallery.download.GalleryDownloadManager: no server ip
08-12 13:30:05.979  2961  3044 D com.xiaomi.tv.gallery.download.GalleryDownloadManager: no server ip
08-12 13:30:05.982  2961  3044 D com.xiaomi.tv.gallery.download.GalleryDownloadManager: no server ip
08-12 13:30:05.985  2961  3044 D com.xiaomi.tv.gallery.download.GalleryDownloadManager: no server ip
08-12 13:30:05.988  2961  3044 D com.xiaomi.tv.gallery.download.GalleryDownloadManager: no server ip
08-12 13:30:05.992  2961  3044 D com.xiaomi.tv.gallery.download.GalleryDownloadManager: no server ip
08-12 13:30:05.995  2961  3044 D com.xiaomi.tv.gallery.download.GalleryDownloadManager: no server ip
08-12 13:30:05.998  2961  3044 D com.xiaomi.tv.gallery.download.GalleryDownloadManager: no server ip
08-12 13:30:06.001  2961  3044 D com.xiaomi.tv.gallery.download.GalleryDownloadManager: no server ip
08-12 13:30:06.008  2961  3044 D com.xiaomi.tv.gallery.download.GalleryDownloadManager: no server ip
08-12 13:30:06.011  2961  3044 D com.xiaomi.tv.gallery.download.GalleryDownloadManager: no server ip
08-12 13:30:06.015  2961  3044 D com.xiaomi.tv.gallery.download.GalleryDownloadManager: no server ip
08-12 13:30:06.018  2961  3044 D com.xiaomi.tv.gallery.download.GalleryDownloadManager: no server ip
08-12 13:30:06.021  2961  3044 D com.xiaomi.tv.gallery.download.GalleryDownloadManager: no server ip
08-12 13:30:06.025  2961  3044 D com.xiaomi.tv.gallery.download.GalleryDownloadManager: no server ip
08-12 13:30:06.028  2961  3044 D com.xiaomi.tv.gallery.download.GalleryDownloadManager: no server ip
08-12 13:30:06.031  2961  3044 D com.xiaomi.tv.gallery.download.GalleryDownloadManager: no server ip
08-12 13:30:06.034  2961  3044 D com.xiaomi.tv.gallery.download.GalleryDownloadManager: no server ip
08-12 13:30:06.037  2961  3044 D com.xiaomi.tv.gallery.download.GalleryDownloadManager: no server ip
08-12 13:30:06.040  2961  3044 D com.xiaomi.tv.gallery.download.GalleryDownloadManager: no server ip
08-12 13:30:06.045  2961  3044 D com.xiaomi.tv.gallery.download.GalleryDownloadManager: no server ip
08-12 13:30:06.048  2961  3044 D com.xiaomi.tv.gallery.download.GalleryDownloadManager: no server ip
08-12 13:30:06.051  2961  3044 D com.xiaomi.tv.gallery.download.GalleryDownloadManager: no server ip
08-12 13:30:06.054  2961  3044 D com.xiaomi.tv.gallery.download.GalleryDownloadManager: no server ip
08-12 13:30:06.058  2961  3044 D com.xiaomi.tv.gallery.download.GalleryDownloadManager: no server ip
08-12 13:30:06.061  2961  3044 D com.xiaomi.tv.gallery.download.GalleryDownloadManager: no server ip
08-12 13:30:06.064  2961  3044 D com.xiaomi.tv.gallery.download.GalleryDownloadManager: no server ip
08-12 13:30:06.067  2961  3044 D com.xiaomi.tv.gallery.download.GalleryDownloadManager: no server ip
08-12 13:30:06.069  2961  3044 D com.xiaomi.tv.gallery.download.GalleryDownloadManager: no server ip
08-12 13:30:06.073  2961  3044 D com.xiaomi.tv.gallery.download.GalleryDownloadManager: no server ip
08-12 13:30:06.076  2961  3044 D com.xiaomi.tv.gallery.download.GalleryDownloadManager: no server ip
08-12 13:30:06.081  2961  3044 D com.xiaomi.tv.gallery.download.GalleryDownloadManager: no server ip
08-12 13:30:06.084  2961  3044 D com.xiaomi.tv.gallery.download.GalleryDownloadManager: no server ip
08-12 13:30:06.087  2961  3044 D com.xiaomi.tv.gallery.download.GalleryDownloadManager: no server ip
08-12 13:30:06.091  2961  3044 D com.xiaomi.tv.gallery.download.GalleryDownloadManager: no server ip
08-12 13:30:06.094  2961  3044 D com.xiaomi.tv.gallery.download.GalleryDownloadManager: no server ip
08-12 13:30:06.097  2961  3044 D com.xiaomi.tv.gallery.download.GalleryDownloadManager: no server ip
08-12 13:30:06.100  2961  3044 D com.xiaomi.tv.gallery.download.GalleryDownloadManager: no server ip
08-12 13:30:06.103   126   126 I tvos    : [37m[INFO] Change to Voltage: 105 mv (0x8)[m
08-12 13:30:06.104  2961  3044 D com.xiaomi.tv.gallery.download.GalleryDownloadManager: no server ip
08-12 13:30:06.109  2961  3044 D com.xiaomi.tv.gallery.download.GalleryDownloadManager: no server ip
08-12 13:30:06.112  2961  3044 D com.xiaomi.tv.gallery.download.GalleryDownloadManager: no server ip
08-12 13:30:06.122  2961  3044 D com.xiaomi.tv.gallery.download.GalleryDownloadManager: no server ip
08-12 13:30:06.126  2961  3044 D com.xiaomi.tv.gallery.download.GalleryDownloadManager: no server ip
08-12 13:30:06.129  2961  3044 D com.xiaomi.tv.gallery.download.GalleryDownloadManager: no server ip
08-12 13:30:06.132  2961  3044 D com.xiaomi.tv.gallery.download.GalleryDownloadManager: no server ip
08-12 13:30:06.136  2961  3044 D com.xiaomi.tv.gallery.download.GalleryDownloadManager: no server ip
08-12 13:30:06.140  2961  3044 D com.xiaomi.tv.gallery.download.GalleryDownloadManager: no server ip
08-12 13:30:06.143  2961  3044 D com.xiaomi.tv.gallery.download.GalleryDownloadManager: no server ip
08-12 13:30:06.147  2961  3044 D com.xiaomi.tv.gallery.download.GalleryDownloadManager: no server ip
08-12 13:30:06.150  2961  3044 D com.xiaomi.tv.gallery.download.GalleryDownloadManager: no server ip
08-12 13:30:06.154  2961  3044 D com.xiaomi.tv.gallery.download.GalleryDownloadManager: no server ip
08-12 13:30:06.162  2961  3044 D com.xiaomi.tv.gallery.download.GalleryDownloadManager: no server ip
08-12 13:30:06.166  2961  3044 D com.xiaomi.tv.gallery.download.GalleryDownloadManager: no server ip
08-12 13:30:06.170  2961  3044 D com.xiaomi.tv.gallery.download.GalleryDownloadManager: no server ip
08-12 13:30:06.174  2961  3044 D com.xiaomi.tv.gallery.download.GalleryDownloadManager: no server ip
08-12 13:30:06.178  2961  3044 D com.xiaomi.tv.gallery.download.GalleryDownloadManager: no server ip
08-12 13:30:06.181  2961  3044 D com.xiaomi.tv.gallery.download.GalleryDownloadManager: no server ip
08-12 13:30:06.185  2961  3044 D com.xiaomi.tv.gallery.download.GalleryDownloadManager: no server ip
08-12 13:30:06.188  2961  3044 D com.xiaomi.tv.gallery.download.GalleryDownloadManager: no server ip
08-12 13:30:06.192  2961  3044 D com.xiaomi.tv.gallery.download.GalleryDownloadManager: no server ip
08-12 13:30:06.196  2961  3044 D com.xiaomi.tv.gallery.download.GalleryDownloadManager: no server ip
08-12 13:30:06.200  2961  3044 D com.xiaomi.tv.gallery.download.GalleryDownloadManager: no server ip
08-12 13:30:06.204  2961  3044 D com.xiaomi.tv.gallery.download.GalleryDownloadManager: no server ip
08-12 13:30:06.208  2961  3044 D com.xiaomi.tv.gallery.download.GalleryDownloadManager: no server ip
08-12 13:30:06.212  2961  3044 D com.xiaomi.tv.gallery.download.GalleryDownloadManager: no server ip
08-12 13:30:06.215  2961  3044 D com.xiaomi.tv.gallery.download.GalleryDownloadManager: no server ip
08-12 13:30:06.219  2961  3044 D com.xiaomi.tv.gallery.download.GalleryDownloadManager: no server ip
08-12 13:30:06.223  2961  3044 D com.xiaomi.tv.gallery.download.GalleryDownloadManager: no server ip
08-12 13:30:06.226  2961  3044 D com.xiaomi.tv.gallery.download.GalleryDownloadManager: no server ip
08-12 13:30:06.230  2961  3044 D com.xiaomi.tv.gallery.download.GalleryDownloadManager: no server ip
08-12 13:30:06.233  2961  3044 D com.xiaomi.tv.gallery.download.GalleryDownloadManager: no server ip
08-12 13:30:06.238  2961  3044 D com.xiaomi.tv.gallery.download.GalleryDownloadManager: no server ip
08-12 13:30:06.244  2961  3044 D com.xiaomi.tv.gallery.download.GalleryDownloadManager: no server ip
08-12 13:30:06.247  2961  3044 D com.xiaomi.tv.gallery.download.GalleryDownloadManager: no server ip
08-12 13:30:06.251  2961  3044 D com.xiaomi.tv.gallery.download.GalleryDownloadManager: no server ip
08-12 13:30:06.255  2961  3044 D com.xiaomi.tv.gallery.download.GalleryDownloadManager: no server ip
08-12 13:30:06.259  2961  3044 D com.xiaomi.tv.gallery.download.GalleryDownloadManager: no server ip
08-12 13:30:06.262  2961  3044 D com.xiaomi.tv.gallery.download.GalleryDownloadManager: no server ip
08-12 13:30:06.266  2961  3044 D com.xiaomi.tv.gallery.download.GalleryDownloadManager: no server ip
08-12 13:30:06.270  2961  3044 D com.xiaomi.tv.gallery.download.GalleryDownloadManager: no server ip
08-12 13:30:06.274  2961  3044 D com.xiaomi.tv.gallery.download.GalleryDownloadManager: no server ip
08-12 13:30:06.278  2961  3044 D com.xiaomi.tv.gallery.download.GalleryDownloadManager: no server ip
08-12 13:30:06.284  2961  3044 D com.xiaomi.tv.gallery.download.GalleryDownloadManager: no server ip
08-12 13:30:06.288  2961  3044 D com.xiaomi.tv.gallery.download.GalleryDownloadManager: no server ip
08-12 13:30:06.292  2961  3044 D com.xiaomi.tv.gallery.download.GalleryDownloadManager: no server ip
08-12 13:30:06.295  2961  3044 D com.xiaomi.tv.gallery.download.GalleryDownloadManager: no server ip
08-12 13:30:06.299  2961  3044 D com.xiaomi.tv.gallery.download.GalleryDownloadManager: no server ip
08-12 13:30:06.302  2961  3044 D com.xiaomi.tv.gallery.download.GalleryDownloadManager: no server ip
08-12 13:30:06.306  2961  3044 D com.xiaomi.tv.gallery.download.GalleryDownloadManager: no server ip
08-12 13:30:06.310  2961  3044 D com.xiaomi.tv.gallery.download.GalleryDownloadManager: no server ip
08-12 13:30:06.314  2961  3044 D com.xiaomi.tv.gallery.download.GalleryDownloadManager: no server ip
08-12 13:30:06.317  2961  3044 D com.xiaomi.tv.gallery.download.GalleryDownloadManager: no server ip
08-12 13:30:06.321  2961  3044 D com.xiaomi.tv.gallery.download.GalleryDownloadManager: no server ip
08-12 13:30:06.325  2961  3044 D com.xiaomi.tv.gallery.download.GalleryDownloadManager: no server ip
08-12 13:30:06.329  2961  3044 D com.xiaomi.tv.gallery.download.GalleryDownloadManager: no server ip
08-12 13:30:06.334  2961  3044 D com.xiaomi.tv.gallery.download.GalleryDownloadManager: no server ip
08-12 13:30:06.338  2961  3044 D com.xiaomi.tv.gallery.download.GalleryDownloadManager: no server ip
08-12 13:30:06.342  2961  3044 D com.xiaomi.tv.gallery.download.GalleryDownloadManager: no server ip
08-12 13:30:06.347  2961  3044 D com.xiaomi.tv.gallery.download.GalleryDownloadManager: no server ip
08-12 13:30:06.350  2961  3044 D com.xiaomi.tv.gallery.download.GalleryDownloadManager: no server ip
08-12 13:30:06.354  2961  3044 D com.xiaomi.tv.gallery.download.GalleryDownloadManager: no server ip
08-12 13:30:06.358  2961  3044 D com.xiaomi.tv.gallery.download.GalleryDownloadManager: no server ip
08-12 13:30:06.362  2961  3044 D com.xiaomi.tv.gallery.download.GalleryDownloadManager: no server ip
08-12 13:30:06.365  2961  3044 D com.xiaomi.tv.gallery.download.GalleryDownloadManager: no server ip
08-12 13:30:06.368  1550  1689 I clientsdk: tid 1689, httpget http://www.baidu.com:80
08-12 13:30:06.369  2961  3044 D com.xiaomi.tv.gallery.download.GalleryDownloadManager: no server ip
08-12 13:30:06.369  1689  1689 I auditd  : type=1400 audit(0.0:2421): avc: granted { write } for comm="Thread-87" name="CookiesFile" dev="mmcblk0p22" ino=873 scontext=u:r:system_app:s0 tcontext=u:object_r:system_data_file:s0 tclass=file
08-12 13:30:06.374     0     0 I Kernel  : <12>[  435.218600] type=1400 audit(1439357406.369:2421): avc: granted { write } for pid=1689 comm="Thread-87" name="CookiesFile" dev="mmcblk0p22" ino=873 scontext=u:r:system_app:s0 tcontext=u:object_r:system_data_file:s0 tclass=file
08-12 13:30:06.369  1689  1689 W Thread-87: type=1400 audit(0.0:2421): avc: granted { write } for name="CookiesFile" dev="mmcblk0p22" ino=873 scontext=u:r:system_app:s0 tcontext=u:object_r:system_data_file:s0 tclass=file
08-12 13:30:06.374  2961  3044 D com.xiaomi.tv.gallery.download.GalleryDownloadManager: no server ip
08-12 13:30:06.376     0     0 I Kernel  : <12>[  435.220934] type=1400 audit(1439357406.369:2422): avc: granted { write } for pid=1689 comm="Thread-87" path="/data/duokancache/CookiesFile" dev="mmcblk0p22" ino=873 scontext=u:r:system_app:s0 tcontext=u:object_r:system_data_file:s0 tclass=file
08-12 13:30:06.376     0     0 I Kernel  : <12>[  435.221292] type=1400 audit(1439357406.374:2423): avc: granted { write } for pid=1689 comm="Thread-87" name="CookiesFile" dev="mmcblk0p22" ino=873 scontext=u:r:system_app:s0 tcontext=u:object_r:system_data_file:s0 tclass=file
08-12 13:30:06.369  1689  1689 I auditd  : type=1400 audit(0.0:2422): avc: granted { write } for comm="Thread-87" path="/data/duokancache/CookiesFile" dev="mmcblk0p22" ino=873 scontext=u:r:system_app:s0 tcontext=u:object_r:system_data_file:s0 tclass=file
08-12 13:30:06.369  1689  1689 W Thread-87: type=1400 audit(0.0:2422): avc: granted { write } for path="/data/duokancache/CookiesFile" dev="mmcblk0p22" ino=873 scontext=u:r:system_app:s0 tcontext=u:object_r:system_data_file:s0 tclass=file
08-12 13:30:06.374  1689  1689 I auditd  : type=1400 audit(0.0:2423): avc: granted { write } for comm="Thread-87" name="CookiesFile" dev="mmcblk0p22" ino=873 scontext=u:r:system_app:s0 tcontext=u:object_r:system_data_file:s0 tclass=file
08-12 13:30:06.374  1689  1689 W Thread-87: type=1400 audit(0.0:2423): avc: granted { write } for name="CookiesFile" dev="mmcblk0p22" ino=873 scontext=u:r:system_app:s0 tcontext=u:object_r:system_data_file:s0 tclass=file
08-12 13:30:06.377  1550  1689 I clientsdk: tid 1689, HttpGet, status code = 0
08-12 13:30:06.377  1550  1689 I clientsdk: tid 1689, HttpGet curl_easy_perform result 6
08-12 13:30:06.380     0     0 I Kernel  : <12>[  435.225553] type=1400 audit(1439357406.374:2424): avc: granted { write } for pid=1689 comm="Thread-87" name="CookiesFile" dev="mmcblk0p22" ino=873 scontext=u:r:system_app:s0 tcontext=u:object_r:system_data_file:s0 tclass=file
08-12 13:30:06.377  1550  1689 I duokantv: tid 1689, DuoKanUtility::checkHostReachability -- ret of HttpGet = -1006
08-12 13:30:06.381     0     0 I Kernel  : <12>[  435.225745] type=1400 audit(1439357406.374:2425): avc: granted { write } for pid=1689 comm="Thread-87" path="/data/duokancache/CookiesFile" dev="mmcblk0p22" ino=873 scontext=u:r:system_app:s0 tcontext=u:object_r:system_data_file:s0 tclass=file
08-12 13:30:06.377  1550  1689 I duokantv: tid 1689, DuoKanUtility::checkHostReachability -- HttpGet: not reachable
08-12 13:30:06.377  1550  1689 I duokantv: tid 1689, DKAppDelegate::setupServerConnection, no userID
08-12 13:30:06.377  1550  1689 I duokantv: tid 1689, DataStore: Token, Enter loadToken2
08-12 13:30:06.378  1550  1689 I duokantv: tid 1689, DataStore: Token, key 5fcb31f300324bcbb8c3cac60d6d4184
08-12 13:30:06.378  1550  1689 I duokantv: tid 1689, DataStore: Token, token cc5bf5545b674d1e9e2bd0add857ccc0
08-12 13:30:06.378  1550  1689 I duokantv: tid 1689, DKAppDelegate:setupServerConnection -- about to login to server
08-12 13:30:06.378  1550  1689 I clientsdk: tid 1689, httppost http://122.49.38.6/tvservice/login?vc=0&ac=0&ic=0&deviceid=5b11bace3b21548f71a273121cfa15a6&apiver=1.8&ver=5.0.1.1213&codever=15&ptf=605&ts=1439357406&nonce=666881329&language=zh_CN&feature=15&opaque=27cd018b0a3d8c3ac65c1f864c709daaa0220e59
08-12 13:30:06.379  2961  3044 D com.xiaomi.tv.gallery.download.GalleryDownloadManager: no server ip
08-12 13:30:06.374  1689  1689 I auditd  : type=1400 audit(0.0:2424): avc: granted { write } for comm="Thread-87" name="CookiesFile" dev="mmcblk0p22" ino=873 scontext=u:r:system_app:s0 tcontext=u:object_r:system_data_file:s0 tclass=file
08-12 13:30:06.382     0     0 I Kernel  : <12>[  435.227388] type=1400 audit(1439357406.374:2426): avc: granted { write } for pid=1689 comm="Thread-87" name="CookiesFile" dev="mmcblk0p22" ino=873 scontext=u:r:system_app:s0 tcontext=u:object_r:system_data_file:s0 tclass=file
08-12 13:30:06.374  1689  1689 W Thread-87: type=1400 audit(0.0:2424): avc: granted { write } for name="CookiesFile" dev="mmcblk0p22" ino=873 scontext=u:r:system_app:s0 tcontext=u:object_r:system_data_file:s0 tclass=file
08-12 13:30:06.374  1689  1689 I auditd  : type=1400 audit(0.0:2425): avc: granted { write } for comm="Thread-87" path="/data/duokancache/CookiesFile" dev="mmcblk0p22" ino=873 scontext=u:r:system_app:s0 tcontext=u:object_r:system_data_file:s0 tclass=file
08-12 13:30:06.374  1689  1689 W Thread-87: type=1400 audit(0.0:2425): avc: granted { write } for path="/data/duokancache/CookiesFile" dev="mmcblk0p22" ino=873 scontext=u:r:system_app:s0 tcontext=u:object_r:system_data_file:s0 tclass=file
08-12 13:30:06.374  1689  1689 I auditd  : type=1400 audit(0.0:2426): avc: granted { write } for comm="Thread-87" name="CookiesFile" dev="mmcblk0p22" ino=873 scontext=u:r:system_app:s0 tcontext=u:object_r:system_data_file:s0 tclass=file
08-12 13:30:06.374  1689  1689 W Thread-87: type=1400 audit(0.0:2426): avc: granted { write } for name="CookiesFile" dev="mmcblk0p22" ino=873 scontext=u:r:system_app:s0 tcontext=u:object_r:system_data_file:s0 tclass=file
08-12 13:30:06.381  1550  1689 I clientsdk: tid 1689, HttpGet curl_easy_perform result 7
08-12 13:30:06.384     0     0 I Kernel  : <12>[  435.228105] type=1400 audit(1439357406.379:2427): avc: granted { write } for pid=1689 comm="Thread-87" name="CookiesFile" dev="mmcblk0p22" ino=873 scontext=u:r:system_app:s0 tcontext=u:object_r:system_data_file:s0 tclass=file
08-12 13:30:06.384     0     0 I Kernel  : <12>[  435.229071] type=1400 audit(1439357406.379:2428): avc: granted { write } for pid=1689 comm="Thread-87" path="/data/duokancache/CookiesFile" dev="mmcblk0p22" ino=873 scontext=u:r:system_app:s0 tcontext=u:object_r:system_data_file:s0 tclass=file
08-12 13:30:06.381  1550  1689 I clientsdk: tid 1689, httppost http://122.49.38.6/tvservice/login?vc=0&ac=0&ic=0&deviceid=5b11bace3b21548f71a273121cfa15a6&apiver=1.8&ver=5.0.1.1213&codever=15&ptf=605&ts=1439357406&nonce=666881329&language=zh_CN&feature=15&opaque=27cd018b0a3d8c3ac65c1f864c709daaa0220e59
08-12 13:30:06.385     0     0 I Kernel  : <12>[  435.229229] type=1400 audit(1439357406.379:2429): avc: granted { write } for pid=1689 comm="Thread-87" name="CookiesFile" dev="mmcblk0p22" ino=873 scontext=u:r:system_app:s0 tcontext=u:object_r:system_data_file:s0 tclass=file
08-12 13:30:06.379  1689  1689 I auditd  : type=1400 audit(0.0:2427): avc: granted { write } for comm="Thread-87" name="CookiesFile" dev="mmcblk0p22" ino=873 scontext=u:r:system_app:s0 tcontext=u:object_r:system_data_file:s0 tclass=file
08-12 13:30:06.386     0     0 I Kernel  : <12>[  435.230940] type=1400 audit(1439357406.379:2430): avc: granted { write } for pid=1689 comm="Thread-87" name="CookiesFile" dev="mmcblk0p22" ino=873 scontext=u:r:system_app:s0 tcontext=u:object_r:system_data_file:s0 tclass=file
08-12 13:30:06.379  1689  1689 W Thread-87: type=1400 audit(0.0:2427): avc: granted { write } for name="CookiesFile" dev="mmcblk0p22" ino=873 scontext=u:r:system_app:s0 tcontext=u:object_r:system_data_file:s0 tclass=file
08-12 13:30:06.379  1689  1689 I auditd  : type=1400 audit(0.0:2428): avc: granted { write } for comm="Thread-87" path="/data/duokancache/CookiesFile" dev="mmcblk0p22" ino=873 scontext=u:r:system_app:s0 tcontext=u:object_r:system_data_file:s0 tclass=file
08-12 13:30:06.386     0     0 I Kernel  : <12>[  435.231196] type=1400 audit(1439357406.384:2431): avc: granted { write } for pid=1689 comm="Thread-87" path="/data/duokancache/CookiesFile" dev="mmcblk0p22" ino=873 scontext=u:r:system_app:s0 tcontext=u:object_r:system_data_file:s0 tclass=file
08-12 13:30:06.379  1689  1689 W Thread-87: type=1400 audit(0.0:2428): avc: granted { write } for path="/data/duokancache/CookiesFile" dev="mmcblk0p22" ino=873 scontext=u:r:system_app:s0 tcontext=u:object_r:system_data_file:s0 tclass=file
08-12 13:30:06.379  1689  1689 I auditd  : type=1400 audit(0.0:2429): avc: granted { write } for comm="Thread-87" name="CookiesFile" dev="mmcblk0p22" ino=873 scontext=u:r:system_app:s0 tcontext=u:object_r:system_data_file:s0 tclass=file
08-12 13:30:06.379  1689  1689 W Thread-87: type=1400 audit(0.0:2429): avc: granted { write } for name="CookiesFile" dev="mmcblk0p22" ino=873 scontext=u:r:system_app:s0 tcontext=u:object_r:system_data_file:s0 tclass=file
08-12 13:30:06.386     0     0 I Kernel  : <12>[  435.231399] type=1400 audit(1439357406.384:2432): avc: granted { write } for pid=1689 comm="Thread-87" name="CookiesFile" dev="mmcblk0p22" ino=873 scontext=u:r:system_app:s0 tcontext=u:object_r:system_data_file:s0 tclass=file
08-12 13:30:06.384  2961  3044 D com.xiaomi.tv.gallery.download.GalleryDownloadManager: no server ip
08-12 13:30:06.384  1550  1689 I clientsdk: tid 1689, HttpPost, status code = 0
08-12 13:30:06.379  1689  1689 I auditd  : type=1400 audit(0.0:2430): avc: granted { write } for comm="Thread-87" name="CookiesFile" dev="mmcblk0p22" ino=873 scontext=u:r:system_app:s0 tcontext=u:object_r:system_data_file:s0 tclass=file
08-12 13:30:06.384  1550  1689 I clientsdk: tid 1689, HttpGet curl_easy_perform result 7
08-12 13:30:06.379  1689  1689 W Thread-87: type=1400 audit(0.0:2430): avc: granted { write } for name="CookiesFile" dev="mmcblk0p22" ino=873 scontext=u:r:system_app:s0 tcontext=u:object_r:system_data_file:s0 tclass=file
08-12 13:30:06.384  1550  1689 I clientsdk: tid 1689, httppost http://122.49.38.6/tvservice/login?vc=0&ac=0&ic=0&deviceid=5b11bace3b21548f71a273121cfa15a6&apiver=1.8&ver=5.0.1.1213&codever=15&ptf=605&ts=1439357406&nonce=666881329&language=zh_CN&feature=15&opaque=27cd018b0a3d8c3ac65c1f864c709daaa0220e59
08-12 13:30:06.384  1689  1689 I auditd  : type=1400 audit(0.0:2431): avc: granted { write } for comm="Thread-87" path="/data/duokancache/CookiesFile" dev="mmcblk0p22" ino=873 scontext=u:r:system_app:s0 tcontext=u:object_r:system_data_file:s0 tclass=file
08-12 13:30:06.384  1689  1689 W Thread-87: type=1400 audit(0.0:2431): avc: granted { write } for path="/data/duokancache/CookiesFile" dev="mmcblk0p22" ino=873 scontext=u:r:system_app:s0 tcontext=u:object_r:system_data_file:s0 tclass=file
08-12 13:30:06.384  1689  1689 I auditd  : type=1400 audit(0.0:2432): avc: granted { write } for comm="Thread-87" name="CookiesFile" dev="mmcblk0p22" ino=873 scontext=u:r:system_app:s0 tcontext=u:object_r:system_data_file:s0 tclass=file
08-12 13:30:06.384  1689  1689 W Thread-87: type=1400 audit(0.0:2432): avc: granted { write } for name="CookiesFile" dev="mmcblk0p22" ino=873 scontext=u:r:system_app:s0 tcontext=u:object_r:system_data_file:s0 tclass=file
08-12 13:30:06.387  1550  1689 I clientsdk: tid 1689, HttpPost, status code = 0
08-12 13:30:06.387  1550  1689 I clientsdk: tid 1689, HttpGet curl_easy_perform result 7
08-12 13:30:06.387  1550  1689 I duokantv: tid 1689, DKAppDelegate:DK_UserLogin, result: -1
08-12 13:30:06.387  1550  1689 I duokantv: tid 1689, +++DKAppDelegate::hideAuthFailView: ../Classes/DKAppDelegate.cpp line: 3269
08-12 13:30:06.387  1550  1689 I duokantv: tid 1689, DKAppDelegate:setupServerConnection -- failed to login (-1)
08-12 13:30:06.389  2961  3044 D com.xiaomi.tv.gallery.download.GalleryDownloadManager: no server ip
08-12 13:30:06.393  2961  3044 D com.xiaomi.tv.gallery.download.GalleryDownloadManager: no server ip
08-12 13:30:06.396  2961  3044 D com.xiaomi.tv.gallery.download.GalleryDownloadManager: no server ip
08-12 13:30:06.400  2961  3044 D com.xiaomi.tv.gallery.download.GalleryDownloadManager: no server ip
08-12 13:30:06.403  2961  3044 D com.xiaomi.tv.gallery.download.GalleryDownloadManager: no server ip
08-12 13:30:06.408  2961  3044 D com.xiaomi.tv.gallery.download.GalleryDownloadManager: no server ip
08-12 13:30:06.413  2961  3044 D com.xiaomi.tv.gallery.download.GalleryDownloadManager: no server ip
08-12 13:30:06.417  2961  3044 D com.xiaomi.tv.gallery.download.GalleryDownloadManager: no server ip
08-12 13:30:06.420  2961  3044 D com.xiaomi.tv.gallery.download.GalleryDownloadManager: no server ip
08-12 13:30:06.424  2961  3044 D com.xiaomi.tv.gallery.download.GalleryDownloadManager: no server ip
08-12 13:30:06.428  2961  3044 D com.xiaomi.tv.gallery.download.GalleryDownloadManager: no server ip
08-12 13:30:06.432  2961  3044 D com.xiaomi.tv.gallery.download.GalleryDownloadManager: no server ip
08-12 13:30:06.436  2961  3044 D com.xiaomi.tv.gallery.download.GalleryDownloadManager: no server ip
08-12 13:30:06.440  2961  3044 D com.xiaomi.tv.gallery.download.GalleryDownloadManager: no server ip
08-12 13:30:06.443  2961  3044 D com.xiaomi.tv.gallery.download.GalleryDownloadManager: no server ip
08-12 13:30:06.447  2961  3044 D com.xiaomi.tv.gallery.download.GalleryDownloadManager: no server ip
08-12 13:30:06.450  2961  3044 D com.xiaomi.tv.gallery.download.GalleryDownloadManager: no server ip
08-12 13:30:06.453  2961  3044 D com.xiaomi.tv.gallery.download.GalleryDownloadManager: no server ip
08-12 13:30:06.457  2961  3044 D com.xiaomi.tv.gallery.download.GalleryDownloadManager: no server ip
08-12 13:30:06.461  2961  3044 D com.xiaomi.tv.gallery.download.GalleryDownloadManager: no server ip
08-12 13:30:06.464  2961  3044 D com.xiaomi.tv.gallery.download.GalleryDownloadManager: no server ip
08-12 13:30:06.468  2961  3044 D com.xiaomi.tv.gallery.download.GalleryDownloadManager: no server ip
08-12 13:30:06.473  2961  3044 D com.xiaomi.tv.gallery.download.GalleryDownloadManager: no server ip
08-12 13:30:06.477  2961  3044 D com.xiaomi.tv.gallery.download.GalleryDownloadManager: no server ip
08-12 13:30:06.481  2961  3044 D com.xiaomi.tv.gallery.download.GalleryDownloadManager: no server ip
08-12 13:30:06.484  2961  3044 D com.xiaomi.tv.gallery.download.GalleryDownloadManager: no server ip
08-12 13:30:06.487  2961  3044 D com.xiaomi.tv.gallery.download.GalleryDownloadManager: no server ip
08-12 13:30:06.492  2961  3044 D com.xiaomi.tv.gallery.download.GalleryDownloadManager: no server ip
08-12 13:30:06.495  2961  3044 D com.xiaomi.tv.gallery.download.GalleryDownloadManager: no server ip
08-12 13:30:06.499  2961  3044 D com.xiaomi.tv.gallery.download.GalleryDownloadManager: no server ip
08-12 13:30:06.502  2961  3044 D com.xiaomi.tv.gallery.download.GalleryDownloadManager: no server ip
08-12 13:30:06.507  2961  3044 D com.xiaomi.tv.gallery.download.GalleryDownloadManager: no server ip
08-12 13:30:06.511  2961  3044 D com.xiaomi.tv.gallery.download.GalleryDownloadManager: no server ip
08-12 13:30:06.514  2961  3044 D com.xiaomi.tv.gallery.download.GalleryDownloadManager: no server ip
08-12 13:30:06.518  2961  3044 D com.xiaomi.tv.gallery.download.GalleryDownloadManager: no server ip
08-12 13:30:06.523  2961  3044 D com.xiaomi.tv.gallery.download.GalleryDownloadManager: no server ip
08-12 13:30:06.527  2961  3044 D com.xiaomi.tv.gallery.download.GalleryDownloadManager: no server ip
08-12 13:30:06.530  2961  3044 D com.xiaomi.tv.gallery.download.GalleryDownloadManager: no server ip
08-12 13:30:06.535  2961  3044 D com.xiaomi.tv.gallery.download.GalleryDownloadManager: no server ip
08-12 13:30:06.540  2961  3044 D com.xiaomi.tv.gallery.download.GalleryDownloadManager: no server ip
08-12 13:30:06.543  2961  3044 D com.xiaomi.tv.gallery.download.GalleryDownloadManager: no server ip
08-12 13:30:06.547  2961  3044 D com.xiaomi.tv.gallery.download.GalleryDownloadManager: no server ip
08-12 13:30:06.551  2961  3044 D com.xiaomi.tv.gallery.download.GalleryDownloadManager: no server ip
08-12 13:30:06.554  2961  3044 D com.xiaomi.tv.gallery.download.GalleryDownloadManager: no server ip
08-12 13:30:06.559  2961  3044 D com.xiaomi.tv.gallery.download.GalleryDownloadManager: no server ip
08-12 13:30:06.562  2961  3044 D com.xiaomi.tv.gallery.download.GalleryDownloadManager: no server ip
08-12 13:30:06.566  2961  3044 D com.xiaomi.tv.gallery.download.GalleryDownloadManager: no server ip
08-12 13:30:06.570  2961  3044 D com.xiaomi.tv.gallery.download.GalleryDownloadManager: no server ip
08-12 13:30:06.574  2961  3044 D com.xiaomi.tv.gallery.download.GalleryDownloadManager: no server ip
08-12 13:30:06.578  2961  3044 D com.xiaomi.tv.gallery.download.GalleryDownloadManager: no server ip
08-12 13:30:06.582  2961  3044 D com.xiaomi.tv.gallery.download.GalleryDownloadManager: no server ip
08-12 13:30:06.585  2961  3044 D com.xiaomi.tv.gallery.download.GalleryDownloadManager: no server ip
08-12 13:30:06.589  2961  3044 D com.xiaomi.tv.gallery.download.GalleryDownloadManager: no server ip
08-12 13:30:06.594  2961  3044 D com.xiaomi.tv.gallery.download.GalleryDownloadManager: no server ip
08-12 13:30:06.599  2961  3044 D com.xiaomi.tv.gallery.download.GalleryDownloadManager: no server ip
08-12 13:30:06.601   126   126 I tvos    : [37m[INFO] Change to Voltage: 125 mv (0x17)[m
08-12 13:30:06.603  2961  3044 D com.xiaomi.tv.gallery.download.GalleryDownloadManager: no server ip
08-12 13:30:06.607  2961  3044 D com.xiaomi.tv.gallery.download.GalleryDownloadManager: no server ip
08-12 13:30:06.610  2961  3044 D com.xiaomi.tv.gallery.download.GalleryDownloadManager: no server ip
08-12 13:30:06.613  2961  3044 D com.xiaomi.tv.gallery.download.GalleryDownloadManager: no server ip
08-12 13:30:06.617  2961  3044 D com.xiaomi.tv.gallery.download.GalleryDownloadManager: no server ip
08-12 13:30:06.620  2961  3044 D com.xiaomi.tv.gallery.download.GalleryDownloadManager: no server ip
08-12 13:30:06.624  2961  3044 D com.xiaomi.tv.gallery.download.GalleryDownloadManager: no server ip
08-12 13:30:06.627  2961  3044 D com.xiaomi.tv.gallery.download.GalleryDownloadManager: no server ip
08-12 13:30:06.630  2961  3044 D com.xiaomi.tv.gallery.download.GalleryDownloadManager: no server ip
08-12 13:30:06.633  2961  3044 D com.xiaomi.tv.gallery.download.GalleryDownloadManager: no server ip
08-12 13:30:06.636  2961  3044 D com.xiaomi.tv.gallery.download.GalleryDownloadManager: no server ip
08-12 13:30:06.640  2961  3044 D com.xiaomi.tv.gallery.download.GalleryDownloadManager: no server ip
08-12 13:30:06.643  2961  3044 D com.xiaomi.tv.gallery.download.GalleryDownloadManager: no server ip
08-12 13:30:06.646  2961  3044 D com.xiaomi.tv.gallery.download.GalleryDownloadManager: no server ip
08-12 13:30:06.651  2961  3044 D com.xiaomi.tv.gallery.download.GalleryDownloadManager: no server ip
08-12 13:30:06.654  2961  3044 D com.xiaomi.tv.gallery.download.GalleryDownloadManager: no server ip
08-12 13:30:06.657  2961  3044 D com.xiaomi.tv.gallery.download.GalleryDownloadManager: no server ip
08-12 13:30:06.660  2961  3044 D com.xiaomi.tv.gallery.download.GalleryDownloadManager: no server ip
08-12 13:30:06.663  2961  3044 D com.xiaomi.tv.gallery.download.GalleryDownloadManager: no server ip
08-12 13:30:06.667  2961  3044 D com.xiaomi.tv.gallery.download.GalleryDownloadManager: no server ip
08-12 13:30:06.670  2961  3044 D com.xiaomi.tv.gallery.download.GalleryDownloadManager: no server ip
08-12 13:30:06.673  2961  3044 D com.xiaomi.tv.gallery.download.GalleryDownloadManager: no server ip
08-12 13:30:06.676  2961  3044 D com.xiaomi.tv.gallery.download.GalleryDownloadManager: no server ip
08-12 13:30:06.679  2961  3044 D com.xiaomi.tv.gallery.download.GalleryDownloadManager: no server ip
08-12 13:30:06.682  2961  3044 D com.xiaomi.tv.gallery.download.GalleryDownloadManager: no server ip
08-12 13:30:06.685  2961  3044 D com.xiaomi.tv.gallery.download.GalleryDownloadManager: no server ip
08-12 13:30:06.688  2961  3044 D com.xiaomi.tv.gallery.download.GalleryDownloadManager: no server ip
08-12 13:30:06.692  2961  3044 D com.xiaomi.tv.gallery.download.GalleryDownloadManager: no server ip
08-12 13:30:06.695  2961  3044 D com.xiaomi.tv.gallery.download.GalleryDownloadManager: no server ip
08-12 13:30:06.699  2961  3044 D com.xiaomi.tv.gallery.download.GalleryDownloadManager: no server ip
08-12 13:30:06.703  2961  3044 D com.xiaomi.tv.gallery.download.GalleryDownloadManager: no server ip
08-12 13:30:06.706  2961  3044 D com.xiaomi.tv.gallery.download.GalleryDownloadManager: no server ip
08-12 13:30:06.709  2961  3044 D com.xiaomi.tv.gallery.download.GalleryDownloadManager: no server ip
08-12 13:30:06.712  2961  3044 D com.xiaomi.tv.gallery.download.GalleryDownloadManager: no server ip
08-12 13:30:06.716  2961  3044 D com.xiaomi.tv.gallery.download.GalleryDownloadManager: no server ip
08-12 13:30:06.719  2961  3044 D com.xiaomi.tv.gallery.download.GalleryDownloadManager: no server ip
08-12 13:30:06.722  2961  3044 D com.xiaomi.tv.gallery.download.GalleryDownloadManager: no server ip
08-12 13:30:06.725  2961  3044 D com.xiaomi.tv.gallery.download.GalleryDownloadManager: no server ip
08-12 13:30:06.728  2961  3044 D com.xiaomi.tv.gallery.download.GalleryDownloadManager: no server ip
08-12 13:30:06.731  2961  3044 D com.xiaomi.tv.gallery.download.GalleryDownloadManager: no server ip
08-12 13:30:06.734  2961  3044 D com.xiaomi.tv.gallery.download.GalleryDownloadManager: no server ip
08-12 13:30:06.737  2961  3044 D com.xiaomi.tv.gallery.download.GalleryDownloadManager: no server ip
08-12 13:30:06.741  2961  3044 D com.xiaomi.tv.gallery.download.GalleryDownloadManager: no server ip
08-12 13:30:06.744  2961  3044 D com.xiaomi.tv.gallery.download.GalleryDownloadManager: no server ip
08-12 13:30:06.749  2961  3044 D com.xiaomi.tv.gallery.download.GalleryDownloadManager: no server ip
08-12 13:30:06.752  2961  3044 D com.xiaomi.tv.gallery.download.GalleryDownloadManager: no server ip
08-12 13:30:06.756  2961  3044 D com.xiaomi.tv.gallery.download.GalleryDownloadManager: no server ip
08-12 13:30:06.759  2961  3044 D com.xiaomi.tv.gallery.download.GalleryDownloadManager: no server ip
08-12 13:30:06.762  2961  3044 D com.xiaomi.tv.gallery.download.GalleryDownloadManager: no server ip
08-12 13:30:06.764  2961  3044 D com.xiaomi.tv.gallery.download.GalleryDownloadManager: no server ip
08-12 13:30:06.767  2961  3044 D com.xiaomi.tv.gallery.download.GalleryDownloadManager: no server ip
08-12 13:30:06.770  2961  3044 D com.xiaomi.tv.gallery.download.GalleryDownloadManager: no server ip
08-12 13:30:06.774  2961  3044 D com.xiaomi.tv.gallery.download.GalleryDownloadManager: no server ip
08-12 13:30:06.777  2961  3044 D com.xiaomi.tv.gallery.download.GalleryDownloadManager: no server ip
08-12 13:30:06.780  2961  3044 D com.xiaomi.tv.gallery.download.GalleryDownloadManager: no server ip
08-12 13:30:06.783  2961  3044 D com.xiaomi.tv.gallery.download.GalleryDownloadManager: no server ip
08-12 13:30:06.786  2961  3044 D com.xiaomi.tv.gallery.download.GalleryDownloadManager: no server ip
08-12 13:30:06.789  2961  3044 D com.xiaomi.tv.gallery.download.GalleryDownloadManager: no server ip
08-12 13:30:06.793  2961  3044 D com.xiaomi.tv.gallery.download.GalleryDownloadManager: no server ip
08-12 13:30:06.797  2961  3044 D com.xiaomi.tv.gallery.download.GalleryDownloadManager: no server ip
08-12 13:30:06.800  2961  3044 D com.xiaomi.tv.gallery.download.GalleryDownloadManager: no server ip
08-12 13:30:06.803   126   126 I tvos    : [37m[INFO] Change to Voltage: 105 mv (0x8)[m
08-12 13:30:06.804  2961  3044 D com.xiaomi.tv.gallery.download.GalleryDownloadManager: no server ip
08-12 13:30:06.808  2961  3044 D com.xiaomi.tv.gallery.download.GalleryDownloadManager: no server ip
08-12 13:30:06.811  2961  3044 D com.xiaomi.tv.gallery.download.GalleryDownloadManager: no server ip
08-12 13:30:06.814  2961  3044 D com.xiaomi.tv.gallery.download.GalleryDownloadManager: no server ip
08-12 13:30:06.818  2961  3044 D com.xiaomi.tv.gallery.download.GalleryDownloadManager: no server ip
08-12 13:30:06.822  2961  3044 D com.xiaomi.tv.gallery.download.GalleryDownloadManager: no server ip
08-12 13:30:06.826  2961  3044 D com.xiaomi.tv.gallery.download.GalleryDownloadManager: no server ip
08-12 13:30:06.829  2961  3044 D com.xiaomi.tv.gallery.download.GalleryDownloadManager: no server ip
08-12 13:30:06.833  2961  3044 D com.xiaomi.tv.gallery.download.GalleryDownloadManager: no server ip
08-12 13:30:06.837  2961  3044 D com.xiaomi.tv.gallery.download.GalleryDownloadManager: no server ip
08-12 13:30:06.841  2961  3044 D com.xiaomi.tv.gallery.download.GalleryDownloadManager: no server ip
08-12 13:30:06.851  2961  3044 D com.xiaomi.tv.gallery.download.GalleryDownloadManager: no server ip
08-12 13:30:06.856  2961  3044 D com.xiaomi.tv.gallery.download.GalleryDownloadManager: no server ip
08-12 13:30:06.860  2961  3044 D com.xiaomi.tv.gallery.download.GalleryDownloadManager: no server ip
08-12 13:30:06.864  2961  3044 D com.xiaomi.tv.gallery.download.GalleryDownloadManager: no server ip
08-12 13:30:06.868  2961  3044 D com.xiaomi.tv.gallery.download.GalleryDownloadManager: no server ip
08-12 13:30:06.871  2961  3044 D com.xiaomi.tv.gallery.download.GalleryDownloadManager: no server ip
08-12 13:30:06.875  2961  3044 D com.xiaomi.tv.gallery.download.GalleryDownloadManager: no server ip
08-12 13:30:06.878  2961  3044 D com.xiaomi.tv.gallery.download.GalleryDownloadManager: no server ip
08-12 13:30:06.882  2961  3044 D com.xiaomi.tv.gallery.download.GalleryDownloadManager: no server ip
08-12 13:30:06.886  2961  3044 D com.xiaomi.tv.gallery.download.GalleryDownloadManager: no server ip
08-12 13:30:06.889  2961  3044 D com.xiaomi.tv.gallery.download.GalleryDownloadManager: no server ip
08-12 13:30:06.893  2961  3044 D com.xiaomi.tv.gallery.download.GalleryDownloadManager: no server ip
08-12 13:30:06.896  2961  3044 D com.xiaomi.tv.gallery.download.GalleryDownloadManager: no server ip
08-12 13:30:06.900  2961  3044 D com.xiaomi.tv.gallery.download.GalleryDownloadManager: no server ip
08-12 13:30:06.904  2961  3044 D com.xiaomi.tv.gallery.download.GalleryDownloadManager: no server ip
08-12 13:30:06.909  2961  3044 D com.xiaomi.tv.gallery.download.GalleryDownloadManager: no server ip
08-12 13:30:06.913  2961  3044 D com.xiaomi.tv.gallery.download.GalleryDownloadManager: no server ip
08-12 13:30:06.917  2961  3044 D com.xiaomi.tv.gallery.download.GalleryDownloadManager: no server ip
08-12 13:30:06.920  2961  3044 D com.xiaomi.tv.gallery.download.GalleryDownloadManager: no server ip
08-12 13:30:06.924  2961  3044 D com.xiaomi.tv.gallery.download.GalleryDownloadManager: no server ip
08-12 13:30:06.928  2961  3044 D com.xiaomi.tv.gallery.download.GalleryDownloadManager: no server ip
08-12 13:30:06.931  2961  3044 D com.xiaomi.tv.gallery.download.GalleryDownloadManager: no server ip
08-12 13:30:06.935  2961  3044 D com.xiaomi.tv.gallery.download.GalleryDownloadManager: no server ip
08-12 13:30:06.938  2961  3044 D com.xiaomi.tv.gallery.download.GalleryDownloadManager: no server ip
08-12 13:30:06.942  2961  3044 D com.xiaomi.tv.gallery.download.GalleryDownloadManager: no server ip
08-12 13:30:06.946  2961  3044 D com.xiaomi.tv.gallery.download.GalleryDownloadManager: no server ip
08-12 13:30:06.949  2961  3044 D com.xiaomi.tv.gallery.download.GalleryDownloadManager: no server ip
08-12 13:30:06.953  2961  3044 D com.xiaomi.tv.gallery.download.GalleryDownloadManager: no server ip
08-12 13:30:06.957  2961  3044 D com.xiaomi.tv.gallery.download.GalleryDownloadManager: no server ip
08-12 13:30:06.961  2961  3044 D com.xiaomi.tv.gallery.download.GalleryDownloadManager: no server ip
08-12 13:30:06.966  2961  3044 D com.xiaomi.tv.gallery.download.GalleryDownloadManager: no server ip
08-12 13:30:06.969  2961  3044 D com.xiaomi.tv.gallery.download.GalleryDownloadManager: no server ip
08-12 13:30:06.973  2961  3044 D com.xiaomi.tv.gallery.download.GalleryDownloadManager: no server ip
08-12 13:30:06.977  2961  3044 D com.xiaomi.tv.gallery.download.GalleryDownloadManager: no server ip
08-12 13:30:06.980  2961  3044 D com.xiaomi.tv.gallery.download.GalleryDownloadManager: no server ip
08-12 13:30:06.984  2961  3044 D com.xiaomi.tv.gallery.download.GalleryDownloadManager: no server ip
08-12 13:30:06.987  2961  3044 D com.xiaomi.tv.gallery.download.GalleryDownloadManager: no server ip
08-12 13:30:06.991  2961  3044 D com.xiaomi.tv.gallery.download.GalleryDownloadManager: no server ip
